BL51 BANKED LINKER/LOCATER V6.22.2.0                                                    06/18/2026  10:05:40  PAGE 1


BL51 BANKED LINKER/LOCATER V6.22.2.0, INVOKED BY:
D:\KEIL_V5\C51\C51\BIN\BL51.EXE .\obj\STARTUP_M5.obj, .\obj\main.obj, .\obj\sys.obj, .\obj\control.obj, .\obj\uart.obj, 
>> .\obj\modbus.obj, .\obj\rtc.obj, .\obj\ErrorHistory.obj, .\obj\upload.obj, .\obj\Wifipro.obj, .\obj\OTA.obj, .\obj\mc
>> u_api.obj, .\obj\protocol.obj, .\obj\system.obj TO .\obj\T5L51 PRINT (.\Listings\T5L51.m51) RAMSIZE (256) CODE (0X010
>> 0-0XFFFF) XDATA (0X8000-0XFFFF)


MEMORY MODEL: LARGE WITH FLOATING POINT ARITHMETIC


INPUT MODULES INCLUDED:
  .\obj\STARTUP_M5.obj (?C_STARTUP)
  .\obj\main.obj (MAIN)
  .\obj\sys.obj (SYS)
  .\obj\control.obj (CONTROL)
  .\obj\uart.obj (UART)
  .\obj\modbus.obj (MODBUS)
  .\obj\rtc.obj (RTC)
  .\obj\ErrorHistory.obj (ERRORHISTORY)
  .\obj\upload.obj (UPLOAD)
  .\obj\Wifipro.obj (WIFIPRO)
  .\obj\OTA.obj (OTA)
  .\obj\mcu_api.obj (MCU_API)
  .\obj\protocol.obj (PROTOCOL)
  .\obj\system.obj (SYSTEM)
  D:\KEIL_V5\C51\C51\LIB\C51FPL.LIB (?C?FPDIV)
  D:\KEIL_V5\C51\C51\LIB\C51FPL.LIB (?C?FPCMP)
  D:\KEIL_V5\C51\C51\LIB\C51FPL.LIB (?C?FCAST)
  D:\KEIL_V5\C51\C51\LIB\C51FPL.LIB (?C?CASTF)
  D:\KEIL_V5\C51\C51\LIB\C51FPL.LIB (PRINTF)
  D:\KEIL_V5\C51\C51\LIB\C51FPL.LIB (?C?FPGETOPN)
  D:\KEIL_V5\C51\C51\LIB\C51FPL.LIB (?C?FPROUND)
  D:\KEIL_V5\C51\C51\LIB\C51FPL.LIB (?C?FPCONVERT)
  D:\KEIL_V5\C51\C51\LIB\C51FPL.LIB (?C?FPADD)
  D:\KEIL_V5\C51\C51\LIB\C51FPL.LIB (?C?FPMUL)
  D:\KEIL_V5\C51\C51\LIB\C51FPL.LIB (?C?FTNPWR)
  D:\KEIL_V5\C51\C51\LIB\C51L.LIB (?C_INIT)
  D:\KEIL_V5\C51\C51\LIB\C51L.LIB (?C?COPY)
  D:\KEIL_V5\C51\C51\LIB\C51L.LIB (?C?CLDPTR)
  D:\KEIL_V5\C51\C51\LIB\C51L.LIB (?C?CLDOPTR)
  D:\KEIL_V5\C51\C51\LIB\C51L.LIB (?C?CILDOPTR)
  D:\KEIL_V5\C51\C51\LIB\C51L.LIB (?C?CSTPTR)
  D:\KEIL_V5\C51\C51\LIB\C51L.LIB (?C?CSTOPTR)
  D:\KEIL_V5\C51\C51\LIB\C51L.LIB (?C?IMUL)
  D:\KEIL_V5\C51\C51\LIB\C51L.LIB (?C?UIDIV)
  D:\KEIL_V5\C51\C51\LIB\C51L.LIB (?C?SIDIV)
  D:\KEIL_V5\C51\C51\LIB\C51L.LIB (?C?IILDX)
  D:\KEIL_V5\C51\C51\LIB\C51L.LIB (?C?ILDIX)
  D:\KEIL_V5\C51\C51\LIB\C51L.LIB (?C?ILDIPTR)
  D:\KEIL_V5\C51\C51\LIB\C51L.LIB (?C?ILDOPTR)
  D:\KEIL_V5\C51\C51\LIB\C51L.LIB (?C?ISTPTR)
  D:\KEIL_V5\C51\C51\LIB\C51L.LIB (?C?ISTOPTR)
  D:\KEIL_V5\C51\C51\LIB\C51L.LIB (?C?LMUL)
  D:\KEIL_V5\C51\C51\LIB\C51L.LIB (?C?ULDIV)
  D:\KEIL_V5\C51\C51\LIB\C51L.LIB (?C?LNEG)
  D:\KEIL_V5\C51\C51\LIB\C51L.LIB (?C?SLCMP)
  D:\KEIL_V5\C51\C51\LIB\C51L.LIB (?C?ULCMP)
  D:\KEIL_V5\C51\C51\LIB\C51L.LIB (?C?ULSHR)
BL51 BANKED LINKER/LOCATER V6.22.2.0                                                  06/18/2026  10:05:40  PAGE 2


  D:\KEIL_V5\C51\C51\LIB\C51L.LIB (?C?LSHL)
  D:\KEIL_V5\C51\C51\LIB\C51L.LIB (?C?LLDPTR)
  D:\KEIL_V5\C51\C51\LIB\C51L.LIB (?C?LSTPTR)
  D:\KEIL_V5\C51\C51\LIB\C51L.LIB (?C?LSTXDATA)
  D:\KEIL_V5\C51\C51\LIB\C51L.LIB (?C?LSTKXDATA)
  D:\KEIL_V5\C51\C51\LIB\C51L.LIB (?C?OFFXADD)
  D:\KEIL_V5\C51\C51\LIB\C51L.LIB (?C?PLDIXDATA)
  D:\KEIL_V5\C51\C51\LIB\C51L.LIB (?C?PSTXDATA)
  D:\KEIL_V5\C51\C51\LIB\C51L.LIB (?C?CCASE)
  D:\KEIL_V5\C51\C51\LIB\C51L.LIB (?C?ICASE)
  D:\KEIL_V5\C51\C51\LIB\C51L.LIB (?C?LIMUL)
  D:\KEIL_V5\C51\C51\LIB\C51L.LIB (STRTOUL)
  D:\KEIL_V5\C51\C51\LIB\C51L.LIB (?C?LLDIDATA)
  D:\KEIL_V5\C51\C51\LIB\C51L.LIB (?C?LLDXDATA)
  D:\KEIL_V5\C51\C51\LIB\C51L.LIB (?C?LLDPDATA)
  D:\KEIL_V5\C51\C51\LIB\C51L.LIB (?C?LLDCODE)
  D:\KEIL_V5\C51\C51\LIB\C51L.LIB (?C?LSTIDATA)
  D:\KEIL_V5\C51\C51\LIB\C51L.LIB (?C?LSTPDATA)
  D:\KEIL_V5\C51\C51\LIB\C51L.LIB (?C?PSTPTR)
  D:\KEIL_V5\C51\C51\LIB\C51L.LIB (?C?PSTIDATA)
  D:\KEIL_V5\C51\C51\LIB\C51L.LIB (?C?PSTPDATA)


LINK MAP OF MODULE:  .\obj\T5L51 (?C_STARTUP)


            TYPE    BASE      LENGTH    RELOCATION   SEGMENT NAME
            -----------------------------------------------------

            * * * * * * *   D A T A   M E M O R Y   * * * * * * *
            REG     0000H     0008H     ABSOLUTE     "REG BANK 0"
            DATA    0008H     0005H     UNIT         _DATA_GROUP_
            DATA    000DH     0002H     UNIT         ?DT?SYS
                    000FH     0011H                  *** GAP ***
            BIT     0020H.0   0003H.1   UNIT         ?BI?MODBUS
            BIT     0023H.1   0001H.1   UNIT         _BIT_GROUP_
            BIT     0024H.2   0000H.7   UNIT         ?BI?UPLOAD
            BIT     0025H.1   0000H.5   UNIT         ?BI?CONTROL
            BIT     0025H.6   0000H.4   UNIT         ?BI?OTA
            BIT     0026H.2   0000H.1   UNIT         ?BI?MAIN
            BIT     0026H.3   0000H.1   UNIT         ?BI?PROTOCOL
                    0026H.4   0000H.4                *** GAP ***
            IDATA   0027H     0001H     UNIT         ?STACK

            * * * * * * *  X D A T A   M E M O R Y  * * * * * * *
                    0000H     8000H                  *** GAP ***
            XDATA   8000H     046AH     UNIT         ?XD?MODBUS
            XDATA   846AH     0301H     UNIT         ?XD?SYS
            XDATA   876BH     02B2H     UNIT         ?XD?SYSTEM
            XDATA   8A1DH     0205H     UNIT         ?XD?ERRORHISTORY
            XDATA   8C22H     01CFH     UNIT         _XDATA_GROUP_
            XDATA   8DF1H     0199H     UNIT         ?XD?_ERRORHISTORY_FLASHREAD?ERRORHISTORY
            XDATA   8F8AH     0198H     UNIT         ?XD?UART
            XDATA   9122H     0151H     UNIT         ?XD?PROTOCOL
            XDATA   9273H     0087H     UNIT         ?XD?UPLOAD
            XDATA   92FAH     0056H     UNIT         ?XD?CONTROL
            XDATA   9350H     004CH     UNIT         ?XD?UPLOAD_CHECK_STATUS?UPLOAD
BL51 BANKED LINKER/LOCATER V6.22.2.0                                                  06/18/2026  10:05:40  PAGE 3


            XDATA   939CH     003CH     UNIT         ?XD?MODBUS_ANALYSIS_DATA1?MODBUS
            XDATA   93D8H     003AH     UNIT         ?XD?_MEMORY_WRITETIMERSLOT?SYS
            XDATA   9412H     003AH     UNIT         ?XD?_MEMORY_READTIMERSLOT?SYS
            XDATA   944CH     001BH     UNIT         ?XD?RTC
            XDATA   9467H     0015H     UNIT         ?XD?MODBUS_SALVE_HANDLER1?MODBUS
            XDATA   947CH     0013H     UNIT         ?XD?_UPLOAD_ULTOSTR?UPLOAD
            XDATA   948FH     0012H     UNIT         ?XD?CHECK_RTC_SET?RTC
            XDATA   94A1H     0011H     UNIT         ?XD?RDTIME?RTC
            XDATA   94B2H     0010H     UNIT         ?XD?_MODBUS_WRITEFLOATTEMPPAIR?MODBUS
            XDATA   94C2H     0010H     UNIT         ?XD?UPLOAD_ELECTRICITY_STATISTICS?UPLOAD
            XDATA   94D2H     0010H     UNIT         ?XD?UPLOAD_TIMESTAMP_FROM_RTC?UPLOAD
            XDATA   94E2H     000EH     UNIT         ?XD?DEFROST_CHECKEXIT?CONTROL
            XDATA   94F0H     000EH     UNIT         ?XD?_READTIMERTEMPC?CONTROL
            XDATA   94FEH     000DH     UNIT         ?XD?_MODBUS_PACKCHECKSTATUSBLOCK?MODBUS
            XDATA   950BH     000DH     UNIT         ?XD?_ERRORHISTORY_READTIME?ERRORHISTORY
            XDATA   9518H     000CH     UNIT         ?XD?SCREENSAVER_PRO?CONTROL
            XDATA   9524H     000CH     UNIT         ?XD?_ERRORHISTORY_UNPACKRECLEGACY?ERRORHISTORY
            XDATA   9530H     000BH     UNIT         ?XD?TIMER_APPLYINDOORON?CONTROL
            XDATA   953BH     000BH     UNIT         ?XD?OTA
            XDATA   9546H     000AH     UNIT         ?XD?_ERRORHISTORY_UNPACKREC?ERRORHISTORY
            XDATA   9550H     0009H     UNIT         ?XD?_CALCULATEMODBUSCRC?MODBUS
            XDATA   9559H     0009H     UNIT         ?XD?_UPDATEERRORHISTORY?ERRORHISTORY
            XDATA   9562H     0009H     UNIT         ?XD?_MY_MEMSET?MCU_API
            XDATA   956BH     0009H     UNIT         ?XD?_MY_STRCPY?MCU_API
            XDATA   9574H     0008H     UNIT         ?XD?_GETTIMEDIFF?RTC
            XDATA   957CH     0008H     UNIT         ?XD?_UPLOAD_VALUEIFCHANGED?UPLOAD
            XDATA   9584H     0007H     UNIT         ?XD?TIMERRUNNING?CONTROL
            XDATA   958BH     0007H     UNIT         ?XD?_MCU_DP_FAULT_UPDATE?MCU_API
            XDATA   9592H     0006H     UNIT         ?XD?RTCUPDATE?RTC
            XDATA   9598H     0006H     UNIT         ?XD?_MY_STRCMP?MCU_API
            XDATA   959EH     0005H     UNIT         ?XD?_TIMER_ISWEEKDAYMATCH?CONTROL
            XDATA   95A3H     0005H     UNIT         ?XD?TIMER_APPLYINDOOROFF?CONTROL
            XDATA   95A8H     0005H     UNIT         ?XD?_MODBUS_APPENDMODESETTEMPREG?MODBUS
            XDATA   95ADH     0005H     UNIT         ?XD?_RTC_CONFIG?RTC
            XDATA   95B2H     0005H     UNIT         ?XD?_RTC_GET_WEEK?RTC
            XDATA   95B7H     0005H     UNIT         ?XD?_UART_RECEIVE_BUFF_INPUT?MCU_API
            XDATA   95BCH     0004H     UNIT         ?XD?_DGUS_WAITEN?SYS
            XDATA   95C0H     0004H     UNIT         ?XD?HOMEPAGE_ICON?CONTROL
            XDATA   95C4H     0004H     UNIT         ?XD?_MODBUS_SAVEINDOORSENTREGS?MODBUS
            XDATA   95C8H     0004H     UNIT         ?XD?OTAENCODEPRO?OTA
            XDATA   95CCH     0004H     UNIT         ?XD?_INT_TO_BYTE?MCU_API
            XDATA   95D0H     0003H     UNIT         ?XD?_UART5_SENDSTR?UART
            XDATA   95D3H     0003H     UNIT         ?XD?_MODBUS_SAVEGROUPSENTREGS?MODBUS
            XDATA   95D6H     0003H     UNIT         ?XD?_MODBUS_GETCHECKSTATUS?MODBUS
            XDATA   95D9H     0003H     UNIT         ?XD?_GETMODBUSREG?MODBUS
            XDATA   95DCH     0003H     UNIT         ?XD?MCU_API
            XDATA   95DFH     0002H     UNIT         ?XD?MAIN
            XDATA   95E1H     0002H     UNIT         ?XD?SAVE_DATA_HANDLER?SYS
            XDATA   95E3H     0002H     UNIT         ?XD?SYNCTIMERFROMVP?CONTROL
            XDATA   95E5H     0002H     UNIT         ?XD?_MODBUS_APPENDU16?MODBUS
            XDATA   95E7H     0002H     UNIT         ?XD?_MODBUS_REPORTFAULTCODE?MODBUS
            XDATA   95E9H     0001H     UNIT         ?XD?_MODBUS_ISFAULTACTIVE?MODBUS
            XDATA   95EAH     0001H     UNIT         ?XD?_ERRORHISTORY_CONVERTLEGACYRAWREC?ERRORHISTORY
            XDATA   95EBH     0001H     UNIT         ?XD?DECODEERRORHISTORY?ERRORHISTORY

            * * * * * * *   C O D E   M E M O R Y   * * * * * * *
            CODE    0000H     0003H     ABSOLUTE     
BL51 BANKED LINKER/LOCATER V6.22.2.0                                                  06/18/2026  10:05:40  PAGE 4


                    0003H     0008H                  *** GAP ***
            CODE    000BH     0003H     ABSOLUTE     
                    000EH     000DH                  *** GAP ***
            CODE    001BH     0003H     ABSOLUTE     
                    001EH     0005H                  *** GAP ***
            CODE    0023H     0003H     ABSOLUTE     
                    0026H     0005H                  *** GAP ***
            CODE    002BH     0003H     ABSOLUTE     
                    002EH     0035H                  *** GAP ***
            CODE    0063H     0003H     ABSOLUTE     
                    0066H     0005H                  *** GAP ***
            CODE    006BH     0003H     ABSOLUTE     
                    006EH     008AH                  *** GAP ***
            CODE    00F8H     0008H     ABSOLUTE     
            CODE    0100H     196AH     UNIT         ?PR?CONTROL_FUNCTION1?CONTROL
            CODE    1A6AH     0F3AH     UNIT         ?PR?MODBUS_ANALYSIS_DATA1?MODBUS
            CODE    29A4H     0D77H     UNIT         ?PR?MODBUS_SALVE_HANDLER1?MODBUS
            CODE    371BH     0BF5H     UNIT         ?C?LIB_CODE
            CODE    4310H     09C9H     UNIT         ?C_INITSEG
            CODE    4CD9H     07A7H     UNIT         ?PR?_DATA_HANDLE?SYSTEM
            CODE    5480H     0483H     UNIT         ?PR?PRINTF?PRINTF
            CODE    5903H     0449H     UNIT         ?PR?ALL_DATA_UPDATE?PROTOCOL
            CODE    5D4CH     038EH     UNIT         ?PR?OTAENCODEPRO?OTA
            CODE    60DAH     02E3H     UNIT         ?PR?_DP_DOWNLOAD_INSIDE_TIME_OPEN_HANDLE?PROTOCOL
            CODE    63BDH     02B3H     UNIT         ?PR?_TEMP_LIMIT?CONTROL
            CODE    6670H     02ADH     UNIT         ?PR?TEMPUNIT_REFRESHALL?CONTROL
            CODE    691DH     0294H     UNIT         ?PR?TIMERRUNNING?CONTROL
            CODE    6BB1H     026BH     UNIT         ?PR?_DP_DOWNLOAD_INDOOR_UNIT_HANDLE?PROTOCOL
            CODE    6E1CH     026AH     UNIT         ?PR?_TIMESTAMP_TO_YMDHMS?PROTOCOL
            CODE    7086H     0260H     UNIT         ?PR?_ERRORHISTORY_FLASHREAD?ERRORHISTORY
            CODE    72E6H     0252H     UNIT         ?PR?_STRTOUL?STRTOUL
            CODE    7538H     024DH     UNIT         ?PR?UPLOAD_INDOOR_UNIT?UPLOAD
            CODE    7785H     023CH     UNIT         ?PR?_ERRORHISTORY_PACKREC?ERRORHISTORY
            CODE    79C1H     022BH     UNIT         ?PR?SYNCTIMERFROMVP?CONTROL
            CODE    7BECH     0200H     UNIT         ?PR?UPLOAD_EXTERNAL_TIME_OPEN?UPLOAD
            CODE    7DECH     01FBH     UNIT         ?PR?_MODBUS_APPLYINDOORTIMERVPTOUNITS?MODBUS
            CODE    7FE7H     01FAH     UNIT         ?PR?_MODBUS_FILLINDOORUNITREGS?MODBUS
            CODE    81E1H     01F8H     UNIT         ?PR?WIFI_UART_SERVICE?MCU_API
            CODE    83D9H     01EDH     UNIT         ?PR?_READ_DGUS_VP?SYS
            CODE    85C6H     01E0H     UNIT         ?PR?UPLOAD_INSIDE_TIME_OPEN?UPLOAD
            CODE    87A6H     01DEH     UNIT         ?PR?_DP_DOWNLOAD_EXTERNAL_TIME_OPEN_HANDLE?PROTOCOL
            CODE    8984H     01D6H     UNIT         ?PR?_DP_DOWNLOAD_TIMESTAMP_HANDLE?PROTOCOL
            CODE    8B5AH     01BEH     UNIT         ?PR?RDTIME?RTC
            CODE    8D18H     01B4H     UNIT         ?PR?_WRITE_DGUS_VP?SYS
            CODE    8ECCH     01ABH     UNIT         ?PR?RTC_GETUNIXLOCAL?RTC
            CODE    9077H     0197H     UNIT         ?PR?_ERRORHISTORY_UNPACKRECLEGACY?ERRORHISTORY
            CODE    920EH     0193H     UNIT         ?PR?_ERRORHISTORY_UNPACKREC?ERRORHISTORY
            CODE    93A1H     0182H     UNIT         ?PR?_DP_DOWNLOAD_HANDLE?PROTOCOL
            CODE    9523H     0176H     UNIT         ?PR?DEFROST_CHECKEXIT?CONTROL
            CODE    9699H     016FH     UNIT         ?PR?UPLOAD_HISTORY_FAULTS?UPLOAD
            CODE    9808H     016CH     UNIT         ?PR?MODBUS_REFRESHCHECKPARAMDISPLAY?MODBUS
            CODE    9974H     0167H     UNIT         ?PR?CHECK_RTC_SET?RTC
            CODE    9ADBH     0167H     UNIT         ?PR?_MY_MEMCPY?MCU_API
            CODE    9C42H     015FH     UNIT         ?PR?_MCU_DP_FAULT_UPDATE?MCU_API
            CODE    9DA1H     015EH     UNIT         ?PR?_UPDATEERRORHISTORY?ERRORHISTORY
            CODE    9EFFH     015CH     UNIT         ?PR?HOMEPAGE_ICON?CONTROL
            CODE    A05BH     0153H     UNIT         ?PR?SCREENSAVER_PRO?CONTROL
BL51 BANKED LINKER/LOCATER V6.22.2.0                                                  06/18/2026  10:05:40  PAGE 5


            CODE    A1AEH     0140H     UNIT         ?PR?_FLASHCHECKSUMCALCULATE?SYS
            CODE    A2EEH     0138H     UNIT         ?PR?_BYTE_TO_INT?MCU_API
            CODE    A426H     0129H     UNIT         ?PR?READY4WRITERTC?CONTROL
            CODE    A54FH     0126H     UNIT         ?PR?TIMER_APPLYINDOORON?CONTROL
            CODE    A675H     0121H     UNIT         ?PR?PRODUCT_INFO_UPDATE?SYSTEM
            CODE    A796H     011BH     UNIT         ?PR?_UPLOAD_ULTOSTR?UPLOAD
            CODE    A8B1H     0113H     UNIT         ?PR?RTCDISPLAY4CHANGE?CONTROL
            CODE    A9C4H     010FH     UNIT         ?PR?_ERRORHISTORY_READTIME?ERRORHISTORY
            CODE    AAD3H     010EH     UNIT         ?PR?PREFILLSETTEMPEDITPAGE?CONTROL
            CODE    ABE1H     010CH     UNIT         ?PR?T0_ISR_PC?SYS
            CODE    ACEDH     0106H     UNIT         ?PR?HOMEPAGE_SYNCINDOORDISPLAY?CONTROL
            CODE    ADF3H     0106H     UNIT         ?PR?_MODBUS_FILLGROUPCONTROLREGS?MODBUS
            CODE    AEF9H     0102H     UNIT         ?PR?ERRORHISTORYDISPLAY?ERRORHISTORY
            CODE    AFFBH     00FBH     UNIT         ?PR?_HOMEPAGE_UPDATEMODEANIMATION?CONTROL
            CODE    B0F6H     00F1H     UNIT         ?PR?_DP_DOWNLOAD_SWITCH_HANDLE?PROTOCOL
            CODE    B1E7H     00EEH     UNIT         ?PR?_KEYADJUSTSETTEMPFORMODE?CONTROL
            CODE    B2D5H     00E4H     UNIT         ?PR?_RTC_CONFIG?RTC
            CODE    B3B9H     00E2H     UNIT         ?PR?UPLOAD_INSIDE_TIME_CLOSE?UPLOAD
            CODE    B49BH     00E2H     UNIT         ?PR?UPLOAD_EXTERNAL_TIME_CLOSE?UPLOAD
            CODE    B57DH     00D8H     UNIT         ?PR?_DP_DOWNLOAD_MODE_HANDLE?PROTOCOL
            CODE    B655H     00D1H     UNIT         ?PR?_DP_DOWNLOAD_INSIDE_TIME_CLOSE_HANDLE?PROTOCOL
            CODE    B726H     00D1H     UNIT         ?PR?_DP_DOWNLOAD_EXTERNAL_TIME_CLOSE_HANDLE?PROTOCOL
            CODE    B7F7H     00C8H     UNIT         ?PR?UART5_RX_ISR_PC?UART
            CODE    B8BFH     00C7H     UNIT         ?PR?_TEMPUNITTRANS?CONTROL
            CODE    B986H     00C3H     UNIT         ?PR?INIT_RTC?RTC
            CODE    BA49H     00BFH     UNIT         ?PR?_MEMORY_WRITETIMERSLOT?SYS
            CODE    BB08H     00B9H     UNIT         ?PR?_CALCULATEMODBUSCRC?MODBUS
            CODE    BBC1H     00ACH     UNIT         ?PR?_TIMER_ISWEEKDAYMATCH?CONTROL
            CODE    BC6DH     00ACH     UNIT         ?PR?_MODBUS_PACKCHECKSTATUSBLOCK?MODBUS
            CODE    BD19H     00ACH     UNIT         ?PR?_UART_RECEIVE_INPUT?MCU_API
            CODE    BDC5H     00ABH     UNIT         ?PR?_ERRORHISTORY_FLASHWRITE?ERRORHISTORY
            CODE    BE70H     00A7H     UNIT         ?PR?_MCU_DP_VALUE_UPDATE?MCU_API
            CODE    BF17H     00A5H     UNIT         ?PR?_DP_DOWNLOAD_TEMP_SET_HANDLE?PROTOCOL
            CODE    BFBCH     00A4H     UNIT         ?PR?RTCUPDATE?RTC
            CODE    C060H     00A1H     UNIT         ?C_C51STARTUP
            CODE    C101H     00A0H     UNIT         ?PR?_MEMORY_READTIMERSLOT?SYS
            CODE    C1A1H     009FH     UNIT         ?PR?_MCU_FIRM_UPDATE_HANDLE?PROTOCOL
            CODE    C240H     009BH     UNIT         ?PR?_SYNCSETTEMPCACHESFROMC?CONTROL
            CODE    C2DBH     009BH     UNIT         ?PR?UPLOAD_CHECK_STATUS?UPLOAD
            CODE    C376H     0094H     UNIT         ?PR?UART2_ISR_PC?UART
            CODE    C40AH     0094H     UNIT         ?PR?_RTC_GET_WEEK?RTC
            CODE    C49EH     0091H     UNIT         ?PR?_RTC_WRITEDISPLAYTIME?RTC
            CODE    C52FH     0091H     UNIT         ?PR?_RTC_WRITEEDITTIME?RTC
            CODE    C5C0H     008AH     UNIT         ?PR?ERRORHISTORY_TRYMIGRATEFLASH?ERRORHISTORY
            CODE    C64AH     008AH     UNIT         ?PR?_MY_STRCPY?MCU_API
            CODE    C6D4H     0086H     UNIT         ?PR?_DATA_POINT_HANDLE?SYSTEM
            CODE    C75AH     0083H     UNIT         ?PR?_READTIMERTEMPC?CONTROL
            CODE    C7DDH     0083H     UNIT         ?PR?_MODBUS_APPENDMODESETTEMPREG?MODBUS
            CODE    C860H     0080H     UNIT         ?PR?_MODBUS_INDOORREGSCHANGED?MODBUS
            CODE    C8E0H     007DH     UNIT         ?PR?UPLOAD_PACKTIMERROOMBYTE?UPLOAD
            CODE    C95DH     007CH     UNIT         ?PR?MODBUSCHANELCONTROL?MAIN
            CODE    C9D9H     007BH     UNIT         ?PR?OTADECODEPRO?OTA
            CODE    CA54H     0079H     UNIT         ?PR?_GETTIMEDIFF?RTC
            CODE    CACDH     0078H     UNIT         ?PR?TIMER_APPLYINDOOROFF?CONTROL
            CODE    CB45H     0075H     UNIT         ?PR?_MY_STRLEN?MCU_API
            CODE    CBBAH     0074H     UNIT         ?PR?_SYNCINDOORROOMTEMPVPPAIR?CONTROL
            CODE    CC2EH     0073H     UNIT         ?PR?_MY_STRCMP?MCU_API
BL51 BANKED LINKER/LOCATER V6.22.2.0                                                  06/18/2026  10:05:40  PAGE 6


            CODE    CCA1H     0071H     UNIT         ?PR?_UART5_SENDSTR?UART
            CODE    CD12H     0071H     UNIT         ?PR?UART5_TX_ISR_PC?UART
            CODE    CD83H     0071H     UNIT         ?PR?_HEX_TO_BCD?MCU_API
            CODE    CDF4H     0070H     UNIT         ?PR?_MODBUS_WRITEFLOATTEMPPAIR?MODBUS
            CODE    CE64H     006DH     UNIT         ?PR?TEMPUNIT_REFRESHACTIVESETFROMMODE?CONTROL
            CODE    CED1H     006DH     UNIT         ?PR?_ERRORHISTORY_CONVERTLEGACYRAWREC?ERRORHISTORY
            CODE    CF3EH     006CH     UNIT         ?PR?_SET_WIFI_UART_BUFFER?SYSTEM
            CODE    CFAAH     0069H     UNIT         ?PR?_WIFI_UART_WRITE_FRAME?SYSTEM
            CODE    D013H     0067H     UNIT         ?PR?INIT_CPU?SYS
            CODE    D07AH     0066H     UNIT         ?PR?_SYNCINDOORSETTEMPVPPAIR?CONTROL
            CODE    D0E0H     0066H     UNIT         ?PR?_MODBUS_GROUPREGSCHANGED?MODBUS
            CODE    D146H     0066H     UNIT         ?PR?UPLOAD_TIMESTAMP_FROM_RTC?UPLOAD
            CODE    D1ACH     0065H     UNIT         ?PR?GETVALUE0F00?CONTROL
            CODE    D211H     0065H     UNIT         ?PR?_MODBUS_SAVEINDOORSENTREGS?MODBUS
            CODE    D276H     0064H     UNIT         ?PR?_SETTEMPINTVPBYMODE?CONTROL
            CODE    D2DAH     0064H     UNIT         ?PR?_UPLOAD_VALUEIFCHANGED?UPLOAD
            CODE    D33EH     0063H     UNIT         ?PR?TAKE_BYTE_RXBUFF?SYSTEM
            CODE    D3A1H     0060H     UNIT         ?PR?_INT_TO_BYTE?MCU_API
            CODE    D401H     005FH     UNIT         ?PR?_SYNCTIMERTEMPVPPAIR?CONTROL
            CODE    D460H     005EH     UNIT         ?PR?MAIN?MAIN
            CODE    D4BEH     005CH     UNIT         ?PR?_TEMPUNIT_REFRESHFLOATPAIR?CONTROL
            CODE    D51AH     005BH     UNIT         ?PR?_MCU_DP_RAW_UPDATE?MCU_API
            CODE    D575H     005BH     UNIT         ?PR?_MCU_DP_STRING_UPDATE?MCU_API
            CODE    D5D0H     0058H     UNIT         ?PR?_MY_MEMSET?MCU_API
            CODE    D628H     0055H     UNIT         ?PR?T1_ISR_PC?SYS
            CODE    D67DH     0055H     UNIT         ?CO?CONTROL
            CODE    D6D2H     0054H     UNIT         ?PR?_MODBUS_ISFAULTACTIVE?MODBUS
            CODE    D726H     0054H     UNIT         ?PR?DECODEERRORHISTORY?ERRORHISTORY
            CODE    D77AH     0054H     UNIT         ?PR?_WIFI_UART_WRITE_DATA?SYSTEM
            CODE    D7CEH     0052H     UNIT         ?CO?SYS
            CODE    D820H     0051H     UNIT         ?PR?_MODBUS_TRIGGERINDOORUNITWRITE?MODBUS
            CODE    D871H     0050H     UNIT         ?PR?ERRORHISTORY_SANITIZE?ERRORHISTORY
            CODE    D8C1H     004EH     UNIT         ?PR?SAVE_DATA_HANDLER?SYS
            CODE    D90FH     004CH     UNIT         ?PR?_MODBUS_SAVEGROUPSENTREGS?MODBUS
            CODE    D95BH     004CH     UNIT         ?PR?_GETMODBUSREG?MODBUS
            CODE    D9A7H     004BH     UNIT         ?PR?_MODBUS_APPENDU16?MODBUS
            CODE    D9F2H     004AH     UNIT         ?PR?_GET_CHECK_SUM?SYSTEM
            CODE    DA3CH     0049H     UNIT         ?PR?_MODBUS_GETCHECKSTATUS?MODBUS
            CODE    DA85H     0045H     UNIT         ?PR?_DGUS_WAITEN?SYS
            CODE    DACAH     0045H     UNIT         ?PR?SCREENTIMEOUT_SET?SYS
            CODE    DB0FH     0045H     UNIT         ?PR?_SETTEMPFLOATWRITEC?CONTROL
            CODE    DB54H     0045H     UNIT         ?PR?MODBUS_STARTMANUALDEFROST?MODBUS
            CODE    DB99H     0044H     UNIT         ?PR?SYSTEM_PARM_INIT?SYS
            CODE    DBDDH     0044H     UNIT         ?PR?HOMEPAGE?CONTROL
            CODE    DC21H     0044H     UNIT         ?PR?ERRORHISTORY_FLASHCOMMITNOW?ERRORHISTORY
            CODE    DC65H     0044H     UNIT         ?PR?CLEARERRORHISTORY?ERRORHISTORY
            CODE    DCA9H     0044H     UNIT         ?PR?_MCU_DP_BOOL_UPDATE?MCU_API
            CODE    DCEDH     0043H     UNIT         ?PR?WIFI_RESTING_PRO?CONTROL
            CODE    DD30H     0042H     UNIT         ?CO?PROTOCOL
            CODE    DD72H     0041H     UNIT         ?PR?_PAGE_CHANGE_HANDLER?SYS
            CODE    DDB3H     0041H     UNIT         ?PR?_DP_DOWNLOAD_TEMP_UNIT_CONVERT_HANDLE?PROTOCOL
            CODE    DDF4H     003FH     UNIT         ?PR?_UART_RECEIVE_BUFF_INPUT?MCU_API
            CODE    DE33H     003EH     UNIT         ?PR?_MODBUS_ENCODEINDOORRUNMODE?MODBUS
            CODE    DE71H     003EH     UNIT         ?PR?_RTCI2CBW?RTC
            CODE    DEAFH     003EH     UNIT         ?PR?_MCU_DP_ENUM_UPDATE?MCU_API
            CODE    DEEDH     003EH     UNIT         ?PR?_DP_DOWNLOAD_CHILD_LOCK_HANDLE?PROTOCOL
            CODE    DF2BH     003BH     UNIT         ?PR?MODBUS_STARTNEXTTIMERWRITE?MODBUS
BL51 BANKED LINKER/LOCATER V6.22.2.0                                                  06/18/2026  10:05:40  PAGE 7


            CODE    DF66H     003BH     UNIT         ?CO?SYSTEM
            CODE    DFA1H     0039H     UNIT         ?PR?READY_TO_SAVE?SYS
            CODE    DFDAH     0039H     UNIT         ?PR?_DP_DOWNLOAD_RELAY_STATUS_HANDLE?PROTOCOL
            CODE    E013H     0038H     UNIT         ?PR?UPLOAD_ELECTRICITY_STATISTICS?UPLOAD
            CODE    E04BH     0038H     UNIT         ?CO?UPLOAD
            CODE    E083H     0037H     UNIT         ?PR?_MODBUS_REPORTFAULTCODE?MODBUS
            CODE    E0BAH     0036H     UNIT         ?PR?UNITCHANGEPRO?CONTROL
            CODE    E0F0H     0036H     UNIT         ?PR?_DP_DOWNLOAD_DEFROST_HANDLE?PROTOCOL
            CODE    E126H     0035H     UNIT         ?PR?_RTC_DAYS_IN_MONTH?RTC
            CODE    E15BH     0035H     UNIT         ?PR?WITH_DATA_RXBUFF?SYSTEM
            CODE    E190H     0033H     UNIT         ?PR?_ERRORHISTORY_PAGECHANGE?ERRORHISTORY
            CODE    E1C3H     0032H     UNIT         ?PR?_DELAY_US?RTC
            CODE    E1F5H     0032H     UNIT         ?PR?RTCI2CBR?RTC
            CODE    E227H     0030H     UNIT         ?PR?_SETTEMPINTREAD?CONTROL
            CODE    E257H     0030H     UNIT         ?PR?_SETTEMPINTWRITE?CONTROL
            CODE    E287H     0030H     UNIT         ?PR?_IS_LEAP_YEAR?PROTOCOL
            CODE    E2B7H     002FH     UNIT         ?PR?_GET_DOWMLOAD_DPID_INDEX?SYSTEM
            CODE    E2E6H     002CH     UNIT         ?PR?_SET_WIFI_UART_BYTE?SYSTEM
            CODE    E312H     002BH     UNIT         ?PR?_ERRORHISTORY_ISVALIDCODE?ERRORHISTORY
            CODE    E33DH     0029H     UNIT         ?PR?_MODBUS_ENCODEINDOORFAN?MODBUS
            CODE    E366H     0029H     UNIT         ?PR?RTCCACK?RTC
            CODE    E38FH     0029H     UNIT         ?PR?_MODE_MAP_TO_DGUS?PROTOCOL
            CODE    E3B8H     0028H     UNIT         ?PR?_LANGUAGE_CHANGE?SYS
            CODE    E3E0H     0028H     UNIT         ?PR?OTARELOAD_DELAYPAGE?CONTROL
            CODE    E408H     0028H     UNIT         ?PR?_RTC_IS_LEAP?RTC
            CODE    E430H     0028H     UNIT         ?PR?WIFI_PROTOCOL_INIT?MCU_API
            CODE    E458H     0027H     UNIT         ?PR?_MODBUS_QUEUEINDOORTIMERWRITE?MODBUS
            CODE    E47FH     0027H     UNIT         ?PR?HEAT_BEAT_CHECK?SYSTEM
            CODE    E4A6H     0026H     UNIT         ?PR?_ISITHOMEPAGE?CONTROL
            CODE    E4CCH     0026H     UNIT         ?PR?OTAINIT?OTA
            CODE    E4F2H     0023H     UNIT         ?PR?UI_OPENPAGE?MAIN
            CODE    E515H     0022H     UNIT         ?PR?GETPAGEID?CONTROL
            CODE    E537H     0022H     UNIT         ?PR?ERRORHISTORY_GETCOUNT?ERRORHISTORY
            CODE    E559H     0022H     UNIT         ?PR?_DP_DOWNLOAD_HISTORY_FAULT_EMPTY_HANDLE?PROTOCOL
            CODE    E57BH     0021H     UNIT         ?PR?_UPLOAD_CLAMPINDOORTEMP?UPLOAD
            CODE    E59CH     0020H     UNIT         ?PR?_BRIGHTNESS_HANDLER?SYS
            CODE    E5BCH     0020H     UNIT         ?PR?_DELAYUS?SYS
            CODE    E5DCH     0020H     UNIT         ?PR?_DELAYMS?SYS
            CODE    E5FCH     0020H     UNIT         ?PR?_SETMODEPROCESS?CONTROL
            CODE    E61CH     0020H     UNIT         ?PR?_PUTCHAR?UART
            CODE    E63CH     0020H     UNIT         ?PR?OTARECVPRO?OTA
            CODE    E65CH     001FH     UNIT         ?PR?_UPLOAD_DGUSMODETODP116?UPLOAD
            CODE    E67BH     001FH     UNIT         ?CO?MCU_API
            CODE    E69AH     001EH     UNIT         ?PR?_UPLOAD_WORKSTATETODP?UPLOAD
            CODE    E6B8H     001DH     UNIT         ?PR?UART2_INIT?UART
            CODE    E6D5H     001DH     UNIT         ?PR?MODBUS_TRIGGERGROUPCONTROLWRITE?MODBUS
            CODE    E6F2H     001AH     UNIT         ?PR?_DP117_MODE_TO_DGUS?PROTOCOL
            CODE    E70CH     0018H     UNIT         ?PR?RTCI2CSTART?RTC
            CODE    E724H     0018H     UNIT         ?PR?_UPLOAD_MODETODP101?UPLOAD
            CODE    E73CH     0018H     UNIT         ?PR?OTA_MODBUSPRO?OTA
            CODE    E754H     0017H     UNIT         ?PR?RTCI2CSTOP?RTC
            CODE    E76BH     0017H     UNIT         ?PR?MCU_RESET_WIFI?MCU_API
            CODE    E782H     0017H     UNIT         ?PR?_MCU_SET_WIFI_MODE?MCU_API
            CODE    E799H     0017H     UNIT         ?PR?MCU_GET_WIFI_WORK_STATE?MCU_API
            CODE    E7B0H     0016H     UNIT         ?PR?T2_INIT?SYS
            CODE    E7C6H     0016H     UNIT         ?PR?_MODBUS_PACKCHECKSTATUSBYTE?MODBUS
            CODE    E7DCH     0015H     UNIT         ?PR?UART5_INIT?UART
BL51 BANKED LINKER/LOCATER V6.22.2.0                                                  06/18/2026  10:05:40  PAGE 8


            CODE    E7F1H     0014H     UNIT         ?PR?READ_NOR_FLASH?SYS
            CODE    E805H     0014H     UNIT         ?PR?WRITE_NOR_FLASH?SYS
            CODE    E819H     0014H     UNIT         ?PR?_MODBUS_TRIGGERDEFROSTPARAMWRITE?MODBUS
            CODE    E82DH     0014H     UNIT         ?PR?_UPLOAD_BOOLIFCHANGED?UPLOAD
            CODE    E841H     0014H     UNIT         ?PR?_UPLOAD_ENUMIFCHANGED?UPLOAD
            CODE    E855H     0013H     UNIT         ?PR?T2_ISR_PC?SYS
            CODE    E868H     0013H     UNIT         ?PR?_BCD?RTC
            CODE    E87BH     0013H     UNIT         ?PR?_ERRORHISTORY_CLAMPBYTE?ERRORHISTORY
            CODE    E88EH     0013H     UNIT         ?PR?_UPGRADE_PACKAGE_CHOOSE?PROTOCOL
            CODE    E8A1H     0013H     UNIT         ?PR?_FILE_DOWNLOAD_PACKAGE_CHOOSE?PROTOCOL
            CODE    E8B4H     0012H     UNIT         ?PR?UART4_INIT?UART
            CODE    E8C6H     0012H     UNIT         ?PR?RTCMACK?RTC
            CODE    E8D8H     0012H     UNIT         ?PR?_FILE_DOWNLOAD_HANDLE?PROTOCOL
            CODE    E8EAH     0010H     UNIT         ?PR?T0_INIT?SYS
            CODE    E8FAH     0010H     UNIT         ?PR?T1_INIT?SYS
            CODE    E90AH     0010H     UNIT         ?PR?RTCMNAK?RTC
            CODE    E91AH     0010H     UNIT         ?CO?RTC
            CODE    E92AH     0010H     UNIT         ?PR?ERRORHISTORY_GETMAXPAGE?ERRORHISTORY
            CODE    E93AH     000FH     UNIT         ?PR?_DELAY_MS?SYS
            CODE    E949H     000FH     UNIT         ?PR?GETSYSTICKTIME?RTC
            CODE    E958H     000EH     UNIT         ?PR?ERRORHISTORY_INIT?ERRORHISTORY
            CODE    E966H     000DH     UNIT         ?PR?_RTC_MONTHFROMDISPLAYVP?RTC
            CODE    E973H     000DH     UNIT         ?PR?_MCU_GET_DP_DOWNLOAD_BOOL?MCU_API
            CODE    E980H     000DH     UNIT         ?PR?_MCU_GET_DP_DOWNLOAD_ENUM?MCU_API
            CODE    E98DH     000CH     UNIT         ?PR?_UART2SENDDATA?UART
            CODE    E999H     000CH     UNIT         ?CO?ERRORHISTORY
            CODE    E9A5H     000CH     UNIT         ?PR?UPLOAD_ALL_TIMERS?UPLOAD
            CODE    E9B1H     000CH     UNIT         ?PR?UPLOAD_REPORT_POLL?UPLOAD
            CODE    E9BDH     000BH     UNIT         ?PR?_MCU_GET_DP_DOWNLOAD_VALUE?MCU_API
            CODE    E9C8H     000AH     UNIT         ?PR?PORT_INIT?SYS
            CODE    E9D2H     000AH     UNIT         ?PR?MCU_START_WIFITEST?MCU_API
            CODE    E9DCH     000AH     UNIT         ?PR?GET_MCU_WIFI_MODE?SYSTEM
            CODE    E9E6H     0009H     UNIT         ?PR?UPLOAD_TIMESTAMP_BOOT_ONCE?UPLOAD
            CODE    E9EFH     0009H     UNIT         ?PR?_WIFI_TEST_RESULT?PROTOCOL
            CODE    E9F8H     0008H     UNIT         ?CO?MODBUS
            CODE    EA00H     0008H     UNIT         ?PR?ERRORHISTORY_FLASHVPADDR?ERRORHISTORY
            CODE    EA08H     0007H     UNIT         ?PR?UPLOAD_REQUEST_REPORT?UPLOAD
            CODE    EA0FH     0007H     UNIT         ?PR?UPLOAD_REPORT_FORCE_SYNC?UPLOAD
            CODE    EA16H     0006H     UNIT         ?PR?READY_TO_SAVE_REPORT?SYS
            CODE    EA1CH     0006H     UNIT         ?PR?RTC_GET_WEEKDAY?RTC
            CODE    EA22H     0006H     UNIT         ?PR?ERRORHISTORY_RESETPAGE?ERRORHISTORY
            CODE    EA28H     0006H     UNIT         ?PR?WIFI_INIT?WIFIPRO
            CODE    EA2EH     0006H     UNIT         ?PR?MCU_GET_RESET_WIFI_FLAG?MCU_API
            CODE    EA34H     0006H     UNIT         ?PR?MCU_GET_WIFIMODE_FLAG?MCU_API
            CODE    EA3AH     0003H     UNIT         ?PR?MODBUS_INIT?MODBUS
            CODE    EA3DH     0003H     UNIT         ?PR?_UART_TRANSMIT_OUTPUT?PROTOCOL
            CODE    EA40H     0003H     UNIT         ?PR?GET_DOWNLOAD_CMD_TOTAL?PROTOCOL
            CODE    EA43H     0001H     UNIT         ?PR?WRITE_MEMORY?SYS
            CODE    EA44H     0001H     UNIT         ?PR?READ_MEMORY?SYS
            CODE    EA45H     0001H     UNIT         ?PR?READ_MEMORY_ERROR?SYS
            CODE    EA46H     0001H     UNIT         ?PR?_UWOERRORCODEPROCESS?ERRORHISTORY



OVERLAY MAP OF MODULE:   .\obj\T5L51 (?C_STARTUP)


BL51 BANKED LINKER/LOCATER V6.22.2.0                                                  06/18/2026  10:05:40  PAGE 9


SEGMENT                                             BIT_GROUP          DATA_GROUP          XDATA_GROUP
  +--> CALLED SEGMENT                            START    LENGTH     START    LENGTH     START    LENGTH
--------------------------------------------------------------------------------------------------------
?C_C51STARTUP                                    -----    -----      -----    -----      -----    -----
  +--> ?PR?MAIN?MAIN
  +--> ?C_INITSEG

?PR?MAIN?MAIN                                    -----    -----      -----    -----      -----    -----
  +--> ?PR?INIT_CPU?SYS
  +--> ?PR?PORT_INIT?SYS
  +--> ?PR?T0_INIT?SYS
  +--> ?PR?T1_INIT?SYS
  +--> ?PR?T2_INIT?SYS
  +--> ?PR?MODBUS_INIT?MODBUS
  +--> ?PR?UART4_INIT?UART
  +--> ?PR?WIFI_INIT?WIFIPRO
  +--> ?PR?INIT_RTC?RTC
  +--> ?PR?SYSTEM_PARM_INIT?SYS
  +--> ?PR?WIFI_UART_SERVICE?MCU_API
  +--> ?PR?CONTROL_FUNCTION1?CONTROL
  +--> ?PR?MCU_GET_WIFI_WORK_STATE?MCU_API
  +--> ?PR?UI_OPENPAGE?MAIN
  +--> ?PR?WIFI_RESTING_PRO?CONTROL

?PR?MODBUS_INIT?MODBUS                           -----    -----      -----    -----      -----    -----
  +--> ?PR?UART5_INIT?UART

?PR?WIFI_INIT?WIFIPRO                            -----    -----      -----    -----      -----    -----
  +--> ?PR?UART2_INIT?UART
  +--> ?PR?WIFI_PROTOCOL_INIT?MCU_API

?PR?INIT_RTC?RTC                                 -----    -----      -----    -----      8C22H    0002H
  +--> ?PR?RTCI2CSTART?RTC
  +--> ?PR?_RTCI2CBW?RTC
  +--> ?PR?RTCI2CSTOP?RTC
  +--> ?PR?RTCI2CBR?RTC
  +--> ?PR?RTCMACK?RTC
  +--> ?PR?RTCMNAK?RTC

?PR?RTCI2CSTART?RTC                              -----    -----      -----    -----      -----    -----
  +--> ?PR?_DELAY_US?RTC

?PR?_DELAY_US?RTC                                -----    -----      0008H    0004H      -----    -----

?PR?_RTCI2CBW?RTC                                -----    -----      -----    -----      -----    -----
  +--> ?PR?_DELAY_US?RTC
  +--> ?PR?RTCCACK?RTC

?PR?RTCCACK?RTC                                  -----    -----      -----    -----      -----    -----
  +--> ?PR?_DELAY_US?RTC

?PR?RTCI2CSTOP?RTC                               -----    -----      -----    -----      -----    -----
  +--> ?PR?_DELAY_US?RTC

?PR?RTCI2CBR?RTC                                 -----    -----      -----    -----      -----    -----
  +--> ?PR?_DELAY_US?RTC

BL51 BANKED LINKER/LOCATER V6.22.2.0                                                  06/18/2026  10:05:40  PAGE 10


?PR?RTCMACK?RTC                                  -----    -----      -----    -----      -----    -----
  +--> ?PR?_DELAY_US?RTC

?PR?RTCMNAK?RTC                                  -----    -----      -----    -----      -----    -----
  +--> ?PR?_DELAY_US?RTC

?PR?SYSTEM_PARM_INIT?SYS                         -----    -----      -----    -----      8C22H    0002H
  +--> ?PR?READ_NOR_FLASH?SYS
  +--> ?PR?_DELAY_MS?SYS
  +--> ?PR?_READ_DGUS_VP?SYS
  +--> ?PR?_FLASHCHECKSUMCALCULATE?SYS
  +--> ?PR?READ_MEMORY_ERROR?SYS
  +--> ?PR?READ_MEMORY?SYS

?PR?READ_NOR_FLASH?SYS                           -----    -----      -----    -----      -----    -----
  +--> ?CO?SYS
  +--> ?PR?_WRITE_DGUS_VP?SYS
  +--> ?PR?_DELAY_MS?SYS
  +--> ?PR?_READ_DGUS_VP?SYS

?PR?_WRITE_DGUS_VP?SYS                           -----    -----      -----    -----      8DE1H    000FH

?PR?_READ_DGUS_VP?SYS                            -----    -----      -----    -----      8C87H    0015H

?PR?_FLASHCHECKSUMCALCULATE?SYS                  -----    -----      -----    -----      8C24H    002AH
  +--> ?CO?SYS
  +--> ?PR?_READ_DGUS_VP?SYS

?PR?WIFI_UART_SERVICE?MCU_API                    -----    -----      -----    -----      8C22H    0004H
  +--> ?PR?WITH_DATA_RXBUFF?SYSTEM
  +--> ?PR?TAKE_BYTE_RXBUFF?SYSTEM
  +--> ?PR?_GET_CHECK_SUM?SYSTEM
  +--> ?PR?_DATA_HANDLE?SYSTEM
  +--> ?PR?_MY_MEMCPY?MCU_API

?PR?_GET_CHECK_SUM?SYSTEM                        -----    -----      -----    -----      8CCFH    0006H

?PR?_DATA_HANDLE?SYSTEM                          -----    -----      -----    -----      8C26H    0013H
  +--> ?PR?HEAT_BEAT_CHECK?SYSTEM
  +--> ?PR?PRODUCT_INFO_UPDATE?SYSTEM
  +--> ?PR?GET_MCU_WIFI_MODE?SYSTEM
  +--> ?PR?_DATA_POINT_HANDLE?SYSTEM
  +--> ?PR?ALL_DATA_UPDATE?PROTOCOL
  +--> ?PR?_UPGRADE_PACKAGE_CHOOSE?PROTOCOL
  +--> ?PR?_MCU_FIRM_UPDATE_HANDLE?PROTOCOL
  +--> ?PR?_WIFI_UART_WRITE_FRAME?SYSTEM
  +--> ?PR?_WIFI_TEST_RESULT?PROTOCOL
  +--> ?PR?_FILE_DOWNLOAD_PACKAGE_CHOOSE?PRO...
  +--> ?PR?_FILE_DOWNLOAD_HANDLE?PROTOCOL

?PR?HEAT_BEAT_CHECK?SYSTEM                       -----    -----      -----    -----      -----    -----
  +--> ?PR?_SET_WIFI_UART_BYTE?SYSTEM
  +--> ?PR?_WIFI_UART_WRITE_FRAME?SYSTEM

?PR?_SET_WIFI_UART_BYTE?SYSTEM                   -----    -----      -----    -----      8CCDH    0002H

?PR?_WIFI_UART_WRITE_FRAME?SYSTEM                -----    -----      -----    -----      8CCDH    0002H
BL51 BANKED LINKER/LOCATER V6.22.2.0                                                  06/18/2026  10:05:40  PAGE 11


  +--> ?PR?_GET_CHECK_SUM?SYSTEM
  +--> ?PR?_WIFI_UART_WRITE_DATA?SYSTEM

?PR?_WIFI_UART_WRITE_DATA?SYSTEM                 -----    -----      -----    -----      8CCFH    0005H
  +--> ?PR?_UART_TRANSMIT_OUTPUT?PROTOCOL

?PR?_UART_TRANSMIT_OUTPUT?PROTOCOL               -----    -----      -----    -----      -----    -----
  +--> ?PR?_UART2SENDDATA?UART

?PR?PRODUCT_INFO_UPDATE?SYSTEM                   -----    -----      -----    -----      8C39H    000DH
  +--> ?CO?SYSTEM
  +--> ?PR?_MY_STRLEN?MCU_API
  +--> ?PR?_SET_WIFI_UART_BUFFER?SYSTEM
  +--> ?PR?_WIFI_UART_WRITE_FRAME?SYSTEM

?PR?_MY_STRLEN?MCU_API                           -----    -----      -----    -----      8C46H    0007H

?PR?_SET_WIFI_UART_BUFFER?SYSTEM                 -----    -----      -----    -----      8CCDH    0007H
  +--> ?PR?_MY_MEMCPY?MCU_API

?PR?_MY_MEMCPY?MCU_API                           -----    -----      -----    -----      8CD4H    0010H

?PR?GET_MCU_WIFI_MODE?SYSTEM                     -----    -----      -----    -----      -----    -----
  +--> ?PR?_WIFI_UART_WRITE_FRAME?SYSTEM

?PR?_DATA_POINT_HANDLE?SYSTEM                    -----    -----      -----    -----      8C39H    0007H
  +--> ?PR?_GET_DOWMLOAD_DPID_INDEX?SYSTEM
  +--> ?PR?_DP_DOWNLOAD_HANDLE?PROTOCOL

?PR?_GET_DOWMLOAD_DPID_INDEX?SYSTEM              -----    -----      -----    -----      8C40H    0001H
  +--> ?PR?GET_DOWNLOAD_CMD_TOTAL?PROTOCOL

?PR?_DP_DOWNLOAD_HANDLE?PROTOCOL                 -----    -----      -----    -----      8C40H    0007H
  +--> ?PR?_DP_DOWNLOAD_SWITCH_HANDLE?PROTOCOL
  +--> ?PR?_DP_DOWNLOAD_MODE_HANDLE?PROTOCOL
  +--> ?PR?_DP_DOWNLOAD_CHILD_LOCK_HANDLE?PR...
  +--> ?PR?_DP_DOWNLOAD_TEMP_SET_HANDLE?PROT...
  +--> ?PR?_DP_DOWNLOAD_TEMP_UNIT_CONVERT_HA...
  +--> ?PR?_DP_DOWNLOAD_DEFROST_HANDLE?PROTOCOL
  +--> ?PR?_DP_DOWNLOAD_RELAY_STATUS_HANDLE?...
  +--> ?PR?_DP_DOWNLOAD_TIMESTAMP_HANDLE?PRO...
  +--> ?PR?_DP_DOWNLOAD_INDOOR_UNIT_HANDLE?P...
  +--> ?PR?_DP_DOWNLOAD_HISTORY_FAULT_EMPTY_...
  +--> ?PR?_DP_DOWNLOAD_INSIDE_TIME_OPEN_HAN...
  +--> ?PR?_DP_DOWNLOAD_EXTERNAL_TIME_OPEN_H...
  +--> ?PR?_DP_DOWNLOAD_INSIDE_TIME_CLOSE_HA...
  +--> ?PR?_DP_DOWNLOAD_EXTERNAL_TIME_CLOSE_...

?PR?_DP_DOWNLOAD_SWITCH_HANDLE?PROTOCOL          -----    -----      -----    -----      8C47H    0005H
  +--> ?PR?_MCU_GET_DP_DOWNLOAD_BOOL?MCU_API
  +--> ?PR?_READ_DGUS_VP?SYS
  +--> ?PR?_WRITE_DGUS_VP?SYS
  +--> ?PR?READY_TO_SAVE_REPORT?SYS
  +--> ?PR?_MCU_DP_BOOL_UPDATE?MCU_API

?PR?_MCU_GET_DP_DOWNLOAD_BOOL?MCU_API            -----    -----      -----    -----      8C4CH    0002H

BL51 BANKED LINKER/LOCATER V6.22.2.0                                                  06/18/2026  10:05:40  PAGE 12


?PR?READY_TO_SAVE_REPORT?SYS                     -----    -----      -----    -----      -----    -----
  +--> ?PR?READY_TO_SAVE?SYS
  +--> ?PR?UPLOAD_REQUEST_REPORT?UPLOAD

?PR?READY_TO_SAVE?SYS                            -----    -----      -----    -----      8C67H    0002H
  +--> ?PR?_READ_DGUS_VP?SYS

?PR?_MCU_DP_BOOL_UPDATE?MCU_API                  -----    -----      -----    -----      8C4FH    0001H
  +--> ?PR?_SET_WIFI_UART_BYTE?SYSTEM
  +--> ?PR?_WIFI_UART_WRITE_FRAME?SYSTEM

?PR?_DP_DOWNLOAD_MODE_HANDLE?PROTOCOL            -----    -----      -----    -----      8C47H    0003H
  +--> ?PR?_MCU_GET_DP_DOWNLOAD_ENUM?MCU_API
  +--> ?PR?_WRITE_DGUS_VP?SYS
  +--> ?PR?READY_TO_SAVE_REPORT?SYS
  +--> ?PR?_READ_DGUS_VP?SYS
  +--> ?PR?_MCU_DP_ENUM_UPDATE?MCU_API

?PR?_MCU_GET_DP_DOWNLOAD_ENUM?MCU_API            -----    -----      -----    -----      8C4AH    0002H

?PR?_MCU_DP_ENUM_UPDATE?MCU_API                  -----    -----      -----    -----      8C4FH    0001H
  +--> ?PR?_SET_WIFI_UART_BYTE?SYSTEM
  +--> ?PR?_WIFI_UART_WRITE_FRAME?SYSTEM

?PR?_DP_DOWNLOAD_CHILD_LOCK_HANDLE?PR...         -----    -----      -----    -----      8C47H    0001H
  +--> ?PR?_MCU_GET_DP_DOWNLOAD_BOOL?MCU_API
  +--> ?PR?HOMEPAGE?CONTROL
  +--> ?PR?_WRITE_DGUS_VP?SYS
  +--> ?PR?_MCU_DP_BOOL_UPDATE?MCU_API

?PR?HOMEPAGE?CONTROL                             0023H.1  0000H.1    -----    -----      8C48H    0002H
  +--> ?PR?GETPAGEID?CONTROL
  +--> ?PR?_ISITHOMEPAGE?CONTROL
  +--> ?PR?_READ_DGUS_VP?SYS
  +--> ?PR?_PAGE_CHANGE_HANDLER?SYS
  +--> ?PR?HOMEPAGE_SYNCINDOORDISPLAY?CONTROL

?PR?GETPAGEID?CONTROL                            -----    -----      -----    -----      8C4AH    0002H
  +--> ?PR?_READ_DGUS_VP?SYS

?PR?_ISITHOMEPAGE?CONTROL                        0023H.2  0000H.1    -----    -----      -----    -----

?PR?_PAGE_CHANGE_HANDLER?SYS                     -----    -----      -----    -----      -----    -----
  +--> ?PR?_WRITE_DGUS_VP?SYS
  +--> ?PR?_DELAY_MS?SYS
  +--> ?PR?_READ_DGUS_VP?SYS

?PR?HOMEPAGE_SYNCINDOORDISPLAY?CONTROL           -----    -----      -----    -----      8C60H    0004H
  +--> ?PR?_READ_DGUS_VP?SYS
  +--> ?PR?_WRITE_DGUS_VP?SYS
  +--> ?PR?_HOMEPAGE_UPDATEMODEANIMATION?CON...

?PR?_HOMEPAGE_UPDATEMODEANIMATION?CON...         -----    -----      -----    -----      8C64H    0006H
  +--> ?PR?_WRITE_DGUS_VP?SYS

?PR?_DP_DOWNLOAD_TEMP_SET_HANDLE?PROT...         -----    -----      -----    -----      8C47H    000AH
  +--> ?PR?_MCU_GET_DP_DOWNLOAD_VALUE?MCU_API
BL51 BANKED LINKER/LOCATER V6.22.2.0                                                  06/18/2026  10:05:40  PAGE 13


  +--> ?PR?_WRITE_DGUS_VP?SYS
  +--> ?PR?_READ_DGUS_VP?SYS
  +--> ?PR?_SETTEMPINTWRITE?CONTROL
  +--> ?PR?_SYNCSETTEMPCACHESFROMC?CONTROL
  +--> ?PR?READY_TO_SAVE?SYS
  +--> ?PR?_MCU_DP_VALUE_UPDATE?MCU_API

?PR?_MCU_GET_DP_DOWNLOAD_VALUE?MCU_API           -----    -----      -----    -----      8C51H    0002H
  +--> ?PR?_BYTE_TO_INT?MCU_API

?PR?_BYTE_TO_INT?MCU_API                         -----    -----      -----    -----      8C53H    0007H

?PR?_SETTEMPINTWRITE?CONTROL                     -----    -----      -----    -----      8C5BH    0002H
  +--> ?PR?_SETTEMPINTVPBYMODE?CONTROL
  +--> ?PR?_WRITE_DGUS_VP?SYS

?PR?_SETTEMPINTVPBYMODE?CONTROL                  -----    -----      -----    -----      8C5DH    0001H

?PR?_SYNCSETTEMPCACHESFROMC?CONTROL              -----    -----      -----    -----      8C55H    0006H
  +--> ?PR?_TEMPUNITTRANS?CONTROL
  +--> ?PR?_WRITE_DGUS_VP?SYS
  +--> ?PR?_READ_DGUS_VP?SYS
  +--> ?PR?_SETTEMPINTWRITE?CONTROL

?PR?_TEMPUNITTRANS?CONTROL                       -----    -----      -----    -----      8C67H    0003H

?PR?_MCU_DP_VALUE_UPDATE?MCU_API                 -----    -----      -----    -----      8C51H    0005H
  +--> ?PR?_SET_WIFI_UART_BYTE?SYSTEM
  +--> ?PR?_WIFI_UART_WRITE_FRAME?SYSTEM

?PR?_DP_DOWNLOAD_TEMP_UNIT_CONVERT_HA...         -----    -----      -----    -----      8C47H    0001H
  +--> ?PR?_MCU_GET_DP_DOWNLOAD_ENUM?MCU_API
  +--> ?PR?_WRITE_DGUS_VP?SYS
  +--> ?PR?UNITCHANGEPRO?CONTROL
  +--> ?PR?HOMEPAGE?CONTROL
  +--> ?PR?READY_TO_SAVE?SYS
  +--> ?PR?_MCU_DP_ENUM_UPDATE?MCU_API

?PR?UNITCHANGEPRO?CONTROL                        -----    -----      -----    -----      8C48H    0002H
  +--> ?PR?_READ_DGUS_VP?SYS
  +--> ?PR?_MCU_DP_ENUM_UPDATE?MCU_API
  +--> ?PR?TEMPUNIT_REFRESHALL?CONTROL

?PR?TEMPUNIT_REFRESHALL?CONTROL                  -----    -----      -----    -----      8C4AH    0007H
  +--> ?PR?_READ_DGUS_VP?SYS
  +--> ?PR?_TEMPUNITTRANS?CONTROL
  +--> ?PR?_SYNCSETTEMPCACHESFROMC?CONTROL
  +--> ?PR?_WRITE_DGUS_VP?SYS
  +--> ?PR?TEMPUNIT_REFRESHACTIVESETFROMMODE...
  +--> ?PR?_TEMPUNIT_REFRESHFLOATPAIR?CONTROL
  +--> ?PR?_SETTEMPINTREAD?CONTROL
  +--> ?PR?_SETTEMPINTWRITE?CONTROL
  +--> ?PR?_SYNCINDOORSETTEMPVPPAIR?CONTROL
  +--> ?PR?_SYNCINDOORROOMTEMPVPPAIR?CONTROL
  +--> ?PR?_SYNCTIMERTEMPVPPAIR?CONTROL
  +--> ?PR?MODBUS_REFRESHCHECKPARAMDISPLAY?M...

BL51 BANKED LINKER/LOCATER V6.22.2.0                                                  06/18/2026  10:05:40  PAGE 14


?PR?TEMPUNIT_REFRESHACTIVESETFROMMODE...         -----    -----      -----    -----      8C51H    0004H
  +--> ?PR?_READ_DGUS_VP?SYS
  +--> ?PR?_SETTEMPINTREAD?CONTROL
  +--> ?PR?_TEMPUNITTRANS?CONTROL
  +--> ?PR?_SYNCSETTEMPCACHESFROMC?CONTROL

?PR?_SETTEMPINTREAD?CONTROL                      -----    -----      -----    -----      8C55H    0002H
  +--> ?PR?_SETTEMPINTVPBYMODE?CONTROL
  +--> ?PR?_READ_DGUS_VP?SYS

?PR?_TEMPUNIT_REFRESHFLOATPAIR?CONTROL           -----    -----      -----    -----      8C51H    0010H
  +--> ?PR?_READ_DGUS_VP?SYS
  +--> ?PR?_TEMPUNITTRANS?CONTROL
  +--> ?PR?_WRITE_DGUS_VP?SYS

?PR?_SYNCINDOORSETTEMPVPPAIR?CONTROL             -----    -----      -----    -----      8C51H    0005H
  +--> ?PR?_TEMPUNITTRANS?CONTROL
  +--> ?PR?_WRITE_DGUS_VP?SYS

?PR?_SYNCINDOORROOMTEMPVPPAIR?CONTROL            -----    -----      -----    -----      8C51H    0005H
  +--> ?PR?_TEMPUNITTRANS?CONTROL
  +--> ?PR?_WRITE_DGUS_VP?SYS

?PR?_SYNCTIMERTEMPVPPAIR?CONTROL                 -----    -----      -----    -----      8C51H    000CH
  +--> ?PR?_TEMPUNITTRANS?CONTROL
  +--> ?PR?_WRITE_DGUS_VP?SYS

?PR?MODBUS_REFRESHCHECKPARAMDISPLAY?M...         -----    -----      -----    -----      8C51H    0009H
  +--> ?PR?_READ_DGUS_VP?SYS
  +--> ?PR?_TEMPUNITTRANS?CONTROL
  +--> ?PR?_WRITE_DGUS_VP?SYS

?PR?_DP_DOWNLOAD_DEFROST_HANDLE?PROTOCOL         -----    -----      -----    -----      8C47H    0001H
  +--> ?PR?_MCU_GET_DP_DOWNLOAD_BOOL?MCU_API
  +--> ?PR?_WRITE_DGUS_VP?SYS
  +--> ?PR?_MCU_DP_BOOL_UPDATE?MCU_API

?PR?_DP_DOWNLOAD_RELAY_STATUS_HANDLE?...         -----    -----      -----    -----      8C47H    0001H
  +--> ?PR?_MCU_GET_DP_DOWNLOAD_ENUM?MCU_API
  +--> ?PR?_WRITE_DGUS_VP?SYS
  +--> ?PR?READY_TO_SAVE?SYS
  +--> ?PR?_MCU_DP_ENUM_UPDATE?MCU_API

?PR?_DP_DOWNLOAD_TIMESTAMP_HANDLE?PRO...         -----    -----      -----    -----      8C47H    0015H
  +--> ?CO?PROTOCOL
  +--> ?PR?_STRTOUL?STRTOUL
  +--> ?PR?_TIMESTAMP_TO_YMDHMS?PROTOCOL
  +--> ?PR?PRINTF?PRINTF
  +--> ?PR?_RTC_WRITEDISPLAYTIME?RTC
  +--> ?PR?_RTC_WRITEEDITTIME?RTC
  +--> ?PR?_WRITE_DGUS_VP?SYS
  +--> ?PR?_MCU_DP_STRING_UPDATE?MCU_API

?PR?_STRTOUL?STRTOUL                             -----    -----      -----    -----      8C5CH    0012H

?PR?_TIMESTAMP_TO_YMDHMS?PROTOCOL                -----    -----      -----    -----      8C5CH    0015H
  +--> ?CO?PROTOCOL
BL51 BANKED LINKER/LOCATER V6.22.2.0                                                  06/18/2026  10:05:40  PAGE 15


  +--> ?PR?PRINTF?PRINTF
  +--> ?PR?_IS_LEAP_YEAR?PROTOCOL

?PR?PRINTF?PRINTF                                0023H.1  0001H.1    0008H    0005H      8C71H    0030H
  +--> ?PR?_PUTCHAR?UART

?PR?_RTC_WRITEDISPLAYTIME?RTC                    -----    -----      -----    -----      8C5CH    000AH
  +--> ?PR?_WRITE_DGUS_VP?SYS

?PR?_RTC_WRITEEDITTIME?RTC                       -----    -----      -----    -----      8C5CH    000AH
  +--> ?PR?_WRITE_DGUS_VP?SYS

?PR?_MCU_DP_STRING_UPDATE?MCU_API                -----    -----      -----    -----      8C5CH    0006H
  +--> ?PR?_SET_WIFI_UART_BYTE?SYSTEM
  +--> ?PR?_SET_WIFI_UART_BUFFER?SYSTEM
  +--> ?PR?_WIFI_UART_WRITE_FRAME?SYSTEM

?PR?_DP_DOWNLOAD_INDOOR_UNIT_HANDLE?P...         -----    -----      -----    -----      8C47H    0019H
  +--> ?PR?_MODE_MAP_TO_DGUS?PROTOCOL
  +--> ?PR?_WRITE_DGUS_VP?SYS
  +--> ?PR?_TEMPUNITTRANS?CONTROL
  +--> ?PR?HOMEPAGE_SYNCINDOORDISPLAY?CONTROL
  +--> ?PR?_MODBUS_TRIGGERINDOORUNITWRITE?MO...
  +--> ?PR?UPLOAD_INDOOR_UNIT?UPLOAD

?PR?_MODBUS_TRIGGERINDOORUNITWRITE?MO...         -----    -----      -----    -----      8C60H    0002H
  +--> ?PR?_MODBUS_FILLINDOORUNITREGS?MODBUS
  +--> ?PR?_MODBUS_INDOORREGSCHANGED?MODBUS

?PR?_MODBUS_FILLINDOORUNITREGS?MODBUS            -----    -----      -----    -----      8C62H    0010H
  +--> ?PR?_READ_DGUS_VP?SYS
  +--> ?PR?_MODBUS_ENCODEINDOORRUNMODE?MODBUS
  +--> ?PR?_MODBUS_ENCODEINDOORFAN?MODBUS

?PR?_MODBUS_INDOORREGSCHANGED?MODBUS             -----    -----      -----    -----      8C62H    0005H

?PR?UPLOAD_INDOOR_UNIT?UPLOAD                    -----    -----      -----    -----      8C60H    0027H
  +--> ?CO?UPLOAD
  +--> ?PR?_READ_DGUS_VP?SYS
  +--> ?PR?_UPLOAD_CLAMPINDOORTEMP?UPLOAD
  +--> ?PR?_MCU_DP_RAW_UPDATE?MCU_API

?PR?_MCU_DP_RAW_UPDATE?MCU_API                   -----    -----      -----    -----      8CC7H    0006H
  +--> ?PR?_SET_WIFI_UART_BYTE?SYSTEM
  +--> ?PR?_SET_WIFI_UART_BUFFER?SYSTEM
  +--> ?PR?_WIFI_UART_WRITE_FRAME?SYSTEM

?PR?_DP_DOWNLOAD_HISTORY_FAULT_EMPTY_...         -----    -----      -----    -----      8C47H    0001H
  +--> ?PR?_MCU_GET_DP_DOWNLOAD_BOOL?MCU_API
  +--> ?PR?CLEARERRORHISTORY?ERRORHISTORY
  +--> ?PR?_MCU_DP_BOOL_UPDATE?MCU_API

?PR?CLEARERRORHISTORY?ERRORHISTORY               -----    -----      -----    -----      -----    -----
  +--> ?PR?ERRORHISTORY_FLASHCOMMITNOW?ERROR...
  +--> ?PR?UPLOAD_HISTORY_FAULTS?UPLOAD

?PR?ERRORHISTORY_FLASHCOMMITNOW?ERROR...         -----    -----      -----    -----      8C48H    0002H
BL51 BANKED LINKER/LOCATER V6.22.2.0                                                  06/18/2026  10:05:40  PAGE 16


  +--> ?PR?ERRORHISTORY_FLASHVPADDR?ERRORHIS...
  +--> ?PR?_ERRORHISTORY_FLASHWRITE?ERRORHIS...
  +--> ?PR?_READ_DGUS_VP?SYS
  +--> ?PR?WRITE_MEMORY?SYS
  +--> ?PR?WRITE_NOR_FLASH?SYS

?PR?_ERRORHISTORY_FLASHWRITE?ERRORHIS...         -----    -----      -----    -----      8C4AH    0197H
  +--> ?PR?_ERRORHISTORY_PACKREC?ERRORHISTORY
  +--> ?PR?_WRITE_DGUS_VP?SYS

?PR?_ERRORHISTORY_PACKREC?ERRORHISTORY           -----    -----      -----    -----      8DE1H    000AH
  +--> ?PR?_ERRORHISTORY_ISVALIDCODE?ERRORHI...
  +--> ?PR?_ERRORHISTORY_CLAMPBYTE?ERRORHISTORY

?PR?WRITE_NOR_FLASH?SYS                          -----    -----      -----    -----      -----    -----
  +--> ?CO?SYS
  +--> ?PR?_WRITE_DGUS_VP?SYS
  +--> ?PR?_DELAY_MS?SYS
  +--> ?PR?_READ_DGUS_VP?SYS

?PR?UPLOAD_HISTORY_FAULTS?UPLOAD                 -----    -----      -----    -----      8C48H    007FH
  +--> ?PR?_MCU_DP_RAW_UPDATE?MCU_API

?PR?_DP_DOWNLOAD_INSIDE_TIME_OPEN_HAN...         -----    -----      -----    -----      8C47H    0020H
  +--> ?PR?_WRITE_DGUS_VP?SYS
  +--> ?PR?_TEMPUNITTRANS?CONTROL
  +--> ?PR?_MODBUS_APPLYINDOORTIMERVPTOUNITS...
  +--> ?PR?READY_TO_SAVE?SYS
  +--> ?PR?_MCU_DP_RAW_UPDATE?MCU_API

?PR?_MODBUS_APPLYINDOORTIMERVPTOUNITS...         -----    -----      -----    -----      8C67H    0016H
  +--> ?PR?_READ_DGUS_VP?SYS
  +--> ?PR?_WRITE_DGUS_VP?SYS
  +--> ?PR?_MODBUS_QUEUEINDOORTIMERWRITE?MODBUS

?PR?_MODBUS_QUEUEINDOORTIMERWRITE?MODBUS         -----    -----      -----    -----      -----    -----
  +--> ?PR?MODBUS_STARTNEXTTIMERWRITE?MODBUS

?PR?_DP_DOWNLOAD_EXTERNAL_TIME_OPEN_H...         -----    -----      -----    -----      8C47H    0019H
  +--> ?PR?_WRITE_DGUS_VP?SYS
  +--> ?PR?_TEMPUNITTRANS?CONTROL
  +--> ?PR?_DP117_MODE_TO_DGUS?PROTOCOL
  +--> ?PR?READY_TO_SAVE?SYS
  +--> ?PR?_MCU_DP_RAW_UPDATE?MCU_API

?PR?_DP_DOWNLOAD_INSIDE_TIME_CLOSE_HA...         -----    -----      -----    -----      8C47H    000EH
  +--> ?PR?_WRITE_DGUS_VP?SYS
  +--> ?PR?_MCU_DP_RAW_UPDATE?MCU_API

?PR?_DP_DOWNLOAD_EXTERNAL_TIME_CLOSE_...         -----    -----      -----    -----      8C47H    000EH
  +--> ?PR?_WRITE_DGUS_VP?SYS
  +--> ?PR?_MCU_DP_RAW_UPDATE?MCU_API

?PR?ALL_DATA_UPDATE?PROTOCOL                     -----    -----      -----    -----      8C39H    0016H
  +--> ?CO?PROTOCOL
  +--> ?PR?_READ_DGUS_VP?SYS
  +--> ?PR?_MCU_DP_BOOL_UPDATE?MCU_API
BL51 BANKED LINKER/LOCATER V6.22.2.0                                                  06/18/2026  10:05:40  PAGE 17


  +--> ?PR?_MCU_DP_ENUM_UPDATE?MCU_API
  +--> ?PR?_MCU_DP_VALUE_UPDATE?MCU_API

?PR?_UPGRADE_PACKAGE_CHOOSE?PROTOCOL             -----    -----      -----    -----      -----    -----
  +--> ?PR?_SET_WIFI_UART_BYTE?SYSTEM
  +--> ?PR?_WIFI_UART_WRITE_FRAME?SYSTEM

?PR?_MCU_FIRM_UPDATE_HANDLE?PROTOCOL             -----    -----      -----    -----      8C39H    0009H

?PR?_WIFI_TEST_RESULT?PROTOCOL                   -----    -----      -----    -----      8C39H    0002H

?PR?_FILE_DOWNLOAD_PACKAGE_CHOOSE?PRO...         -----    -----      -----    -----      -----    -----
  +--> ?PR?_SET_WIFI_UART_BYTE?SYSTEM
  +--> ?PR?_WIFI_UART_WRITE_FRAME?SYSTEM

?PR?_FILE_DOWNLOAD_HANDLE?PROTOCOL               -----    -----      -----    -----      8C39H    0009H

?PR?CONTROL_FUNCTION1?CONTROL                    -----    -----      -----    -----      8C22H    0011H
  +--> ?PR?_READ_DGUS_VP?SYS
  +--> ?PR?GETVALUE0F00?CONTROL
  +--> ?PR?_ISITHOMEPAGE?CONTROL
  +--> ?PR?HOMEPAGE?CONTROL
  +--> ?PR?_ERRORHISTORY_PAGECHANGE?ERRORHIS...
  +--> ?PR?_WRITE_DGUS_VP?SYS
  +--> ?PR?_SETTEMPINTREAD?CONTROL
  +--> ?PR?_SYNCSETTEMPCACHESFROMC?CONTROL
  +--> ?PR?UNITCHANGEPRO?CONTROL
  +--> ?PR?_PAGE_CHANGE_HANDLER?SYS
  +--> ?PR?UPLOAD_INSIDE_TIME_OPEN?UPLOAD
  +--> ?PR?UPLOAD_EXTERNAL_TIME_OPEN?UPLOAD
  +--> ?PR?UPLOAD_INDOOR_UNIT?UPLOAD
  +--> ?PR?_MODBUS_TRIGGERINDOORUNITWRITE?MO...
  +--> ?PR?_KEYADJUSTSETTEMPFORMODE?CONTROL
  +--> ?PR?PREFILLSETTEMPEDITPAGE?CONTROL
  +--> ?PR?_TEMPUNITTRANS?CONTROL
  +--> ?PR?_MCU_DP_VALUE_UPDATE?MCU_API
  +--> ?PR?_SETTEMPINTWRITE?CONTROL
  +--> ?PR?_SETTEMPFLOATWRITEC?CONTROL
  +--> ?PR?_SETMODEPROCESS?CONTROL
  +--> ?PR?RTCDISPLAY4CHANGE?CONTROL
  +--> ?PR?_LANGUAGE_CHANGE?SYS
  +--> ?PR?RTC_GETUNIXLOCAL?RTC
  +--> ?PR?MODBUS_STARTMANUALDEFROST?MODBUS
  +--> ?PR?_MCU_DP_BOOL_UPDATE?MCU_API
  +--> ?PR?_BRIGHTNESS_HANDLER?SYS
  +--> ?PR?_MCU_DP_ENUM_UPDATE?MCU_API
  +--> ?PR?ERRORHISTORY_TRYMIGRATEFLASH?ERRO...
  +--> ?PR?UPLOAD_EXTERNAL_TIME_CLOSE?UPLOAD
  +--> ?PR?UPLOAD_INSIDE_TIME_CLOSE?UPLOAD
  +--> ?PR?MODBUS_TRIGGERGROUPCONTROLWRITE?M...
  +--> ?PR?READY_TO_SAVE_REPORT?SYS
  +--> ?PR?ERRORHISTORY_RESETPAGE?ERRORHISTORY
  +--> ?PR?ERRORHISTORYDISPLAY?ERRORHISTORY
  +--> ?PR?CLEARERRORHISTORY?ERRORHISTORY
  +--> ?PR?_MODBUS_TRIGGERDEFROSTPARAMWRITE?...
  +--> ?PR?_TEMP_LIMIT?CONTROL
  +--> ?CO?CONTROL
BL51 BANKED LINKER/LOCATER V6.22.2.0                                                  06/18/2026  10:05:40  PAGE 18


  +--> ?PR?PRINTF?PRINTF
  +--> ?PR?MCU_RESET_WIFI?MCU_API
  +--> ?PR?_MODBUS_APPLYINDOORTIMERVPTOUNITS...
  +--> ?PR?SCREENTIMEOUT_SET?SYS
  +--> ?PR?READY4WRITERTC?CONTROL

?PR?GETVALUE0F00?CONTROL                         -----    -----      -----    -----      8C33H    0004H
  +--> ?CO?CONTROL
  +--> ?PR?_READ_DGUS_VP?SYS
  +--> ?PR?_WRITE_DGUS_VP?SYS

?PR?_ERRORHISTORY_PAGECHANGE?ERRORHIS...         -----    -----      -----    -----      -----    -----
  +--> ?PR?ERRORHISTORY_GETMAXPAGE?ERRORHISTORY
  +--> ?PR?ERRORHISTORYDISPLAY?ERRORHISTORY

?PR?ERRORHISTORY_GETMAXPAGE?ERRORHISTORY         -----    -----      -----    -----      -----    -----
  +--> ?PR?ERRORHISTORY_GETCOUNT?ERRORHISTORY

?PR?ERRORHISTORYDISPLAY?ERRORHISTORY             -----    -----      -----    -----      8C33H    000EH
  +--> ?CO?ERRORHISTORY
  +--> ?PR?_WRITE_DGUS_VP?SYS

?PR?UPLOAD_INSIDE_TIME_OPEN?UPLOAD               -----    -----      -----    -----      8C33H    000BH
  +--> ?CO?UPLOAD
  +--> ?PR?_READ_DGUS_VP?SYS
  +--> ?PR?_UPLOAD_DGUSMODETODP116?UPLOAD
  +--> ?PR?UPLOAD_PACKTIMERROOMBYTE?UPLOAD
  +--> ?PR?_MCU_DP_RAW_UPDATE?MCU_API

?PR?UPLOAD_PACKTIMERROOMBYTE?UPLOAD              -----    -----      -----    -----      8C3EH    0006H
  +--> ?PR?_READ_DGUS_VP?SYS

?PR?UPLOAD_EXTERNAL_TIME_OPEN?UPLOAD             -----    -----      -----    -----      8C33H    0009H
  +--> ?CO?UPLOAD
  +--> ?PR?_READ_DGUS_VP?SYS
  +--> ?PR?_MCU_DP_RAW_UPDATE?MCU_API

?PR?_KEYADJUSTSETTEMPFORMODE?CONTROL             -----    -----      -----    -----      8C33H    000BH
  +--> ?PR?_READ_DGUS_VP?SYS
  +--> ?PR?_SETTEMPINTVPBYMODE?CONTROL
  +--> ?PR?_WRITE_DGUS_VP?SYS
  +--> ?PR?_TEMP_LIMIT?CONTROL
  +--> ?PR?_TEMPUNITTRANS?CONTROL
  +--> ?PR?_SYNCSETTEMPCACHESFROMC?CONTROL

?PR?_TEMP_LIMIT?CONTROL                          -----    -----      -----    -----      8C3EH    0009H
  +--> ?PR?_READ_DGUS_VP?SYS
  +--> ?PR?_TEMPUNITTRANS?CONTROL
  +--> ?PR?_WRITE_DGUS_VP?SYS
  +--> ?PR?_SYNCINDOORSETTEMPVPPAIR?CONTROL
  +--> ?PR?_SYNCSETTEMPCACHESFROMC?CONTROL
  +--> ?PR?_SETTEMPINTWRITE?CONTROL

?PR?PREFILLSETTEMPEDITPAGE?CONTROL               -----    -----      -----    -----      8C33H    0008H
  +--> ?PR?_READ_DGUS_VP?SYS
  +--> ?PR?_SETTEMPINTREAD?CONTROL
  +--> ?PR?_TEMPUNITTRANS?CONTROL
BL51 BANKED LINKER/LOCATER V6.22.2.0                                                  06/18/2026  10:05:40  PAGE 19


  +--> ?PR?_WRITE_DGUS_VP?SYS
  +--> ?PR?_PAGE_CHANGE_HANDLER?SYS

?PR?_SETTEMPFLOATWRITEC?CONTROL                  -----    -----      -----    -----      8C33H    0009H
  +--> ?PR?_TEMPUNITTRANS?CONTROL
  +--> ?PR?_SETTEMPINTWRITE?CONTROL

?PR?_SETMODEPROCESS?CONTROL                      -----    -----      -----    -----      8C33H    0002H
  +--> ?PR?_WRITE_DGUS_VP?SYS

?PR?RTCDISPLAY4CHANGE?CONTROL                    -----    -----      -----    -----      8C33H    0008H
  +--> ?PR?_READ_DGUS_VP?SYS
  +--> ?PR?_WRITE_DGUS_VP?SYS
  +--> ?PR?_RTC_MONTHFROMDISPLAYVP?RTC

?PR?_RTC_MONTHFROMDISPLAYVP?RTC                  -----    -----      -----    -----      8C3BH    0002H

?PR?_LANGUAGE_CHANGE?SYS                         -----    -----      -----    -----      8C33H    0004H
  +--> ?PR?_WRITE_DGUS_VP?SYS

?PR?RTC_GETUNIXLOCAL?RTC                         -----    -----      -----    -----      8C33H    0009H
  +--> ?PR?_RTC_IS_LEAP?RTC
  +--> ?PR?_RTC_DAYS_IN_MONTH?RTC

?PR?_RTC_DAYS_IN_MONTH?RTC                       -----    -----      -----    -----      -----    -----
  +--> ?PR?_RTC_IS_LEAP?RTC

?PR?MODBUS_STARTMANUALDEFROST?MODBUS             -----    -----      -----    -----      8C33H    0002H
  +--> ?PR?_WRITE_DGUS_VP?SYS

?PR?_BRIGHTNESS_HANDLER?SYS                      -----    -----      -----    -----      8C33H    0002H
  +--> ?PR?_WRITE_DGUS_VP?SYS

?PR?ERRORHISTORY_TRYMIGRATEFLASH?ERRO...         -----    -----      -----    -----      8C33H    0008H
  +--> ?PR?ERRORHISTORY_FLASHVPADDR?ERRORHIS...
  +--> ?PR?_READ_DGUS_VP?SYS
  +--> ?PR?ERRORHISTORY_SANITIZE?ERRORHISTORY
  +--> ?PR?_ERRORHISTORY_FLASHWRITE?ERRORHIS...
  +--> ?PR?WRITE_MEMORY?SYS
  +--> ?PR?WRITE_NOR_FLASH?SYS

?PR?ERRORHISTORY_SANITIZE?ERRORHISTORY           -----    -----      -----    -----      -----    -----
  +--> ?PR?_ERRORHISTORY_ISVALIDCODE?ERRORHI...

?PR?UPLOAD_EXTERNAL_TIME_CLOSE?UPLOAD            -----    -----      -----    -----      8C33H    0005H
  +--> ?CO?UPLOAD
  +--> ?PR?_READ_DGUS_VP?SYS
  +--> ?PR?_MCU_DP_RAW_UPDATE?MCU_API

?PR?UPLOAD_INSIDE_TIME_CLOSE?UPLOAD              -----    -----      -----    -----      8C33H    0005H
  +--> ?CO?UPLOAD
  +--> ?PR?_READ_DGUS_VP?SYS
  +--> ?PR?_MCU_DP_RAW_UPDATE?MCU_API

?PR?MODBUS_TRIGGERGROUPCONTROLWRITE?M...         -----    -----      -----    -----      -----    -----
  +--> ?PR?_MODBUS_FILLGROUPCONTROLREGS?MODBUS
  +--> ?PR?_MODBUS_GROUPREGSCHANGED?MODBUS
BL51 BANKED LINKER/LOCATER V6.22.2.0                                                  06/18/2026  10:05:40  PAGE 20



?PR?_MODBUS_FILLGROUPCONTROLREGS?MODBUS          -----    -----      -----    -----      8C33H    0005H
  +--> ?PR?_READ_DGUS_VP?SYS

?PR?_MODBUS_GROUPREGSCHANGED?MODBUS              -----    -----      -----    -----      8C33H    0004H

?PR?MCU_RESET_WIFI?MCU_API                       -----    -----      -----    -----      -----    -----
  +--> ?PR?_WIFI_UART_WRITE_FRAME?SYSTEM
  +--> ?CO?MCU_API
  +--> ?PR?PRINTF?PRINTF

?PR?SCREENTIMEOUT_SET?SYS                        0023H.1  0000H.1    -----    -----      8C33H    0004H
  +--> ?PR?_READ_DGUS_VP?SYS
  +--> ?PR?_WRITE_DGUS_VP?SYS

?PR?READY4WRITERTC?CONTROL                       -----    -----      -----    -----      8C33H    0012H
  +--> ?PR?_READ_DGUS_VP?SYS
  +--> ?PR?_WRITE_DGUS_VP?SYS
  +--> ?PR?_RTC_WRITEDISPLAYTIME?RTC

?PR?MCU_GET_WIFI_WORK_STATE?MCU_API              -----    -----      -----    -----      -----    -----
  +--> ?CO?MCU_API
  +--> ?PR?PRINTF?PRINTF

?PR?UI_OPENPAGE?MAIN                             -----    -----      -----    -----      -----    -----
  +--> ?PR?HOMEPAGE?CONTROL

?PR?WIFI_RESTING_PRO?CONTROL                     -----    -----      -----    -----      -----    -----
  +--> ?PR?MCU_GET_RESET_WIFI_FLAG?MCU_API
  +--> ?CO?CONTROL
  +--> ?PR?PRINTF?PRINTF
  +--> ?PR?_PAGE_CHANGE_HANDLER?SYS

*** NEW ROOT ***************************************************

?PR?UART2_ISR_PC?UART                            -----    -----      -----    -----      -----    -----
  +--> ?PR?_UART_RECEIVE_INPUT?MCU_API

?PR?_UART_RECEIVE_INPUT?MCU_API                  -----    -----      -----    -----      8DF0H    0001H



UNRESOLVED EXTERNAL SYMBOLS:
   OTALENGTH
   UPLOAD_REPORT_CHANGED



SYMBOL TABLE OF MODULE:  .\obj\T5L51 (?C_STARTUP)

  VALUE           TYPE          NAME
  ----------------------------------

  -------         MODULE        ?C_STARTUP
  C:C060H         SEGMENT       ?C_C51STARTUP
  I:0027H         SEGMENT       ?STACK
  C:0000H         PUBLIC        ?C_STARTUP
BL51 BANKED LINKER/LOCATER V6.22.2.0                                                  06/18/2026  10:05:40  PAGE 21


  D:00E0H         SYMBOL        ACC
  D:00F0H         SYMBOL        B
  D:008EH         SYMBOL        CKCON
  D:0094H         SYMBOL        DAGESEL
  D:0093H         SYMBOL        DPC
  D:0083H         SYMBOL        DPH
  D:0082H         SYMBOL        DPL
  D:0095H         SYMBOL        D_PAGESEL
  N:0000H         SYMBOL        IBPSTACK
  N:0100H         SYMBOL        IBPSTACKTOP
  N:0080H         SYMBOL        IDATALEN
  C:C078H         SYMBOL        IDATALOOP
  D:00C9H         SYMBOL        MUX_SEL
  N:0000H         SYMBOL        PBPSTACK
  N:0100H         SYMBOL        PBPSTACKTOP
  N:0000H         SYMBOL        PDATALEN
  N:0000H         SYMBOL        PDATASTART
  N:0000H         SYMBOL        PPAGE
  N:0000H         SYMBOL        PPAGEENABLE
  D:00A0H         SYMBOL        PPAGE_SFR
  D:00F8H         SYMBOL        RAMMODE
  D:0081H         SYMBOL        SP
  C:C060H         SYMBOL        STARTUP1
  D:00C8H         SYMBOL        T2CON
  N:0000H         SYMBOL        XBPSTACK
  N:0000H         SYMBOL        XBPSTACKTOP
  N:0000H         SYMBOL        XDATALEN
  N:0000H         SYMBOL        XDATASTART
  C:0000H         LINE#         133
  C:C060H         LINE#         143
  C:C063H         LINE#         144
  C:C066H         LINE#         145
  C:C069H         LINE#         146
  C:C06CH         LINE#         147
  C:C06FH         LINE#         148
  C:C072H         LINE#         149
  C:C075H         LINE#         152
  C:C077H         LINE#         153
  C:C078H         LINE#         154
  C:C079H         LINE#         155
  C:C07BH         LINE#         204
  C:C07EH         LINE#         215
  -------         ENDMOD        ?C_STARTUP

  -------         MODULE        MAIN
  C:0000H         SYMBOL        _ICE_DUMMY_
  D:0080H         PUBLIC        P0
  D:00B0H         PUBLIC        P3
  D:00F8H         PUBLIC        RAMMODE
  D:00A8H         PUBLIC        IEN0
  D:00B8H         PUBLIC        IEN1
  C:E4F2H         PUBLIC        UI_OpenPage
  C:C95DH         PUBLIC        ModbusChanelControl
  C:D460H         PUBLIC        main
  B:0026H.2       PUBLIC        OldTuyaOTAState
  D:0088H         PUBLIC        TCON
  D:00C9H         PUBLIC        MUX_SEL
BL51 BANKED LINKER/LOCATER V6.22.2.0                                                  06/18/2026  10:05:40  PAGE 22


  D:0098H         PUBLIC        SCON0
  D:00C8H         PUBLIC        T2CON
  D:00D0H         PUBLIC        PSW
  D:00C0H         PUBLIC        IRCON
  -------         PROC          UI_OPENPAGE
  -------         DO            
  X:95DFH         SYMBOL        WaitingTime
  X:95E0H         SYMBOL        AlreadyRunning
  -------         ENDDO         
  C:E4F2H         LINE#         32
  C:E4F2H         LINE#         33
  C:E4F2H         LINE#         37
  C:E4F8H         LINE#         38
  C:E4F8H         LINE#         39
  C:E4FEH         LINE#         40
  C:E4FEH         LINE#         41
  C:E500H         LINE#         42
  C:E503H         LINE#         43
  C:E503H         LINE#         44
  C:E508H         LINE#         45
  C:E50FH         LINE#         46
  C:E514H         LINE#         47
  C:E514H         LINE#         48
  C:E514H         LINE#         49
  C:E514H         LINE#         50
  -------         ENDPROC       UI_OPENPAGE
  -------         PROC          MODBUSCHANELCONTROL
  C:C95DH         LINE#         51
  C:C95DH         LINE#         52
  C:C95DH         LINE#         53
  C:C965H         LINE#         54
  C:C965H         LINE#         55
  C:C969H         LINE#         56
  C:C96CH         LINE#         57
  C:C96CH         LINE#         58
  C:C96FH         LINE#         59
  C:C974H         LINE#         60
  C:C976H         LINE#         62
  C:C976H         LINE#         63
  C:C978H         LINE#         64
  C:C97AH         LINE#         65
  C:C97CH         LINE#         66
  C:C97EH         LINE#         67
  C:C97EH         LINE#         68
  C:C97EH         LINE#         69
  C:C981H         LINE#         71
  C:C986H         LINE#         73
  C:C986H         LINE#         74
  C:C989H         LINE#         75
  C:C9AEH         LINE#         76
  C:C9AEH         LINE#         77
  C:C9BDH         LINE#         78
  C:C9BFH         LINE#         80
  C:C9C2H         LINE#         81
  C:C9C2H         LINE#         82
  C:C9C4H         LINE#         83
  C:C9C9H         LINE#         84
BL51 BANKED LINKER/LOCATER V6.22.2.0                                                  06/18/2026  10:05:40  PAGE 23


  C:C9C9H         LINE#         85
  C:C9CCH         LINE#         86
  C:C9CCH         LINE#         87
  C:C9D6H         LINE#         88
  C:C9D8H         LINE#         89
  C:C9D8H         LINE#         90
  -------         ENDPROC       MODBUSCHANELCONTROL
  -------         PROC          MAIN
  C:D460H         LINE#         93
  C:D460H         LINE#         94
  C:D460H         LINE#         95
  C:D463H         LINE#         96
  C:D466H         LINE#         97
  C:D469H         LINE#         98
  C:D46CH         LINE#         99
  C:D46FH         LINE#         102
  C:D472H         LINE#         103
  C:D475H         LINE#         104
  C:D478H         LINE#         106
  C:D47BH         LINE#         110
  C:D47EH         LINE#         111
  C:D481H         LINE#         113
  C:D481H         LINE#         114
  C:D481H         LINE#         116
  C:D484H         LINE#         117
  C:D487H         LINE#         119
  C:D496H         LINE#         120
  C:D496H         LINE#         121
  C:D49AH         LINE#         123
  C:D49DH         LINE#         128
  C:D49DH         LINE#         138
  C:D4ACH         LINE#         139
  C:D4ACH         LINE#         140
  C:D4AFH         LINE#         141
  C:D4B6H         LINE#         142
  C:D4B9H         LINE#         144
  C:D4BCH         LINE#         149
  C:D4BCH         LINE#         151
  -------         ENDPROC       MAIN
  -------         ENDMOD        MAIN

  -------         MODULE        SYS
  C:0000H         SYMBOL        _ICE_DUMMY_
  C:D013H         PUBLIC        INIT_CPU
  D:00F1H         PUBLIC        ADR_H
  D:0080H         PUBLIC        P0
  D:0090H         PUBLIC        P1
  D:00A0H         PUBLIC        P2
  D:00B0H         PUBLIC        P3
  D:00F3H         PUBLIC        ADR_L
  D:00F2H         PUBLIC        ADR_M
  C:C101H         SYMBOL        _Memory_ReadTimerSlot
  B:00A8H.7       PUBLIC        EA
  D:00F8H         PUBLIC        RAMMODE
  C:8D2BH         PUBLIC        _write_dgus_vp
  D:00B7H         PUBLIC        P0MDOUT
  D:00BCH         PUBLIC        P1MDOUT
BL51 BANKED LINKER/LOCATER V6.22.2.0                                                  06/18/2026  10:05:40  PAGE 24


  D:00A8H         PUBLIC        IEN0
  C:DFA1H         PUBLIC        Ready_To_Save
  D:00BDH         PUBLIC        P2MDOUT
  D:00B8H         PUBLIC        IEN1
  D:00BEH         PUBLIC        P3MDOUT
  D:009AH         PUBLIC        IEN2
  C:D7ECH         PUBLIC        read_flash
  C:D8C1H         PUBLIC        Save_Data_Handler
  B:00F8H.4       PUBLIC        APP_ACK
  D:00F4H         PUBLIC        ADR_INC
  X:846AH         PUBLIC        TempSensorData
  C:BA49H         SYMBOL        _Memory_WriteTimerSlot
  X:8732H         PUBLIC        read_flash_status
  C:A1AEH         PUBLIC        _FlashCheckSumCalculate
  C:D7F4H         PUBLIC        write_flash
  X:873AH         PUBLIC        Page_Change
  D:00BAH         PUBLIC        SREL0H
  C:E5DCH         PUBLIC        _DelayMs
  D:00F9H         PUBLIC        PORTDRV
  D:00AAH         PUBLIC        SREL0L
  D:0089H         PUBLIC        TMOD
  D:0088H         PUBLIC        TCON
  C:D7E0H         PUBLIC        mon_table
  D:0097H         PUBLIC        SCON2R
  D:00ABH         PUBLIC        SCON3R
  D:00D9H         PUBLIC        BODE2_DIV_H
  C:E5BCH         PUBLIC        _DelayUs
  D:00AEH         PUBLIC        BODE3_DIV_H
  D:0096H         PUBLIC        SCON2T
  D:00A7H         PUBLIC        SCON3T
  C:E9C8H         PUBLIC        PORT_Init
  C:DACAH         PUBLIC        ScreenTimeOut_Set
  D:00E7H         PUBLIC        BODE2_DIV_L
  C:D7FCH         PUBLIC        Soft_Ver_Num
  X:874EH         PUBLIC        Save_Flash_Flag
  D:00AFH         PUBLIC        BODE3_DIV_L
  D:00C9H         PUBLIC        MUX_SEL
  C:DA85H         SYMBOL        _Dgus_WaitEn
  C:D800H         SYMBOL        _?ix1000
  C:E59CH         PUBLIC        _Brightness_Handler
  C:ABE1H         PUBLIC        T0_ISR_PC
  C:D628H         PUBLIC        T1_ISR_PC
  X:874FH         PUBLIC        Modbus_Error_Count
  C:E855H         PUBLIC        T2_ISR_PC
  C:EA45H         PUBLIC        Read_Memory_Error
  D:00A9H         PUBLIC        IP0
  B:00A8H.1       PUBLIC        ET0
  D:00B9H         PUBLIC        IP1
  B:00A8H.3       PUBLIC        ET1
  D:00FDH         PUBLIC        DATA0
  C:DD72H         PUBLIC        _Page_Change_Handler
  D:00FCH         PUBLIC        DATA1
  B:00C0H.6       PUBLIC        TF2
  D:008CH         PUBLIC        TH0
  X:8751H         PUBLIC        page_set
  D:00FBH         PUBLIC        DATA2
  D:008DH         PUBLIC        TH1
BL51 BANKED LINKER/LOCATER V6.22.2.0                                                  06/18/2026  10:05:40  PAGE 25


  D:000DH         SYMBOL        SysTick
  D:00FAH         PUBLIC        DATA3
  D:00CDH         PUBLIC        TH2
  X:8755H         PUBLIC        Flash_Save_Count
  D:008AH         PUBLIC        TL0
  D:008BH         PUBLIC        TL1
  D:00CCH         PUBLIC        TL2
  C:E93EH         PUBLIC        _delay_ms
  C:E3B8H         PUBLIC        _Language_Change
  B:00F8H.6       PUBLIC        APP_EN
  B:00D0H.3       PUBLIC        RS0
  B:00D0H.4       PUBLIC        RS1
  B:0088H.4       PUBLIC        TR0
  B:0088H.6       PUBLIC        TR1
  X:8757H         PUBLIC        Password
  B:00C8H.0       PUBLIC        TR2
  C:EA44H         PUBLIC        Read_Memory
  X:875BH         PUBLIC        adc_average_channel7
  C:E7F1H         PUBLIC        Read_Nor_Flash
  D:0098H         PUBLIC        SCON0
  X:875DH         PUBLIC        task_10ms_count
  D:00D8H         PUBLIC        ADCON
  X:875FH         PUBLIC        Temp_Indoor
  D:00C8H         PUBLIC        T2CON
  C:EA43H         PUBLIC        Write_Memory
  D:00CBH         PUBLIC        TRL2H
  C:EA16H         PUBLIC        Ready_To_Save_Report
  C:E805H         PUBLIC        Write_Nor_Flash
  X:8761H         PUBLIC        AD_Count
  D:00CAH         PUBLIC        TRL2L
  C:DB99H         PUBLIC        System_Parm_Init
  X:8763H         PUBLIC        APP_1000ms_count
  X:8765H         PUBLIC        task_10000ms_count
  X:8767H         PUBLIC        Send_Count
  X:8769H         PUBLIC        rx485_Count
  C:E8EAH         PUBLIC        T0_Init
  D:00D0H         PUBLIC        PSW
  C:83F0H         PUBLIC        _read_dgus_vp
  C:E8FAH         PUBLIC        T1_Init
  C:E7B0H         PUBLIC        T2_Init
  D:00C0H         PUBLIC        IRCON
  -------         PROC          _DGUS_WAITEN
  X:95BCH         SYMBOL        addr
  X:95BEH         SYMBOL        limit
  C:DA85H         LINE#         29
  C:DA93H         LINE#         30
  C:DA93H         LINE#         31
  C:DA96H         LINE#         32
  C:DA96H         LINE#         33
  C:DAA4H         LINE#         34
  C:DAA4H         LINE#         35
  C:DABCH         LINE#         36
  C:DABFH         LINE#         37
  C:DAC1H         LINE#         38
  C:DAC3H         LINE#         39
  C:DAC3H         LINE#         40
  C:DAC6H         LINE#         41
BL51 BANKED LINKER/LOCATER V6.22.2.0                                                  06/18/2026  10:05:40  PAGE 26


  C:DAC8H         LINE#         42
  C:DAC9H         LINE#         43
  -------         ENDPROC       _DGUS_WAITEN
  -------         PROC          _MEMORY_WRITETIMERSLOT
  X:93D8H         SYMBOL        flash_addr
  X:93DCH         SYMBOL        vp_addr
  X:93E0H         SYMBOL        struct_bytes
  -------         DO            
  X:93E2H         SYMBOL        slot
  D:0007H         SYMBOL        i
  X:9402H         SYMBOL        temp
  -------         ENDDO         
  C:BA49H         LINE#         45
  C:BA4FH         LINE#         46
  C:BA4FH         LINE#         51
  C:BA5BH         LINE#         52
  C:BA6EH         LINE#         53
  C:BA7AH         LINE#         54
  C:BA89H         LINE#         55
  C:BABBH         LINE#         56
  C:BACDH         LINE#         57
  C:BAE8H         LINE#         58
  -------         ENDPROC       _MEMORY_WRITETIMERSLOT
  -------         PROC          _MEMORY_READTIMERSLOT
  X:9412H         SYMBOL        flash_addr
  X:9416H         SYMBOL        vp_addr
  X:941AH         SYMBOL        struct_bytes
  -------         DO            
  X:941CH         SYMBOL        slot
  D:0007H         SYMBOL        i
  X:943CH         SYMBOL        temp
  -------         ENDDO         
  C:C101H         LINE#         61
  C:C107H         LINE#         62
  C:C107H         LINE#         67
  C:C113H         LINE#         68
  C:C122H         LINE#         69
  C:C142H         LINE#         70
  C:C154H         LINE#         71
  C:C16FH         LINE#         72
  -------         ENDPROC       _MEMORY_READTIMERSLOT
  -------         PROC          INIT_CPU
  C:D013H         LINE#         145
  C:D013H         LINE#         146
  C:D013H         LINE#         147
  C:D015H         LINE#         148
  C:D017H         LINE#         149
  C:D019H         LINE#         151
  C:D01CH         LINE#         152
  C:D01FH         LINE#         153
  C:D021H         LINE#         154
  C:D023H         LINE#         155
  C:D025H         LINE#         156
  C:D027H         LINE#         158
  C:D02AH         LINE#         161
  C:D02CH         LINE#         162
  C:D02EH         LINE#         163
BL51 BANKED LINKER/LOCATER V6.22.2.0                                                  06/18/2026  10:05:40  PAGE 27


  C:D030H         LINE#         164
  C:D032H         LINE#         165
  C:D035H         LINE#         166
  C:D037H         LINE#         167
  C:D039H         LINE#         168
  C:D03BH         LINE#         171
  C:D03EH         LINE#         172
  C:D041H         LINE#         173
  C:D044H         LINE#         174
  C:D047H         LINE#         177
  C:D04AH         LINE#         178
  C:D04DH         LINE#         179
  C:D04FH         LINE#         180
  C:D052H         LINE#         183
  C:D055H         LINE#         184
  C:D058H         LINE#         185
[...]
  X:8C2FH         SYMBOL        ret
  X:8C30H         SYMBOL        i
  X:8C32H         SYMBOL        total_len
  D:0007H         SYMBOL        cmd_type
  D:0005H         SYMBOL        result
  D:0006H         SYMBOL        rssi
  X:8C34H         SYMBOL        file_data_addr
  X:8773H         SYMBOL        file_package_size
  X:8775H         SYMBOL        file_download_flag
  X:8C37H         SYMBOL        file_download_size
  -------         ENDDO         
  C:4CD9H         LINE#         397
  C:4CE1H         LINE#         398
  C:4CE1H         LINE#         400
  C:4CE8H         LINE#         412
  C:4CFAH         LINE#         424
  C:4D03H         LINE#         427
  C:4D07H         LINE#         430
  C:4D53H         LINE#         431
  C:4D53H         LINE#         432
  C:4D53H         LINE#         433
  C:4D56H         LINE#         434
  C:4D56H         LINE#         436
  C:4D56H         LINE#         437
  C:4D59H         LINE#         438
  C:4D59H         LINE#         440
  C:4D59H         LINE#         441
  C:4D5CH         LINE#         442
  C:4D5CH         LINE#         445
  C:4D5CH         LINE#         446
  C:4D71H         LINE#         447
  C:4D78H         LINE#         454
  C:4D7BH         LINE#         456
  C:4D7BH         LINE#         457
  C:4D7EH         LINE#         458
  C:4D80H         LINE#         460
  C:4D80H         LINE#         461
  C:4D86H         LINE#         462
  C:4D87H         LINE#         465
  C:4D87H         LINE#         466
  C:4DB0H         LINE#         468
  C:4DD0H         LINE#         469
  C:4DF3H         LINE#         470
  C:4E37H         LINE#         472
BL51 BANKED LINKER/LOCATER V6.22.2.0                                                  06/18/2026  10:05:40  PAGE 156


  C:4E5BH         LINE#         474
  C:4E5BH         LINE#         476
  C:4E5BH         LINE#         478
  C:4E5BH         LINE#         480
  C:4E76H         LINE#         481
  C:4E79H         LINE#         482
  C:4E79H         LINE#         484
  C:4E79H         LINE#         485
  C:4E7CH         LINE#         486
  C:4E7CH         LINE#         489
  C:4E7CH         LINE#         491
  C:4E7DH         LINE#         492
  C:4E81H         LINE#         493
  C:4E85H         LINE#         494
  C:4E8DH         LINE#         495
  C:4E92H         LINE#         496
  C:4E9AH         LINE#         497
  C:4EA3H         LINE#         498
  C:4EA3H         LINE#         500
  C:4EBFH         LINE#         501
  C:4ED8H         LINE#         502
  C:4F07H         LINE#         503
  C:4F20H         LINE#         504
  C:4F4FH         LINE#         505
  C:4F68H         LINE#         506
  C:4F97H         LINE#         516
  C:4F9CH         LINE#         517
  C:4FA2H         LINE#         518
  C:4FA3H         LINE#         520
  C:4FA3H         LINE#         521
  C:4FAEH         LINE#         523
  C:4FB3H         LINE#         525
  C:4FDCH         LINE#         527
  C:4FF8H         LINE#         528
  C:5011H         LINE#         529
  C:5040H         LINE#         530
  C:5059H         LINE#         531
  C:5088H         LINE#         532
  C:50A1H         LINE#         533
  C:50D0H         LINE#         535
  C:50E0H         LINE#         536
  C:50F5H         LINE#         540
  C:5123H         LINE#         542
  C:5149H         LINE#         544
  C:514EH         LINE#         545
  C:516BH         LINE#         546
  C:51A0H         LINE#         547
  C:51A2H         LINE#         548
  C:51A7H         LINE#         549
  C:51ABH         LINE#         550
  C:51ABH         LINE#         553
  C:51B3H         LINE#         554
  C:51BCH         LINE#         556
  C:51BCH         LINE#         558
  C:51C1H         LINE#         559
  C:51C1H         LINE#         560
  C:51C2H         LINE#         576
BL51 BANKED LINKER/LOCATER V6.22.2.0                                                  06/18/2026  10:05:40  PAGE 157


  C:51C2H         LINE#         577
  C:51D5H         LINE#         578
  C:51E1H         LINE#         579
  C:51E7H         LINE#         580
  C:51E7H         LINE#         648
  C:51E7H         LINE#         650
  C:51E7H         LINE#         651
  C:51F0H         LINE#         652
  C:51F0H         LINE#         653
  C:51F0H         LINE#         654
  C:51F0H         LINE#         655
  C:51F0H         LINE#         656
  C:51F0H         LINE#         658
  C:520BH         LINE#         659
  C:5225H         LINE#         660
  C:5246H         LINE#         661
  C:5260H         LINE#         663
  C:5265H         LINE#         664
  C:526BH         LINE#         665
  C:526CH         LINE#         667
  C:526CH         LINE#         668
  C:5277H         LINE#         669
  C:52A0H         LINE#         671
  C:52BCH         LINE#         672
  C:52D5H         LINE#         673
  C:5304H         LINE#         674
  C:531DH         LINE#         675
  C:534CH         LINE#         676
  C:5365H         LINE#         677
  C:5394H         LINE#         679
  C:53A4H         LINE#         680
  C:53B9H         LINE#         682
  C:53E4H         LINE#         684
  C:540CH         LINE#         685
  C:5411H         LINE#         686
  C:5413H         LINE#         687
  C:542EH         LINE#         688
  C:5463H         LINE#         689
  C:5465H         LINE#         690
  C:546AH         LINE#         691
  C:546EH         LINE#         692
  C:546EH         LINE#         694
  C:5476H         LINE#         695
  C:547FH         LINE#         696
  C:547FH         LINE#         697
  C:547FH         LINE#         698
  C:547FH         LINE#         744
  C:547FH         LINE#         745
  C:547FH         LINE#         746
  -------         ENDPROC       _DATA_HANDLE
  -------         PROC          WITH_DATA_RXBUFF
  C:E15BH         LINE#         753
  C:E15BH         LINE#         754
  C:E15BH         LINE#         755
  C:E18AH         LINE#         756
  C:E18DH         LINE#         758
  C:E18FH         LINE#         759
BL51 BANKED LINKER/LOCATER V6.22.2.0                                                  06/18/2026  10:05:40  PAGE 158


  -------         ENDPROC       WITH_DATA_RXBUFF
  -------         PROC          TAKE_BYTE_RXBUFF
  -------         DO            
  D:0007H         SYMBOL        value
  -------         ENDDO         
  C:D33EH         LINE#         766
  C:D33EH         LINE#         767
  C:D33EH         LINE#         770
  C:D36BH         LINE#         772
  C:D37EH         LINE#         774
  C:D38CH         LINE#         775
  C:D38CH         LINE#         777
  C:D3A0H         LINE#         778
  C:D3A0H         LINE#         780
  C:D3A0H         LINE#         781
  -------         ENDPROC       TAKE_BYTE_RXBUFF
  -------         ENDMOD        SYSTEM

  -------         MODULE        ?C?FPDIV
  C:371EH         PUBLIC        ?C?FPDIV
  -------         ENDMOD        ?C?FPDIV

  -------         MODULE        ?C?FPCMP
  C:37BDH         PUBLIC        ?C?FPCMP
  C:37BBH         PUBLIC        ?C?FPCMP3
  -------         ENDMOD        ?C?FPCMP

  -------         MODULE        ?C?FCAST
  C:383EH         PUBLIC        ?C?FCASTC
  C:3839H         PUBLIC        ?C?FCASTI
  C:3834H         PUBLIC        ?C?FCASTL
  -------         ENDMOD        ?C?FCAST

  -------         MODULE        ?C?CASTF
  C:3872H         PUBLIC        ?C?CASTF
  -------         ENDMOD        ?C?CASTF

  -------         MODULE        PRINTF
  X:8C71H         PUBLIC        ?_PRINTF?BYTE
  X:8C71H         PUBLIC        ?_SPRINTF?BYTE
  C:54EBH         PUBLIC        _PRINTF
  C:54E5H         PUBLIC        _SPRINTF
  -------         ENDMOD        PRINTF

  -------         MODULE        ?C?FPROUND
  C:38F3H         PUBLIC        ?C?FPROUND
  -------         ENDMOD        ?C?FPROUND

  -------         MODULE        ?C?FPCONVERT
  C:3930H         PUBLIC        ?C?FPCONVERT
  -------         ENDMOD        ?C?FPCONVERT

  -------         MODULE        ?C?FPADD
  C:3A3CH         PUBLIC        ?C?FPADD
  C:3A38H         PUBLIC        ?C?FPSUB
  -------         ENDMOD        ?C?FPADD

BL51 BANKED LINKER/LOCATER V6.22.2.0                                                  06/18/2026  10:05:40  PAGE 159


  -------         MODULE        ?C?FPMUL
  C:3B2DH         PUBLIC        ?C?FPMUL
  -------         ENDMOD        ?C?FPMUL

  -------         MODULE        ?C?FTNPWR
  C:3C63H         PUBLIC        ?C?FTNPWR
  -------         ENDMOD        ?C?FTNPWR

  -------         MODULE        ?C?COPY
  C:3D73H         PUBLIC        ?C?COPY
  -------         ENDMOD        ?C?COPY

  -------         MODULE        ?C?CLDPTR
  C:3D99H         PUBLIC        ?C?CLDPTR
  -------         ENDMOD        ?C?CLDPTR

  -------         MODULE        ?C?CLDOPTR
  C:3DB2H         PUBLIC        ?C?CLDOPTR
  -------         ENDMOD        ?C?CLDOPTR

  -------         MODULE        ?C?CILDOPTR
  C:3DDFH         PUBLIC        ?C?CILDOPTR
  -------         ENDMOD        ?C?CILDOPTR

  -------         MODULE        ?C?CSTPTR
  C:3E12H         PUBLIC        ?C?CSTPTR
  -------         ENDMOD        ?C?CSTPTR

  -------         MODULE        ?C?CSTOPTR
  C:3E24H         PUBLIC        ?C?CSTOPTR
  -------         ENDMOD        ?C?CSTOPTR

  -------         MODULE        ?C?IMUL
  C:3E46H         PUBLIC        ?C?IMUL
  -------         ENDMOD        ?C?IMUL

  -------         MODULE        ?C?UIDIV
  C:3E58H         PUBLIC        ?C?UIDIV
  -------         ENDMOD        ?C?UIDIV

  -------         MODULE        ?C?SIDIV
  C:3EADH         PUBLIC        ?C?SIDIV
  -------         ENDMOD        ?C?SIDIV

  -------         MODULE        ?C?IILDX
  C:3EE3H         PUBLIC        ?C?IILDX
  -------         ENDMOD        ?C?IILDX

  -------         MODULE        ?C?ILDIX
  C:3EF9H         PUBLIC        ?C?ILDIX
  -------         ENDMOD        ?C?ILDIX

  -------         MODULE        ?C?ILDIPTR
  C:3F0FH         PUBLIC        ?C?ILDIPTR
  -------         ENDMOD        ?C?ILDIPTR

  -------         MODULE        ?C?ILDOPTR
BL51 BANKED LINKER/LOCATER V6.22.2.0                                                  06/18/2026  10:05:40  PAGE 160


  C:3F44H         PUBLIC        ?C?ILDOPTR
  -------         ENDMOD        ?C?ILDOPTR

  -------         MODULE        ?C?ISTPTR
  C:3F7CH         PUBLIC        ?C?ISTPTR
  -------         ENDMOD        ?C?ISTPTR

  -------         MODULE        ?C?ISTOPTR
  C:3F9BH         PUBLIC        ?C?ISTOPTR
  -------         ENDMOD        ?C?ISTOPTR

  -------         MODULE        ?C?LMUL
  C:3FC8H         PUBLIC        ?C?LMUL
  -------         ENDMOD        ?C?LMUL

  -------         MODULE        ?C?ULDIV
  C:4053H         PUBLIC        ?C?ULDIV
  -------         ENDMOD        ?C?ULDIV

  -------         MODULE        ?C?LNEG
  C:40E5H         PUBLIC        ?C?LNEG
  -------         ENDMOD        ?C?LNEG

  -------         MODULE        ?C?SLCMP
  C:40F3H         PUBLIC        ?C?SLCMP
  -------         ENDMOD        ?C?SLCMP

  -------         MODULE        ?C?ULCMP
  C:4109H         PUBLIC        ?C?ULCMP
  -------         ENDMOD        ?C?ULCMP

  -------         MODULE        ?C?ULSHR
  C:411AH         PUBLIC        ?C?ULSHR
  -------         ENDMOD        ?C?ULSHR

  -------         MODULE        ?C?LSHL
  C:412DH         PUBLIC        ?C?LSHL
  -------         ENDMOD        ?C?LSHL

  -------         MODULE        ?C?LLDPTR
  C:4140H         PUBLIC        ?C?LLDPTR
  -------         ENDMOD        ?C?LLDPTR

  -------         MODULE        ?C?LSTPTR
  C:4160H         PUBLIC        ?C?LSTPTR
  -------         ENDMOD        ?C?LSTPTR

  -------         MODULE        ?C?LSTXDATA
  C:417AH         PUBLIC        ?C?LSTXDATA
  -------         ENDMOD        ?C?LSTXDATA

  -------         MODULE        ?C?LSTKXDATA
  C:4186H         PUBLIC        ?C?LSTKXDATA
  -------         ENDMOD        ?C?LSTKXDATA

  -------         MODULE        ?C?OFFXADD
  C:41B7H         PUBLIC        ?C?OFFXADD
BL51 BANKED LINKER/LOCATER V6.22.2.0                                                  06/18/2026  10:05:40  PAGE 161


  -------         ENDMOD        ?C?OFFXADD

  -------         MODULE        ?C?PLDIXDATA
  C:41C3H         PUBLIC        ?C?PLDIXDATA
  -------         ENDMOD        ?C?PLDIXDATA

  -------         MODULE        ?C?PSTXDATA
  C:41DAH         PUBLIC        ?C?PSTXDATA
  -------         ENDMOD        ?C?PSTXDATA

  -------         MODULE        ?C?CCASE
  C:41E3H         PUBLIC        ?C?CCASE
  -------         ENDMOD        ?C?CCASE

  -------         MODULE        ?C?ICASE
  C:4209H         PUBLIC        ?C?ICASE
  -------         ENDMOD        ?C?ICASE

  -------         MODULE        ?C?LIMUL
  C:4236H         PUBLIC        ?C?LIMUL
  -------         ENDMOD        ?C?LIMUL

  -------         MODULE        STRTOUL
  X:8C5CH         PUBLIC        ?_strtoul?BYTE
  C:72E6H         PUBLIC        _strtoul
  -------         ENDMOD        STRTOUL

  -------         MODULE        ?C?LLDIDATA
  C:4263H         PUBLIC        ?C?LLDIDATA
  -------         ENDMOD        ?C?LLDIDATA

  -------         MODULE        ?C?LLDXDATA
  C:426FH         PUBLIC        ?C?LLDXDATA
  -------         ENDMOD        ?C?LLDXDATA

  -------         MODULE        ?C?LLDPDATA
  C:427BH         PUBLIC        ?C?LLDPDATA
  -------         ENDMOD        ?C?LLDPDATA

  -------         MODULE        ?C?LLDCODE
  C:4287H         PUBLIC        ?C?LLDCODE
  -------         ENDMOD        ?C?LLDCODE

  -------         MODULE        ?C?LSTIDATA
  C:4297H         PUBLIC        ?C?LSTIDATA
  -------         ENDMOD        ?C?LSTIDATA

  -------         MODULE        ?C?LSTPDATA
  C:42A3H         PUBLIC        ?C?LSTPDATA
  -------         ENDMOD        ?C?LSTPDATA

  -------         MODULE        ?C?PSTPTR
  C:42AFH         PUBLIC        ?C?PSTPTR
  -------         ENDMOD        ?C?PSTPTR

  -------         MODULE        ?C?PSTIDATA
  C:42FEH         PUBLIC        ?C?PSTIDATA
BL51 BANKED LINKER/LOCATER V6.22.2.0                                                  06/18/2026  10:05:40  PAGE 162


  -------         ENDMOD        ?C?PSTIDATA

  -------         MODULE        ?C?PSTPDATA
  C:4307H         PUBLIC        ?C?PSTPDATA
  -------         ENDMOD        ?C?PSTPDATA

*** WARNING L16: UNCALLED SEGMENT, IGNORED FOR OVERLAY PROCESS
    SEGMENT: ?PR?MODBUSCHANELCONTROL?MAIN

*** WARNING L16: UNCALLED SEGMENT, IGNORED FOR OVERLAY PROCESS
    SEGMENT: ?PR?_DGUS_WAITEN?SYS

*** WARNING L16: UNCALLED SEGMENT, IGNORED FOR OVERLAY PROCESS
    SEGMENT: ?PR?_MEMORY_WRITETIMERSLOT?SYS

*** WARNING L16: UNCALLED SEGMENT, IGNORED FOR OVERLAY PROCESS
    SEGMENT: ?PR?_MEMORY_READTIMERSLOT?SYS

*** WARNING L16: UNCALLED SEGMENT, IGNORED FOR OVERLAY PROCESS
    SEGMENT: ?PR?SAVE_DATA_HANDLER?SYS

*** WARNING L16: UNCALLED SEGMENT, IGNORED FOR OVERLAY PROCESS
    SEGMENT: ?PR?_DELAYUS?SYS

*** WARNING L16: UNCALLED SEGMENT, IGNORED FOR OVERLAY PROCESS
    SEGMENT: ?PR?_DELAYMS?SYS

*** WARNING L16: UNCALLED SEGMENT, IGNORED FOR OVERLAY PROCESS
    SEGMENT: ?PR?TIMERRUNNING?CONTROL

*** WARNING L16: UNCALLED SEGMENT, IGNORED FOR OVERLAY PROCESS
    SEGMENT: ?PR?HOMEPAGE_ICON?CONTROL

*** WARNING L16: UNCALLED SEGMENT, IGNORED FOR OVERLAY PROCESS
    SEGMENT: ?PR?OTARELOAD_DELAYPAGE?CONTROL

*** WARNING L16: UNCALLED SEGMENT, IGNORED FOR OVERLAY PROCESS
    SEGMENT: ?PR?SCREENSAVER_PRO?CONTROL

*** WARNING L16: UNCALLED SEGMENT, IGNORED FOR OVERLAY PROCESS
    SEGMENT: ?PR?_MODBUS_ISFAULTACTIVE?MODBUS

*** WARNING L16: UNCALLED SEGMENT, IGNORED FOR OVERLAY PROCESS
    SEGMENT: ?PR?RTCUPDATE?RTC

*** WARNING L16: UNCALLED SEGMENT, IGNORED FOR OVERLAY PROCESS
    SEGMENT: ?PR?_ERRORHISTORY_FLASHREAD?ERRORHISTORY

*** WARNING L16: UNCALLED SEGMENT, IGNORED FOR OVERLAY PROCESS
    SEGMENT: ?PR?ERRORHISTORY_INIT?ERRORHISTORY

*** WARNING L16: UNCALLED SEGMENT, IGNORED FOR OVERLAY PROCESS
    SEGMENT: ?PR?DECODEERRORHISTORY?ERRORHISTORY

*** WARNING L16: UNCALLED SEGMENT, IGNORED FOR OVERLAY PROCESS
    SEGMENT: ?PR?UPLOAD_ELECTRICITY_STATISTICS?UPLOAD

BL51 BANKED LINKER/LOCATER V6.22.2.0                                                  06/18/2026  10:05:40  PAGE 163


*** WARNING L16: UNCALLED SEGMENT, IGNORED FOR OVERLAY PROCESS
    SEGMENT: ?PR?UPLOAD_TIMESTAMP_BOOT_ONCE?UPLOAD

*** WARNING L16: UNCALLED SEGMENT, IGNORED FOR OVERLAY PROCESS
    SEGMENT: ?PR?UPLOAD_ALL_TIMERS?UPLOAD

*** WARNING L16: UNCALLED SEGMENT, IGNORED FOR OVERLAY PROCESS
    SEGMENT: ?PR?UPLOAD_REPORT_POLL?UPLOAD

*** WARNING L16: UNCALLED SEGMENT, IGNORED FOR OVERLAY PROCESS
    SEGMENT: ?PR?_UPLOAD_MODETODP101?UPLOAD

*** WARNING L16: UNCALLED SEGMENT, IGNORED FOR OVERLAY PROCESS
    SEGMENT: ?PR?_UPLOAD_WORKSTATETODP?UPLOAD

*** WARNING L16: UNCALLED SEGMENT, IGNORED FOR OVERLAY PROCESS
    SEGMENT: ?PR?_UPLOAD_BOOLIFCHANGED?UPLOAD

*** WARNING L16: UNCALLED SEGMENT, IGNORED FOR OVERLAY PROCESS
    SEGMENT: ?PR?_UPLOAD_ENUMIFCHANGED?UPLOAD

*** WARNING L16: UNCALLED SEGMENT, IGNORED FOR OVERLAY PROCESS
    SEGMENT: ?PR?_UPLOAD_VALUEIFCHANGED?UPLOAD

*** WARNING L16: UNCALLED SEGMENT, IGNORED FOR OVERLAY PROCESS
    SEGMENT: ?PR?UPLOAD_REPORT_FORCE_SYNC?UPLOAD

*** WARNING L16: UNCALLED SEGMENT, IGNORED FOR OVERLAY PROCESS
    SEGMENT: ?PR?_HEX_TO_BCD?MCU_API

*** WARNING L16: UNCALLED SEGMENT, IGNORED FOR OVERLAY PROCESS
    SEGMENT: ?PR?_MY_MEMSET?MCU_API

*** WARNING L16: UNCALLED SEGMENT, IGNORED FOR OVERLAY PROCESS
    SEGMENT: ?PR?_MY_STRCPY?MCU_API

*** WARNING L16: UNCALLED SEGMENT, IGNORED FOR OVERLAY PROCESS
    SEGMENT: ?PR?_MY_STRCMP?MCU_API

*** WARNING L16: UNCALLED SEGMENT, IGNORED FOR OVERLAY PROCESS
    SEGMENT: ?PR?_INT_TO_BYTE?MCU_API

*** WARNING L16: UNCALLED SEGMENT, IGNORED FOR OVERLAY PROCESS
    SEGMENT: ?PR?_MCU_DP_FAULT_UPDATE?MCU_API

*** WARNING L16: UNCALLED SEGMENT, IGNORED FOR OVERLAY PROCESS
    SEGMENT: ?PR?_UART_RECEIVE_BUFF_INPUT?MCU_API

*** WARNING L16: UNCALLED SEGMENT, IGNORED FOR OVERLAY PROCESS
    SEGMENT: ?PR?MCU_GET_WIFIMODE_FLAG?MCU_API

*** WARNING L16: UNCALLED SEGMENT, IGNORED FOR OVERLAY PROCESS
    SEGMENT: ?PR?_MCU_SET_WIFI_MODE?MCU_API

*** WARNING L16: UNCALLED SEGMENT, IGNORED FOR OVERLAY PROCESS
    SEGMENT: ?PR?MCU_START_WIFITEST?MCU_API

BL51 BANKED LINKER/LOCATER V6.22.2.0                                                  06/18/2026  10:05:40  PAGE 164


*** WARNING L1: UNRESOLVED EXTERNAL SYMBOL
    SYMBOL:  UPLOAD_REPORT_CHANGED
    MODULE:  .\obj\upload.obj (UPLOAD)

*** WARNING L2: REFERENCE MADE TO UNRESOLVED EXTERNAL
    SYMBOL:  UPLOAD_REPORT_CHANGED
    MODULE:  .\obj\upload.obj (UPLOAD)
    ADDRESS: E9BAH

*** WARNING L1: UNRESOLVED EXTERNAL SYMBOL
    SYMBOL:  OTALENGTH
    MODULE:  .\obj\OTA.obj (OTA)

*** WARNING L2: REFERENCE MADE TO UNRESOLVED EXTERNAL
    SYMBOL:  OTALENGTH
    MODULE:  .\obj\OTA.obj (OTA)
    ADDRESS: 5E9EH

*** WARNING L2: REFERENCE MADE TO UNRESOLVED EXTERNAL
    SYMBOL:  OTALENGTH
    MODULE:  .\obj\OTA.obj (OTA)
    ADDRESS: 5EC9H

*** WARNING L2: REFERENCE MADE TO UNRESOLVED EXTERNAL
    SYMBOL:  OTALENGTH
    MODULE:  .\obj\OTA.obj (OTA)
    ADDRESS: 5EF6H

*** WARNING L2: REFERENCE MADE TO UNRESOLVED EXTERNAL
    SYMBOL:  OTALENGTH
    MODULE:  .\obj\OTA.obj (OTA)
    ADDRESS: 5F21H

*** WARNING L2: REFERENCE MADE TO UNRESOLVED EXTERNAL
    SYMBOL:  OTALENGTH
    MODULE:  .\obj\OTA.obj (OTA)
    ADDRESS: 5F59H

Program Size: data=22.4 xdata=5612 code=59748
LINK/LOCATE RUN COMPLETE.  44 WARNING(S),  0 ERROR(S)
