BL51 BANKED LINKER/LOCATER V6.22.2.0                                                    07/08/2026  17:17:08  PAGE 1


BL51 BANKED LINKER/LOCATER V6.22.2.0, INVOKED BY:
D:\KEIL_V5\C51\C51\BIN\BL51.EXE .\obj\STARTUP_M5.obj, .\obj\main.obj, .\obj\sys.obj, .\obj\control.obj, .\obj\uart.obj, 
>> .\obj\modbus.obj, .\obj\rtc.obj, .\obj\ErrorHistory.obj, .\obj\upload.obj, .\obj\Wifipro.obj, .\obj\OTA.obj, .\obj\sy
>> stem.obj, .\obj\mcu_api.obj, .\obj\protocol.obj TO .\obj\T5L51 PRINT (.\Listings\T5L51.m51) RAMSIZE (256) CODE (0X010
>> 0-0XFFFF) XDATA (0X8000-0XFFFF)


MEMORY MODEL: LARGE WITH FLOATING POINT ARITHMETIC


INPUT MODULES INCLUDED:
  .\obj\STARTUP_M5.obj (?C_STARTUP)
  .\obj\main.obj (MAIN)
  .\obj\sys.obj (SYS)
  .\obj\control.obj (CONTROL)
  .\obj\uart.obj (UART)
  .\obj\modbus.obj (MODBUS)
  .\obj\rtc.obj (RTC)
  .\obj\ErrorHistory.obj (ERRORHISTORY)
  .\obj\upload.obj (UPLOAD)
  .\obj\Wifipro.obj (WIFIPRO)
  .\obj\OTA.obj (OTA)
  .\obj\system.obj (SYSTEM)
  .\obj\mcu_api.obj (MCU_API)
  .\obj\protocol.obj (PROTOCOL)
  D:\KEIL_V5\C51\C51\LIB\C51FPL.LIB (?C?FPMUL)
  D:\KEIL_V5\C51\C51\LIB\C51FPL.LIB (?C?FPDIV)
  D:\KEIL_V5\C51\C51\LIB\C51FPL.LIB (?C?FPCMP)
  D:\KEIL_V5\C51\C51\LIB\C51FPL.LIB (?C?FCAST)
  D:\KEIL_V5\C51\C51\LIB\C51FPL.LIB (?C?CASTF)
  D:\KEIL_V5\C51\C51\LIB\C51FPL.LIB (PRINTF)
  D:\KEIL_V5\C51\C51\LIB\C51FPL.LIB (?C?FPGETOPN)
  D:\KEIL_V5\C51\C51\LIB\C51FPL.LIB (?C?FPROUND)
  D:\KEIL_V5\C51\C51\LIB\C51FPL.LIB (?C?FPCONVERT)
  D:\KEIL_V5\C51\C51\LIB\C51FPL.LIB (?C?FPADD)
  D:\KEIL_V5\C51\C51\LIB\C51FPL.LIB (?C?FTNPWR)
  D:\KEIL_V5\C51\C51\LIB\C51L.LIB (?C_INIT)
  D:\KEIL_V5\C51\C51\LIB\C51L.LIB (?C?COPY)
  D:\KEIL_V5\C51\C51\LIB\C51L.LIB (?C?CLDPTR)
  D:\KEIL_V5\C51\C51\LIB\C51L.LIB (?C?CLDOPTR)
  D:\KEIL_V5\C51\C51\LIB\C51L.LIB (?C?CILDOPTR)
  D:\KEIL_V5\C51\C51\LIB\C51L.LIB (?C?CSTPTR)
  D:\KEIL_V5\C51\C51\LIB\C51L.LIB (?C?CSTOPTR)
  D:\KEIL_V5\C51\C51\LIB\C51L.LIB (?C?IMUL)
  D:\KEIL_V5\C51\C51\LIB\C51L.LIB (?C?UIDIV)
  D:\KEIL_V5\C51\C51\LIB\C51L.LIB (?C?SIDIV)
  D:\KEIL_V5\C51\C51\LIB\C51L.LIB (?C?IILDX)
  D:\KEIL_V5\C51\C51\LIB\C51L.LIB (?C?ILDIX)
  D:\KEIL_V5\C51\C51\LIB\C51L.LIB (?C?ILDPTR)
  D:\KEIL_V5\C51\C51\LIB\C51L.LIB (?C?ILDIPTR)
  D:\KEIL_V5\C51\C51\LIB\C51L.LIB (?C?ILDOPTR)
  D:\KEIL_V5\C51\C51\LIB\C51L.LIB (?C?ISTPTR)
  D:\KEIL_V5\C51\C51\LIB\C51L.LIB (?C?ISTOPTR)
  D:\KEIL_V5\C51\C51\LIB\C51L.LIB (?C?LMUL)
  D:\KEIL_V5\C51\C51\LIB\C51L.LIB (?C?ULDIV)
  D:\KEIL_V5\C51\C51\LIB\C51L.LIB (?C?LNEG)
  D:\KEIL_V5\C51\C51\LIB\C51L.LIB (?C?SLCMP)
  D:\KEIL_V5\C51\C51\LIB\C51L.LIB (?C?ULCMP)
BL51 BANKED LINKER/LOCATER V6.22.2.0                                                  07/08/2026  17:17:08  PAGE 2


  D:\KEIL_V5\C51\C51\LIB\C51L.LIB (?C?ULSHR)
  D:\KEIL_V5\C51\C51\LIB\C51L.LIB (?C?LSHL)
  D:\KEIL_V5\C51\C51\LIB\C51L.LIB (?C?LLDPTR)
  D:\KEIL_V5\C51\C51\LIB\C51L.LIB (?C?LSTPTR)
  D:\KEIL_V5\C51\C51\LIB\C51L.LIB (?C?LSTXDATA)
  D:\KEIL_V5\C51\C51\LIB\C51L.LIB (?C?LSTKXDATA)
  D:\KEIL_V5\C51\C51\LIB\C51L.LIB (?C?OFFXADD)
  D:\KEIL_V5\C51\C51\LIB\C51L.LIB (?C?PLDIXDATA)
  D:\KEIL_V5\C51\C51\LIB\C51L.LIB (?C?PSTXDATA)
  D:\KEIL_V5\C51\C51\LIB\C51L.LIB (?C?CCASE)
  D:\KEIL_V5\C51\C51\LIB\C51L.LIB (?C?ICASE)
  D:\KEIL_V5\C51\C51\LIB\C51L.LIB (?C?LIMUL)
  D:\KEIL_V5\C51\C51\LIB\C51L.LIB (STRTOUL)
  D:\KEIL_V5\C51\C51\LIB\C51L.LIB (?C?LLDIDATA)
  D:\KEIL_V5\C51\C51\LIB\C51L.LIB (?C?LLDXDATA)
  D:\KEIL_V5\C51\C51\LIB\C51L.LIB (?C?LLDPDATA)
  D:\KEIL_V5\C51\C51\LIB\C51L.LIB (?C?LLDCODE)
  D:\KEIL_V5\C51\C51\LIB\C51L.LIB (?C?LSTIDATA)
  D:\KEIL_V5\C51\C51\LIB\C51L.LIB (?C?LSTPDATA)
  D:\KEIL_V5\C51\C51\LIB\C51L.LIB (?C?PSTPTR)
  D:\KEIL_V5\C51\C51\LIB\C51L.LIB (?C?PSTIDATA)
  D:\KEIL_V5\C51\C51\LIB\C51L.LIB (?C?PSTPDATA)


LINK MAP OF MODULE:  .\obj\T5L51 (?C_STARTUP)


            TYPE    BASE      LENGTH    RELOCATION   SEGMENT NAME
            -----------------------------------------------------

            * * * * * * *   D A T A   M E M O R Y   * * * * * * *
            REG     0000H     0008H     ABSOLUTE     "REG BANK 0"
            DATA    0008H     0005H     UNIT         _DATA_GROUP_
            DATA    000DH     0002H     UNIT         ?DT?SYS
                    000FH     0011H                  *** GAP ***
            BIT     0020H.0   0003H.1   UNIT         ?BI?MODBUS
            BIT     0023H.1   0001H.1   UNIT         _BIT_GROUP_
            BIT     0024H.2   0000H.6   UNIT         ?BI?CONTROL
            BIT     0025H.0   0000H.6   UNIT         ?BI?UPLOAD
            BIT     0025H.6   0000H.4   UNIT         ?BI?OTA
            BIT     0026H.2   0000H.1   UNIT         ?BI?MAIN
            BIT     0026H.3   0000H.1   UNIT         ?BI?PROTOCOL
                    0026H.4   0000H.4                *** GAP ***
            IDATA   0027H     0001H     UNIT         ?STACK

            * * * * * * *  X D A T A   M E M O R Y  * * * * * * *
                    0000H     8000H                  *** GAP ***
            XDATA   8000H     049BH     UNIT         ?XD?MODBUS
            XDATA   849BH     0327H     UNIT         ?XD?SYSTEM
            XDATA   87C2H     0301H     UNIT         ?XD?SYS
            XDATA   8AC3H     02AEH     UNIT         ?XD?UPLOAD
            XDATA   8D71H     022AH     UNIT         _XDATA_GROUP_
            XDATA   8F9BH     0205H     UNIT         ?XD?ERRORHISTORY
            XDATA   91A0H     019EH     UNIT         ?XD?UART
            XDATA   933EH     0132H     UNIT         ?XD?PROTOCOL
            XDATA   9470H     0059H     UNIT         ?XD?CONTROL
            XDATA   94C9H     001BH     UNIT         ?XD?RTC
BL51 BANKED LINKER/LOCATER V6.22.2.0                                                  07/08/2026  17:17:08  PAGE 3


            XDATA   94E4H     001AH     UNIT         ?XD?MCU_API
            XDATA   94FEH     000BH     UNIT         ?XD?OTA
            XDATA   9509H     0002H     UNIT         ?XD?MAIN

            * * * * * * *   C O D E   M E M O R Y   * * * * * * *
            CODE    0000H     0003H     ABSOLUTE     
                    0003H     0008H                  *** GAP ***
            CODE    000BH     0003H     ABSOLUTE     
                    000EH     000DH                  *** GAP ***
            CODE    001BH     0003H     ABSOLUTE     
                    001EH     0005H                  *** GAP ***
            CODE    0023H     0003H     ABSOLUTE     
                    0026H     0005H                  *** GAP ***
            CODE    002BH     0003H     ABSOLUTE     
                    002EH     0035H                  *** GAP ***
            CODE    0063H     0003H     ABSOLUTE     
                    0066H     0005H                  *** GAP ***
            CODE    006BH     0003H     ABSOLUTE     
                    006EH     008AH                  *** GAP ***
            CODE    00F8H     0008H     ABSOLUTE     
            CODE    0100H     19B7H     UNIT         ?PR?CONTROL_FUNCTION1?CONTROL
            CODE    1AB7H     1210H     UNIT         ?PR?MODBUS_ANALYSIS_DATA1?MODBUS
            CODE    2CC7H     0DD5H     UNIT         ?PR?MODBUS_SALVE_HANDLER1?MODBUS
            CODE    3A9CH     0C20H     UNIT         ?C?LIB_CODE
            CODE    46BCH     0A4BH     UNIT         ?C_INITSEG
            CODE    5107H     07D1H     UNIT         ?PR?_DATA_HANDLE?SYSTEM
            CODE    58D8H     0483H     UNIT         ?PR?PRINTF?PRINTF
            CODE    5D5BH     03C5H     UNIT         ?PR?_DP_DOWNLOAD_INDOOR_UNIT_HANDLE?PROTOCOL
            CODE    6120H     038EH     UNIT         ?PR?OTAENCODEPRO?OTA
            CODE    64AEH     02FFH     UNIT         ?PR?TEMPUNIT_REFRESHALL?CONTROL
            CODE    67ADH     02E3H     UNIT         ?PR?_DP_DOWNLOAD_INSIDE_TIME_OPEN_HANDLE?PROTOCOL
            CODE    6A90H     02C4H     UNIT         ?PR?_TEMP_LIMIT?CONTROL
            CODE    6D54H     02BAH     UNIT         ?PR?TIMERRUNNING?CONTROL
            CODE    700EH     02B8H     UNIT         ?PR?_MODBUS_APPLYINDOORTIMERVPTOUNITS?MODBUS
            CODE    72C6H     026AH     UNIT         ?PR?_TIMESTAMP_TO_YMDHMS?PROTOCOL
            CODE    7530H     0260H     UNIT         ?PR?_ERRORHISTORY_FLASHREAD?ERRORHISTORY
            CODE    7790H     0252H     UNIT         ?PR?_STRTOUL?STRTOUL
            CODE    79E2H     023CH     UNIT         ?PR?_ERRORHISTORY_PACKREC?ERRORHISTORY
            CODE    7C1EH     022BH     UNIT         ?PR?SYNCTIMERFROMVP?CONTROL
            CODE    7E49H     0227H     UNIT         ?PR?UPLOAD_INDOOR_UNIT?UPLOAD
            CODE    8070H     0210H     UNIT         ?PR?_MODBUS_FILLINDOORUNITREGS?MODBUS
            CODE    8280H     01EDH     UNIT         ?PR?_READ_DGUS_VP?SYS
            CODE    846DH     01ECH     UNIT         ?PR?UPLOAD_INSIDE_TIME_OPEN?UPLOAD
            CODE    8659H     01E7H     UNIT         ?PR?_DP_DOWNLOAD_EXTERNAL_TIME_OPEN_HANDLE?PROTOCOL
            CODE    8840H     01DDH     UNIT         ?PR?_RTC_UNIXFROMLOCALPARTS?RTC
            CODE    8A1DH     01D6H     UNIT         ?PR?_DP_DOWNLOAD_TIMESTAMP_HANDLE?PROTOCOL
            CODE    8BF3H     01BEH     UNIT         ?PR?RDTIME?RTC
            CODE    8DB1H     01B9H     UNIT         ?PR?UPLOAD_EXTERNAL_TIME_OPEN?UPLOAD
            CODE    8F6AH     01B4H     UNIT         ?PR?_WRITE_DGUS_VP?SYS
            CODE    911EH     01A5H     UNIT         ?PR?RTC_GETUNIXLOCAL?RTC
            CODE    92C3H     01A4H     UNIT         ?PR?DEFROST_CHECKEXIT?CONTROL
            CODE    9467H     01A2H     UNIT         ?PR?_WIFI_UART_TRY_FRAME_LEN?MCU_API
            CODE    9609H     0197H     UNIT         ?PR?_ERRORHISTORY_UNPACKRECLEGACY?ERRORHISTORY
            CODE    97A0H     0193H     UNIT         ?PR?_ERRORHISTORY_UNPACKREC?ERRORHISTORY
            CODE    9933H     0187H     UNIT         ?PR?_DP_DOWNLOAD_HANDLE?PROTOCOL
            CODE    9ABAH     0177H     UNIT         ?PR?PREFILLSETTEMPEDITPAGE?CONTROL
            CODE    9C31H     016CH     UNIT         ?PR?MODBUS_REFRESHCHECKPARAMDISPLAY?MODBUS
BL51 BANKED LINKER/LOCATER V6.22.2.0                                                  07/08/2026  17:17:08  PAGE 4


            CODE    9D9DH     0167H     UNIT         ?PR?CHECK_RTC_SET?RTC
            CODE    9F04H     0167H     UNIT         ?PR?_MY_MEMCPY?MCU_API
            CODE    A06BH     015EH     UNIT         ?PR?_UPDATEERRORHISTORY?ERRORHISTORY
            CODE    A1C9H     0153H     UNIT         ?PR?SCREENSAVER_PRO?CONTROL
            CODE    A31CH     014CH     UNIT         ?PR?_UPLOAD_PACKHISTORYFAULTREC?UPLOAD
            CODE    A468H     0140H     UNIT         ?PR?_FLASHCHECKSUMCALCULATE?SYS
            CODE    A5A8H     013CH     UNIT         ?PR?HOMEPAGE_ICON?CONTROL
            CODE    A6E4H     0139H     UNIT         ?PR?_DP_DOWNLOAD_SWITCH_HANDLE?PROTOCOL
            CODE    A81DH     0138H     UNIT         ?PR?_BYTE_TO_INT?MCU_API
            CODE    A955H     0126H     UNIT         ?PR?TIMER_APPLYINDOORON?CONTROL
            CODE    AA7BH     0121H     UNIT         ?PR?PRODUCT_INFO_UPDATE?SYSTEM
            CODE    AB9CH     011BH     UNIT         ?PR?_UPLOAD_ULTOSTR?UPLOAD
            CODE    ACB7H     0116H     UNIT         ?PR?T0_ISR_PC?SYS
            CODE    ADCDH     0113H     UNIT         ?PR?RTCDISPLAY4CHANGE?CONTROL
            CODE    AEE0H     0110H     UNIT         ?PR?_MODBUS_FILLGROUPCONTROLREGS?MODBUS
            CODE    AFF0H     010FH     UNIT         ?PR?_ERRORHISTORY_READTIME?ERRORHISTORY
            CODE    B0FFH     010FH     UNIT         ?PR?UPLOAD_HISTORY_FAULTS?UPLOAD
            CODE    B20EH     010BH     UNIT         ?PR?UART5_RX_ISR_PC?UART
            CODE    B319H     0106H     UNIT         ?PR?HOMEPAGE_SYNCINDOORDISPLAY?CONTROL
            CODE    B41FH     0102H     UNIT         ?PR?ERRORHISTORYDISPLAY?ERRORHISTORY
            CODE    B521H     00FBH     UNIT         ?PR?_HOMEPAGE_UPDATEMODEANIMATION?CONTROL
            CODE    B61CH     00F6H     UNIT         ?PR?_KEYADJUSTSETTEMPFORMODE?CONTROL
            CODE    B712H     00F4H     UNIT         ?PR?READY4WRITERTC?CONTROL
            CODE    B806H     00EDH     UNIT         ?PR?UPLOAD_INSIDE_TIME_CLOSE?UPLOAD
            CODE    B8F3H     00EDH     UNIT         ?PR?UPLOAD_EXTERNAL_TIME_CLOSE?UPLOAD
            CODE    B9E0H     00E9H     UNIT         ?PR?_UPLOAD_SHADOW_VALUE?UPLOAD
            CODE    BAC9H     00E9H     UNIT         ?PR?_DP_DOWNLOAD_MODE_HANDLE?PROTOCOL
            CODE    BBB2H     00E5H     UNIT         ?PR?_SYNCHOMEDISPLAYIFFIRSTINDOORMODECHANGED?CONTROL
            CODE    BC97H     00E4H     UNIT         ?PR?_RTC_CONFIG?RTC
            CODE    BD7BH     00DBH     UNIT         ?PR?_DP_DOWNLOAD_INSIDE_TIME_CLOSE_HANDLE?PROTOCOL
            CODE    BE56H     00D9H     UNIT         ?PR?MODBUS_RETRYINDOORPOWERMISMATCH?MODBUS
            CODE    BF2FH     00D4H     UNIT         ?PR?_DP_DOWNLOAD_EXTERNAL_TIME_CLOSE_HANDLE?PROTOCOL
            CODE    C003H     00D1H     UNIT         ?PR?_UART_RECEIVE_INPUT?MCU_API
            CODE    C0D4H     00CFH     UNIT         ?PR?WIFI_UART_PARSE_FRAMES?MCU_API
            CODE    C1A3H     00C8H     UNIT         ?PR?_MODBUS_WRITEFLOATTEMPPAIR?MODBUS
            CODE    C26BH     00C7H     UNIT         ?PR?_TEMPUNITTRANS?CONTROL
            CODE    C332H     00C6H     UNIT         ?PR?MODBUS_TRIGGERUSERWRITE?MODBUS
            CODE    C3F8H     00C4H     UNIT         ?PR?_DP_DOWNLOAD_TEMP_SET_HANDLE?PROTOCOL
            CODE    C4BCH     00C3H     UNIT         ?PR?INIT_RTC?RTC
            CODE    C57FH     00C1H     UNIT         ?PR?_UPLOAD_PACKHISTORYFAULTBLOCK?UPLOAD
            CODE    C640H     00B9H     UNIT         ?PR?_CALCULATEMODBUSCRC?MODBUS
            CODE    C6F9H     00B9H     UNIT         ?PR?_MODBUS_SYNCHOMEINDOORMODEFROMUNIT?MODBUS
            CODE    C7B2H     00B6H     UNIT         ?PR?UART2_ISR_PC?UART
            CODE    C868H     00B5H     UNIT         ?PR?_MCU_DP_VALUE_UPDATE?MCU_API
            CODE    C91DH     00ACH     UNIT         ?PR?_MODBUS_PACKCHECKSTATUSBLOCK?MODBUS
            CODE    C9C9H     00ABH     UNIT         ?PR?_ERRORHISTORY_FLASHWRITE?ERRORHISTORY
            CODE    CA74H     00AAH     UNIT         ?PR?CONTROL_LOCKKEYSERVICE?CONTROL
            CODE    CB1EH     00A7H     UNIT         ?PR?_TIMER_ISINDOORWEEKDAYMATCH?CONTROL
            CODE    CBC5H     00A7H     UNIT         ?PR?_MODBUS_TRIGGERINDOORUNITWRITE?MODBUS
            CODE    CC6CH     00A6H     UNIT         ?PR?_TIMER_ISEXTERNALWEEKDAYMATCH?CONTROL
            CODE    CD12H     00A6H     UNIT         ?PR?UPLOAD_CHECK_STATUS?UPLOAD
            CODE    CDB8H     00A4H     UNIT         ?PR?RTCUPDATE?RTC
            CODE    CE5CH     00A1H     UNIT         ?C_C51STARTUP
            CODE    CEFDH     009FH     UNIT         ?PR?_MCU_FIRM_UPDATE_HANDLE?PROTOCOL
            CODE    CF9CH     009BH     UNIT         ?PR?_SYNCSETTEMPCACHESFROMC?CONTROL
            CODE    D037H     009AH     UNIT         ?PR?_DATA_POINT_HANDLE?SYSTEM
            CODE    D0D1H     0095H     UNIT         ?PR?MAIN?MAIN
BL51 BANKED LINKER/LOCATER V6.22.2.0                                                  07/08/2026  17:17:08  PAGE 5


            CODE    D166H     0094H     UNIT         ?PR?_RTC_GET_WEEK?RTC
            CODE    D1FAH     0091H     UNIT         ?PR?UART5_TX_ISR_PC?UART
            CODE    D28BH     0091H     UNIT         ?PR?_RTC_WRITEDISPLAYTIME?RTC
            CODE    D31CH     0091H     UNIT         ?PR?_RTC_WRITEEDITTIME?RTC
            CODE    D3ADH     0091H     UNIT         ?PR?_WIFI_UART_REMOVE_FRAME?MCU_API
            CODE    D43EH     008AH     UNIT         ?PR?ERRORHISTORY_TRYMIGRATEFLASH?ERRORHISTORY
            CODE    D4C8H     008AH     UNIT         ?PR?WIFI_UART_PARSE_CMD6_PRIORITY?MCU_API
            CODE    D552H     0089H     UNIT         ?PR?_MODBUS_SAVEINDOORSENTREGS?MODBUS
            CODE    D5DBH     0089H     UNIT         ?PR?UPLOAD_STATE_QUERY_REPLY?UPLOAD
            CODE    D664H     0083H     UNIT         ?PR?_READTIMERTEMPC?CONTROL
            CODE    D6E7H     0083H     UNIT         ?PR?_MODBUS_APPENDMODESETTEMPREG?MODBUS
            CODE    D76AH     0083H     UNIT         ?PR?_MCU_DP_RAW_UPDATE?MCU_API
            CODE    D7EDH     0083H     UNIT         ?PR?_MCU_DP_STRING_UPDATE?MCU_API
            CODE    D870H     0082H     UNIT         ?PR?_CONTROL_GETSETTEMPCLIMIT?CONTROL
            CODE    D8F2H     0080H     UNIT         ?PR?_MODBUS_INDOORREGSCHANGED?MODBUS
            CODE    D972H     007DH     UNIT         ?PR?UPLOAD_PACKTIMERROOMBYTE?UPLOAD
            CODE    D9EFH     007BH     UNIT         ?PR?OTADECODEPRO?OTA
            CODE    DA6AH     0079H     UNIT         ?PR?_GETTIMEDIFF?RTC
            CODE    DAE3H     0078H     UNIT         ?PR?TIMER_APPLYINDOOROFF?CONTROL
            CODE    DB5BH     0078H     UNIT         ?PR?_UART5_SENDSTR?UART
            CODE    DBD3H     0077H     UNIT         ?PR?MODBUSCHANELCONTROL?MAIN
            CODE    DC4AH     0077H     UNIT         ?PR?_MODBUS_SYNCDEFROSTFROMREG205?MODBUS
            CODE    DCC1H     0075H     UNIT         ?PR?_MY_STRLEN?MCU_API
            CODE    DD36H     0072H     UNIT         ?PR?UPLOAD_DP_TEMP_TOP?UPLOAD
            CODE    DDA8H     0072H     UNIT         ?PR?UPLOAD_DP_EFFLUENT_TEMP?UPLOAD
            CODE    DE1AH     0072H     UNIT         ?PR?UPLOAD_DP_AROUND_TEMP?UPLOAD
            CODE    DE8CH     0072H     UNIT         ?PR?UPLOAD_DP_EVAPORATOR_TEMP?UPLOAD
            CODE    DEFEH     0072H     UNIT         ?PR?UPLOAD_DP_DEFROST_OUT_TEMP?UPLOAD
            CODE    DF70H     0071H     UNIT         ?PR?UPLOAD_DP_TEMP_CURRENT?UPLOAD
            CODE    DFE1H     006DH     UNIT         ?PR?TEMPUNIT_REFRESHACTIVESETFROMMODE?CONTROL
            CODE    E04EH     006DH     UNIT         ?PR?_ERRORHISTORY_CONVERTLEGACYRAWREC?ERRORHISTORY
            CODE    E0BBH     006CH     UNIT         ?PR?_MODBUS_SETDEFROSTDISPLAY?MODBUS
            CODE    E127H     006CH     UNIT         ?PR?_SET_WIFI_UART_BUFFER?SYSTEM
            CODE    E193H     006BH     UNIT         ?PR?_MODBUS_INDOOR11000BLOCKEMPTY?MODBUS
            CODE    E1FEH     0069H     UNIT         ?PR?INIT_CPU?SYS
            CODE    E267H     0069H     UNIT         ?PR?_WIFI_UART_WRITE_FRAME?SYSTEM
            CODE    E2D0H     0067H     UNIT         ?PR?_UPLOAD_VALUEIFCHANGED?UPLOAD
            CODE    E337H     0066H     UNIT         ?PR?_SYNCINDOORSETTEMPVPPAIR?CONTROL
            CODE    E39DH     0066H     UNIT         ?PR?MODBUS_INDOORHOLDTICK?MODBUS
            CODE    E403H     0066H     UNIT         ?PR?_MODBUS_GROUPREGSCHANGED?MODBUS
            CODE    E469H     0066H     UNIT         ?PR?UPLOAD_TIMESTAMP_FROM_RTC?UPLOAD
            CODE    E4CFH     0065H     UNIT         ?PR?GETVALUE0F00?CONTROL
            CODE    E534H     0064H     UNIT         ?PR?_SETTEMPINTVPBYMODE?CONTROL
            CODE    E598H     0063H     UNIT         ?PR?SYSTEM_PARM_INIT?SYS
            CODE    E5FBH     0063H     UNIT         ?PR?_CONTROL_CLAMPMODESETTEMPVP?CONTROL
            CODE    E65EH     0063H     UNIT         ?PR?TAKE_BYTE_RXBUFF?SYSTEM
            CODE    E6C1H     005FH     UNIT         ?PR?_SYNCTIMERTEMPVPPAIR?CONTROL
            CODE    E720H     005CH     UNIT         ?PR?_TEMPUNIT_REFRESHFLOATPAIR?CONTROL
            CODE    E77CH     005CH     UNIT         ?PR?_MODBUS_QUEUEINDOORUNITWRITE?MODBUS
            CODE    E7D8H     0055H     UNIT         ?PR?T1_ISR_PC?SYS
            CODE    E82DH     0054H     UNIT         ?PR?MODBUS_STARTNEXTINDOORUNITWRITE?MODBUS
            CODE    E881H     0054H     UNIT         ?PR?DECODEERRORHISTORY?ERRORHISTORY
            CODE    E8D5H     0054H     UNIT         ?PR?_WIFI_UART_WRITE_DATA?SYSTEM
            CODE    E929H     0054H     UNIT         ?PR?_DP_DOWNLOAD_CHILD_LOCK_HANDLE?PROTOCOL
            CODE    E97DH     0052H     UNIT         ?PR?_MCU_DP_BOOL_UPDATE?MCU_API
            CODE    E9CFH     0051H     UNIT         ?PR?_DP_DOWNLOAD_TEMP_UNIT_CONVERT_HANDLE?PROTOCOL
            CODE    EA20H     0050H     UNIT         ?PR?ERRORHISTORY_SANITIZE?ERRORHISTORY
BL51 BANKED LINKER/LOCATER V6.22.2.0                                                  07/08/2026  17:17:08  PAGE 6


            CODE    EA70H     004FH     UNIT         ?CO?PROTOCOL
            CODE    EABFH     004EH     UNIT         ?PR?SAVE_DATA_HANDLER?SYS
            CODE    EB0DH     004EH     UNIT         ?PR?_WIFI_UART_RX_BYTE_SCAN?MCU_API
            CODE    EB5BH     004CH     UNIT         ?PR?_MODBUS_SAVEGROUPSENTREGS?MODBUS
            CODE    EBA7H     004CH     UNIT         ?PR?MODBUS_ADVANCEPOLLONTIMEOUT?MODBUS
            CODE    EBF3H     004CH     UNIT         ?PR?_MCU_DP_ENUM_UPDATE?MCU_API
            CODE    EC3FH     004BH     UNIT         ?PR?_MODBUS_APPENDU16?MODBUS
            CODE    EC8AH     004AH     UNIT         ?PR?_GETMODBUSREG?MODBUS
            CODE    ECD4H     004AH     UNIT         ?PR?_GET_CHECK_SUM?SYSTEM
            CODE    ED1EH     0049H     UNIT         ?PR?_MODBUS_GETCHECKSTATUS?MODBUS
            CODE    ED67H     0049H     UNIT         ?PR?_DP_DOWNLOAD_RELAY_STATUS_HANDLE?PROTOCOL
            CODE    EDB0H     0046H     UNIT         ?PR?_CONTROL_CLAMPSETTEMPCBYMODE?CONTROL
            CODE    EDF6H     0046H     UNIT         ?PR?_SETTEMPFLOATWRITEC?CONTROL
            CODE    EE3CH     0045H     UNIT         ?PR?SCREENTIMEOUT_SET?SYS
            CODE    EE81H     0044H     UNIT         ?PR?HOMEPAGE?CONTROL
            CODE    EEC5H     0044H     UNIT         ?PR?ERRORHISTORY_FLASHCOMMITNOW?ERRORHISTORY
            CODE    EF09H     0044H     UNIT         ?PR?CLEARERRORHISTORY?ERRORHISTORY
            CODE    EF4DH     0041H     UNIT         ?PR?_PAGE_CHANGE_HANDLER?SYS
            CODE    EF8EH     0040H     UNIT         ?CO?SYS
            CODE    EFCEH     0040H     UNIT         ?PR?_RTC_DAYS_IN_MONTH?RTC
            CODE    F00EH     003FH     UNIT         ?PR?_DP_DOWNLOAD_DEFROST_HANDLE?PROTOCOL
            CODE    F04DH     003EH     UNIT         ?PR?_MODBUS_ENCODEINDOORRUNMODE?MODBUS
            CODE    F08BH     003EH     UNIT         ?PR?_RTCI2CBW?RTC
            CODE    F0C9H     003DH     UNIT         ?PR?_MODBUS_DECODEINDOORFAN?MODBUS
            CODE    F106H     003DH     UNIT         ?PR?UPLOAD_DP_TEMP_SET?UPLOAD
            CODE    F143H     003DH     UNIT         ?PR?UPLOAD_DP_FAULT?UPLOAD
            CODE    F180H     003DH     UNIT         ?PR?UPLOAD_DP_DEFROST_FREQ?UPLOAD
            CODE    F1BDH     003DH     UNIT         ?PR?UPLOAD_DP_DEFROST_TIME?UPLOAD
            CODE    F1FAH     003BH     UNIT         ?PR?MODBUS_STARTNEXTTIMERWRITE?MODBUS
            CODE    F235H     003BH     UNIT         ?CO?SYSTEM
            CODE    F270H     003AH     UNIT         ?PR?WIFI_UART_RX_PULL?MCU_API
            CODE    F2AAH     0039H     UNIT         ?PR?READY_TO_SAVE?SYS
            CODE    F2E3H     0038H     UNIT         ?CO?UPLOAD
            CODE    F31BH     0036H     UNIT         ?PR?CONTROL_SANITIZESETTEMPINTVP?CONTROL
            CODE    F351H     0035H     UNIT         ?PR?WITH_DATA_RXBUFF?SYSTEM
            CODE    F386H     0034H     UNIT         ?PR?_CONTROL_APPLYCHILDLOCK?CONTROL
            CODE    F3BAH     0033H     UNIT         ?PR?_ERRORHISTORY_PAGECHANGE?ERRORHISTORY
            CODE    F3EDH     0032H     UNIT         ?PR?_DELAY_US?RTC
            CODE    F41FH     0032H     UNIT         ?PR?RTCI2CBR?RTC
            CODE    F451H     0031H     UNIT         ?PR?WIFI_RESTING_PRO?CONTROL
            CODE    F482H     0030H     UNIT         ?PR?_SETTEMPINTREAD?CONTROL
            CODE    F4B2H     0030H     UNIT         ?PR?_SETTEMPINTWRITE?CONTROL
            CODE    F4E2H     0030H     UNIT         ?PR?WIFI_UART_SERVICE?MCU_API
            CODE    F512H     0030H     UNIT         ?PR?_IS_LEAP_YEAR?PROTOCOL
            CODE    F542H     002FH     UNIT         ?PR?UPLOAD_DP_MODE?UPLOAD
            CODE    F571H     002FH     UNIT         ?PR?_GET_DOWMLOAD_DPID_INDEX?SYSTEM
            CODE    F5A0H     002EH     UNIT         ?PR?_RTC_IS_LEAP?RTC
            CODE    F5CEH     002EH     UNIT         ?PR?UPLOAD_DP_WORK_STATE?UPLOAD
            CODE    F5FCH     002DH     UNIT         ?PR?_MODBUS_ENCODEINDOORFAN?MODBUS
            CODE    F629H     002DH     UNIT         ?PR?_MODBUS_DECODEINDOORMODEBITS?MODBUS
            CODE    F656H     002CH     UNIT         ?PR?_SET_WIFI_UART_BYTE?SYSTEM
            CODE    F682H     002BH     UNIT         ?PR?_ERRORHISTORY_ISVALIDCODE?ERRORHISTORY
            CODE    F6ADH     002AH     UNIT         ?PR?UPLOAD_DP_SWITCH?UPLOAD
            CODE    F6D7H     002AH     UNIT         ?PR?UPLOAD_DP_TEMP_UNIT?UPLOAD
            CODE    F701H     002AH     UNIT         ?PR?UPLOAD_DP_CHILD_LOCK?UPLOAD
            CODE    F72BH     002AH     UNIT         ?PR?UPLOAD_DP_DEFROST?UPLOAD
            CODE    F755H     002AH     UNIT         ?PR?UPLOAD_DP_RELAY_STATUS?UPLOAD
BL51 BANKED LINKER/LOCATER V6.22.2.0                                                  07/08/2026  17:17:08  PAGE 7


            CODE    F77FH     0029H     UNIT         ?PR?MODBUS_FINISHINDOORWRITECHAIN?MODBUS
            CODE    F7A8H     0029H     UNIT         ?PR?RTCCACK?RTC
            CODE    F7D1H     0029H     UNIT         ?PR?_UPLOAD_SHADOW_ENUM?UPLOAD
            CODE    F7FAH     0029H     UNIT         ?PR?_MODE_MAP_TO_DGUS?PROTOCOL
            CODE    F823H     0028H     UNIT         ?PR?_LANGUAGE_CHANGE?SYS
            CODE    F84BH     0028H     UNIT         ?PR?OTARELOAD_DELAYPAGE?CONTROL
            CODE    F873H     0028H     UNIT         ?PR?WIFI_PROTOCOL_INIT?MCU_API
            CODE    F89BH     0027H     UNIT         ?PR?UI_OPENPAGE?MAIN
            CODE    F8C2H     0027H     UNIT         ?PR?_MODBUS_QUEUEINDOORTIMERWRITE?MODBUS
            CODE    F8E9H     0027H     UNIT         ?PR?HEAT_BEAT_CHECK?SYSTEM
            CODE    F910H     0026H     UNIT         ?PR?_ISITHOMEPAGE?CONTROL
            CODE    F936H     0026H     UNIT         ?PR?UPLOAD_GETUNIT?UPLOAD
            CODE    F95CH     0026H     UNIT         ?PR?OTAINIT?OTA
            CODE    F982H     0024H     UNIT         ?PR?_MODBUS_REPORTFAULTCODE?MODBUS
            CODE    F9A6H     0023H     UNIT         ?PR?MODBUS_STARTMANUALDEFROST?MODBUS
            CODE    F9C9H     0023H     UNIT         ?PR?_UPLOAD_SET_BOOT_READY?UPLOAD
            CODE    F9ECH     0022H     UNIT         ?PR?GETPAGEID?CONTROL
            CODE    FA0EH     0022H     UNIT         ?PR?UNITCHANGEPRO?CONTROL
            CODE    FA30H     0022H     UNIT         ?PR?ERRORHISTORY_GETCOUNT?ERRORHISTORY
            CODE    FA52H     0022H     UNIT         ?PR?_DP_DOWNLOAD_HISTORY_FAULT_EMPTY_HANDLE?PROTOCOL
            CODE    FA74H     0021H     UNIT         ?PR?_UPLOAD_CLAMPINDOORTEMP?UPLOAD
            CODE    FA95H     0021H     UNIT         ?PR?_UPLOAD_DGUSINDOORMODETODP?UPLOAD
            CODE    FAB6H     0020H     UNIT         ?PR?_BRIGHTNESS_HANDLER?SYS
            CODE    FAD6H     0020H     UNIT         ?PR?_SETMODEPROCESS?CONTROL
            CODE    FAF6H     0020H     UNIT         ?PR?_PUTCHAR?UART
            CODE    FB16H     0020H     UNIT         ?PR?OTARECVPRO?OTA
            CODE    FB36H     001FH     UNIT         ?PR?_UPLOAD_DGUSMODETODP116?UPLOAD
            CODE    FB55H     001FH     UNIT         ?PR?_UPLOAD_SHADOW_BOOL?UPLOAD
            CODE    FB74H     001EH     UNIT         ?PR?_MODBUS_INDOORHOLDSET?MODBUS
            CODE    FB92H     001EH     UNIT         ?PR?_UPLOAD_WORKSTATETODP?UPLOAD
            CODE    FBB0H     001DH     UNIT         ?PR?UART2_INIT?UART
            CODE    FBCDH     001DH     UNIT         ?PR?_UART2SENDDATA?UART
            CODE    FBEAH     001DH     UNIT         ?PR?MODBUS_TRIGGERGROUPCONTROLWRITE?MODBUS
            CODE    FC07H     001DH     UNIT         ?PR?_MODBUS_RXU16?MODBUS
            CODE    FC24H     001DH     UNIT         ?PR?_DP117_MODE_TO_DGUS?PROTOCOL
            CODE    FC41H     001BH     UNIT         ?PR?MODBUS_INDOORWRITEPENDING?MODBUS
            CODE    FC5CH     0019H     UNIT         ?PR?_MODBUS_SCALEINDOORSETTEMP?MODBUS
            CODE    FC75H     0019H     UNIT         ?PR?_MODBUS_UNSCALEINDOORSETTEMP?MODBUS
            CODE    FC8EH     0018H     UNIT         ?PR?RTCI2CSTART?RTC
            CODE    FCA6H     0018H     UNIT         ?PR?_UPLOAD_MODETODP101?UPLOAD
            CODE    FCBEH     0018H     UNIT         ?PR?OTA_MODBUSPRO?OTA
            CODE    FCD6H     0017H     UNIT         ?PR?RTCI2CSTOP?RTC
            CODE    FCEDH     0017H     UNIT         ?PR?_UPLOAD_BOOLIFCHANGED?UPLOAD
            CODE    FD04H     0017H     UNIT         ?PR?_UPLOAD_ENUMIFCHANGED?UPLOAD
            CODE    FD1BH     0017H     UNIT         ?PR?MCU_GET_WIFI_WORK_STATE?MCU_API
            CODE    FD32H     0016H     UNIT         ?PR?T2_INIT?SYS
            CODE    FD48H     0016H     UNIT         ?PR?_MODBUS_PACKCHECKSTATUSBYTE?MODBUS
            CODE    FD5EH     0016H     UNIT         ?PR?_MODBUS_TRIGGERDEFROSTPARAMWRITE?MODBUS
            CODE    FD74H     0016H     UNIT         ?PR?WIFI_UART_PROCESS_DOWNLOAD?MCU_API
            CODE    FD8AH     0015H     UNIT         ?PR?UART5_INIT?UART
            CODE    FD9FH     0014H     UNIT         ?PR?READ_NOR_FLASH?SYS
            CODE    FDB3H     0014H     UNIT         ?PR?WRITE_NOR_FLASH?SYS
            CODE    FDC7H     0013H     UNIT         ?PR?T2_ISR_PC?SYS
            CODE    FDDAH     0013H     UNIT         ?PR?_BCD?RTC
            CODE    FDEDH     0013H     UNIT         ?PR?_ERRORHISTORY_CLAMPBYTE?ERRORHISTORY
            CODE    FE00H     0013H     UNIT         ?PR?_UPGRADE_PACKAGE_CHOOSE?PROTOCOL
            CODE    FE13H     0013H     UNIT         ?PR?_FILE_DOWNLOAD_PACKAGE_CHOOSE?PROTOCOL
BL51 BANKED LINKER/LOCATER V6.22.2.0                                                  07/08/2026  17:17:08  PAGE 8


            CODE    FE26H     0012H     UNIT         ?PR?UART4_INIT?UART
            CODE    FE38H     0012H     UNIT         ?PR?_MODBUS_RXRELREG?MODBUS
            CODE    FE4AH     0012H     UNIT         ?PR?RTCMACK?RTC
            CODE    FE5CH     0012H     UNIT         ?PR?_FILE_DOWNLOAD_HANDLE?PROTOCOL
            CODE    FE6EH     0010H     UNIT         ?PR?T0_INIT?SYS
            CODE    FE7EH     0010H     UNIT         ?PR?T1_INIT?SYS
            CODE    FE8EH     0010H     UNIT         ?PR?RTCMNAK?RTC
            CODE    FE9EH     0010H     UNIT         ?CO?RTC
            CODE    FEAEH     0010H     UNIT         ?PR?ERRORHISTORY_GETMAXPAGE?ERRORHISTORY
            CODE    FEBEH     0010H     UNIT         ?PR?UPLOAD_YIELDWIFI?UPLOAD
            CODE    FECEH     000FH     UNIT         ?PR?_DELAY_MS?SYS
            CODE    FEDDH     000FH     UNIT         ?PR?GETSYSTICKTIME?RTC
            CODE    FEECH     000EH     UNIT         ?PR?MCU_RESET_WIFI?MCU_API
            CODE    FEFAH     000DH     UNIT         ?PR?MODBUS_CLEARPOLLREADFLAGS?MODBUS
            CODE    FF07H     000DH     UNIT         ?PR?_RTC_MONTHFROMDISPLAYVP?RTC
            CODE    FF14H     000DH     UNIT         ?PR?_MCU_GET_DP_DOWNLOAD_BOOL?MCU_API
            CODE    FF21H     000DH     UNIT         ?PR?_MCU_GET_DP_DOWNLOAD_ENUM?MCU_API
            CODE    FF2EH     000DH     UNIT         ?PR?_WIFI_UART_FRAME_VERSION_OK?MCU_API
            CODE    FF3BH     000CH     UNIT         ?PR?RTC_GETFULLYEAR?RTC
            CODE    FF47H     000CH     UNIT         ?PR?ERRORHISTORY_LOADFROMFLASH?ERRORHISTORY
            CODE    FF53H     000CH     UNIT         ?CO?ERRORHISTORY
            CODE    FF5FH     000BH     UNIT         ?PR?CONTROL_CLEARDEFROSTSESSION?CONTROL
            CODE    FF6AH     000BH     UNIT         ?PR?MODBUS_STARTINDOORPOLLAFTERCHECK2?MODBUS
            CODE    FF75H     000BH     UNIT         ?PR?_MCU_GET_DP_DOWNLOAD_VALUE?MCU_API
            CODE    FF80H     000AH     UNIT         ?PR?PORT_INIT?SYS
            CODE    FF8AH     000AH     UNIT         ?PR?GET_MCU_WIFI_MODE?SYSTEM
            CODE    FF94H     0009H     UNIT         ?PR?MODBUS_YIELDWIFI?MODBUS
            CODE    FF9DH     0008H     UNIT         ?CO?MODBUS
            CODE    FFA5H     0008H     UNIT         ?PR?ERRORHISTORY_FLASHVPADDR?ERRORHISTORY
            CODE    FFADH     0007H     UNIT         ?PR?WIFI_UART_REQUEST_DOWNLOAD_PARSE?MCU_API
            CODE    FFB4H     0006H     UNIT         ?CO?CONTROL
            CODE    FFBAH     0006H     UNIT         ?PR?RTC_GET_WEEKDAY?RTC
            CODE    FFC0H     0006H     UNIT         ?PR?ERRORHISTORY_RESETPAGE?ERRORHISTORY
            CODE    FFC6H     0006H     UNIT         ?PR?UPLOAD_IS_BOOT_READY?UPLOAD
            CODE    FFCCH     0006H     UNIT         ?PR?WIFI_INIT?WIFIPRO
            CODE    FFD2H     0006H     UNIT         ?PR?MCU_GET_RESET_WIFI_FLAG?MCU_API
            CODE    FFD8H     0003H     UNIT         ?PR?READY_TO_SAVE_REPORT?SYS
            CODE    FFDBH     0003H     UNIT         ?PR?MODBUS_INIT?MODBUS
            CODE    FFDEH     0003H     UNIT         ?PR?_UART_TRANSMIT_OUTPUT?PROTOCOL
            CODE    FFE1H     0003H     UNIT         ?PR?ALL_DATA_UPDATE?PROTOCOL
            CODE    FFE4H     0003H     UNIT         ?PR?GET_DOWNLOAD_CMD_TOTAL?PROTOCOL
            CODE    FFE7H     0001H     UNIT         ?PR?WRITE_MEMORY?SYS
            CODE    FFE8H     0001H     UNIT         ?PR?READ_MEMORY?SYS
            CODE    FFE9H     0001H     UNIT         ?PR?READ_MEMORY_ERROR?SYS
            CODE    FFEAH     0001H     UNIT         ?PR?_UWOERRORCODEPROCESS?ERRORHISTORY



OVERLAY MAP OF MODULE:   .\obj\T5L51 (?C_STARTUP)


SEGMENT                                             BIT_GROUP          DATA_GROUP          XDATA_GROUP
  +--> CALLED SEGMENT                            START    LENGTH     START    LENGTH     START    LENGTH
--------------------------------------------------------------------------------------------------------
?C_C51STARTUP                                    -----    -----      -----    -----      -----    -----
  +--> ?PR?MAIN?MAIN
  +--> ?C_INITSEG
BL51 BANKED LINKER/LOCATER V6.22.2.0                                                  07/08/2026  17:17:08  PAGE 9



?PR?MAIN?MAIN                                    -----    -----      -----    -----      -----    -----
  +--> ?PR?INIT_CPU?SYS
  +--> ?PR?PORT_INIT?SYS
  +--> ?PR?T0_INIT?SYS
  +--> ?PR?T1_INIT?SYS
  +--> ?PR?T2_INIT?SYS
  +--> ?PR?MODBUS_INIT?MODBUS
  +--> ?PR?UART4_INIT?UART
  +--> ?PR?WIFI_INIT?WIFIPRO
  +--> ?PR?INIT_RTC?RTC
  +--> ?PR?SYSTEM_PARM_INIT?SYS
  +--> ?PR?CONTROL_SANITIZESETTEMPINTVP?CONTROL
  +--> ?PR?WIFI_UART_SERVICE?MCU_API
  +--> ?PR?MODBUS_SALVE_HANDLER1?MODBUS
  +--> ?PR?CONTROL_FUNCTION1?CONTROL
  +--> ?PR?CONTROL_LOCKKEYSERVICE?CONTROL
  +--> ?PR?SAVE_DATA_HANDLER?SYS
  +--> ?PR?MODBUSCHANELCONTROL?MAIN
  +--> ?PR?RTCUPDATE?RTC
  +--> ?PR?HOMEPAGE_ICON?CONTROL
  +--> ?PR?DECODEERRORHISTORY?ERRORHISTORY
  +--> ?PR?MCU_GET_WIFI_WORK_STATE?MCU_API
  +--> ?PR?UI_OPENPAGE?MAIN
  +--> ?PR?TIMERRUNNING?CONTROL
  +--> ?PR?WIFI_RESTING_PRO?CONTROL
  +--> ?PR?OTARELOAD_DELAYPAGE?CONTROL
  +--> ?PR?SCREENSAVER_PRO?CONTROL

?PR?MODBUS_INIT?MODBUS                           -----    -----      -----    -----      -----    -----
  +--> ?PR?UART5_INIT?UART

?PR?WIFI_INIT?WIFIPRO                            -----    -----      -----    -----      -----    -----
  +--> ?PR?UART2_INIT?UART
  +--> ?PR?WIFI_PROTOCOL_INIT?MCU_API

?PR?INIT_RTC?RTC                                 -----    -----      -----    -----      8D71H    0002H
  +--> ?PR?RTCI2CSTART?RTC
  +--> ?PR?_RTCI2CBW?RTC
  +--> ?PR?RTCI2CSTOP?RTC
  +--> ?PR?RTCI2CBR?RTC
  +--> ?PR?RTCMACK?RTC
  +--> ?PR?RTCMNAK?RTC

?PR?RTCI2CSTART?RTC                              -----    -----      -----    -----      -----    -----
  +--> ?PR?_DELAY_US?RTC

?PR?_DELAY_US?RTC                                -----    -----      0008H    0004H      -----    -----

?PR?_RTCI2CBW?RTC                                -----    -----      -----    -----      -----    -----
  +--> ?PR?_DELAY_US?RTC
  +--> ?PR?RTCCACK?RTC

?PR?RTCCACK?RTC                                  -----    -----      -----    -----      -----    -----
  +--> ?PR?_DELAY_US?RTC

?PR?RTCI2CSTOP?RTC                               -----    -----      -----    -----      -----    -----
BL51 BANKED LINKER/LOCATER V6.22.2.0                                                  07/08/2026  17:17:08  PAGE 10


  +--> ?PR?_DELAY_US?RTC

?PR?RTCI2CBR?RTC                                 -----    -----      -----    -----      -----    -----
  +--> ?PR?_DELAY_US?RTC

?PR?RTCMACK?RTC                                  -----    -----      -----    -----      -----    -----
  +--> ?PR?_DELAY_US?RTC

?PR?RTCMNAK?RTC                                  -----    -----      -----    -----      -----    -----
  +--> ?PR?_DELAY_US?RTC

?PR?SYSTEM_PARM_INIT?SYS                         -----    -----      -----    -----      8D71H    0004H
  +--> ?PR?READ_NOR_FLASH?SYS
  +--> ?PR?_DELAY_MS?SYS
  +--> ?PR?_READ_DGUS_VP?SYS
  +--> ?PR?_FLASHCHECKSUMCALCULATE?SYS
  +--> ?PR?READ_MEMORY_ERROR?SYS
  +--> ?PR?READ_MEMORY?SYS
  +--> ?PR?_WRITE_DGUS_VP?SYS
  +--> ?PR?ERRORHISTORY_LOADFROMFLASH?ERRORH...

?PR?READ_NOR_FLASH?SYS                           -----    -----      -----    -----      -----    -----
  +--> ?CO?SYS
  +--> ?PR?_WRITE_DGUS_VP?SYS
  +--> ?PR?_DELAY_MS?SYS
  +--> ?PR?_READ_DGUS_VP?SYS

?PR?_WRITE_DGUS_VP?SYS                           -----    -----      -----    -----      8F89H    000FH

?PR?_READ_DGUS_VP?SYS                            -----    -----      -----    -----      8F0EH    0015H

?PR?_FLASHCHECKSUMCALCULATE?SYS                  -----    -----      -----    -----      8D75H    002AH
  +--> ?CO?SYS
  +--> ?PR?_READ_DGUS_VP?SYS

?PR?ERRORHISTORY_LOADFROMFLASH?ERRORH...         -----    -----      -----    -----      -----    -----
  +--> ?PR?ERRORHISTORY_FLASHVPADDR?ERRORHIS...
  +--> ?PR?_ERRORHISTORY_FLASHREAD?ERRORHISTORY
  +--> ?PR?ERRORHISTORY_SANITIZE?ERRORHISTORY
  +--> ?PR?ERRORHISTORYDISPLAY?ERRORHISTORY

?PR?_ERRORHISTORY_FLASHREAD?ERRORHISTORY         -----    -----      -----    -----      8D75H    0199H
  +--> ?PR?_READ_DGUS_VP?SYS
  +--> ?PR?_ERRORHISTORY_UNPACKREC?ERRORHISTORY
  +--> ?PR?_ERRORHISTORY_UNPACKRECLEGACY?ERR...
  +--> ?PR?_ERRORHISTORY_CONVERTLEGACYRAWREC...
  +--> ?PR?_ERRORHISTORY_ISVALIDCODE?ERRORHI...

?PR?_ERRORHISTORY_UNPACKREC?ERRORHISTORY         -----    -----      -----    -----      8F0EH    000AH

?PR?_ERRORHISTORY_UNPACKRECLEGACY?ERR...         -----    -----      -----    -----      8F0EH    000CH

?PR?_ERRORHISTORY_CONVERTLEGACYRAWREC...         -----    -----      -----    -----      8F0EH    0001H
  +--> ?PR?_ERRORHISTORY_ISVALIDCODE?ERRORHI...

?PR?ERRORHISTORY_SANITIZE?ERRORHISTORY           -----    -----      -----    -----      -----    -----
  +--> ?PR?_ERRORHISTORY_ISVALIDCODE?ERRORHI...
BL51 BANKED LINKER/LOCATER V6.22.2.0                                                  07/08/2026  17:17:08  PAGE 11



?PR?ERRORHISTORYDISPLAY?ERRORHISTORY             -----    -----      -----    -----      8D82H    000EH
  +--> ?CO?ERRORHISTORY
  +--> ?PR?_WRITE_DGUS_VP?SYS

?PR?CONTROL_SANITIZESETTEMPINTVP?CONTROL         -----    -----      -----    -----      -----    -----
  +--> ?PR?_TEMP_LIMIT?CONTROL

?PR?_TEMP_LIMIT?CONTROL                          -----    -----      -----    -----      8D8DH    000AH
  +--> ?PR?_READ_DGUS_VP?SYS
  +--> ?PR?_TEMPUNITTRANS?CONTROL
  +--> ?PR?_WRITE_DGUS_VP?SYS
  +--> ?PR?_SYNCINDOORSETTEMPVPPAIR?CONTROL
  +--> ?PR?_SYNCSETTEMPCACHESFROMC?CONTROL
  +--> ?PR?_SETTEMPINTWRITE?CONTROL

?PR?_TEMPUNITTRANS?CONTROL                       -----    -----      -----    -----      8E1DH    0003H

?PR?_SYNCINDOORSETTEMPVPPAIR?CONTROL             -----    -----      -----    -----      8DFEH    0005H
  +--> ?PR?_TEMPUNITTRANS?CONTROL
  +--> ?PR?_WRITE_DGUS_VP?SYS

?PR?_SYNCSETTEMPCACHESFROMC?CONTROL              -----    -----      -----    -----      8E02H    0006H
  +--> ?PR?_TEMPUNITTRANS?CONTROL
  +--> ?PR?_WRITE_DGUS_VP?SYS
  +--> ?PR?_READ_DGUS_VP?SYS
  +--> ?PR?_SETTEMPINTWRITE?CONTROL

?PR?_SETTEMPINTWRITE?CONTROL                     -----    -----      -----    -----      8E08H    0002H
  +--> ?PR?_SETTEMPINTVPBYMODE?CONTROL
  +--> ?PR?_WRITE_DGUS_VP?SYS

?PR?_SETTEMPINTVPBYMODE?CONTROL                  -----    -----      -----    -----      8E0AH    0001H

?PR?WIFI_UART_SERVICE?MCU_API                    -----    -----      -----    -----      -----    -----
  +--> ?PR?WIFI_UART_RX_PULL?MCU_API
  +--> ?PR?WIFI_UART_PARSE_FRAMES?MCU_API
  +--> ?PR?WIFI_UART_PROCESS_DOWNLOAD?MCU_API

?PR?WIFI_UART_RX_PULL?MCU_API                    -----    -----      -----    -----      -----    -----
  +--> ?PR?WITH_DATA_RXBUFF?SYSTEM
  +--> ?PR?TAKE_BYTE_RXBUFF?SYSTEM

?PR?WIFI_UART_PARSE_FRAMES?MCU_API               -----    -----      -----    -----      8DC3H    0004H
  +--> ?PR?WIFI_UART_PARSE_CMD6_PRIORITY?MCU...
  +--> ?PR?_WIFI_UART_TRY_FRAME_LEN?MCU_API
  +--> ?PR?_DATA_HANDLE?SYSTEM
  +--> ?PR?_MY_MEMCPY?MCU_API

?PR?WIFI_UART_PARSE_CMD6_PRIORITY?MCU...         -----    -----      -----    -----      8DC7H    0004H
  +--> ?PR?_WIFI_UART_TRY_FRAME_LEN?MCU_API
  +--> ?PR?_DATA_HANDLE?SYSTEM
  +--> ?PR?_WIFI_UART_REMOVE_FRAME?MCU_API

?PR?_WIFI_UART_TRY_FRAME_LEN?MCU_API             -----    -----      -----    -----      8DCBH    0008H
  +--> ?PR?_WIFI_UART_FRAME_VERSION_OK?MCU_API
  +--> ?PR?_GET_CHECK_SUM?SYSTEM
BL51 BANKED LINKER/LOCATER V6.22.2.0                                                  07/08/2026  17:17:08  PAGE 12



?PR?_GET_CHECK_SUM?SYSTEM                        -----    -----      -----    -----      8E77H    0006H

?PR?_DATA_HANDLE?SYSTEM                          -----    -----      -----    -----      8DCBH    0015H
  +--> ?PR?HEAT_BEAT_CHECK?SYSTEM
  +--> ?PR?PRODUCT_INFO_UPDATE?SYSTEM
  +--> ?PR?GET_MCU_WIFI_MODE?SYSTEM
  +--> ?PR?_DATA_POINT_HANDLE?SYSTEM
  +--> ?PR?ALL_DATA_UPDATE?PROTOCOL
  +--> ?PR?_UPGRADE_PACKAGE_CHOOSE?PROTOCOL
  +--> ?PR?_MCU_FIRM_UPDATE_HANDLE?PROTOCOL
  +--> ?PR?_WIFI_UART_WRITE_FRAME?SYSTEM
  +--> ?PR?_FILE_DOWNLOAD_PACKAGE_CHOOSE?PRO...
  +--> ?PR?_FILE_DOWNLOAD_HANDLE?PROTOCOL

?PR?HEAT_BEAT_CHECK?SYSTEM                       -----    -----      -----    -----      -----    -----
  +--> ?PR?_SET_WIFI_UART_BYTE?SYSTEM
  +--> ?PR?_WIFI_UART_WRITE_FRAME?SYSTEM

?PR?_SET_WIFI_UART_BYTE?SYSTEM                   -----    -----      -----    -----      8E75H    0002H

?PR?_WIFI_UART_WRITE_FRAME?SYSTEM                -----    -----      -----    -----      8E75H    0002H
  +--> ?PR?_GET_CHECK_SUM?SYSTEM
  +--> ?PR?_WIFI_UART_WRITE_DATA?SYSTEM

?PR?_WIFI_UART_WRITE_DATA?SYSTEM                 -----    -----      -----    -----      8E77H    0005H
  +--> ?PR?_UART_TRANSMIT_OUTPUT?PROTOCOL

?PR?_UART_TRANSMIT_OUTPUT?PROTOCOL               -----    -----      -----    -----      -----    -----
  +--> ?PR?_UART2SENDDATA?UART

?PR?_UART2SENDDATA?UART                          -----    -----      -----    -----      -----    -----
  +--> ?PR?WIFI_UART_RX_PULL?MCU_API

?PR?PRODUCT_INFO_UPDATE?SYSTEM                   -----    -----      -----    -----      8DE0H    000DH
  +--> ?CO?SYSTEM
  +--> ?PR?_MY_STRLEN?MCU_API
  +--> ?PR?_SET_WIFI_UART_BUFFER?SYSTEM
  +--> ?PR?_WIFI_UART_WRITE_FRAME?SYSTEM

?PR?_MY_STRLEN?MCU_API                           -----    -----      -----    -----      8DEDH    0007H

?PR?_SET_WIFI_UART_BUFFER?SYSTEM                 -----    -----      -----    -----      8E75H    0007H
  +--> ?PR?_MY_MEMCPY?MCU_API

?PR?_MY_MEMCPY?MCU_API                           -----    -----      -----    -----      8E7CH    0010H

?PR?GET_MCU_WIFI_MODE?SYSTEM                     -----    -----      -----    -----      -----    -----
  +--> ?PR?_WIFI_UART_WRITE_FRAME?SYSTEM

?PR?_DATA_POINT_HANDLE?SYSTEM                    -----    -----      -----    -----      8DE0H    0008H
  +--> ?PR?_GET_DOWMLOAD_DPID_INDEX?SYSTEM
  +--> ?PR?GET_DOWNLOAD_CMD_TOTAL?PROTOCOL
  +--> ?PR?_DP_DOWNLOAD_HANDLE?PROTOCOL

?PR?_GET_DOWMLOAD_DPID_INDEX?SYSTEM              -----    -----      -----    -----      8DE8H    0001H
  +--> ?PR?GET_DOWNLOAD_CMD_TOTAL?PROTOCOL
BL51 BANKED LINKER/LOCATER V6.22.2.0                                                  07/08/2026  17:17:08  PAGE 13



?PR?_DP_DOWNLOAD_HANDLE?PROTOCOL                 -----    -----      -----    -----      8DE8H    0007H
  +--> ?PR?_DP_DOWNLOAD_SWITCH_HANDLE?PROTOCOL
  +--> ?PR?_DP_DOWNLOAD_MODE_HANDLE?PROTOCOL
  +--> ?PR?_DP_DOWNLOAD_CHILD_LOCK_HANDLE?PR...
  +--> ?PR?_DP_DOWNLOAD_TEMP_SET_HANDLE?PROT...
  +--> ?PR?_DP_DOWNLOAD_TEMP_UNIT_CONVERT_HA...
  +--> ?PR?_DP_DOWNLOAD_DEFROST_HANDLE?PROTOCOL
  +--> ?PR?_DP_DOWNLOAD_RELAY_STATUS_HANDLE?...
  +--> ?PR?_DP_DOWNLOAD_TIMESTAMP_HANDLE?PRO...
  +--> ?PR?_DP_DOWNLOAD_INDOOR_UNIT_HANDLE?P...
  +--> ?PR?_DP_DOWNLOAD_HISTORY_FAULT_EMPTY_...
  +--> ?PR?_DP_DOWNLOAD_INSIDE_TIME_OPEN_HAN...
  +--> ?PR?_DP_DOWNLOAD_EXTERNAL_TIME_OPEN_H...
  +--> ?PR?_DP_DOWNLOAD_INSIDE_TIME_CLOSE_HA...
  +--> ?PR?_DP_DOWNLOAD_EXTERNAL_TIME_CLOSE_...

?PR?_DP_DOWNLOAD_SWITCH_HANDLE?PROTOCOL          -----    -----      -----    -----      8DEFH    0006H
  +--> ?PR?_MCU_GET_DP_DOWNLOAD_BOOL?MCU_API
  +--> ?PR?_MCU_DP_BOOL_UPDATE?MCU_API
  +--> ?PR?_UPLOAD_SHADOW_BOOL?UPLOAD
  +--> ?CO?PROTOCOL
  +--> ?PR?PRINTF?PRINTF
  +--> ?PR?_READ_DGUS_VP?SYS
  +--> ?PR?_WRITE_DGUS_VP?SYS
  +--> ?PR?MODBUS_TRIGGERUSERWRITE?MODBUS
  +--> ?PR?READY_TO_SAVE?SYS

?PR?_MCU_GET_DP_DOWNLOAD_BOOL?MCU_API            -----    -----      -----    -----      8DF5H    0002H

?PR?_MCU_DP_BOOL_UPDATE?MCU_API                  -----    -----      -----    -----      8DF5H    0001H
  +--> ?PR?_SET_WIFI_UART_BYTE?SYSTEM
  +--> ?PR?_WIFI_UART_WRITE_FRAME?SYSTEM

?PR?PRINTF?PRINTF                                0023H.1  0001H.1    0008H    0005H      8E19H    0030H
  +--> ?PR?_PUTCHAR?UART

?PR?MODBUS_TRIGGERUSERWRITE?MODBUS               -----    -----      -----    -----      8DF5H    0004H
  +--> ?PR?_READ_DGUS_VP?SYS

?PR?READY_TO_SAVE?SYS                            -----    -----      -----    -----      8E0FH    0002H
  +--> ?PR?_READ_DGUS_VP?SYS

?PR?_DP_DOWNLOAD_MODE_HANDLE?PROTOCOL            -----    -----      -----    -----      8DEFH    0004H
  +--> ?PR?_MCU_GET_DP_DOWNLOAD_ENUM?MCU_API
  +--> ?PR?_WRITE_DGUS_VP?SYS
  +--> ?PR?MODBUS_TRIGGERUSERWRITE?MODBUS
  +--> ?PR?READY_TO_SAVE?SYS
  +--> ?PR?_READ_DGUS_VP?SYS
  +--> ?PR?_MCU_DP_ENUM_UPDATE?MCU_API
  +--> ?PR?_UPLOAD_SHADOW_ENUM?UPLOAD

?PR?_MCU_GET_DP_DOWNLOAD_ENUM?MCU_API            -----    -----      -----    -----      8DF3H    0002H

?PR?_MCU_DP_ENUM_UPDATE?MCU_API                  -----    -----      -----    -----      8DF3H    0001H
  +--> ?PR?_SET_WIFI_UART_BYTE?SYSTEM
  +--> ?PR?_WIFI_UART_WRITE_FRAME?SYSTEM
BL51 BANKED LINKER/LOCATER V6.22.2.0                                                  07/08/2026  17:17:08  PAGE 14



?PR?_DP_DOWNLOAD_CHILD_LOCK_HANDLE?PR...         -----    -----      -----    -----      8DEFH    0002H
  +--> ?PR?_MCU_GET_DP_DOWNLOAD_BOOL?MCU_API
  +--> ?PR?_WRITE_DGUS_VP?SYS
  +--> ?PR?HOMEPAGE?CONTROL
  +--> ?PR?HOMEPAGE_ICON?CONTROL
  +--> ?PR?_MCU_DP_BOOL_UPDATE?MCU_API
  +--> ?PR?_UPLOAD_SHADOW_BOOL?UPLOAD

?PR?HOMEPAGE?CONTROL                             0023H.1  0000H.1    -----    -----      8DF1H    0002H
  +--> ?PR?GETPAGEID?CONTROL
  +--> ?PR?_ISITHOMEPAGE?CONTROL
  +--> ?PR?_READ_DGUS_VP?SYS
  +--> ?PR?_PAGE_CHANGE_HANDLER?SYS
  +--> ?PR?HOMEPAGE_SYNCINDOORDISPLAY?CONTROL

?PR?GETPAGEID?CONTROL                            -----    -----      -----    -----      8DF3H    0002H
  +--> ?PR?_READ_DGUS_VP?SYS

?PR?_ISITHOMEPAGE?CONTROL                        0023H.2  0000H.1    -----    -----      -----    -----

?PR?_PAGE_CHANGE_HANDLER?SYS                     -----    -----      -----    -----      -----    -----
  +--> ?PR?_WRITE_DGUS_VP?SYS
  +--> ?PR?_DELAY_MS?SYS
  +--> ?PR?_READ_DGUS_VP?SYS

?PR?HOMEPAGE_SYNCINDOORDISPLAY?CONTROL           -----    -----      -----    -----      8E1DH    0004H
  +--> ?PR?_READ_DGUS_VP?SYS
  +--> ?PR?_WRITE_DGUS_VP?SYS
  +--> ?PR?_HOMEPAGE_UPDATEMODEANIMATION?CON...

?PR?_HOMEPAGE_UPDATEMODEANIMATION?CON...         -----    -----      -----    -----      8E21H    0006H
  +--> ?PR?_WRITE_DGUS_VP?SYS

?PR?HOMEPAGE_ICON?CONTROL                        -----    -----      -----    -----      8DF1H    0003H
  +--> ?PR?MCU_GET_WIFI_WORK_STATE?MCU_API
  +--> ?PR?_WRITE_DGUS_VP?SYS
  +--> ?PR?_READ_DGUS_VP?SYS
  +--> ?PR?_HOMEPAGE_UPDATEMODEANIMATION?CON...

?PR?_DP_DOWNLOAD_TEMP_SET_HANDLE?PROT...         -----    -----      -----    -----      8DEFH    000BH
  +--> ?PR?_MCU_GET_DP_DOWNLOAD_VALUE?MCU_API
  +--> ?PR?_WRITE_DGUS_VP?SYS
  +--> ?PR?_READ_DGUS_VP?SYS
  +--> ?PR?_SETTEMPINTWRITE?CONTROL
  +--> ?PR?_SYNCSETTEMPCACHESFROMC?CONTROL
  +--> ?PR?READY_TO_SAVE?SYS
  +--> ?PR?_MCU_DP_VALUE_UPDATE?MCU_API
  +--> ?PR?_UPLOAD_SHADOW_VALUE?UPLOAD

?PR?_MCU_GET_DP_DOWNLOAD_VALUE?MCU_API           -----    -----      -----    -----      8DFAH    0002H
  +--> ?PR?_BYTE_TO_INT?MCU_API

?PR?_BYTE_TO_INT?MCU_API                         -----    -----      -----    -----      8DFCH    0007H

?PR?_MCU_DP_VALUE_UPDATE?MCU_API                 -----    -----      -----    -----      8DFAH    0005H
  +--> ?PR?_SET_WIFI_UART_BYTE?SYSTEM
BL51 BANKED LINKER/LOCATER V6.22.2.0                                                  07/08/2026  17:17:08  PAGE 15


  +--> ?PR?_WIFI_UART_WRITE_FRAME?SYSTEM

?PR?_UPLOAD_SHADOW_VALUE?UPLOAD                  -----    -----      -----    -----      8DFAH    0005H

?PR?_DP_DOWNLOAD_TEMP_UNIT_CONVERT_HA...         -----    -----      -----    -----      8DEFH    0002H
  +--> ?PR?_MCU_GET_DP_DOWNLOAD_ENUM?MCU_API
  +--> ?PR?_WRITE_DGUS_VP?SYS
  +--> ?PR?UNITCHANGEPRO?CONTROL
  +--> ?PR?HOMEPAGE?CONTROL
  +--> ?PR?READY_TO_SAVE?SYS
  +--> ?PR?_MCU_DP_ENUM_UPDATE?MCU_API
  +--> ?PR?_UPLOAD_SHADOW_ENUM?UPLOAD

?PR?UNITCHANGEPRO?CONTROL                        -----    -----      -----    -----      8DF1H    0002H
  +--> ?PR?_READ_DGUS_VP?SYS
  +--> ?PR?TEMPUNIT_REFRESHALL?CONTROL

?PR?TEMPUNIT_REFRESHALL?CONTROL                  -----    -----      -----    -----      8DF3H    000BH
  +--> ?PR?_READ_DGUS_VP?SYS
  +--> ?PR?_TEMPUNITTRANS?CONTROL
  +--> ?PR?_SYNCSETTEMPCACHESFROMC?CONTROL
  +--> ?PR?_WRITE_DGUS_VP?SYS
  +--> ?PR?TEMPUNIT_REFRESHACTIVESETFROMMODE...
  +--> ?PR?_TEMPUNIT_REFRESHFLOATPAIR?CONTROL
  +--> ?PR?_CONTROL_CLAMPMODESETTEMPVP?CONTROL
  +--> ?PR?_SETTEMPINTREAD?CONTROL
  +--> ?PR?_SETTEMPINTWRITE?CONTROL
  +--> ?PR?_SYNCINDOORSETTEMPVPPAIR?CONTROL
  +--> ?PR?_SYNCTIMERTEMPVPPAIR?CONTROL
  +--> ?PR?MODBUS_REFRESHCHECKPARAMDISPLAY?M...

?PR?TEMPUNIT_REFRESHACTIVESETFROMMODE...         -----    -----      -----    -----      8DFEH    0004H
  +--> ?PR?_READ_DGUS_VP?SYS
  +--> ?PR?_SETTEMPINTREAD?CONTROL
  +--> ?PR?_TEMPUNITTRANS?CONTROL
  +--> ?PR?_SYNCSETTEMPCACHESFROMC?CONTROL

?PR?_SETTEMPINTREAD?CONTROL                      -----    -----      -----    -----      8E03H    0002H
  +--> ?PR?_SETTEMPINTVPBYMODE?CONTROL
  +--> ?PR?_READ_DGUS_VP?SYS

?PR?_TEMPUNIT_REFRESHFLOATPAIR?CONTROL           -----    -----      -----    -----      8DFEH    0010H
  +--> ?PR?_READ_DGUS_VP?SYS
  +--> ?PR?_TEMPUNITTRANS?CONTROL
  +--> ?PR?_WRITE_DGUS_VP?SYS

?PR?_CONTROL_CLAMPMODESETTEMPVP?CONTROL          -----    -----      -----    -----      8DFEH    0005H
  +--> ?PR?_SETTEMPINTREAD?CONTROL
  +--> ?PR?_CONTROL_CLAMPSETTEMPCBYMODE?CONTROL
  +--> ?PR?_TEMPUNITTRANS?CONTROL
  +--> ?PR?_SETTEMPINTWRITE?CONTROL

?PR?_CONTROL_CLAMPSETTEMPCBYMODE?CONTROL         -----    -----      -----    -----      8E03H    0004H
  +--> ?PR?_CONTROL_GETSETTEMPCLIMIT?CONTROL

?PR?_CONTROL_GETSETTEMPCLIMIT?CONTROL            -----    -----      -----    -----      8E07H    0007H

BL51 BANKED LINKER/LOCATER V6.22.2.0                                                  07/08/2026  17:17:08  PAGE 16


?PR?_SYNCTIMERTEMPVPPAIR?CONTROL                 -----    -----      -----    -----      8DFEH    000CH
  +--> ?PR?_TEMPUNITTRANS?CONTROL
  +--> ?PR?_WRITE_DGUS_VP?SYS

?PR?MODBUS_REFRESHCHECKPARAMDISPLAY?M...         -----    -----      -----    -----      8DFEH    0009H
  +--> ?PR?_READ_DGUS_VP?SYS
  +--> ?PR?_TEMPUNITTRANS?CONTROL
  +--> ?PR?_WRITE_DGUS_VP?SYS

?PR?_DP_DOWNLOAD_DEFROST_HANDLE?PROTOCOL         -----    -----      -----    -----      8DEFH    0002H
  +--> ?PR?_MCU_GET_DP_DOWNLOAD_BOOL?MCU_API
  +--> ?PR?MODBUS_STARTMANUALDEFROST?MODBUS
  +--> ?PR?_MODBUS_SETDEFROSTDISPLAY?MODBUS
  +--> ?PR?CONTROL_CLEARDEFROSTSESSION?CONTROL
  +--> ?PR?_MCU_DP_BOOL_UPDATE?MCU_API
  +--> ?PR?_UPLOAD_SHADOW_BOOL?UPLOAD

?PR?MODBUS_STARTMANUALDEFROST?MODBUS             -----    -----      -----    -----      -----    -----
  +--> ?PR?_MODBUS_SETDEFROSTDISPLAY?MODBUS

?PR?_MODBUS_SETDEFROSTDISPLAY?MODBUS             -----    -----      -----    -----      8DF1H    0004H
  +--> ?PR?_WRITE_DGUS_VP?SYS

?PR?_DP_DOWNLOAD_RELAY_STATUS_HANDLE?...         -----    -----      -----    -----      8DEFH    0002H
  +--> ?PR?_MCU_GET_DP_DOWNLOAD_ENUM?MCU_API
  +--> ?PR?_WRITE_DGUS_VP?SYS
  +--> ?PR?READY_TO_SAVE?SYS
  +--> ?PR?_MCU_DP_ENUM_UPDATE?MCU_API
  +--> ?PR?_UPLOAD_SHADOW_ENUM?UPLOAD

?PR?_DP_DOWNLOAD_TIMESTAMP_HANDLE?PRO...         -----    -----      -----    -----      8DEFH    0015H
  +--> ?CO?PROTOCOL
  +--> ?PR?_STRTOUL?STRTOUL
  +--> ?PR?_TIMESTAMP_TO_YMDHMS?PROTOCOL
  +--> ?PR?PRINTF?PRINTF
  +--> ?PR?_RTC_WRITEDISPLAYTIME?RTC
  +--> ?PR?_RTC_WRITEEDITTIME?RTC
  +--> ?PR?_WRITE_DGUS_VP?SYS
  +--> ?PR?_MCU_DP_STRING_UPDATE?MCU_API

?PR?_STRTOUL?STRTOUL                             -----    -----      -----    -----      8E04H    0012H

?PR?_TIMESTAMP_TO_YMDHMS?PROTOCOL                -----    -----      -----    -----      8E04H    0015H
  +--> ?CO?PROTOCOL
  +--> ?PR?PRINTF?PRINTF
  +--> ?PR?_IS_LEAP_YEAR?PROTOCOL

?PR?_RTC_WRITEDISPLAYTIME?RTC                    -----    -----      -----    -----      8E04H    000AH
  +--> ?PR?_WRITE_DGUS_VP?SYS

?PR?_RTC_WRITEEDITTIME?RTC                       -----    -----      -----    -----      8E04H    000AH
  +--> ?PR?_WRITE_DGUS_VP?SYS

?PR?_MCU_DP_STRING_UPDATE?MCU_API                -----    -----      -----    -----      8E04H    0006H
  +--> ?PR?_SET_WIFI_UART_BYTE?SYSTEM
  +--> ?PR?_SET_WIFI_UART_BUFFER?SYSTEM
  +--> ?PR?_WIFI_UART_WRITE_FRAME?SYSTEM
BL51 BANKED LINKER/LOCATER V6.22.2.0                                                  07/08/2026  17:17:08  PAGE 17



?PR?_DP_DOWNLOAD_INDOOR_UNIT_HANDLE?P...         -----    -----      -----    -----      8DEFH    002EH
  +--> ?PR?_MODE_MAP_TO_DGUS?PROTOCOL
  +--> ?PR?_READ_DGUS_VP?SYS
  +--> ?PR?_WRITE_DGUS_VP?SYS
  +--> ?PR?_TEMPUNITTRANS?CONTROL
  +--> ?PR?_MODBUS_TRIGGERINDOORUNITWRITE?MO...
  +--> ?PR?HOMEPAGE_SYNCINDOORDISPLAY?CONTROL
  +--> ?PR?UPLOAD_INDOOR_UNIT?UPLOAD

?PR?_MODBUS_TRIGGERINDOORUNITWRITE?MO...         -----    -----      -----    -----      8E1DH    0002H
  +--> ?PR?_MODBUS_INDOORHOLDSET?MODBUS
  +--> ?PR?MODBUS_CLEARPOLLREADFLAGS?MODBUS
  +--> ?PR?_MODBUS_FILLINDOORUNITREGS?MODBUS
  +--> ?PR?_MODBUS_INDOORREGSCHANGED?MODBUS
  +--> ?PR?_MODBUS_QUEUEINDOORUNITWRITE?MODBUS

?PR?_MODBUS_FILLINDOORUNITREGS?MODBUS            -----    -----      -----    -----      8E20H    0010H
  +--> ?PR?_READ_DGUS_VP?SYS
  +--> ?PR?_MODBUS_ENCODEINDOORRUNMODE?MODBUS
  +--> ?PR?_MODBUS_ENCODEINDOORFAN?MODBUS
  +--> ?PR?_MODBUS_SCALEINDOORSETTEMP?MODBUS

?PR?_MODBUS_INDOORREGSCHANGED?MODBUS             -----    -----      -----    -----      8E1FH    0005H

?PR?_MODBUS_QUEUEINDOORUNITWRITE?MODBUS          -----    -----      -----    -----      -----    -----
  +--> ?PR?MODBUS_STARTNEXTINDOORUNITWRITE?M...

?PR?MODBUS_STARTNEXTINDOORUNITWRITE?M...         -----    -----      -----    -----      8E1FH    0001H
  +--> ?PR?MODBUS_CLEARPOLLREADFLAGS?MODBUS
  +--> ?PR?_MODBUS_FILLINDOORUNITREGS?MODBUS

?PR?UPLOAD_INDOOR_UNIT?UPLOAD                    -----    -----      -----    -----      8E1DH    002BH
  +--> ?CO?UPLOAD
  +--> ?PR?_READ_DGUS_VP?SYS
  +--> ?PR?_UPLOAD_CLAMPINDOORTEMP?UPLOAD
  +--> ?PR?_UPLOAD_DGUSINDOORMODETODP?UPLOAD
  +--> ?PR?_MCU_DP_RAW_UPDATE?MCU_API
  +--> ?PR?UPLOAD_YIELDWIFI?UPLOAD

?PR?_MCU_DP_RAW_UPDATE?MCU_API                   -----    -----      -----    -----      8E6FH    0006H
  +--> ?PR?_SET_WIFI_UART_BYTE?SYSTEM
  +--> ?PR?_SET_WIFI_UART_BUFFER?SYSTEM
  +--> ?PR?_WIFI_UART_WRITE_FRAME?SYSTEM

?PR?UPLOAD_YIELDWIFI?UPLOAD                      -----    -----      -----    -----      -----    -----
  +--> ?PR?WIFI_UART_RX_PULL?MCU_API
  +--> ?PR?WIFI_UART_REQUEST_DOWNLOAD_PARSE?...

?PR?_DP_DOWNLOAD_HISTORY_FAULT_EMPTY_...         -----    -----      -----    -----      8DEFH    0001H
  +--> ?PR?_MCU_GET_DP_DOWNLOAD_BOOL?MCU_API
  +--> ?PR?CLEARERRORHISTORY?ERRORHISTORY
  +--> ?PR?_MCU_DP_BOOL_UPDATE?MCU_API

?PR?CLEARERRORHISTORY?ERRORHISTORY               -----    -----      -----    -----      -----    -----
  +--> ?PR?ERRORHISTORY_FLASHCOMMITNOW?ERROR...
  +--> ?PR?UPLOAD_HISTORY_FAULTS?UPLOAD
BL51 BANKED LINKER/LOCATER V6.22.2.0                                                  07/08/2026  17:17:08  PAGE 18



?PR?ERRORHISTORY_FLASHCOMMITNOW?ERROR...         -----    -----      -----    -----      8DF0H    0002H
  +--> ?PR?ERRORHISTORY_FLASHVPADDR?ERRORHIS...
  +--> ?PR?_ERRORHISTORY_FLASHWRITE?ERRORHIS...
  +--> ?PR?_READ_DGUS_VP?SYS
  +--> ?PR?WRITE_MEMORY?SYS
  +--> ?PR?WRITE_NOR_FLASH?SYS

?PR?_ERRORHISTORY_FLASHWRITE?ERRORHIS...         -----    -----      -----    -----      8DF2H    0197H
  +--> ?PR?_ERRORHISTORY_PACKREC?ERRORHISTORY
  +--> ?PR?_WRITE_DGUS_VP?SYS

?PR?_ERRORHISTORY_PACKREC?ERRORHISTORY           -----    -----      -----    -----      8F89H    000AH
  +--> ?PR?_ERRORHISTORY_ISVALIDCODE?ERRORHI...
  +--> ?PR?_ERRORHISTORY_CLAMPBYTE?ERRORHISTORY

?PR?WRITE_NOR_FLASH?SYS                          -----    -----      -----    -----      -----    -----
  +--> ?CO?SYS
  +--> ?PR?_WRITE_DGUS_VP?SYS
  +--> ?PR?_DELAY_MS?SYS
  +--> ?PR?_READ_DGUS_VP?SYS

?PR?UPLOAD_HISTORY_FAULTS?UPLOAD                 -----    -----      -----    -----      8DF0H    007FH
  +--> ?PR?_UPLOAD_PACKHISTORYFAULTBLOCK?UPLOAD
  +--> ?PR?_MCU_DP_RAW_UPDATE?MCU_API
  +--> ?PR?UPLOAD_YIELDWIFI?UPLOAD

?PR?_UPLOAD_PACKHISTORYFAULTBLOCK?UPLOAD         -----    -----      -----    -----      8E6FH    0006H
  +--> ?PR?_UPLOAD_PACKHISTORYFAULTREC?UPLOAD

?PR?_UPLOAD_PACKHISTORYFAULTREC?UPLOAD           -----    -----      -----    -----      8E75H    000AH
  +--> ?PR?RTC_GETFULLYEAR?RTC
  +--> ?PR?_RTC_UNIXFROMLOCALPARTS?RTC

?PR?_RTC_UNIXFROMLOCALPARTS?RTC                  -----    -----      -----    -----      8E7FH    000EH
  +--> ?PR?_RTC_IS_LEAP?RTC
  +--> ?PR?_RTC_DAYS_IN_MONTH?RTC

?PR?_RTC_DAYS_IN_MONTH?RTC                       -----    -----      -----    -----      -----    -----
  +--> ?PR?_RTC_IS_LEAP?RTC

?PR?_DP_DOWNLOAD_INSIDE_TIME_OPEN_HAN...         -----    -----      -----    -----      8DEFH    0020H
  +--> ?PR?_WRITE_DGUS_VP?SYS
  +--> ?PR?_TEMPUNITTRANS?CONTROL
  +--> ?PR?_MODBUS_APPLYINDOORTIMERVPTOUNITS...
  +--> ?PR?READY_TO_SAVE?SYS
  +--> ?PR?_MCU_DP_RAW_UPDATE?MCU_API

?PR?_MODBUS_APPLYINDOORTIMERVPTOUNITS...         -----    -----      -----    -----      8E0FH    0016H
  +--> ?PR?_READ_DGUS_VP?SYS
  +--> ?PR?_WRITE_DGUS_VP?SYS
  +--> ?PR?_MODBUS_QUEUEINDOORTIMERWRITE?MODBUS

?PR?_MODBUS_QUEUEINDOORTIMERWRITE?MODBUS         -----    -----      -----    -----      -----    -----
  +--> ?PR?MODBUS_STARTNEXTTIMERWRITE?MODBUS

?PR?_DP_DOWNLOAD_EXTERNAL_TIME_OPEN_H...         -----    -----      -----    -----      8DEFH    0019H
BL51 BANKED LINKER/LOCATER V6.22.2.0                                                  07/08/2026  17:17:08  PAGE 19


  +--> ?PR?_WRITE_DGUS_VP?SYS
  +--> ?PR?_TEMPUNITTRANS?CONTROL
  +--> ?PR?_DP117_MODE_TO_DGUS?PROTOCOL
  +--> ?PR?READY_TO_SAVE?SYS
  +--> ?PR?_MCU_DP_RAW_UPDATE?MCU_API

?PR?_DP_DOWNLOAD_INSIDE_TIME_CLOSE_HA...         -----    -----      -----    -----      8DEFH    000EH
  +--> ?PR?_WRITE_DGUS_VP?SYS
  +--> ?PR?_MODBUS_APPLYINDOORTIMERVPTOUNITS...
  +--> ?PR?READY_TO_SAVE?SYS
  +--> ?PR?_MCU_DP_RAW_UPDATE?MCU_API

?PR?_DP_DOWNLOAD_EXTERNAL_TIME_CLOSE_...         -----    -----      -----    -----      8DEFH    000EH
  +--> ?PR?_WRITE_DGUS_VP?SYS
  +--> ?PR?READY_TO_SAVE?SYS
  +--> ?PR?_MCU_DP_RAW_UPDATE?MCU_API

?PR?ALL_DATA_UPDATE?PROTOCOL                     -----    -----      -----    -----      -----    -----
  +--> ?PR?UPLOAD_STATE_QUERY_REPLY?UPLOAD

?PR?UPLOAD_STATE_QUERY_REPLY?UPLOAD              -----    -----      -----    -----      -----    -----
  +--> ?PR?UPLOAD_DP_SWITCH?UPLOAD
  +--> ?PR?UPLOAD_DP_MODE?UPLOAD
  +--> ?PR?UPLOAD_DP_TEMP_SET?UPLOAD
  +--> ?PR?UPLOAD_DP_TEMP_UNIT?UPLOAD
  +--> ?PR?UPLOAD_DP_CHILD_LOCK?UPLOAD
  +--> ?PR?UPLOAD_DP_DEFROST?UPLOAD
  +--> ?PR?UPLOAD_DP_RELAY_STATUS?UPLOAD
  +--> ?PR?UPLOAD_DP_WORK_STATE?UPLOAD
  +--> ?PR?UPLOAD_CHECK_STATUS?UPLOAD
  +--> ?PR?UPLOAD_HISTORY_FAULTS?UPLOAD
  +--> ?PR?UPLOAD_DP_FAULT?UPLOAD
  +--> ?PR?UPLOAD_DP_TEMP_CURRENT?UPLOAD

?PR?UPLOAD_DP_SWITCH?UPLOAD                      -----    -----      -----    -----      8DE0H    0002H
  +--> ?PR?_READ_DGUS_VP?SYS
  +--> ?PR?_UPLOAD_BOOLIFCHANGED?UPLOAD

?PR?_UPLOAD_BOOLIFCHANGED?UPLOAD                 -----    -----      -----    -----      -----    -----
  +--> ?PR?_MCU_DP_BOOL_UPDATE?MCU_API
  +--> ?PR?UPLOAD_YIELDWIFI?UPLOAD

?PR?UPLOAD_DP_MODE?UPLOAD                        -----    -----      -----    -----      8DE0H    0002H
  +--> ?PR?_READ_DGUS_VP?SYS
  +--> ?PR?_UPLOAD_MODETODP101?UPLOAD
  +--> ?PR?_UPLOAD_ENUMIFCHANGED?UPLOAD

?PR?_UPLOAD_ENUMIFCHANGED?UPLOAD                 -----    -----      -----    -----      -----    -----
  +--> ?PR?_MCU_DP_ENUM_UPDATE?MCU_API
  +--> ?PR?UPLOAD_YIELDWIFI?UPLOAD

?PR?UPLOAD_DP_TEMP_SET?UPLOAD                    -----    -----      -----    -----      8DE0H    0002H
  +--> ?PR?_READ_DGUS_VP?SYS
  +--> ?PR?_UPLOAD_VALUEIFCHANGED?UPLOAD

?PR?_UPLOAD_VALUEIFCHANGED?UPLOAD                -----    -----      -----    -----      8DE8H    0008H
  +--> ?PR?_MCU_DP_VALUE_UPDATE?MCU_API
BL51 BANKED LINKER/LOCATER V6.22.2.0                                                  07/08/2026  17:17:08  PAGE 20


  +--> ?PR?UPLOAD_YIELDWIFI?UPLOAD

?PR?UPLOAD_DP_TEMP_UNIT?UPLOAD                   -----    -----      -----    -----      8DE0H    0002H
  +--> ?PR?_READ_DGUS_VP?SYS
  +--> ?PR?_UPLOAD_ENUMIFCHANGED?UPLOAD

?PR?UPLOAD_DP_CHILD_LOCK?UPLOAD                  -----    -----      -----    -----      8DE0H    0002H
  +--> ?PR?_READ_DGUS_VP?SYS
  +--> ?PR?_UPLOAD_BOOLIFCHANGED?UPLOAD

?PR?UPLOAD_DP_DEFROST?UPLOAD                     -----    -----      -----    -----      8DE0H    0002H
  +--> ?PR?_READ_DGUS_VP?SYS
  +--> ?PR?_UPLOAD_BOOLIFCHANGED?UPLOAD

?PR?UPLOAD_DP_RELAY_STATUS?UPLOAD                -----    -----      -----    -----      8DE0H    0002H
  +--> ?PR?_READ_DGUS_VP?SYS
  +--> ?PR?_UPLOAD_ENUMIFCHANGED?UPLOAD

?PR?UPLOAD_DP_WORK_STATE?UPLOAD                  -----    -----      -----    -----      8DE0H    0002H
  +--> ?PR?_READ_DGUS_VP?SYS
  +--> ?PR?_UPLOAD_WORKSTATETODP?UPLOAD
  +--> ?PR?_UPLOAD_ENUMIFCHANGED?UPLOAD

?PR?UPLOAD_CHECK_STATUS?UPLOAD                   -----    -----      -----    -----      8DE0H    004CH
  +--> ?PR?_MODBUS_GETCHECKSTATUS?MODBUS
  +--> ?PR?_MCU_DP_RAW_UPDATE?MCU_API
  +--> ?PR?UPLOAD_YIELDWIFI?UPLOAD

?PR?_MODBUS_GETCHECKSTATUS?MODBUS                -----    -----      -----    -----      8E2CH    0003H

?PR?UPLOAD_DP_FAULT?UPLOAD                       -----    -----      -----    -----      8DE0H    0002H
  +--> ?PR?_READ_DGUS_VP?SYS
  +--> ?PR?_UPLOAD_VALUEIFCHANGED?UPLOAD

?PR?UPLOAD_DP_TEMP_CURRENT?UPLOAD                -----    -----      -----    -----      8DE0H    0008H
  +--> ?PR?UPLOAD_GETUNIT?UPLOAD
  +--> ?PR?_READ_DGUS_VP?SYS
  +--> ?PR?_UPLOAD_VALUEIFCHANGED?UPLOAD

?PR?UPLOAD_GETUNIT?UPLOAD                        -----    -----      -----    -----      8DE8H    0002H
  +--> ?PR?_READ_DGUS_VP?SYS

?PR?_UPGRADE_PACKAGE_CHOOSE?PROTOCOL             -----    -----      -----    -----      -----    -----
  +--> ?PR?_SET_WIFI_UART_BYTE?SYSTEM
  +--> ?PR?_WIFI_UART_WRITE_FRAME?SYSTEM

?PR?_MCU_FIRM_UPDATE_HANDLE?PROTOCOL             -----    -----      -----    -----      8DE0H    0009H

?PR?_FILE_DOWNLOAD_PACKAGE_CHOOSE?PRO...         -----    -----      -----    -----      -----    -----
  +--> ?PR?_SET_WIFI_UART_BYTE?SYSTEM
  +--> ?PR?_WIFI_UART_WRITE_FRAME?SYSTEM

?PR?_FILE_DOWNLOAD_HANDLE?PROTOCOL               -----    -----      -----    -----      8DE0H    0009H

?PR?_WIFI_UART_REMOVE_FRAME?MCU_API              -----    -----      -----    -----      8DCBH    0006H
  +--> ?PR?_MY_MEMCPY?MCU_API

BL51 BANKED LINKER/LOCATER V6.22.2.0                                                  07/08/2026  17:17:08  PAGE 21


?PR?WIFI_UART_PROCESS_DOWNLOAD?MCU_API           -----    -----      -----    -----      -----    -----
  +--> ?PR?WIFI_UART_RX_PULL?MCU_API
  +--> ?PR?WIFI_UART_PARSE_CMD6_PRIORITY?MCU...

?PR?MODBUS_SALVE_HANDLER1?MODBUS                 -----    -----      -----    -----      8D71H    0015H
  +--> ?PR?MODBUS_INDOORHOLDTICK?MODBUS
  +--> ?PR?MODBUS_ANALYSIS_DATA1?MODBUS
  +--> ?PR?MODBUS_STARTNEXTINDOORUNITWRITE?M...
  +--> ?PR?MODBUS_INDOORWRITEPENDING?MODBUS
  +--> ?PR?MODBUS_ADVANCEPOLLONTIMEOUT?MODBUS
  +--> ?PR?_MODBUS_FILLGROUPCONTROLREGS?MODBUS
  +--> ?PR?_MODBUS_APPENDU16?MODBUS
  +--> ?PR?_MODBUS_FILLINDOORUNITREGS?MODBUS
  +--> ?PR?_READ_DGUS_VP?SYS
  +--> ?PR?_MODBUS_APPENDMODESETTEMPREG?MODBUS
  +--> ?PR?_CALCULATEMODBUSCRC?MODBUS
  +--> ?PR?_UART5_SENDSTR?UART
  +--> ?PR?_MODBUS_REPORTFAULTCODE?MODBUS
  +--> ?PR?MODBUS_YIELDWIFI?MODBUS

?PR?MODBUS_ANALYSIS_DATA1?MODBUS                 -----    -----      -----    -----      8D86H    003DH
  +--> ?CO?MODBUS
  +--> ?PR?MODBUS_YIELDWIFI?MODBUS
  +--> ?PR?_CALCULATEMODBUSCRC?MODBUS
  +--> ?PR?_READ_DGUS_VP?SYS
  +--> ?PR?_WRITE_DGUS_VP?SYS
  +--> ?PR?READY_TO_SAVE?SYS
  +--> ?PR?UPLOAD_DP_MODE?UPLOAD
  +--> ?PR?_SETTEMPINTWRITE?CONTROL
  +--> ?PR?_TEMPUNITTRANS?CONTROL
  +--> ?PR?_SYNCSETTEMPCACHESFROMC?CONTROL
  +--> ?PR?UPLOAD_DP_TEMP_SET?UPLOAD
  +--> ?PR?_MODBUS_PACKCHECKSTATUSBLOCK?MODBUS
  +--> ?PR?_GETMODBUSREG?MODBUS
  +--> ?PR?_MODBUS_WRITEFLOATTEMPPAIR?MODBUS
  +--> ?PR?UPLOAD_IS_BOOT_READY?UPLOAD
  +--> ?PR?UPLOAD_DP_AROUND_TEMP?UPLOAD
  +--> ?PR?UPLOAD_DP_TEMP_CURRENT?UPLOAD
  +--> ?PR?UPLOAD_DP_TEMP_TOP?UPLOAD
  +--> ?PR?_MODBUS_SYNCDEFROSTFROMREG205?MODBUS
  +--> ?PR?UPLOAD_DP_FAULT?UPLOAD
  +--> ?PR?UPLOAD_CHECK_STATUS?UPLOAD
  +--> ?PR?UPLOAD_DP_EVAPORATOR_TEMP?UPLOAD
  +--> ?PR?UPLOAD_DP_EFFLUENT_TEMP?UPLOAD
  +--> ?PR?MODBUS_STARTINDOORPOLLAFTERCHECK2...
  +--> ?PR?UPLOAD_DP_DEFROST_FREQ?UPLOAD
  +--> ?PR?UPLOAD_DP_DEFROST_TIME?UPLOAD
  +--> ?PR?UPLOAD_DP_DEFROST_OUT_TEMP?UPLOAD
  +--> ?PR?_MODBUS_PACKCHECKSTATUSBYTE?MODBUS
  +--> ?PR?_MODBUS_RXRELREG?MODBUS
  +--> ?PR?_MODBUS_INDOOR11000BLOCKEMPTY?MODBUS
  +--> ?PR?_MODBUS_DECODEINDOORMODEBITS?MODBUS
  +--> ?PR?_MODBUS_SYNCHOMEINDOORMODEFROMUNI...
  +--> ?PR?_MODBUS_DECODEINDOORFAN?MODBUS
  +--> ?PR?_MODBUS_UNSCALEINDOORSETTEMP?MODBUS
  +--> ?PR?HOMEPAGE_SYNCINDOORDISPLAY?CONTROL
  +--> ?PR?MODBUS_RETRYINDOORPOWERMISMATCH?M...
BL51 BANKED LINKER/LOCATER V6.22.2.0                                                  07/08/2026  17:17:08  PAGE 22


  +--> ?PR?UPLOAD_INDOOR_UNIT?UPLOAD
  +--> ?PR?_MODBUS_SAVEGROUPSENTREGS?MODBUS
  +--> ?PR?_MODBUS_SAVEINDOORSENTREGS?MODBUS
  +--> ?PR?_MODBUS_FILLINDOORUNITREGS?MODBUS
  +--> ?PR?MODBUS_FINISHINDOORWRITECHAIN?MODBUS
  +--> ?PR?MODBUS_STARTNEXTTIMERWRITE?MODBUS

?PR?MODBUS_YIELDWIFI?MODBUS                      -----    -----      -----    -----      -----    -----
  +--> ?PR?WIFI_UART_RX_PULL?MCU_API
  +--> ?PR?WIFI_UART_SERVICE?MCU_API

?PR?_CALCULATEMODBUSCRC?MODBUS                   -----    -----      -----    -----      8DC3H    0009H

?PR?_MODBUS_PACKCHECKSTATUSBLOCK?MODBUS          -----    -----      -----    -----      8DC3H    000DH
  +--> ?PR?_MODBUS_PACKCHECKSTATUSBYTE?MODBUS

?PR?_GETMODBUSREG?MODBUS                         -----    -----      -----    -----      8DC3H    0003H

?PR?_MODBUS_WRITEFLOATTEMPPAIR?MODBUS            -----    -----      -----    -----      8DC3H    0014H
  +--> ?PR?_READ_DGUS_VP?SYS
  +--> ?PR?_TEMPUNITTRANS?CONTROL
  +--> ?PR?_WRITE_DGUS_VP?SYS

?PR?UPLOAD_DP_AROUND_TEMP?UPLOAD                 -----    -----      -----    -----      8DC3H    0008H
  +--> ?PR?UPLOAD_GETUNIT?UPLOAD
  +--> ?PR?_READ_DGUS_VP?SYS
  +--> ?PR?_UPLOAD_VALUEIFCHANGED?UPLOAD

?PR?UPLOAD_DP_TEMP_TOP?UPLOAD                    -----    -----      -----    -----      8DC3H    0008H
  +--> ?PR?UPLOAD_GETUNIT?UPLOAD
  +--> ?PR?_READ_DGUS_VP?SYS
  +--> ?PR?_UPLOAD_VALUEIFCHANGED?UPLOAD

?PR?_MODBUS_SYNCDEFROSTFROMREG205?MODBUS         -----    -----      -----    -----      8DC3H    0003H
  +--> ?PR?_READ_DGUS_VP?SYS
  +--> ?PR?_MODBUS_SETDEFROSTDISPLAY?MODBUS
  +--> ?PR?CONTROL_CLEARDEFROSTSESSION?CONTROL
  +--> ?PR?READY_TO_SAVE?SYS
  +--> ?PR?UPLOAD_DP_DEFROST?UPLOAD

?PR?UPLOAD_DP_EVAPORATOR_TEMP?UPLOAD             -----    -----      -----    -----      8DC3H    0008H
  +--> ?PR?UPLOAD_GETUNIT?UPLOAD
  +--> ?PR?_READ_DGUS_VP?SYS
  +--> ?PR?_UPLOAD_VALUEIFCHANGED?UPLOAD

?PR?UPLOAD_DP_EFFLUENT_TEMP?UPLOAD               -----    -----      -----    -----      8DC3H    0008H
  +--> ?PR?UPLOAD_GETUNIT?UPLOAD
  +--> ?PR?_READ_DGUS_VP?SYS
  +--> ?PR?_UPLOAD_VALUEIFCHANGED?UPLOAD

?PR?MODBUS_STARTINDOORPOLLAFTERCHECK2...         -----    -----      -----    -----      -----    -----
  +--> ?PR?MODBUS_CLEARPOLLREADFLAGS?MODBUS

?PR?UPLOAD_DP_DEFROST_FREQ?UPLOAD                -----    -----      -----    -----      8DC3H    0002H
  +--> ?PR?_READ_DGUS_VP?SYS
  +--> ?PR?_UPLOAD_VALUEIFCHANGED?UPLOAD

BL51 BANKED LINKER/LOCATER V6.22.2.0                                                  07/08/2026  17:17:08  PAGE 23


?PR?UPLOAD_DP_DEFROST_TIME?UPLOAD                -----    -----      -----    -----      8DC3H    0002H
  +--> ?PR?_READ_DGUS_VP?SYS
  +--> ?PR?_UPLOAD_VALUEIFCHANGED?UPLOAD

?PR?UPLOAD_DP_DEFROST_OUT_TEMP?UPLOAD            -----    -----      -----    -----      8DC3H    0008H
  +--> ?PR?UPLOAD_GETUNIT?UPLOAD
  +--> ?PR?_READ_DGUS_VP?SYS
  +--> ?PR?_UPLOAD_VALUEIFCHANGED?UPLOAD

?PR?_MODBUS_RXRELREG?MODBUS                      -----    -----      -----    -----      -----    -----
  +--> ?PR?_MODBUS_RXU16?MODBUS

?PR?_MODBUS_INDOOR11000BLOCKEMPTY?MODBUS         -----    -----      -----    -----      8DC3H    0003H
  +--> ?PR?_MODBUS_RXRELREG?MODBUS

?PR?_MODBUS_SYNCHOMEINDOORMODEFROMUNI...         -----    -----      -----    -----      8DC3H    0007H
  +--> ?PR?_WRITE_DGUS_VP?SYS
  +--> ?PR?_READ_DGUS_VP?SYS

?PR?MODBUS_RETRYINDOORPOWERMISMATCH?M...         -----    -----      -----    -----      8DC3H    0003H
  +--> ?PR?_READ_DGUS_VP?SYS
  +--> ?PR?MODBUS_INDOORWRITEPENDING?MODBUS
  +--> ?PR?_MODBUS_QUEUEINDOORUNITWRITE?MODBUS
  +--> ?PR?_MODBUS_TRIGGERINDOORUNITWRITE?MO...

?PR?_MODBUS_SAVEGROUPSENTREGS?MODBUS             -----    -----      -----    -----      8DC3H    0003H

?PR?_MODBUS_SAVEINDOORSENTREGS?MODBUS            -----    -----      -----    -----      8DC3H    0004H

?PR?MODBUS_FINISHINDOORWRITECHAIN?MODBUS         -----    -----      -----    -----      -----    -----
  +--> ?PR?MODBUS_STARTNEXTINDOORUNITWRITE?M...
  +--> ?PR?MODBUS_INDOORWRITEPENDING?MODBUS
  +--> ?PR?MODBUS_CLEARPOLLREADFLAGS?MODBUS

?PR?MODBUS_ADVANCEPOLLONTIMEOUT?MODBUS           -----    -----      -----    -----      -----    -----
  +--> ?PR?MODBUS_STARTINDOORPOLLAFTERCHECK2...

?PR?_MODBUS_FILLGROUPCONTROLREGS?MODBUS          -----    -----      -----    -----      8D86H    0005H
  +--> ?PR?_READ_DGUS_VP?SYS
  +--> ?PR?_MODBUS_ENCODEINDOORRUNMODE?MODBUS
  +--> ?PR?_MODBUS_ENCODEINDOORFAN?MODBUS

?PR?_MODBUS_APPENDU16?MODBUS                     -----    -----      -----    -----      8D8BH    0002H

?PR?_MODBUS_APPENDMODESETTEMPREG?MODBUS          -----    -----      -----    -----      8D86H    0005H
  +--> ?PR?_READ_DGUS_VP?SYS
  +--> ?PR?_MODBUS_APPENDU16?MODBUS

?PR?_UART5_SENDSTR?UART                          -----    -----      -----    -----      8D86H    0003H

?PR?_MODBUS_REPORTFAULTCODE?MODBUS               -----    -----      -----    -----      8D86H    0002H
  +--> ?PR?_WRITE_DGUS_VP?SYS
  +--> ?PR?UPLOAD_DP_FAULT?UPLOAD

?PR?CONTROL_FUNCTION1?CONTROL                    -----    -----      -----    -----      8D71H    0011H
  +--> ?PR?_READ_DGUS_VP?SYS
  +--> ?PR?GETVALUE0F00?CONTROL
BL51 BANKED LINKER/LOCATER V6.22.2.0                                                  07/08/2026  17:17:08  PAGE 24


  +--> ?PR?_ISITHOMEPAGE?CONTROL
  +--> ?PR?HOMEPAGE?CONTROL
  +--> ?PR?_ERRORHISTORY_PAGECHANGE?ERRORHIS...
  +--> ?PR?_WRITE_DGUS_VP?SYS
  +--> ?PR?_SETTEMPINTREAD?CONTROL
  +--> ?PR?_SYNCSETTEMPCACHESFROMC?CONTROL
  +--> ?PR?READY_TO_SAVE_REPORT?SYS
  +--> ?PR?UPLOAD_DP_MODE?UPLOAD
  +--> ?PR?UPLOAD_DP_SWITCH?UPLOAD
  +--> ?PR?UNITCHANGEPRO?CONTROL
  +--> ?PR?UPLOAD_DP_TEMP_UNIT?UPLOAD
  +--> ?PR?UPLOAD_DP_TEMP_SET?UPLOAD
  +--> ?PR?UPLOAD_DP_TEMP_CURRENT?UPLOAD
  +--> ?PR?MODBUS_TRIGGERUSERWRITE?MODBUS
  +--> ?PR?_PAGE_CHANGE_HANDLER?SYS
  +--> ?PR?UPLOAD_INSIDE_TIME_OPEN?UPLOAD
  +--> ?PR?UPLOAD_EXTERNAL_TIME_OPEN?UPLOAD
  +--> ?PR?UPLOAD_INDOOR_UNIT?UPLOAD
  +--> ?PR?_MODBUS_TRIGGERINDOORUNITWRITE?MO...
  +--> ?PR?_SYNCHOMEDISPLAYIFFIRSTINDOORMODE...
  +--> ?PR?_KEYADJUSTSETTEMPFORMODE?CONTROL
  +--> ?PR?PREFILLSETTEMPEDITPAGE?CONTROL
  +--> ?PR?_TEMPUNITTRANS?CONTROL
  +--> ?PR?_SETTEMPINTWRITE?CONTROL
  +--> ?PR?_SETTEMPFLOATWRITEC?CONTROL
  +--> ?PR?_SETMODEPROCESS?CONTROL
  +--> ?PR?UPLOAD_DP_WORK_STATE?UPLOAD
  +--> ?PR?RTCDISPLAY4CHANGE?CONTROL
  +--> ?PR?_LANGUAGE_CHANGE?SYS
  +--> ?PR?RTC_GETUNIXLOCAL?RTC
  +--> ?PR?MODBUS_STARTMANUALDEFROST?MODBUS
  +--> ?PR?UPLOAD_DP_DEFROST?UPLOAD
  +--> ?PR?_BRIGHTNESS_HANDLER?SYS
  +--> ?PR?ERRORHISTORY_TRYMIGRATEFLASH?ERRO...
  +--> ?PR?UPLOAD_DP_RELAY_STATUS?UPLOAD
  +--> ?PR?UPLOAD_EXTERNAL_TIME_CLOSE?UPLOAD
  +--> ?PR?UPLOAD_INSIDE_TIME_CLOSE?UPLOAD
  +--> ?PR?CONTROL_SANITIZESETTEMPINTVP?CONTROL
  +--> ?PR?MODBUS_TRIGGERGROUPCONTROLWRITE?M...
  +--> ?PR?ERRORHISTORY_RESETPAGE?ERRORHISTORY
  +--> ?PR?ERRORHISTORYDISPLAY?ERRORHISTORY
  +--> ?PR?CLEARERRORHISTORY?ERRORHISTORY
  +--> ?PR?_MODBUS_TRIGGERDEFROSTPARAMWRITE?...
  +--> ?PR?UPLOAD_DP_DEFROST_FREQ?UPLOAD
  +--> ?PR?UPLOAD_DP_DEFROST_TIME?UPLOAD
  +--> ?PR?UPLOAD_DP_DEFROST_OUT_TEMP?UPLOAD
  +--> ?PR?_TEMP_LIMIT?CONTROL
  +--> ?PR?MCU_RESET_WIFI?MCU_API
  +--> ?PR?_MODBUS_APPLYINDOORTIMERVPTOUNITS...
  +--> ?PR?SCREENTIMEOUT_SET?SYS
  +--> ?PR?READY4WRITERTC?CONTROL

?PR?GETVALUE0F00?CONTROL                         -----    -----      -----    -----      8D82H    0004H
  +--> ?CO?CONTROL
  +--> ?PR?_READ_DGUS_VP?SYS
  +--> ?PR?_WRITE_DGUS_VP?SYS

BL51 BANKED LINKER/LOCATER V6.22.2.0                                                  07/08/2026  17:17:08  PAGE 25


?PR?_ERRORHISTORY_PAGECHANGE?ERRORHIS...         -----    -----      -----    -----      -----    -----
  +--> ?PR?ERRORHISTORY_GETMAXPAGE?ERRORHISTORY
  +--> ?PR?ERRORHISTORYDISPLAY?ERRORHISTORY

?PR?ERRORHISTORY_GETMAXPAGE?ERRORHISTORY         -----    -----      -----    -----      -----    -----
  +--> ?PR?ERRORHISTORY_GETCOUNT?ERRORHISTORY

?PR?READY_TO_SAVE_REPORT?SYS                     -----    -----      -----    -----      -----    -----
  +--> ?PR?READY_TO_SAVE?SYS

?PR?UPLOAD_INSIDE_TIME_OPEN?UPLOAD               -----    -----      -----    -----      8D82H    000BH
  +--> ?CO?UPLOAD
  +--> ?PR?_READ_DGUS_VP?SYS
  +--> ?PR?_UPLOAD_DGUSMODETODP116?UPLOAD
  +--> ?PR?UPLOAD_PACKTIMERROOMBYTE?UPLOAD
  +--> ?PR?_MCU_DP_RAW_UPDATE?MCU_API
  +--> ?PR?UPLOAD_YIELDWIFI?UPLOAD

?PR?UPLOAD_PACKTIMERROOMBYTE?UPLOAD              -----    -----      -----    -----      8D8DH    0006H
  +--> ?PR?_READ_DGUS_VP?SYS

?PR?UPLOAD_EXTERNAL_TIME_OPEN?UPLOAD             -----    -----      -----    -----      8D82H    0009H
  +--> ?CO?UPLOAD
  +--> ?PR?_READ_DGUS_VP?SYS
  +--> ?PR?_MCU_DP_RAW_UPDATE?MCU_API
  +--> ?PR?UPLOAD_YIELDWIFI?UPLOAD

?PR?_SYNCHOMEDISPLAYIFFIRSTINDOORMODE...         -----    -----      -----    -----      8D82H    0007H
  +--> ?PR?_READ_DGUS_VP?SYS
  +--> ?PR?_WRITE_DGUS_VP?SYS
  +--> ?PR?_HOMEPAGE_UPDATEMODEANIMATION?CON...

?PR?_KEYADJUSTSETTEMPFORMODE?CONTROL             -----    -----      -----    -----      8D82H    000BH
  +--> ?PR?_READ_DGUS_VP?SYS
  +--> ?PR?_SETTEMPINTVPBYMODE?CONTROL
  +--> ?PR?_WRITE_DGUS_VP?SYS
  +--> ?PR?_TEMP_LIMIT?CONTROL
  +--> ?PR?_TEMPUNITTRANS?CONTROL
  +--> ?PR?_SYNCSETTEMPCACHESFROMC?CONTROL
  +--> ?PR?READY_TO_SAVE_REPORT?SYS
  +--> ?PR?UPLOAD_DP_TEMP_SET?UPLOAD

?PR?PREFILLSETTEMPEDITPAGE?CONTROL               -----    -----      -----    -----      8D82H    0008H
  +--> ?PR?_READ_DGUS_VP?SYS
  +--> ?PR?_SETTEMPINTREAD?CONTROL
  +--> ?PR?_CONTROL_CLAMPSETTEMPCBYMODE?CONTROL
  +--> ?PR?_TEMPUNITTRANS?CONTROL
  +--> ?PR?_SETTEMPINTWRITE?CONTROL
  +--> ?PR?_WRITE_DGUS_VP?SYS
  +--> ?PR?_PAGE_CHANGE_HANDLER?SYS

?PR?_SETTEMPFLOATWRITEC?CONTROL                  -----    -----      -----    -----      8D82H    0009H
  +--> ?PR?_TEMPUNITTRANS?CONTROL
  +--> ?PR?_SETTEMPINTWRITE?CONTROL

?PR?_SETMODEPROCESS?CONTROL                      -----    -----      -----    -----      8D82H    0002H
  +--> ?PR?_WRITE_DGUS_VP?SYS
BL51 BANKED LINKER/LOCATER V6.22.2.0                                                  07/08/2026  17:17:08  PAGE 26



?PR?RTCDISPLAY4CHANGE?CONTROL                    -----    -----      -----    -----      8D82H    0008H
  +--> ?PR?_READ_DGUS_VP?SYS
  +--> ?PR?_WRITE_DGUS_VP?SYS
  +--> ?PR?_RTC_MONTHFROMDISPLAYVP?RTC

?PR?_RTC_MONTHFROMDISPLAYVP?RTC                  -----    -----      -----    -----      8D8AH    0002H

?PR?_LANGUAGE_CHANGE?SYS                         -----    -----      -----    -----      8D82H    0004H
  +--> ?PR?_WRITE_DGUS_VP?SYS

?PR?RTC_GETUNIXLOCAL?RTC                         -----    -----      -----    -----      8DAAH    0009H
  +--> ?PR?_RTC_IS_LEAP?RTC
  +--> ?PR?_RTC_DAYS_IN_MONTH?RTC

?PR?_BRIGHTNESS_HANDLER?SYS                      -----    -----      -----    -----      8D82H    0002H
  +--> ?PR?_WRITE_DGUS_VP?SYS

[...]
  -------         ENDDO         
  C:67ADH         LINE#         700
  C:67BEH         LINE#         701
  C:67BEH         LINE#         707
  C:67C9H         LINE#         709
  C:67CFH         LINE#         710
  C:67D2H         LINE#         711
  C:67D2H         LINE#         712
  C:67E9H         LINE#         715
  C:6802H         LINE#         718
  C:681CH         LINE#         719
  C:6835H         LINE#         722
  C:684FH         LINE#         723
  C:6868H         LINE#         727
  C:686DH         LINE#         728
  C:6887H         LINE#         731
  C:689AH         LINE#         733
  C:68B0H         LINE#         734
  C:68B8H         LINE#         735
  C:68D6H         LINE#         736
  C:68D6H         LINE#         737
  C:68DEH         LINE#         740
  C:68F8H         LINE#         741
  C:6911H         LINE#         742
  C:6911H         LINE#         743
  C:6926H         LINE#         744
  C:693FH         LINE#         745
  C:693FH         LINE#         748
  C:6953H         LINE#         749
  C:6966H         LINE#         750
  C:6968H         LINE#         751
  C:6971H         LINE#         752
  C:697CH         LINE#         753
  C:6986H         LINE#         754
  C:6991H         LINE#         755
  C:699AH         LINE#         756
  C:699AH         LINE#         757
  C:69B3H         LINE#         760
  C:69CDH         LINE#         761
  C:69E6H         LINE#         764
  C:6A00H         LINE#         765
  C:6A13H         LINE#         766
  C:6A30H         LINE#         767
  C:6A38H         LINE#         768
  C:6A56H         LINE#         769
  C:6A56H         LINE#         770
  C:6A5EH         LINE#         773
  C:6A65H         LINE#         774
  C:6A68H         LINE#         777
  C:6A85H         LINE#         778
  C:6A8AH         LINE#         779
  C:6A8DH         LINE#         781
  C:6A8FH         LINE#         782
  -------         ENDPROC       _DP_DOWNLOAD_INSIDE_TIME_OPEN_HANDLE
  -------         PROC          _DP117_MODE_TO_DGUS
  D:0007H         SYMBOL        dp_mode
BL51 BANKED LINKER/LOCATER V6.22.2.0                                                  07/08/2026  17:17:08  PAGE 183


  C:FC24H         LINE#         791
  C:FC24H         LINE#         792
  C:FC24H         LINE#         793
  C:FC39H         LINE#         794
  C:FC3CH         LINE#         795
  C:FC40H         LINE#         796
  -------         ENDPROC       _DP117_MODE_TO_DGUS
  -------         PROC          _DP_DOWNLOAD_EXTERNAL_TIME_OPEN_HANDLE
  X:8DEFH         SYMBOL        value
  X:8DF2H         SYMBOL        length
  -------         DO            
  D:0007H         SYMBOL        ret
  X:8DF4H         SYMBOL        i
  X:8DF5H         SYMBOL        p
  X:8DF8H         SYMBOL        switch1
  X:8DFAH         SYMBOL        hour
  X:8DFCH         SYMBOL        min
  D:0006H         SYMBOL        mode
  X:8DFEH         SYMBOL        week
  X:8E00H         SYMBOL        temp
  X:8E02H         SYMBOL        set_val
  X:8E04H         SYMBOL        dgus_mode
  -------         DO            
  X:8E06H         SYMBOL        temp_f
  -------         ENDDO         
  -------         ENDDO         
  C:8659H         LINE#         798
  C:866CH         LINE#         799
  C:866CH         LINE#         803
  C:8677H         LINE#         806
  C:8683H         LINE#         807
  C:869CH         LINE#         810
  C:86B6H         LINE#         811
  C:86CFH         LINE#         814
  C:86E9H         LINE#         815
  C:8702H         LINE#         820
  C:871CH         LINE#         821
  C:872FH         LINE#         822
  C:8745H         LINE#         823
  C:874FH         LINE#         825
  C:8756H         LINE#         826
  C:8774H         LINE#         827
  C:877CH         LINE#         830
  C:8796H         LINE#         831
  C:87AFH         LINE#         832
  C:87AFH         LINE#         833
  C:87C4H         LINE#         834
  C:87DDH         LINE#         835
  C:87DDH         LINE#         837
  C:87F1H         LINE#         838
  C:87FCH         LINE#         839
  C:8815H         LINE#         840
  C:8818H         LINE#         843
  C:8835H         LINE#         844
  C:883AH         LINE#         845
  C:883DH         LINE#         847
  C:883FH         LINE#         848
BL51 BANKED LINKER/LOCATER V6.22.2.0                                                  07/08/2026  17:17:08  PAGE 184


  -------         ENDPROC       _DP_DOWNLOAD_EXTERNAL_TIME_OPEN_HANDLE
  -------         PROC          _DP_DOWNLOAD_INSIDE_TIME_CLOSE_HANDLE
  X:8DEFH         SYMBOL        value
  X:8DF2H         SYMBOL        length
  -------         DO            
  D:0007H         SYMBOL        ret
  X:8DF4H         SYMBOL        p
  X:8DF7H         SYMBOL        switch1
  X:8DF9H         SYMBOL        hour
  X:8DFBH         SYMBOL        min
  -------         ENDDO         
  C:BD7BH         LINE#         857
  C:BD8EH         LINE#         858
  C:BD8EH         LINE#         861
  C:BD99H         LINE#         865
  C:BDA5H         LINE#         866
  C:BDBEH         LINE#         869
  C:BDD8H         LINE#         870
  C:BDF1H         LINE#         873
  C:BE0BH         LINE#         874
  C:BE24H         LINE#         876
  C:BE2BH         LINE#         877
  C:BE2EH         LINE#         880
  C:BE4BH         LINE#         881
  C:BE50H         LINE#         882
  C:BE53H         LINE#         884
  C:BE55H         LINE#         885
  -------         ENDPROC       _DP_DOWNLOAD_INSIDE_TIME_CLOSE_HANDLE
  -------         PROC          _DP_DOWNLOAD_EXTERNAL_TIME_CLOSE_HANDLE
  X:8DEFH         SYMBOL        value
  X:8DF2H         SYMBOL        length
  -------         DO            
  D:0007H         SYMBOL        ret
  X:8DF4H         SYMBOL        p
  X:8DF7H         SYMBOL        switch1
  X:8DF9H         SYMBOL        hour
  X:8DFBH         SYMBOL        min
  -------         ENDDO         
  C:BF2FH         LINE#         894
  C:BF42H         LINE#         895
  C:BF42H         LINE#         898
  C:BF4DH         LINE#         901
  C:BF59H         LINE#         902
  C:BF72H         LINE#         905
  C:BF8CH         LINE#         906
  C:BFA5H         LINE#         909
  C:BFBFH         LINE#         910
  C:BFD8H         LINE#         911
  C:BFDBH         LINE#         914
  C:BFF8H         LINE#         915
  C:BFFDH         LINE#         916
  C:C000H         LINE#         918
  C:C002H         LINE#         919
  -------         ENDPROC       _DP_DOWNLOAD_EXTERNAL_TIME_CLOSE_HANDLE
  -------         PROC          _DP_DOWNLOAD_HANDLE
  D:0007H         SYMBOL        dpid
  X:8DE9H         SYMBOL        value
BL51 BANKED LINKER/LOCATER V6.22.2.0                                                  07/08/2026  17:17:08  PAGE 185


  X:8DECH         SYMBOL        length
  -------         DO            
  X:8DEEH         SYMBOL        ret
  -------         ENDDO         
  C:9933H         LINE#         938
  C:993EH         LINE#         939
  C:993EH         LINE#         945
  C:9943H         LINE#         946
  C:9975H         LINE#         947
  C:9975H         LINE#         949
  C:9989H         LINE#         950
  C:998CH         LINE#         951
  C:998CH         LINE#         953
  C:99A0H         LINE#         954
  C:99A3H         LINE#         955
  C:99A3H         LINE#         957
  C:99B7H         LINE#         958
  C:99BAH         LINE#         959
  C:99BAH         LINE#         961
  C:99CEH         LINE#         962
  C:99D1H         LINE#         963
  C:99D1H         LINE#         965
  C:99E5H         LINE#         966
  C:99E8H         LINE#         967
  C:99E8H         LINE#         969
  C:99FCH         LINE#         970
  C:99FFH         LINE#         971
  C:99FFH         LINE#         973
  C:9A13H         LINE#         974
  C:9A16H         LINE#         975
  C:9A16H         LINE#         977
  C:9A2AH         LINE#         978
  C:9A2DH         LINE#         979
  C:9A2DH         LINE#         981
  C:9A41H         LINE#         982
  C:9A43H         LINE#         983
  C:9A43H         LINE#         985
  C:9A57H         LINE#         986
  C:9A59H         LINE#         987
  C:9A59H         LINE#         989
  C:9A6DH         LINE#         990
  C:9A6FH         LINE#         991
  C:9A6FH         LINE#         993
  C:9A83H         LINE#         994
  C:9A85H         LINE#         995
  C:9A85H         LINE#         997
  C:9A99H         LINE#         998
  C:9A9BH         LINE#         999
  C:9A9BH         LINE#         1001
  C:9AB4H         LINE#         1002
  C:9AB4H         LINE#         1005
  C:9AB4H         LINE#         1006
  C:9AB4H         LINE#         1007
  C:9AB4H         LINE#         1008
  C:9AB9H         LINE#         1009
  -------         ENDPROC       _DP_DOWNLOAD_HANDLE
  -------         PROC          GET_DOWNLOAD_CMD_TOTAL
BL51 BANKED LINKER/LOCATER V6.22.2.0                                                  07/08/2026  17:17:08  PAGE 186


  C:FFE4H         LINE#         1017
  C:FFE4H         LINE#         1018
  C:FFE4H         LINE#         1019
  C:FFE6H         LINE#         1020
  -------         ENDPROC       GET_DOWNLOAD_CMD_TOTAL
  -------         PROC          _UPGRADE_PACKAGE_CHOOSE
  D:0005H         SYMBOL        package_sz
  -------         DO            
  D:0006H         SYMBOL        send_len
  -------         ENDDO         
  C:FE00H         LINE#         1038
  C:FE02H         LINE#         1039
  C:FE02H         LINE#         1041
  C:FE05H         LINE#         1042
  C:FE08H         LINE#         1043
  -------         ENDPROC       _UPGRADE_PACKAGE_CHOOSE
  -------         PROC          _MCU_FIRM_UPDATE_HANDLE
  X:8DE0H         SYMBOL        value
  X:8DE3H         SYMBOL        position
  X:8DE7H         SYMBOL        length
  -------         DO            
  D:0006H         SYMBOL        i
  X:933FH         SYMBOL        Oldposittion
  -------         ENDDO         
  C:CEFDH         LINE#         1057
  C:CF0CH         LINE#         1058
  C:CF0CH         LINE#         1062
  C:CF19H         LINE#         1065
  C:CF19H         LINE#         1067
  C:CF32H         LINE#         1068
  C:CF35H         LINE#         1069
  C:CF35H         LINE#         1070
  C:CF54H         LINE#         1071
  C:CF61H         LINE#         1072
  C:CF83H         LINE#         1073
  C:CF83H         LINE#         1074
  C:CF97H         LINE#         1075
  C:CF99H         LINE#         1076
  C:CF99H         LINE#         1077
  C:CF99H         LINE#         1079
  C:CF9BH         LINE#         1080
  -------         ENDPROC       _MCU_FIRM_UPDATE_HANDLE
  -------         PROC          _FILE_DOWNLOAD_PACKAGE_CHOOSE
  D:0005H         SYMBOL        package_sz
  -------         DO            
  D:0006H         SYMBOL        send_len
  -------         ENDDO         
  C:FE13H         LINE#         1518
  C:FE15H         LINE#         1519
  C:FE15H         LINE#         1521
  C:FE18H         LINE#         1522
  C:FE1BH         LINE#         1523
  -------         ENDPROC       _FILE_DOWNLOAD_PACKAGE_CHOOSE
  -------         PROC          _FILE_DOWNLOAD_HANDLE
  X:8DE0H         SYMBOL        value
  X:8DE3H         SYMBOL        position
  X:8DE7H         SYMBOL        length
BL51 BANKED LINKER/LOCATER V6.22.2.0                                                  07/08/2026  17:17:08  PAGE 187


  C:FE5CH         LINE#         1536
  C:FE6BH         LINE#         1537
  C:FE6BH         LINE#         1539
  C:FE6BH         LINE#         1542
  C:FE6BH         LINE#         1545
  C:FE6BH         LINE#         1547
  C:FE6DH         LINE#         1548
  -------         ENDPROC       _FILE_DOWNLOAD_HANDLE
  -------         ENDMOD        PROTOCOL

  -------         MODULE        ?C?FPMUL
  C:3A9CH         PUBLIC        ?C?FPMUL
  -------         ENDMOD        ?C?FPMUL

  -------         MODULE        ?C?FPDIV
  C:3BA5H         PUBLIC        ?C?FPDIV
  -------         ENDMOD        ?C?FPDIV

  -------         MODULE        ?C?FPCMP
  C:3C44H         PUBLIC        ?C?FPCMP
  C:3C42H         PUBLIC        ?C?FPCMP3
  -------         ENDMOD        ?C?FPCMP

  -------         MODULE        ?C?FCAST
  C:3CC5H         PUBLIC        ?C?FCASTC
  C:3CC0H         PUBLIC        ?C?FCASTI
  C:3CBBH         PUBLIC        ?C?FCASTL
  -------         ENDMOD        ?C?FCAST

  -------         MODULE        ?C?CASTF
  C:3CF9H         PUBLIC        ?C?CASTF
  -------         ENDMOD        ?C?CASTF

  -------         MODULE        PRINTF
  X:8E19H         PUBLIC        ?_PRINTF?BYTE
  X:8E19H         PUBLIC        ?_SPRINTF?BYTE
  C:5943H         PUBLIC        _PRINTF
  C:593DH         PUBLIC        _SPRINTF
  -------         ENDMOD        PRINTF

  -------         MODULE        ?C?FPROUND
  C:3D7AH         PUBLIC        ?C?FPROUND
  -------         ENDMOD        ?C?FPROUND

  -------         MODULE        ?C?FPCONVERT
  C:3DB7H         PUBLIC        ?C?FPCONVERT
  -------         ENDMOD        ?C?FPCONVERT

  -------         MODULE        ?C?FPADD
  C:3EC3H         PUBLIC        ?C?FPADD
  C:3EBFH         PUBLIC        ?C?FPSUB
  -------         ENDMOD        ?C?FPADD

  -------         MODULE        ?C?FTNPWR
  C:3FE4H         PUBLIC        ?C?FTNPWR
  -------         ENDMOD        ?C?FTNPWR

BL51 BANKED LINKER/LOCATER V6.22.2.0                                                  07/08/2026  17:17:08  PAGE 188


  -------         MODULE        ?C?COPY
  C:40F4H         PUBLIC        ?C?COPY
  -------         ENDMOD        ?C?COPY

  -------         MODULE        ?C?CLDPTR
  C:411AH         PUBLIC        ?C?CLDPTR
  -------         ENDMOD        ?C?CLDPTR

  -------         MODULE        ?C?CLDOPTR
  C:4133H         PUBLIC        ?C?CLDOPTR
  -------         ENDMOD        ?C?CLDOPTR

  -------         MODULE        ?C?CILDOPTR
  C:4160H         PUBLIC        ?C?CILDOPTR
  -------         ENDMOD        ?C?CILDOPTR

  -------         MODULE        ?C?CSTPTR
  C:4193H         PUBLIC        ?C?CSTPTR
  -------         ENDMOD        ?C?CSTPTR

  -------         MODULE        ?C?CSTOPTR
  C:41A5H         PUBLIC        ?C?CSTOPTR
  -------         ENDMOD        ?C?CSTOPTR

  -------         MODULE        ?C?IMUL
  C:41C7H         PUBLIC        ?C?IMUL
  -------         ENDMOD        ?C?IMUL

  -------         MODULE        ?C?UIDIV
  C:41D9H         PUBLIC        ?C?UIDIV
  -------         ENDMOD        ?C?UIDIV

  -------         MODULE        ?C?SIDIV
  C:422EH         PUBLIC        ?C?SIDIV
  -------         ENDMOD        ?C?SIDIV

  -------         MODULE        ?C?IILDX
  C:4264H         PUBLIC        ?C?IILDX
  -------         ENDMOD        ?C?IILDX

  -------         MODULE        ?C?ILDIX
  C:427AH         PUBLIC        ?C?ILDIX
  -------         ENDMOD        ?C?ILDIX

  -------         MODULE        ?C?ILDPTR
  C:4290H         PUBLIC        ?C?ILDPTR
  -------         ENDMOD        ?C?ILDPTR

  -------         MODULE        ?C?ILDIPTR
  C:42BBH         PUBLIC        ?C?ILDIPTR
  -------         ENDMOD        ?C?ILDIPTR

  -------         MODULE        ?C?ILDOPTR
  C:42F0H         PUBLIC        ?C?ILDOPTR
  -------         ENDMOD        ?C?ILDOPTR

  -------         MODULE        ?C?ISTPTR
BL51 BANKED LINKER/LOCATER V6.22.2.0                                                  07/08/2026  17:17:08  PAGE 189


  C:4328H         PUBLIC        ?C?ISTPTR
  -------         ENDMOD        ?C?ISTPTR

  -------         MODULE        ?C?ISTOPTR
  C:4347H         PUBLIC        ?C?ISTOPTR
  -------         ENDMOD        ?C?ISTOPTR

  -------         MODULE        ?C?LMUL
  C:4374H         PUBLIC        ?C?LMUL
  -------         ENDMOD        ?C?LMUL

  -------         MODULE        ?C?ULDIV
  C:43FFH         PUBLIC        ?C?ULDIV
  -------         ENDMOD        ?C?ULDIV

  -------         MODULE        ?C?LNEG
  C:4491H         PUBLIC        ?C?LNEG
  -------         ENDMOD        ?C?LNEG

  -------         MODULE        ?C?SLCMP
  C:449FH         PUBLIC        ?C?SLCMP
  -------         ENDMOD        ?C?SLCMP

  -------         MODULE        ?C?ULCMP
  C:44B5H         PUBLIC        ?C?ULCMP
  -------         ENDMOD        ?C?ULCMP

  -------         MODULE        ?C?ULSHR
  C:44C6H         PUBLIC        ?C?ULSHR
  -------         ENDMOD        ?C?ULSHR

  -------         MODULE        ?C?LSHL
  C:44D9H         PUBLIC        ?C?LSHL
  -------         ENDMOD        ?C?LSHL

  -------         MODULE        ?C?LLDPTR
  C:44ECH         PUBLIC        ?C?LLDPTR
  -------         ENDMOD        ?C?LLDPTR

  -------         MODULE        ?C?LSTPTR
  C:450CH         PUBLIC        ?C?LSTPTR
  -------         ENDMOD        ?C?LSTPTR

  -------         MODULE        ?C?LSTXDATA
  C:4526H         PUBLIC        ?C?LSTXDATA
  -------         ENDMOD        ?C?LSTXDATA

  -------         MODULE        ?C?LSTKXDATA
  C:4532H         PUBLIC        ?C?LSTKXDATA
  -------         ENDMOD        ?C?LSTKXDATA

  -------         MODULE        ?C?OFFXADD
  C:4563H         PUBLIC        ?C?OFFXADD
  -------         ENDMOD        ?C?OFFXADD

  -------         MODULE        ?C?PLDIXDATA
  C:456FH         PUBLIC        ?C?PLDIXDATA
BL51 BANKED LINKER/LOCATER V6.22.2.0                                                  07/08/2026  17:17:08  PAGE 190


  -------         ENDMOD        ?C?PLDIXDATA

  -------         MODULE        ?C?PSTXDATA
  C:4586H         PUBLIC        ?C?PSTXDATA
  -------         ENDMOD        ?C?PSTXDATA

  -------         MODULE        ?C?CCASE
  C:458FH         PUBLIC        ?C?CCASE
  -------         ENDMOD        ?C?CCASE

  -------         MODULE        ?C?ICASE
  C:45B5H         PUBLIC        ?C?ICASE
  -------         ENDMOD        ?C?ICASE

  -------         MODULE        ?C?LIMUL
  C:45E2H         PUBLIC        ?C?LIMUL
  -------         ENDMOD        ?C?LIMUL

  -------         MODULE        STRTOUL
  X:8E04H         PUBLIC        ?_strtoul?BYTE
  C:7790H         PUBLIC        _strtoul
  -------         ENDMOD        STRTOUL

  -------         MODULE        ?C?LLDIDATA
  C:460FH         PUBLIC        ?C?LLDIDATA
  -------         ENDMOD        ?C?LLDIDATA

  -------         MODULE        ?C?LLDXDATA
  C:461BH         PUBLIC        ?C?LLDXDATA
  -------         ENDMOD        ?C?LLDXDATA

  -------         MODULE        ?C?LLDPDATA
  C:4627H         PUBLIC        ?C?LLDPDATA
  -------         ENDMOD        ?C?LLDPDATA

  -------         MODULE        ?C?LLDCODE
  C:4633H         PUBLIC        ?C?LLDCODE
  -------         ENDMOD        ?C?LLDCODE

  -------         MODULE        ?C?LSTIDATA
  C:4643H         PUBLIC        ?C?LSTIDATA
  -------         ENDMOD        ?C?LSTIDATA

  -------         MODULE        ?C?LSTPDATA
  C:464FH         PUBLIC        ?C?LSTPDATA
  -------         ENDMOD        ?C?LSTPDATA

  -------         MODULE        ?C?PSTPTR
  C:465BH         PUBLIC        ?C?PSTPTR
  -------         ENDMOD        ?C?PSTPTR

  -------         MODULE        ?C?PSTIDATA
  C:46AAH         PUBLIC        ?C?PSTIDATA
  -------         ENDMOD        ?C?PSTIDATA

  -------         MODULE        ?C?PSTPDATA
  C:46B3H         PUBLIC        ?C?PSTPDATA
BL51 BANKED LINKER/LOCATER V6.22.2.0                                                  07/08/2026  17:17:08  PAGE 191


  -------         ENDMOD        ?C?PSTPDATA

Program Size: data=22.4 xdata=5387 code=65288
LINK/LOCATE RUN COMPLETE.  0 WARNING(S),  0 ERROR(S)
