BL51 BANKED LINKER/LOCATER V6.22.2.0                                                    06/18/2026  09:22:45  PAGE 1


BL51 BANKED LINKER/LOCATER V6.22.2.0, INVOKED BY:
D:\KEIL_V5\C51\C51\BIN\BL51.EXE .\obj\STARTUP_M5.obj, .\obj\main.obj, .\obj\sys.obj, .\obj\control.obj, .\obj\uart.obj, 
>> .\obj\modbus.obj, .\obj\rtc.obj, .\obj\ErrorHistory.obj, .\obj\upload.obj, .\obj\Wifipro.obj, .\obj\OTA.obj, .\obj\mc
>> u_api.obj, .\obj\protocol.obj, .\obj\system.obj TO .\obj\T5L51 PRINT (.\Listings\T5L51.m51) RAMSIZE (256) CODE (0X010
>> 0-0XFFFF) XDATA (0X8000-0XFFFF)


MEMORY MODEL: LARGE WITH FLOATING POINT ARITHMETIC


INPUT MODULES INCLUDED:
  .\obj\STARTUP_M5.obj (?C_STARTUP)
  .\obj\main.obj (MAIN)
  .\obj\sys.obj (SYS)
  .\obj\control.obj (CONTROL)
  .\obj\uart.obj (UART)
  .\obj\modbus.obj (MODBUS)
  .\obj\rtc.obj (RTC)
  .\obj\ErrorHistory.obj (ERRORHISTORY)
  .\obj\upload.obj (UPLOAD)
  .\obj\Wifipro.obj (WIFIPRO)
  .\obj\OTA.obj (OTA)
  .\obj\mcu_api.obj (MCU_API)
  .\obj\protocol.obj (PROTOCOL)
  .\obj\system.obj (SYSTEM)
  D:\KEIL_V5\C51\C51\LIB\C51FPL.LIB (?C?FPMUL)
  D:\KEIL_V5\C51\C51\LIB\C51FPL.LIB (?C?FPDIV)
  D:\KEIL_V5\C51\C51\LIB\C51FPL.LIB (?C?FPCMP)
  D:\KEIL_V5\C51\C51\LIB\C51FPL.LIB (?C?FCAST)
  D:\KEIL_V5\C51\C51\LIB\C51FPL.LIB (?C?CASTF)
  D:\KEIL_V5\C51\C51\LIB\C51FPL.LIB (PRINTF)
  D:\KEIL_V5\C51\C51\LIB\C51FPL.LIB (?C?FPGETOPN)
  D:\KEIL_V5\C51\C51\LIB\C51FPL.LIB (?C?FPROUND)
  D:\KEIL_V5\C51\C51\LIB\C51FPL.LIB (?C?FPCONVERT)
  D:\KEIL_V5\C51\C51\LIB\C51FPL.LIB (?C?FPADD)
  D:\KEIL_V5\C51\C51\LIB\C51FPL.LIB (?C?FTNPWR)
  D:\KEIL_V5\C51\C51\LIB\C51L.LIB (?C_INIT)
  D:\KEIL_V5\C51\C51\LIB\C51L.LIB (?C?COPY)
  D:\KEIL_V5\C51\C51\LIB\C51L.LIB (?C?CLDPTR)
  D:\KEIL_V5\C51\C51\LIB\C51L.LIB (?C?CLDOPTR)
  D:\KEIL_V5\C51\C51\LIB\C51L.LIB (?C?CILDOPTR)
  D:\KEIL_V5\C51\C51\LIB\C51L.LIB (?C?CSTPTR)
  D:\KEIL_V5\C51\C51\LIB\C51L.LIB (?C?CSTOPTR)
  D:\KEIL_V5\C51\C51\LIB\C51L.LIB (?C?IMUL)
  D:\KEIL_V5\C51\C51\LIB\C51L.LIB (?C?UIDIV)
  D:\KEIL_V5\C51\C51\LIB\C51L.LIB (?C?SIDIV)
  D:\KEIL_V5\C51\C51\LIB\C51L.LIB (?C?IILDX)
  D:\KEIL_V5\C51\C51\LIB\C51L.LIB (?C?ILDIX)
  D:\KEIL_V5\C51\C51\LIB\C51L.LIB (?C?ILDIPTR)
  D:\KEIL_V5\C51\C51\LIB\C51L.LIB (?C?ILDOPTR)
  D:\KEIL_V5\C51\C51\LIB\C51L.LIB (?C?ISTPTR)
  D:\KEIL_V5\C51\C51\LIB\C51L.LIB (?C?ISTOPTR)
  D:\KEIL_V5\C51\C51\LIB\C51L.LIB (?C?LMUL)
  D:\KEIL_V5\C51\C51\LIB\C51L.LIB (?C?ULDIV)
  D:\KEIL_V5\C51\C51\LIB\C51L.LIB (?C?LNEG)
  D:\KEIL_V5\C51\C51\LIB\C51L.LIB (?C?SLCMP)
  D:\KEIL_V5\C51\C51\LIB\C51L.LIB (?C?ULCMP)
  D:\KEIL_V5\C51\C51\LIB\C51L.LIB (?C?ULSHR)
BL51 BANKED LINKER/LOCATER V6.22.2.0                                                  06/18/2026  09:22:45  PAGE 2


  D:\KEIL_V5\C51\C51\LIB\C51L.LIB (?C?LSHL)
  D:\KEIL_V5\C51\C51\LIB\C51L.LIB (?C?LLDPTR)
  D:\KEIL_V5\C51\C51\LIB\C51L.LIB (?C?LSTPTR)
  D:\KEIL_V5\C51\C51\LIB\C51L.LIB (?C?LSTXDATA)
  D:\KEIL_V5\C51\C51\LIB\C51L.LIB (?C?LSTKXDATA)
  D:\KEIL_V5\C51\C51\LIB\C51L.LIB (?C?OFFXADD)
  D:\KEIL_V5\C51\C51\LIB\C51L.LIB (?C?PLDIXDATA)
  D:\KEIL_V5\C51\C51\LIB\C51L.LIB (?C?PSTXDATA)
  D:\KEIL_V5\C51\C51\LIB\C51L.LIB (?C?CCASE)
  D:\KEIL_V5\C51\C51\LIB\C51L.LIB (?C?ICASE)
  D:\KEIL_V5\C51\C51\LIB\C51L.LIB (?C?LIMUL)
  D:\KEIL_V5\C51\C51\LIB\C51L.LIB (STRTOUL)
  D:\KEIL_V5\C51\C51\LIB\C51L.LIB (?C?LLDIDATA)
  D:\KEIL_V5\C51\C51\LIB\C51L.LIB (?C?LLDXDATA)
  D:\KEIL_V5\C51\C51\LIB\C51L.LIB (?C?LLDPDATA)
  D:\KEIL_V5\C51\C51\LIB\C51L.LIB (?C?LLDCODE)
  D:\KEIL_V5\C51\C51\LIB\C51L.LIB (?C?LSTIDATA)
  D:\KEIL_V5\C51\C51\LIB\C51L.LIB (?C?LSTPDATA)
  D:\KEIL_V5\C51\C51\LIB\C51L.LIB (?C?PSTPTR)
  D:\KEIL_V5\C51\C51\LIB\C51L.LIB (?C?PSTIDATA)
  D:\KEIL_V5\C51\C51\LIB\C51L.LIB (?C?PSTPDATA)


LINK MAP OF MODULE:  .\obj\T5L51 (?C_STARTUP)


            TYPE    BASE      LENGTH    RELOCATION   SEGMENT NAME
            -----------------------------------------------------

            * * * * * * *   D A T A   M E M O R Y   * * * * * * *
            REG     0000H     0008H     ABSOLUTE     "REG BANK 0"
            DATA    0008H     0005H     UNIT         _DATA_GROUP_
            DATA    000DH     0002H     UNIT         ?DT?SYS
                    000FH     0011H                  *** GAP ***
            BIT     0020H.0   0003H.1   UNIT         ?BI?MODBUS
            BIT     0023H.1   0001H.1   UNIT         _BIT_GROUP_
            BIT     0024H.2   0000H.7   UNIT         ?BI?UPLOAD
            BIT     0025H.1   0000H.5   UNIT         ?BI?CONTROL
            BIT     0025H.6   0000H.4   UNIT         ?BI?OTA
            BIT     0026H.2   0000H.1   UNIT         ?BI?MAIN
            BIT     0026H.3   0000H.1   UNIT         ?BI?PROTOCOL
                    0026H.4   0000H.4                *** GAP ***
            IDATA   0027H     0001H     UNIT         ?STACK

            * * * * * * *  X D A T A   M E M O R Y  * * * * * * *
                    0000H     8000H                  *** GAP ***
            XDATA   8000H     046AH     UNIT         ?XD?MODBUS
            XDATA   846AH     0301H     UNIT         ?XD?SYS
            XDATA   876BH     02B2H     UNIT         ?XD?SYSTEM
            XDATA   8A1DH     0205H     UNIT         ?XD?ERRORHISTORY
            XDATA   8C22H     01D3H     UNIT         _XDATA_GROUP_
            XDATA   8DF5H     0199H     UNIT         ?XD?UART
            XDATA   8F8EH     0151H     UNIT         ?XD?PROTOCOL
            XDATA   90DFH     00B6H     UNIT         ?XD?UPLOAD
            XDATA   9195H     0056H     UNIT         ?XD?CONTROL
            XDATA   91EBH     004CH     UNIT         ?XD?UPLOAD_CHECK_STATUS?UPLOAD
            XDATA   9237H     003CH     UNIT         ?XD?MODBUS_ANALYSIS_DATA1?MODBUS
BL51 BANKED LINKER/LOCATER V6.22.2.0                                                  06/18/2026  09:22:45  PAGE 3


            XDATA   9273H     001BH     UNIT         ?XD?RTC
            XDATA   928EH     0015H     UNIT         ?XD?MODBUS_SALVE_HANDLER1?MODBUS
            XDATA   92A3H     0013H     UNIT         ?XD?_UPLOAD_ULTOSTR?UPLOAD
            XDATA   92B6H     0012H     UNIT         ?XD?CHECK_RTC_SET?RTC
            XDATA   92C8H     0011H     UNIT         ?XD?RDTIME?RTC
            XDATA   92D9H     0010H     UNIT         ?XD?_MODBUS_WRITEFLOATTEMPPAIR?MODBUS
            XDATA   92E9H     0010H     UNIT         ?XD?UPLOAD_ELECTRICITY_STATISTICS?UPLOAD
            XDATA   92F9H     0010H     UNIT         ?XD?UPLOAD_TIMESTAMP_FROM_RTC?UPLOAD
            XDATA   9309H     000EH     UNIT         ?XD?DEFROST_CHECKEXIT?CONTROL
            XDATA   9317H     000EH     UNIT         ?XD?_READTIMERTEMPC?CONTROL
            XDATA   9325H     000DH     UNIT         ?XD?_MODBUS_PACKCHECKSTATUSBLOCK?MODBUS
            XDATA   9332H     000DH     UNIT         ?XD?_ERRORHISTORY_READTIME?ERRORHISTORY
            XDATA   933FH     000DH     UNIT         ?XD?UPLOAD_REPORT_CHANGED?UPLOAD
            XDATA   934CH     000CH     UNIT         ?XD?SCREENSAVER_PRO?CONTROL
            XDATA   9358H     000BH     UNIT         ?XD?TIMER_APPLYINDOORON?CONTROL
            XDATA   9363H     000BH     UNIT         ?XD?OTA
            XDATA   936EH     0009H     UNIT         ?XD?_CALCULATEMODBUSCRC?MODBUS
            XDATA   9377H     0009H     UNIT         ?XD?_UPDATEERRORHISTORY?ERRORHISTORY
            XDATA   9380H     0009H     UNIT         ?XD?_MY_MEMSET?MCU_API
            XDATA   9389H     0009H     UNIT         ?XD?_MY_STRCPY?MCU_API
            XDATA   9392H     0008H     UNIT         ?XD?_GETTIMEDIFF?RTC
            XDATA   939AH     0008H     UNIT         ?XD?_UPLOAD_VALUEIFCHANGED?UPLOAD
            XDATA   93A2H     0007H     UNIT         ?XD?TIMERRUNNING?CONTROL
            XDATA   93A9H     0007H     UNIT         ?XD?_MCU_DP_FAULT_UPDATE?MCU_API
            XDATA   93B0H     0006H     UNIT         ?XD?RTCUPDATE?RTC
            XDATA   93B6H     0006H     UNIT         ?XD?_MY_STRCMP?MCU_API
            XDATA   93BCH     0005H     UNIT         ?XD?_TIMER_ISWEEKDAYMATCH?CONTROL
            XDATA   93C1H     0005H     UNIT         ?XD?TIMER_APPLYINDOOROFF?CONTROL
            XDATA   93C6H     0005H     UNIT         ?XD?_MODBUS_APPENDMODESETTEMPREG?MODBUS
            XDATA   93CBH     0005H     UNIT         ?XD?_RTC_CONFIG?RTC
            XDATA   93D0H     0005H     UNIT         ?XD?_RTC_GET_WEEK?RTC
            XDATA   93D5H     0005H     UNIT         ?XD?_UART_RECEIVE_BUFF_INPUT?MCU_API
            XDATA   93DAH     0004H     UNIT         ?XD?_DGUS_WAITEN?SYS
            XDATA   93DEH     0004H     UNIT         ?XD?HOMEPAGE_ICON?CONTROL
            XDATA   93E2H     0004H     UNIT         ?XD?_MODBUS_SAVEINDOORSENTREGS?MODBUS
            XDATA   93E6H     0004H     UNIT         ?XD?OTAENCODEPRO?OTA
            XDATA   93EAH     0004H     UNIT         ?XD?_INT_TO_BYTE?MCU_API
            XDATA   93EEH     0003H     UNIT         ?XD?_UART5_SENDSTR?UART
            XDATA   93F1H     0003H     UNIT         ?XD?_MODBUS_SAVEGROUPSENTREGS?MODBUS
            XDATA   93F4H     0003H     UNIT         ?XD?_MODBUS_GETCHECKSTATUS?MODBUS
            XDATA   93F7H     0003H     UNIT         ?XD?_GETMODBUSREG?MODBUS
            XDATA   93FAH     0003H     UNIT         ?XD?MCU_API
            XDATA   93FDH     0002H     UNIT         ?XD?MAIN
            XDATA   93FFH     0002H     UNIT         ?XD?SAVE_DATA_HANDLER?SYS
            XDATA   9401H     0002H     UNIT         ?XD?SYNCTIMERFROMVP?CONTROL
            XDATA   9403H     0002H     UNIT         ?XD?_MODBUS_APPENDU16?MODBUS
            XDATA   9405H     0002H     UNIT         ?XD?_MODBUS_REPORTFAULTCODE?MODBUS
            XDATA   9407H     0001H     UNIT         ?XD?_MODBUS_ISFAULTACTIVE?MODBUS
            XDATA   9408H     0001H     UNIT         ?XD?DECODEERRORHISTORY?ERRORHISTORY

            * * * * * * *   C O D E   M E M O R Y   * * * * * * *
            CODE    0000H     0003H     ABSOLUTE     
                    0003H     0008H                  *** GAP ***
            CODE    000BH     0003H     ABSOLUTE     
                    000EH     000DH                  *** GAP ***
            CODE    001BH     0003H     ABSOLUTE     
                    001EH     0005H                  *** GAP ***
BL51 BANKED LINKER/LOCATER V6.22.2.0                                                  06/18/2026  09:22:45  PAGE 4


            CODE    0023H     0003H     ABSOLUTE     
                    0026H     0005H                  *** GAP ***
            CODE    002BH     0003H     ABSOLUTE     
                    002EH     0035H                  *** GAP ***
            CODE    0063H     0003H     ABSOLUTE     
                    0066H     0005H                  *** GAP ***
            CODE    006BH     0003H     ABSOLUTE     
                    006EH     008AH                  *** GAP ***
            CODE    00F8H     0008H     ABSOLUTE     
            CODE    0100H     196AH     UNIT         ?PR?CONTROL_FUNCTION1?CONTROL
            CODE    1A6AH     0F3AH     UNIT         ?PR?MODBUS_ANALYSIS_DATA1?MODBUS
            CODE    29A4H     0D77H     UNIT         ?PR?MODBUS_SALVE_HANDLER1?MODBUS
            CODE    371BH     0BF5H     UNIT         ?C?LIB_CODE
            CODE    4310H     09C9H     UNIT         ?C_INITSEG
            CODE    4CD9H     07A7H     UNIT         ?PR?_DATA_HANDLE?SYSTEM
            CODE    5480H     0534H     UNIT         ?PR?UPLOAD_REPORT_CHANGED?UPLOAD
            CODE    59B4H     0483H     UNIT         ?PR?PRINTF?PRINTF
            CODE    5E37H     0449H     UNIT         ?PR?ALL_DATA_UPDATE?PROTOCOL
            CODE    6280H     038EH     UNIT         ?PR?OTAENCODEPRO?OTA
            CODE    660EH     02E3H     UNIT         ?PR?_DP_DOWNLOAD_INSIDE_TIME_OPEN_HANDLE?PROTOCOL
            CODE    68F1H     02B3H     UNIT         ?PR?_TEMP_LIMIT?CONTROL
            CODE    6BA4H     02ADH     UNIT         ?PR?TEMPUNIT_REFRESHALL?CONTROL
            CODE    6E51H     0294H     UNIT         ?PR?TIMERRUNNING?CONTROL
            CODE    70E5H     026BH     UNIT         ?PR?_DP_DOWNLOAD_INDOOR_UNIT_HANDLE?PROTOCOL
            CODE    7350H     026AH     UNIT         ?PR?_TIMESTAMP_TO_YMDHMS?PROTOCOL
            CODE    75BAH     0260H     UNIT         ?PR?_ERRORHISTORY_FLASHREAD?ERRORHISTORY
            CODE    781AH     0252H     UNIT         ?PR?_STRTOUL?STRTOUL
            CODE    7A6CH     024DH     UNIT         ?PR?UPLOAD_INDOOR_UNIT?UPLOAD
            CODE    7CB9H     023CH     UNIT         ?PR?_ERRORHISTORY_PACKREC?ERRORHISTORY
            CODE    7EF5H     022BH     UNIT         ?PR?SYNCTIMERFROMVP?CONTROL
            CODE    8120H     0200H     UNIT         ?PR?UPLOAD_EXTERNAL_TIME_OPEN?UPLOAD
            CODE    8320H     01FBH     UNIT         ?PR?_MODBUS_APPLYINDOORTIMERVPTOUNITS?MODBUS
            CODE    851BH     01FAH     UNIT         ?PR?_MODBUS_FILLINDOORUNITREGS?MODBUS
            CODE    8715H     01F9H     UNIT         ?PR?_READ_DGUS_VP?SYS
            CODE    890EH     01F8H     UNIT         ?PR?WIFI_UART_SERVICE?MCU_API
            CODE    8B06H     01F0H     UNIT         ?PR?READ_MEMORY?SYS
            CODE    8CF6H     01E0H     UNIT         ?PR?UPLOAD_INSIDE_TIME_OPEN?UPLOAD
            CODE    8ED6H     01DEH     UNIT         ?PR?_DP_DOWNLOAD_EXTERNAL_TIME_OPEN_HANDLE?PROTOCOL
            CODE    90B4H     01D6H     UNIT         ?PR?_DP_DOWNLOAD_TIMESTAMP_HANDLE?PROTOCOL
            CODE    928AH     01BEH     UNIT         ?PR?_WRITE_DGUS_VP?SYS
            CODE    9448H     01BEH     UNIT         ?PR?RDTIME?RTC
            CODE    9606H     01ABH     UNIT         ?PR?RTC_GETUNIXLOCAL?RTC
            CODE    97B1H     0197H     UNIT         ?PR?_ERRORHISTORY_UNPACKRECLEGACY?ERRORHISTORY
            CODE    9948H     0193H     UNIT         ?PR?_ERRORHISTORY_UNPACKREC?ERRORHISTORY
            CODE    9ADBH     0182H     UNIT         ?PR?_DP_DOWNLOAD_HANDLE?PROTOCOL
            CODE    9C5DH     0176H     UNIT         ?PR?DEFROST_CHECKEXIT?CONTROL
            CODE    9DD3H     016FH     UNIT         ?PR?UPLOAD_HISTORY_FAULTS?UPLOAD
            CODE    9F42H     016DH     UNIT         ?PR?READ_MEMORY_ERROR?SYS
            CODE    A0AFH     016CH     UNIT         ?PR?MODBUS_REFRESHCHECKPARAMDISPLAY?MODBUS
            CODE    A21BH     0167H     UNIT         ?PR?CHECK_RTC_SET?RTC
            CODE    A382H     0167H     UNIT         ?PR?_MY_MEMCPY?MCU_API
            CODE    A4E9H     0165H     UNIT         ?PR?WRITE_MEMORY?SYS
            CODE    A64EH     015FH     UNIT         ?PR?_MCU_DP_FAULT_UPDATE?MCU_API
            CODE    A7ADH     015EH     UNIT         ?PR?_UPDATEERRORHISTORY?ERRORHISTORY
            CODE    A90BH     015CH     UNIT         ?PR?HOMEPAGE_ICON?CONTROL
            CODE    AA67H     0153H     UNIT         ?PR?SCREENSAVER_PRO?CONTROL
            CODE    ABBAH     0148H     UNIT         ?PR?_FLASHCHECKSUMCALCULATE?SYS
BL51 BANKED LINKER/LOCATER V6.22.2.0                                                  06/18/2026  09:22:45  PAGE 5


            CODE    AD02H     0138H     UNIT         ?PR?_BYTE_TO_INT?MCU_API
            CODE    AE3AH     0129H     UNIT         ?PR?READY4WRITERTC?CONTROL
            CODE    AF63H     0126H     UNIT         ?PR?TIMER_APPLYINDOORON?CONTROL
            CODE    B089H     0121H     UNIT         ?PR?PRODUCT_INFO_UPDATE?SYSTEM
            CODE    B1AAH     011BH     UNIT         ?PR?_UPLOAD_ULTOSTR?UPLOAD
            CODE    B2C5H     0113H     UNIT         ?PR?RTCDISPLAY4CHANGE?CONTROL
            CODE    B3D8H     010FH     UNIT         ?PR?_ERRORHISTORY_READTIME?ERRORHISTORY
            CODE    B4E7H     010EH     UNIT         ?PR?PREFILLSETTEMPEDITPAGE?CONTROL
            CODE    B5F5H     010CH     UNIT         ?PR?T0_ISR_PC?SYS
            CODE    B701H     0106H     UNIT         ?PR?HOMEPAGE_SYNCINDOORDISPLAY?CONTROL
            CODE    B807H     0106H     UNIT         ?PR?_MODBUS_FILLGROUPCONTROLREGS?MODBUS
            CODE    B90DH     0102H     UNIT         ?PR?ERRORHISTORYDISPLAY?ERRORHISTORY
            CODE    BA0FH     00FBH     UNIT         ?PR?_HOMEPAGE_UPDATEMODEANIMATION?CONTROL
            CODE    BB0AH     00F1H     UNIT         ?PR?_DP_DOWNLOAD_SWITCH_HANDLE?PROTOCOL
            CODE    BBFBH     00EEH     UNIT         ?PR?_KEYADJUSTSETTEMPFORMODE?CONTROL
            CODE    BCE9H     00E4H     UNIT         ?PR?_RTC_CONFIG?RTC
            CODE    BDCDH     00E2H     UNIT         ?PR?UPLOAD_INSIDE_TIME_CLOSE?UPLOAD
            CODE    BEAFH     00E2H     UNIT         ?PR?UPLOAD_EXTERNAL_TIME_CLOSE?UPLOAD
            CODE    BF91H     00D8H     UNIT         ?PR?_DP_DOWNLOAD_MODE_HANDLE?PROTOCOL
            CODE    C069H     00D1H     UNIT         ?PR?_DP_DOWNLOAD_INSIDE_TIME_CLOSE_HANDLE?PROTOCOL
            CODE    C13AH     00D1H     UNIT         ?PR?_DP_DOWNLOAD_EXTERNAL_TIME_CLOSE_HANDLE?PROTOCOL
            CODE    C20BH     00C8H     UNIT         ?PR?UART5_RX_ISR_PC?UART
            CODE    C2D3H     00C7H     UNIT         ?PR?_TEMPUNITTRANS?CONTROL
            CODE    C39AH     00C5H     UNIT         ?PR?_MEMORY_WRITETIMERSLOT?SYS
            CODE    C45FH     00C3H     UNIT         ?PR?INIT_RTC?RTC
            CODE    C522H     00B9H     UNIT         ?PR?_CALCULATEMODBUSCRC?MODBUS
            CODE    C5DBH     00ACH     UNIT         ?PR?_TIMER_ISWEEKDAYMATCH?CONTROL
            CODE    C687H     00ACH     UNIT         ?PR?_MODBUS_PACKCHECKSTATUSBLOCK?MODBUS
            CODE    C733H     00ACH     UNIT         ?PR?_UART_RECEIVE_INPUT?MCU_API
            CODE    C7DFH     00ABH     UNIT         ?PR?_ERRORHISTORY_FLASHWRITE?ERRORHISTORY
            CODE    C88AH     00A7H     UNIT         ?PR?_MCU_DP_VALUE_UPDATE?MCU_API
            CODE    C931H     00A6H     UNIT         ?PR?_MEMORY_READTIMERSLOT?SYS
            CODE    C9D7H     00A5H     UNIT         ?PR?_DP_DOWNLOAD_TEMP_SET_HANDLE?PROTOCOL
            CODE    CA7CH     00A4H     UNIT         ?PR?RTCUPDATE?RTC
            CODE    CB20H     00A1H     UNIT         ?C_C51STARTUP
            CODE    CBC1H     009FH     UNIT         ?PR?_MCU_FIRM_UPDATE_HANDLE?PROTOCOL
            CODE    CC60H     009BH     UNIT         ?PR?_SYNCSETTEMPCACHESFROMC?CONTROL
            CODE    CCFBH     009BH     UNIT         ?PR?UPLOAD_CHECK_STATUS?UPLOAD
            CODE    CD96H     0095H     UNIT         ?PR?UART2_ISR_PC?UART
            CODE    CE2BH     0094H     UNIT         ?PR?_RTC_GET_WEEK?RTC
            CODE    CEBFH     0091H     UNIT         ?PR?_RTC_WRITEDISPLAYTIME?RTC
            CODE    CF50H     0091H     UNIT         ?PR?_RTC_WRITEEDITTIME?RTC
            CODE    CFE1H     008AH     UNIT         ?PR?ERRORHISTORY_TRYMIGRATEFLASH?ERRORHISTORY
            CODE    D06BH     008AH     UNIT         ?PR?_MY_STRCPY?MCU_API
            CODE    D0F5H     0086H     UNIT         ?PR?_DATA_POINT_HANDLE?SYSTEM
            CODE    D17BH     0083H     UNIT         ?PR?_READTIMERTEMPC?CONTROL
            CODE    D1FEH     0083H     UNIT         ?PR?_MODBUS_APPENDMODESETTEMPREG?MODBUS
            CODE    D281H     0080H     UNIT         ?PR?_MODBUS_INDOORREGSCHANGED?MODBUS
            CODE    D301H     007DH     UNIT         ?PR?UPLOAD_PACKTIMERROOMBYTE?UPLOAD
            CODE    D37EH     007CH     UNIT         ?PR?MODBUSCHANELCONTROL?MAIN
            CODE    D3FAH     007BH     UNIT         ?PR?OTADECODEPRO?OTA
            CODE    D475H     0079H     UNIT         ?PR?_GETTIMEDIFF?RTC
            CODE    D4EEH     0078H     UNIT         ?PR?TIMER_APPLYINDOOROFF?CONTROL
            CODE    D566H     0075H     UNIT         ?PR?_MY_STRLEN?MCU_API
            CODE    D5DBH     0074H     UNIT         ?PR?_SYNCINDOORROOMTEMPVPPAIR?CONTROL
            CODE    D64FH     0074H     UNIT         ?PR?_UART2SENDDATA?UART
            CODE    D6C3H     0073H     UNIT         ?PR?_MY_STRCMP?MCU_API
BL51 BANKED LINKER/LOCATER V6.22.2.0                                                  06/18/2026  09:22:45  PAGE 6


            CODE    D736H     0071H     UNIT         ?PR?_UART5_SENDSTR?UART
            CODE    D7A7H     0071H     UNIT         ?PR?UART5_TX_ISR_PC?UART
            CODE    D818H     0071H     UNIT         ?PR?_HEX_TO_BCD?MCU_API
            CODE    D889H     0070H     UNIT         ?PR?_MODBUS_WRITEFLOATTEMPPAIR?MODBUS
            CODE    D8F9H     006DH     UNIT         ?PR?TEMPUNIT_REFRESHACTIVESETFROMMODE?CONTROL
            CODE    D966H     006DH     UNIT         ?PR?_ERRORHISTORY_CONVERTLEGACYRAWREC?ERRORHISTORY
            CODE    D9D3H     006CH     UNIT         ?PR?_SET_WIFI_UART_BUFFER?SYSTEM
            CODE    DA3FH     0069H     UNIT         ?PR?_WIFI_UART_WRITE_FRAME?SYSTEM
            CODE    DAA8H     0067H     UNIT         ?PR?INIT_CPU?SYS
            CODE    DB0FH     0066H     UNIT         ?PR?_SYNCINDOORSETTEMPVPPAIR?CONTROL
            CODE    DB75H     0066H     UNIT         ?PR?_MODBUS_GROUPREGSCHANGED?MODBUS
            CODE    DBDBH     0066H     UNIT         ?PR?UPLOAD_TIMESTAMP_FROM_RTC?UPLOAD
            CODE    DC41H     0065H     UNIT         ?PR?GETVALUE0F00?CONTROL
            CODE    DCA6H     0065H     UNIT         ?PR?_MODBUS_SAVEINDOORSENTREGS?MODBUS
            CODE    DD0BH     0064H     UNIT         ?PR?_SETTEMPINTVPBYMODE?CONTROL
            CODE    DD6FH     0064H     UNIT         ?PR?_UPLOAD_VALUEIFCHANGED?UPLOAD
            CODE    DDD3H     0063H     UNIT         ?PR?TAKE_BYTE_RXBUFF?SYSTEM
            CODE    DE36H     0060H     UNIT         ?PR?_INT_TO_BYTE?MCU_API
            CODE    DE96H     005FH     UNIT         ?PR?_SYNCTIMERTEMPVPPAIR?CONTROL
            CODE    DEF5H     005EH     UNIT         ?PR?MAIN?MAIN
            CODE    DF53H     005CH     UNIT         ?PR?_TEMPUNIT_REFRESHFLOATPAIR?CONTROL
            CODE    DFAFH     005BH     UNIT         ?PR?_MCU_DP_RAW_UPDATE?MCU_API
            CODE    E00AH     005BH     UNIT         ?PR?_MCU_DP_STRING_UPDATE?MCU_API
            CODE    E065H     0059H     UNIT         ?PR?SCREENTIMEOUT_SET?SYS
            CODE    E0BEH     0058H     UNIT         ?PR?_MY_MEMSET?MCU_API
            CODE    E116H     0055H     UNIT         ?PR?T1_ISR_PC?SYS
            CODE    E16BH     0055H     UNIT         ?CO?CONTROL
            CODE    E1C0H     0054H     UNIT         ?PR?_MODBUS_ISFAULTACTIVE?MODBUS
            CODE    E214H     0054H     UNIT         ?PR?DECODEERRORHISTORY?ERRORHISTORY
            CODE    E268H     0054H     UNIT         ?PR?_WIFI_UART_WRITE_DATA?SYSTEM
            CODE    E2BCH     0052H     UNIT         ?CO?SYS
            CODE    E30EH     0051H     UNIT         ?PR?_MODBUS_TRIGGERINDOORUNITWRITE?MODBUS
            CODE    E35FH     0050H     UNIT         ?PR?ERRORHISTORY_SANITIZE?ERRORHISTORY
            CODE    E3AFH     004EH     UNIT         ?PR?SAVE_DATA_HANDLER?SYS
            CODE    E3FDH     004CH     UNIT         ?PR?_MODBUS_SAVEGROUPSENTREGS?MODBUS
            CODE    E449H     004CH     UNIT         ?PR?_GETMODBUSREG?MODBUS
            CODE    E495H     004BH     UNIT         ?PR?_PAGE_CHANGE_HANDLER?SYS
            CODE    E4E0H     004BH     UNIT         ?PR?_MODBUS_APPENDU16?MODBUS
            CODE    E52BH     004AH     UNIT         ?PR?_GET_CHECK_SUM?SYSTEM
            CODE    E575H     0049H     UNIT         ?PR?_MODBUS_GETCHECKSTATUS?MODBUS
            CODE    E5BEH     0045H     UNIT         ?PR?_DGUS_WAITEN?SYS
            CODE    E603H     0045H     UNIT         ?PR?_SETTEMPFLOATWRITEC?CONTROL
            CODE    E648H     0045H     UNIT         ?PR?MODBUS_STARTMANUALDEFROST?MODBUS
            CODE    E68DH     0044H     UNIT         ?PR?HOMEPAGE?CONTROL
            CODE    E6D1H     0044H     UNIT         ?PR?ERRORHISTORY_FLASHCOMMITNOW?ERRORHISTORY
            CODE    E715H     0044H     UNIT         ?PR?CLEARERRORHISTORY?ERRORHISTORY
            CODE    E759H     0044H     UNIT         ?PR?_MCU_DP_BOOL_UPDATE?MCU_API
            CODE    E79DH     0043H     UNIT         ?PR?WIFI_RESTING_PRO?CONTROL
            CODE    E7E0H     0042H     UNIT         ?CO?PROTOCOL
            CODE    E822H     0041H     UNIT         ?PR?_DP_DOWNLOAD_TEMP_UNIT_CONVERT_HANDLE?PROTOCOL
            CODE    E863H     0040H     UNIT         ?PR?SYSTEM_PARM_INIT?SYS
            CODE    E8A3H     003FH     UNIT         ?PR?READY_TO_SAVE?SYS
            CODE    E8E2H     003FH     UNIT         ?PR?_UART_RECEIVE_BUFF_INPUT?MCU_API
            CODE    E921H     003EH     UNIT         ?PR?READ_NOR_FLASH?SYS
            CODE    E95FH     003EH     UNIT         ?PR?WRITE_NOR_FLASH?SYS
            CODE    E99DH     003EH     UNIT         ?PR?_MODBUS_ENCODEINDOORRUNMODE?MODBUS
            CODE    E9DBH     003EH     UNIT         ?PR?_RTCI2CBW?RTC
BL51 BANKED LINKER/LOCATER V6.22.2.0                                                  06/18/2026  09:22:45  PAGE 7


            CODE    EA19H     003EH     UNIT         ?PR?_MCU_DP_ENUM_UPDATE?MCU_API
            CODE    EA57H     003EH     UNIT         ?PR?_DP_DOWNLOAD_CHILD_LOCK_HANDLE?PROTOCOL
            CODE    EA95H     003BH     UNIT         ?PR?MODBUS_STARTNEXTTIMERWRITE?MODBUS
            CODE    EAD0H     003BH     UNIT         ?CO?SYSTEM
            CODE    EB0BH     0039H     UNIT         ?PR?_DP_DOWNLOAD_RELAY_STATUS_HANDLE?PROTOCOL
            CODE    EB44H     0038H     UNIT         ?PR?UPLOAD_ELECTRICITY_STATISTICS?UPLOAD
            CODE    EB7CH     0038H     UNIT         ?CO?UPLOAD
            CODE    EBB4H     0037H     UNIT         ?PR?_MODBUS_REPORTFAULTCODE?MODBUS
            CODE    EBEBH     0036H     UNIT         ?PR?UNITCHANGEPRO?CONTROL
            CODE    EC21H     0036H     UNIT         ?PR?_DP_DOWNLOAD_DEFROST_HANDLE?PROTOCOL
            CODE    EC57H     0035H     UNIT         ?PR?_RTC_DAYS_IN_MONTH?RTC
            CODE    EC8CH     0035H     UNIT         ?PR?WITH_DATA_RXBUFF?SYSTEM
            CODE    ECC1H     0033H     UNIT         ?PR?_ERRORHISTORY_PAGECHANGE?ERRORHISTORY
            CODE    ECF4H     0032H     UNIT         ?PR?_DELAY_US?RTC
            CODE    ED26H     0032H     UNIT         ?PR?RTCI2CBR?RTC
            CODE    ED58H     0030H     UNIT         ?PR?_SETTEMPINTREAD?CONTROL
            CODE    ED88H     0030H     UNIT         ?PR?_SETTEMPINTWRITE?CONTROL
            CODE    EDB8H     0030H     UNIT         ?PR?_IS_LEAP_YEAR?PROTOCOL
            CODE    EDE8H     002FH     UNIT         ?PR?_GET_DOWMLOAD_DPID_INDEX?SYSTEM
            CODE    EE17H     002EH     UNIT         ?PR?_LANGUAGE_CHANGE?SYS
            CODE    EE45H     002CH     UNIT         ?PR?_SET_WIFI_UART_BYTE?SYSTEM
            CODE    EE71H     002BH     UNIT         ?PR?_ERRORHISTORY_ISVALIDCODE?ERRORHISTORY
            CODE    EE9CH     0029H     UNIT         ?PR?_MODBUS_ENCODEINDOORFAN?MODBUS
            CODE    EEC5H     0029H     UNIT         ?PR?RTCCACK?RTC
            CODE    EEEEH     0029H     UNIT         ?PR?_MODE_MAP_TO_DGUS?PROTOCOL
            CODE    EF17H     0028H     UNIT         ?PR?OTARELOAD_DELAYPAGE?CONTROL
            CODE    EF3FH     0028H     UNIT         ?PR?_RTC_IS_LEAP?RTC
            CODE    EF67H     0028H     UNIT         ?PR?WIFI_PROTOCOL_INIT?MCU_API
            CODE    EF8FH     0027H     UNIT         ?PR?_MODBUS_QUEUEINDOORTIMERWRITE?MODBUS
            CODE    EFB6H     0027H     UNIT         ?PR?HEAT_BEAT_CHECK?SYSTEM
            CODE    EFDDH     0026H     UNIT         ?PR?_ISITHOMEPAGE?CONTROL
            CODE    F003H     0026H     UNIT         ?PR?OTAINIT?OTA
            CODE    F029H     0023H     UNIT         ?PR?UI_OPENPAGE?MAIN
            CODE    F04CH     0022H     UNIT         ?PR?GETPAGEID?CONTROL
            CODE    F06EH     0022H     UNIT         ?PR?ERRORHISTORY_GETCOUNT?ERRORHISTORY
            CODE    F090H     0022H     UNIT         ?PR?_DP_DOWNLOAD_HISTORY_FAULT_EMPTY_HANDLE?PROTOCOL
            CODE    F0B2H     0021H     UNIT         ?PR?_UPLOAD_CLAMPINDOORTEMP?UPLOAD
            CODE    F0D3H     0020H     UNIT         ?PR?_BRIGHTNESS_HANDLER?SYS
            CODE    F0F3H     0020H     UNIT         ?PR?_DELAYUS?SYS
            CODE    F113H     0020H     UNIT         ?PR?_DELAYMS?SYS
            CODE    F133H     0020H     UNIT         ?PR?_SETMODEPROCESS?CONTROL
            CODE    F153H     0020H     UNIT         ?PR?_PUTCHAR?UART
            CODE    F173H     0020H     UNIT         ?PR?OTARECVPRO?OTA
            CODE    F193H     001FH     UNIT         ?PR?_UPLOAD_DGUSMODETODP116?UPLOAD
            CODE    F1B2H     001FH     UNIT         ?CO?MCU_API
            CODE    F1D1H     001EH     UNIT         ?PR?_UPLOAD_WORKSTATETODP?UPLOAD
            CODE    F1EFH     001DH     UNIT         ?PR?MODBUS_TRIGGERGROUPCONTROLWRITE?MODBUS
            CODE    F20CH     001BH     UNIT         ?PR?_UPLOAD_BOOLIFCHANGED?UPLOAD
            CODE    F227H     001AH     UNIT         ?PR?_DP117_MODE_TO_DGUS?PROTOCOL
            CODE    F241H     0018H     UNIT         ?PR?RTCI2CSTART?RTC
            CODE    F259H     0018H     UNIT         ?PR?_UPLOAD_MODETODP101?UPLOAD
            CODE    F271H     0018H     UNIT         ?PR?OTA_MODBUSPRO?OTA
            CODE    F289H     0017H     UNIT         ?PR?RTCI2CSTOP?RTC
            CODE    F2A0H     0017H     UNIT         ?PR?_UPLOAD_ENUMIFCHANGED?UPLOAD
            CODE    F2B7H     0017H     UNIT         ?PR?MCU_RESET_WIFI?MCU_API
            CODE    F2CEH     0017H     UNIT         ?PR?_MCU_SET_WIFI_MODE?MCU_API
            CODE    F2E5H     0017H     UNIT         ?PR?MCU_GET_WIFI_WORK_STATE?MCU_API
BL51 BANKED LINKER/LOCATER V6.22.2.0                                                  06/18/2026  09:22:45  PAGE 8


            CODE    F2FCH     0016H     UNIT         ?PR?T2_INIT?SYS
            CODE    F312H     0016H     UNIT         ?PR?UART2_INIT?UART
            CODE    F328H     0016H     UNIT         ?PR?_MODBUS_PACKCHECKSTATUSBYTE?MODBUS
            CODE    F33EH     0015H     UNIT         ?PR?UART5_INIT?UART
            CODE    F353H     0014H     UNIT         ?PR?_MODBUS_TRIGGERDEFROSTPARAMWRITE?MODBUS
            CODE    F367H     0013H     UNIT         ?PR?T2_ISR_PC?SYS
            CODE    F37AH     0013H     UNIT         ?PR?_BCD?RTC
            CODE    F38DH     0013H     UNIT         ?PR?_ERRORHISTORY_CLAMPBYTE?ERRORHISTORY
            CODE    F3A0H     0013H     UNIT         ?PR?_UPGRADE_PACKAGE_CHOOSE?PROTOCOL
            CODE    F3B3H     0013H     UNIT         ?PR?_FILE_DOWNLOAD_PACKAGE_CHOOSE?PROTOCOL
            CODE    F3C6H     0012H     UNIT         ?PR?UART4_INIT?UART
            CODE    F3D8H     0012H     UNIT         ?PR?RTCMACK?RTC
            CODE    F3EAH     0012H     UNIT         ?PR?_FILE_DOWNLOAD_HANDLE?PROTOCOL
            CODE    F3FCH     0010H     UNIT         ?PR?T0_INIT?SYS
            CODE    F40CH     0010H     UNIT         ?PR?T1_INIT?SYS
            CODE    F41CH     0010H     UNIT         ?PR?RTCMNAK?RTC
            CODE    F42CH     0010H     UNIT         ?CO?RTC
            CODE    F43CH     0010H     UNIT         ?PR?ERRORHISTORY_GETMAXPAGE?ERRORHISTORY
            CODE    F44CH     000FH     UNIT         ?PR?_DELAY_MS?SYS
            CODE    F45BH     000FH     UNIT         ?PR?GETSYSTICKTIME?RTC
            CODE    F46AH     000EH     UNIT         ?PR?ERRORHISTORY_INIT?ERRORHISTORY
            CODE    F478H     000DH     UNIT         ?PR?_RTC_MONTHFROMDISPLAYVP?RTC
            CODE    F485H     000DH     UNIT         ?PR?_MCU_GET_DP_DOWNLOAD_BOOL?MCU_API
            CODE    F492H     000DH     UNIT         ?PR?_MCU_GET_DP_DOWNLOAD_ENUM?MCU_API
            CODE    F49FH     000CH     UNIT         ?CO?ERRORHISTORY
            CODE    F4ABH     000CH     UNIT         ?PR?UPLOAD_ALL_TIMERS?UPLOAD
            CODE    F4B7H     000CH     UNIT         ?PR?UPLOAD_REPORT_POLL?UPLOAD
            CODE    F4C3H     000BH     UNIT         ?PR?_MCU_GET_DP_DOWNLOAD_VALUE?MCU_API
            CODE    F4CEH     000BH     UNIT         ?PR?_UART_TRANSMIT_OUTPUT?PROTOCOL
            CODE    F4D9H     000AH     UNIT         ?PR?PORT_INIT?SYS
            CODE    F4E3H     000AH     UNIT         ?PR?MCU_START_WIFITEST?MCU_API
            CODE    F4EDH     000AH     UNIT         ?PR?GET_MCU_WIFI_MODE?SYSTEM
            CODE    F4F7H     0009H     UNIT         ?PR?UPLOAD_TIMESTAMP_BOOT_ONCE?UPLOAD
            CODE    F500H     0009H     UNIT         ?PR?_WIFI_TEST_RESULT?PROTOCOL
            CODE    F509H     0008H     UNIT         ?CO?MODBUS
            CODE    F511H     0008H     UNIT         ?PR?ERRORHISTORY_FLASHVPADDR?ERRORHISTORY
            CODE    F519H     0007H     UNIT         ?PR?UART2_RXENABLE?UART
            CODE    F520H     0007H     UNIT         ?PR?UPLOAD_REQUEST_REPORT?UPLOAD
            CODE    F527H     0007H     UNIT         ?PR?UPLOAD_REPORT_FORCE_SYNC?UPLOAD
            CODE    F52EH     0006H     UNIT         ?PR?RTC_GET_WEEKDAY?RTC
            CODE    F534H     0006H     UNIT         ?PR?ERRORHISTORY_RESETPAGE?ERRORHISTORY
            CODE    F53AH     0006H     UNIT         ?PR?WIFI_INIT?WIFIPRO
            CODE    F540H     0006H     UNIT         ?PR?MCU_GET_RESET_WIFI_FLAG?MCU_API
            CODE    F546H     0006H     UNIT         ?PR?MCU_GET_WIFIMODE_FLAG?MCU_API
            CODE    F54CH     0003H     UNIT         ?PR?MODBUS_INIT?MODBUS
            CODE    F54FH     0003H     UNIT         ?PR?GET_DOWNLOAD_CMD_TOTAL?PROTOCOL
            CODE    F552H     0001H     UNIT         ?PR?_UWOERRORCODEPROCESS?ERRORHISTORY



OVERLAY MAP OF MODULE:   .\obj\T5L51 (?C_STARTUP)


SEGMENT                                             BIT_GROUP          DATA_GROUP          XDATA_GROUP
  +--> CALLED SEGMENT                            START    LENGTH     START    LENGTH     START    LENGTH
--------------------------------------------------------------------------------------------------------
?C_C51STARTUP                                    -----    -----      -----    -----      -----    -----
BL51 BANKED LINKER/LOCATER V6.22.2.0                                                  06/18/2026  09:22:45  PAGE 9


  +--> ?PR?MAIN?MAIN
  +--> ?C_INITSEG

?PR?MAIN?MAIN                                    -----    -----      -----    -----      -----    -----
  +--> ?PR?INIT_CPU?SYS
  +--> ?PR?PORT_INIT?SYS
  +--> ?PR?T0_INIT?SYS
  +--> ?PR?T1_INIT?SYS
  +--> ?PR?T2_INIT?SYS
  +--> ?PR?MODBUS_INIT?MODBUS
  +--> ?PR?UART4_INIT?UART
  +--> ?PR?WIFI_INIT?WIFIPRO
  +--> ?PR?INIT_RTC?RTC
  +--> ?PR?SYSTEM_PARM_INIT?SYS
  +--> ?PR?WIFI_UART_SERVICE?MCU_API
  +--> ?PR?CONTROL_FUNCTION1?CONTROL
  +--> ?PR?MCU_GET_WIFI_WORK_STATE?MCU_API
  +--> ?PR?UI_OPENPAGE?MAIN
  +--> ?PR?WIFI_RESTING_PRO?CONTROL

?PR?MODBUS_INIT?MODBUS                           -----    -----      -----    -----      -----    -----
  +--> ?PR?UART5_INIT?UART

?PR?WIFI_INIT?WIFIPRO                            -----    -----      -----    -----      -----    -----
  +--> ?PR?UART2_INIT?UART
  +--> ?PR?WIFI_PROTOCOL_INIT?MCU_API

?PR?INIT_RTC?RTC                                 -----    -----      -----    -----      8C22H    0002H
  +--> ?PR?RTCI2CSTART?RTC
  +--> ?PR?_RTCI2CBW?RTC
  +--> ?PR?RTCI2CSTOP?RTC
  +--> ?PR?RTCI2CBR?RTC
  +--> ?PR?RTCMACK?RTC
  +--> ?PR?RTCMNAK?RTC

?PR?RTCI2CSTART?RTC                              -----    -----      -----    -----      -----    -----
  +--> ?PR?_DELAY_US?RTC

?PR?_DELAY_US?RTC                                -----    -----      0008H    0004H      -----    -----

?PR?_RTCI2CBW?RTC                                -----    -----      -----    -----      -----    -----
  +--> ?PR?_DELAY_US?RTC
  +--> ?PR?RTCCACK?RTC

?PR?RTCCACK?RTC                                  -----    -----      -----    -----      -----    -----
  +--> ?PR?_DELAY_US?RTC

?PR?RTCI2CSTOP?RTC                               -----    -----      -----    -----      -----    -----
  +--> ?PR?_DELAY_US?RTC

?PR?RTCI2CBR?RTC                                 -----    -----      -----    -----      -----    -----
  +--> ?PR?_DELAY_US?RTC

?PR?RTCMACK?RTC                                  -----    -----      -----    -----      -----    -----
  +--> ?PR?_DELAY_US?RTC

?PR?RTCMNAK?RTC                                  -----    -----      -----    -----      -----    -----
BL51 BANKED LINKER/LOCATER V6.22.2.0                                                  06/18/2026  09:22:45  PAGE 10


  +--> ?PR?_DELAY_US?RTC

?PR?SYSTEM_PARM_INIT?SYS                         -----    -----      -----    -----      8C22H    0002H
  +--> ?PR?READ_NOR_FLASH?SYS
  +--> ?PR?_DELAY_MS?SYS
  +--> ?PR?_READ_DGUS_VP?SYS
  +--> ?PR?_FLASHCHECKSUMCALCULATE?SYS
  +--> ?PR?READ_MEMORY_ERROR?SYS
  +--> ?PR?READ_MEMORY?SYS

?PR?READ_NOR_FLASH?SYS                           -----    -----      -----    -----      -----    -----
  +--> ?CO?SYS
  +--> ?PR?_WRITE_DGUS_VP?SYS
  +--> ?PR?_DELAY_MS?SYS
  +--> ?PR?_READ_DGUS_VP?SYS

?PR?_WRITE_DGUS_VP?SYS                           -----    -----      -----    -----      8DE5H    000FH

?PR?_READ_DGUS_VP?SYS                            -----    -----      -----    -----      8DC3H    0015H

?PR?_FLASHCHECKSUMCALCULATE?SYS                  -----    -----      -----    -----      8C4EH    002AH
  +--> ?CO?SYS
  +--> ?PR?_READ_DGUS_VP?SYS

?PR?READ_MEMORY_ERROR?SYS                        -----    -----      -----    -----      8C24H    0002H
  +--> ?PR?_WRITE_DGUS_VP?SYS
  +--> ?PR?_LANGUAGE_CHANGE?SYS
  +--> ?PR?_BRIGHTNESS_HANDLER?SYS
  +--> ?PR?SCREENTIMEOUT_SET?SYS

?PR?_LANGUAGE_CHANGE?SYS                         -----    -----      -----    -----      8C33H    0004H
  +--> ?PR?_WRITE_DGUS_VP?SYS

?PR?_BRIGHTNESS_HANDLER?SYS                      -----    -----      -----    -----      8C33H    0002H
  +--> ?PR?_WRITE_DGUS_VP?SYS

?PR?SCREENTIMEOUT_SET?SYS                        0023H.1  0000H.1    -----    -----      8C33H    0004H
  +--> ?PR?_READ_DGUS_VP?SYS
  +--> ?PR?_WRITE_DGUS_VP?SYS

?PR?READ_MEMORY?SYS                              -----    -----      -----    -----      8C24H    0006H
  +--> ?PR?_READ_DGUS_VP?SYS
  +--> ?PR?_WRITE_DGUS_VP?SYS
  +--> ?PR?_HOMEPAGE_UPDATEMODEANIMATION?CON...
  +--> ?PR?_BRIGHTNESS_HANDLER?SYS
  +--> ?PR?_LANGUAGE_CHANGE?SYS
  +--> ?PR?_MEMORY_READTIMERSLOT?SYS
  +--> ?PR?SCREENTIMEOUT_SET?SYS
  +--> ?PR?_ERRORHISTORY_FLASHREAD?ERRORHISTORY
  +--> ?PR?ERRORHISTORY_SANITIZE?ERRORHISTORY

?PR?_HOMEPAGE_UPDATEMODEANIMATION?CON...         -----    -----      -----    -----      8C64H    0006H
  +--> ?PR?_WRITE_DGUS_VP?SYS

?PR?_MEMORY_READTIMERSLOT?SYS                    -----    -----      -----    -----      8C2AH    003AH
  +--> ?PR?_READ_DGUS_VP?SYS
  +--> ?PR?_WRITE_DGUS_VP?SYS
BL51 BANKED LINKER/LOCATER V6.22.2.0                                                  06/18/2026  09:22:45  PAGE 11



?PR?_ERRORHISTORY_FLASHREAD?ERRORHISTORY         -----    -----      -----    -----      8C2AH    0199H
  +--> ?PR?_READ_DGUS_VP?SYS
  +--> ?PR?_ERRORHISTORY_UNPACKREC?ERRORHISTORY
  +--> ?PR?_ERRORHISTORY_UNPACKRECLEGACY?ERR...
  +--> ?PR?_ERRORHISTORY_CONVERTLEGACYRAWREC...
  +--> ?PR?_ERRORHISTORY_ISVALIDCODE?ERRORHI...

?PR?_ERRORHISTORY_UNPACKREC?ERRORHISTORY         -----    -----      -----    -----      8DC3H    000AH

?PR?_ERRORHISTORY_UNPACKRECLEGACY?ERR...         -----    -----      -----    -----      8DC3H    000CH

?PR?_ERRORHISTORY_CONVERTLEGACYRAWREC...         -----    -----      -----    -----      8DC3H    0001H
  +--> ?PR?_ERRORHISTORY_ISVALIDCODE?ERRORHI...

?PR?ERRORHISTORY_SANITIZE?ERRORHISTORY           -----    -----      -----    -----      -----    -----
  +--> ?PR?_ERRORHISTORY_ISVALIDCODE?ERRORHI...

?PR?WIFI_UART_SERVICE?MCU_API                    -----    -----      -----    -----      8C22H    0004H
  +--> ?PR?WITH_DATA_RXBUFF?SYSTEM
  +--> ?PR?TAKE_BYTE_RXBUFF?SYSTEM
  +--> ?PR?_GET_CHECK_SUM?SYSTEM
  +--> ?PR?_DATA_HANDLE?SYSTEM
  +--> ?PR?_MY_MEMCPY?MCU_API

?PR?_GET_CHECK_SUM?SYSTEM                        -----    -----      -----    -----      8CCFH    0006H

?PR?_DATA_HANDLE?SYSTEM                          -----    -----      -----    -----      8C26H    0013H
  +--> ?PR?HEAT_BEAT_CHECK?SYSTEM
  +--> ?PR?PRODUCT_INFO_UPDATE?SYSTEM
  +--> ?PR?GET_MCU_WIFI_MODE?SYSTEM
  +--> ?PR?_DATA_POINT_HANDLE?SYSTEM
  +--> ?PR?ALL_DATA_UPDATE?PROTOCOL
  +--> ?PR?_UPGRADE_PACKAGE_CHOOSE?PROTOCOL
  +--> ?PR?_MCU_FIRM_UPDATE_HANDLE?PROTOCOL
  +--> ?PR?_WIFI_UART_WRITE_FRAME?SYSTEM
  +--> ?PR?_WIFI_TEST_RESULT?PROTOCOL
  +--> ?PR?_FILE_DOWNLOAD_PACKAGE_CHOOSE?PRO...
  +--> ?PR?_FILE_DOWNLOAD_HANDLE?PROTOCOL

?PR?HEAT_BEAT_CHECK?SYSTEM                       -----    -----      -----    -----      -----    -----
  +--> ?PR?_SET_WIFI_UART_BYTE?SYSTEM
  +--> ?PR?_WIFI_UART_WRITE_FRAME?SYSTEM

?PR?_SET_WIFI_UART_BYTE?SYSTEM                   -----    -----      -----    -----      8CCDH    0002H

?PR?_WIFI_UART_WRITE_FRAME?SYSTEM                -----    -----      -----    -----      8CCDH    0002H
  +--> ?PR?_GET_CHECK_SUM?SYSTEM
  +--> ?PR?_WIFI_UART_WRITE_DATA?SYSTEM

?PR?_WIFI_UART_WRITE_DATA?SYSTEM                 -----    -----      -----    -----      8CCFH    0005H
  +--> ?PR?_UART_TRANSMIT_OUTPUT?PROTOCOL

?PR?_UART_TRANSMIT_OUTPUT?PROTOCOL               -----    -----      -----    -----      -----    -----
  +--> ?PR?_UART2SENDDATA?UART

?PR?_UART2SENDDATA?UART                          -----    -----      -----    -----      8CD4H    0003H
BL51 BANKED LINKER/LOCATER V6.22.2.0                                                  06/18/2026  09:22:45  PAGE 12



?PR?PRODUCT_INFO_UPDATE?SYSTEM                   -----    -----      -----    -----      8C39H    000DH
  +--> ?CO?SYSTEM
  +--> ?PR?_MY_STRLEN?MCU_API
  +--> ?PR?_SET_WIFI_UART_BUFFER?SYSTEM
  +--> ?PR?_WIFI_UART_WRITE_FRAME?SYSTEM

?PR?_MY_STRLEN?MCU_API                           -----    -----      -----    -----      8C46H    0007H

?PR?_SET_WIFI_UART_BUFFER?SYSTEM                 -----    -----      -----    -----      8CCDH    0007H
  +--> ?PR?_MY_MEMCPY?MCU_API

?PR?_MY_MEMCPY?MCU_API                           -----    -----      -----    -----      8CD4H    0010H

?PR?GET_MCU_WIFI_MODE?SYSTEM                     -----    -----      -----    -----      -----    -----
  +--> ?PR?_WIFI_UART_WRITE_FRAME?SYSTEM

?PR?_DATA_POINT_HANDLE?SYSTEM                    -----    -----      -----    -----      8C39H    0007H
  +--> ?PR?_GET_DOWMLOAD_DPID_INDEX?SYSTEM
  +--> ?PR?_DP_DOWNLOAD_HANDLE?PROTOCOL

?PR?_GET_DOWMLOAD_DPID_INDEX?SYSTEM              -----    -----      -----    -----      8C40H    0001H
  +--> ?PR?GET_DOWNLOAD_CMD_TOTAL?PROTOCOL

?PR?_DP_DOWNLOAD_HANDLE?PROTOCOL                 -----    -----      -----    -----      8C40H    0007H
  +--> ?PR?_DP_DOWNLOAD_SWITCH_HANDLE?PROTOCOL
  +--> ?PR?_DP_DOWNLOAD_MODE_HANDLE?PROTOCOL
  +--> ?PR?_DP_DOWNLOAD_CHILD_LOCK_HANDLE?PR...
  +--> ?PR?_DP_DOWNLOAD_TEMP_SET_HANDLE?PROT...
  +--> ?PR?_DP_DOWNLOAD_TEMP_UNIT_CONVERT_HA...
  +--> ?PR?_DP_DOWNLOAD_DEFROST_HANDLE?PROTOCOL
  +--> ?PR?_DP_DOWNLOAD_RELAY_STATUS_HANDLE?...
  +--> ?PR?_DP_DOWNLOAD_TIMESTAMP_HANDLE?PRO...
  +--> ?PR?_DP_DOWNLOAD_INDOOR_UNIT_HANDLE?P...
  +--> ?PR?_DP_DOWNLOAD_HISTORY_FAULT_EMPTY_...
  +--> ?PR?_DP_DOWNLOAD_INSIDE_TIME_OPEN_HAN...
  +--> ?PR?_DP_DOWNLOAD_EXTERNAL_TIME_OPEN_H...
  +--> ?PR?_DP_DOWNLOAD_INSIDE_TIME_CLOSE_HA...
  +--> ?PR?_DP_DOWNLOAD_EXTERNAL_TIME_CLOSE_...

?PR?_DP_DOWNLOAD_SWITCH_HANDLE?PROTOCOL          -----    -----      -----    -----      8C47H    0005H
  +--> ?PR?_MCU_GET_DP_DOWNLOAD_BOOL?MCU_API
  +--> ?PR?_READ_DGUS_VP?SYS
  +--> ?PR?_WRITE_DGUS_VP?SYS
  +--> ?PR?_MCU_DP_BOOL_UPDATE?MCU_API

?PR?_MCU_GET_DP_DOWNLOAD_BOOL?MCU_API            -----    -----      -----    -----      8C4CH    0002H

?PR?_MCU_DP_BOOL_UPDATE?MCU_API                  -----    -----      -----    -----      8C4FH    0001H
  +--> ?PR?_SET_WIFI_UART_BYTE?SYSTEM
  +--> ?PR?_WIFI_UART_WRITE_FRAME?SYSTEM

?PR?_DP_DOWNLOAD_MODE_HANDLE?PROTOCOL            -----    -----      -----    -----      8C47H    0003H
  +--> ?PR?_MCU_GET_DP_DOWNLOAD_ENUM?MCU_API
  +--> ?PR?_WRITE_DGUS_VP?SYS
  +--> ?PR?_READ_DGUS_VP?SYS
  +--> ?PR?_MCU_DP_ENUM_UPDATE?MCU_API
BL51 BANKED LINKER/LOCATER V6.22.2.0                                                  06/18/2026  09:22:45  PAGE 13



?PR?_MCU_GET_DP_DOWNLOAD_ENUM?MCU_API            -----    -----      -----    -----      8C4AH    0002H

?PR?_MCU_DP_ENUM_UPDATE?MCU_API                  -----    -----      -----    -----      8C4FH    0001H
  +--> ?PR?_SET_WIFI_UART_BYTE?SYSTEM
  +--> ?PR?_WIFI_UART_WRITE_FRAME?SYSTEM

?PR?_DP_DOWNLOAD_CHILD_LOCK_HANDLE?PR...         -----    -----      -----    -----      8C47H    0001H
  +--> ?PR?_MCU_GET_DP_DOWNLOAD_BOOL?MCU_API
  +--> ?PR?HOMEPAGE?CONTROL
  +--> ?PR?_WRITE_DGUS_VP?SYS
  +--> ?PR?_MCU_DP_BOOL_UPDATE?MCU_API

?PR?HOMEPAGE?CONTROL                             0023H.1  0000H.1    -----    -----      8C48H    0002H
  +--> ?PR?GETPAGEID?CONTROL
  +--> ?PR?_ISITHOMEPAGE?CONTROL
  +--> ?PR?_READ_DGUS_VP?SYS
  +--> ?PR?_PAGE_CHANGE_HANDLER?SYS
  +--> ?PR?HOMEPAGE_SYNCINDOORDISPLAY?CONTROL

?PR?GETPAGEID?CONTROL                            -----    -----      -----    -----      8C4AH    0002H
  +--> ?PR?_READ_DGUS_VP?SYS

?PR?_ISITHOMEPAGE?CONTROL                        0023H.2  0000H.1    -----    -----      -----    -----

?PR?_PAGE_CHANGE_HANDLER?SYS                     -----    -----      -----    -----      -----    -----
  +--> ?PR?_WRITE_DGUS_VP?SYS
  +--> ?PR?_DELAY_MS?SYS
  +--> ?PR?_READ_DGUS_VP?SYS

?PR?HOMEPAGE_SYNCINDOORDISPLAY?CONTROL           -----    -----      -----    -----      8C60H    0004H
  +--> ?PR?_READ_DGUS_VP?SYS
  +--> ?PR?_WRITE_DGUS_VP?SYS
  +--> ?PR?_HOMEPAGE_UPDATEMODEANIMATION?CON...

?PR?_DP_DOWNLOAD_TEMP_SET_HANDLE?PROT...         -----    -----      -----    -----      8C47H    000AH
  +--> ?PR?_MCU_GET_DP_DOWNLOAD_VALUE?MCU_API
  +--> ?PR?_WRITE_DGUS_VP?SYS
  +--> ?PR?_READ_DGUS_VP?SYS
  +--> ?PR?_SETTEMPINTWRITE?CONTROL
  +--> ?PR?_SYNCSETTEMPCACHESFROMC?CONTROL
  +--> ?PR?READY_TO_SAVE?SYS
  +--> ?PR?_MCU_DP_VALUE_UPDATE?MCU_API

?PR?_MCU_GET_DP_DOWNLOAD_VALUE?MCU_API           -----    -----      -----    -----      8C51H    0002H
  +--> ?PR?_BYTE_TO_INT?MCU_API

?PR?_BYTE_TO_INT?MCU_API                         -----    -----      -----    -----      8C53H    0007H

?PR?_SETTEMPINTWRITE?CONTROL                     -----    -----      -----    -----      8C5BH    0002H
  +--> ?PR?_SETTEMPINTVPBYMODE?CONTROL
  +--> ?PR?_WRITE_DGUS_VP?SYS

?PR?_SETTEMPINTVPBYMODE?CONTROL                  -----    -----      -----    -----      8C5DH    0001H

?PR?_SYNCSETTEMPCACHESFROMC?CONTROL              -----    -----      -----    -----      8C55H    0006H
  +--> ?PR?_TEMPUNITTRANS?CONTROL
BL51 BANKED LINKER/LOCATER V6.22.2.0                                                  06/18/2026  09:22:45  PAGE 14


  +--> ?PR?_WRITE_DGUS_VP?SYS
  +--> ?PR?_READ_DGUS_VP?SYS
  +--> ?PR?_SETTEMPINTWRITE?CONTROL

?PR?_TEMPUNITTRANS?CONTROL                       -----    -----      -----    -----      8C67H    0003H

?PR?READY_TO_SAVE?SYS                            -----    -----      -----    -----      8C67H    0002H
  +--> ?PR?_READ_DGUS_VP?SYS

?PR?_MCU_DP_VALUE_UPDATE?MCU_API                 -----    -----      -----    -----      8C51H    0005H
  +--> ?PR?_SET_WIFI_UART_BYTE?SYSTEM
  +--> ?PR?_WIFI_UART_WRITE_FRAME?SYSTEM

?PR?_DP_DOWNLOAD_TEMP_UNIT_CONVERT_HA...         -----    -----      -----    -----      8C47H    0001H
  +--> ?PR?_MCU_GET_DP_DOWNLOAD_ENUM?MCU_API
  +--> ?PR?_WRITE_DGUS_VP?SYS
  +--> ?PR?UNITCHANGEPRO?CONTROL
  +--> ?PR?HOMEPAGE?CONTROL
  +--> ?PR?READY_TO_SAVE?SYS
  +--> ?PR?_MCU_DP_ENUM_UPDATE?MCU_API

?PR?UNITCHANGEPRO?CONTROL                        -----    -----      -----    -----      8C48H    0002H
  +--> ?PR?_READ_DGUS_VP?SYS
  +--> ?PR?_MCU_DP_ENUM_UPDATE?MCU_API
  +--> ?PR?TEMPUNIT_REFRESHALL?CONTROL

?PR?TEMPUNIT_REFRESHALL?CONTROL                  -----    -----      -----    -----      8C4AH    0007H
  +--> ?PR?_READ_DGUS_VP?SYS
  +--> ?PR?_TEMPUNITTRANS?CONTROL
  +--> ?PR?_SYNCSETTEMPCACHESFROMC?CONTROL
  +--> ?PR?_WRITE_DGUS_VP?SYS
  +--> ?PR?TEMPUNIT_REFRESHACTIVESETFROMMODE...
  +--> ?PR?_TEMPUNIT_REFRESHFLOATPAIR?CONTROL
  +--> ?PR?_SETTEMPINTREAD?CONTROL
  +--> ?PR?_SETTEMPINTWRITE?CONTROL
  +--> ?PR?_SYNCINDOORSETTEMPVPPAIR?CONTROL
  +--> ?PR?_SYNCINDOORROOMTEMPVPPAIR?CONTROL
  +--> ?PR?_SYNCTIMERTEMPVPPAIR?CONTROL
  +--> ?PR?MODBUS_REFRESHCHECKPARAMDISPLAY?M...

?PR?TEMPUNIT_REFRESHACTIVESETFROMMODE...         -----    -----      -----    -----      8C51H    0004H
  +--> ?PR?_READ_DGUS_VP?SYS
  +--> ?PR?_SETTEMPINTREAD?CONTROL
  +--> ?PR?_TEMPUNITTRANS?CONTROL
  +--> ?PR?_SYNCSETTEMPCACHESFROMC?CONTROL

?PR?_SETTEMPINTREAD?CONTROL                      -----    -----      -----    -----      8C55H    0002H
  +--> ?PR?_SETTEMPINTVPBYMODE?CONTROL
  +--> ?PR?_READ_DGUS_VP?SYS

?PR?_TEMPUNIT_REFRESHFLOATPAIR?CONTROL           -----    -----      -----    -----      8C51H    0010H
  +--> ?PR?_READ_DGUS_VP?SYS
  +--> ?PR?_TEMPUNITTRANS?CONTROL
  +--> ?PR?_WRITE_DGUS_VP?SYS

?PR?_SYNCINDOORSETTEMPVPPAIR?CONTROL             -----    -----      -----    -----      8C51H    0005H
  +--> ?PR?_TEMPUNITTRANS?CONTROL
BL51 BANKED LINKER/LOCATER V6.22.2.0                                                  06/18/2026  09:22:45  PAGE 15


  +--> ?PR?_WRITE_DGUS_VP?SYS

?PR?_SYNCINDOORROOMTEMPVPPAIR?CONTROL            -----    -----      -----    -----      8C51H    0005H
  +--> ?PR?_TEMPUNITTRANS?CONTROL
  +--> ?PR?_WRITE_DGUS_VP?SYS

?PR?_SYNCTIMERTEMPVPPAIR?CONTROL                 -----    -----      -----    -----      8C51H    000CH
  +--> ?PR?_TEMPUNITTRANS?CONTROL
  +--> ?PR?_WRITE_DGUS_VP?SYS

?PR?MODBUS_REFRESHCHECKPARAMDISPLAY?M...         -----    -----      -----    -----      8C51H    0009H
  +--> ?PR?_READ_DGUS_VP?SYS
  +--> ?PR?_TEMPUNITTRANS?CONTROL
  +--> ?PR?_WRITE_DGUS_VP?SYS

?PR?_DP_DOWNLOAD_DEFROST_HANDLE?PROTOCOL         -----    -----      -----    -----      8C47H    0001H
  +--> ?PR?_MCU_GET_DP_DOWNLOAD_BOOL?MCU_API
  +--> ?PR?_WRITE_DGUS_VP?SYS
  +--> ?PR?_MCU_DP_BOOL_UPDATE?MCU_API

?PR?_DP_DOWNLOAD_RELAY_STATUS_HANDLE?...         -----    -----      -----    -----      8C47H    0001H
  +--> ?PR?_MCU_GET_DP_DOWNLOAD_ENUM?MCU_API
  +--> ?PR?_WRITE_DGUS_VP?SYS
  +--> ?PR?READY_TO_SAVE?SYS
  +--> ?PR?_MCU_DP_ENUM_UPDATE?MCU_API

?PR?_DP_DOWNLOAD_TIMESTAMP_HANDLE?PRO...         -----    -----      -----    -----      8C47H    0015H
  +--> ?CO?PROTOCOL
  +--> ?PR?_STRTOUL?STRTOUL
  +--> ?PR?_TIMESTAMP_TO_YMDHMS?PROTOCOL
  +--> ?PR?PRINTF?PRINTF
  +--> ?PR?_RTC_WRITEDISPLAYTIME?RTC
  +--> ?PR?_RTC_WRITEEDITTIME?RTC
  +--> ?PR?_WRITE_DGUS_VP?SYS
  +--> ?PR?_MCU_DP_STRING_UPDATE?MCU_API

?PR?_STRTOUL?STRTOUL                             -----    -----      -----    -----      8C5CH    0012H

?PR?_TIMESTAMP_TO_YMDHMS?PROTOCOL                -----    -----      -----    -----      8C5CH    0015H
  +--> ?CO?PROTOCOL
  +--> ?PR?PRINTF?PRINTF
  +--> ?PR?_IS_LEAP_YEAR?PROTOCOL

?PR?PRINTF?PRINTF                                0023H.1  0001H.1    0008H    0005H      8C71H    0030H
  +--> ?PR?_PUTCHAR?UART

?PR?_RTC_WRITEDISPLAYTIME?RTC                    -----    -----      -----    -----      8C5CH    000AH
  +--> ?PR?_WRITE_DGUS_VP?SYS

?PR?_RTC_WRITEEDITTIME?RTC                       -----    -----      -----    -----      8C5CH    000AH
  +--> ?PR?_WRITE_DGUS_VP?SYS

?PR?_MCU_DP_STRING_UPDATE?MCU_API                -----    -----      -----    -----      8C5CH    0006H
  +--> ?PR?_SET_WIFI_UART_BYTE?SYSTEM
  +--> ?PR?_SET_WIFI_UART_BUFFER?SYSTEM
  +--> ?PR?_WIFI_UART_WRITE_FRAME?SYSTEM

BL51 BANKED LINKER/LOCATER V6.22.2.0                                                  06/18/2026  09:22:45  PAGE 16


?PR?_DP_DOWNLOAD_INDOOR_UNIT_HANDLE?P...         -----    -----      -----    -----      8C47H    0019H
  +--> ?PR?_MODE_MAP_TO_DGUS?PROTOCOL
  +--> ?PR?_WRITE_DGUS_VP?SYS
  +--> ?PR?_TEMPUNITTRANS?CONTROL
  +--> ?PR?HOMEPAGE_SYNCINDOORDISPLAY?CONTROL
  +--> ?PR?_MODBUS_TRIGGERINDOORUNITWRITE?MO...
  +--> ?PR?UPLOAD_INDOOR_UNIT?UPLOAD

?PR?_MODBUS_TRIGGERINDOORUNITWRITE?MO...         -----    -----      -----    -----      8C60H    0002H
  +--> ?PR?_MODBUS_FILLINDOORUNITREGS?MODBUS
  +--> ?PR?_MODBUS_INDOORREGSCHANGED?MODBUS

?PR?_MODBUS_FILLINDOORUNITREGS?MODBUS            -----    -----      -----    -----      8C62H    0010H
  +--> ?PR?_READ_DGUS_VP?SYS
  +--> ?PR?_MODBUS_ENCODEINDOORRUNMODE?MODBUS
  +--> ?PR?_MODBUS_ENCODEINDOORFAN?MODBUS

?PR?_MODBUS_INDOORREGSCHANGED?MODBUS             -----    -----      -----    -----      8C62H    0005H

?PR?UPLOAD_INDOOR_UNIT?UPLOAD                    -----    -----      -----    -----      8C60H    0027H
  +--> ?CO?UPLOAD
  +--> ?PR?_READ_DGUS_VP?SYS
  +--> ?PR?_UPLOAD_CLAMPINDOORTEMP?UPLOAD
  +--> ?PR?_MCU_DP_RAW_UPDATE?MCU_API

?PR?_MCU_DP_RAW_UPDATE?MCU_API                   -----    -----      -----    -----      8CC7H    0006H
  +--> ?PR?_SET_WIFI_UART_BYTE?SYSTEM
  +--> ?PR?_SET_WIFI_UART_BUFFER?SYSTEM
  +--> ?PR?_WIFI_UART_WRITE_FRAME?SYSTEM

?PR?_DP_DOWNLOAD_HISTORY_FAULT_EMPTY_...         -----    -----      -----    -----      8C47H    0001H
  +--> ?PR?_MCU_GET_DP_DOWNLOAD_BOOL?MCU_API
  +--> ?PR?CLEARERRORHISTORY?ERRORHISTORY
  +--> ?PR?_MCU_DP_BOOL_UPDATE?MCU_API

?PR?CLEARERRORHISTORY?ERRORHISTORY               -----    -----      -----    -----      -----    -----
  +--> ?PR?ERRORHISTORY_FLASHCOMMITNOW?ERROR...
  +--> ?PR?UPLOAD_HISTORY_FAULTS?UPLOAD

?PR?ERRORHISTORY_FLASHCOMMITNOW?ERROR...         -----    -----      -----    -----      8C48H    0002H
  +--> ?PR?ERRORHISTORY_FLASHVPADDR?ERRORHIS...
  +--> ?PR?_ERRORHISTORY_FLASHWRITE?ERRORHIS...
  +--> ?PR?_READ_DGUS_VP?SYS
  +--> ?PR?WRITE_MEMORY?SYS
  +--> ?PR?WRITE_NOR_FLASH?SYS

?PR?_ERRORHISTORY_FLASHWRITE?ERRORHIS...         -----    -----      -----    -----      8C4EH    0197H
  +--> ?PR?_ERRORHISTORY_PACKREC?ERRORHISTORY
  +--> ?PR?_WRITE_DGUS_VP?SYS

?PR?_ERRORHISTORY_PACKREC?ERRORHISTORY           -----    -----      -----    -----      8DE5H    000AH
  +--> ?PR?_ERRORHISTORY_ISVALIDCODE?ERRORHI...
  +--> ?PR?_ERRORHISTORY_CLAMPBYTE?ERRORHISTORY

?PR?WRITE_MEMORY?SYS                             -----    -----      -----    -----      8C4AH    0004H
  +--> ?PR?_READ_DGUS_VP?SYS
  +--> ?PR?_WRITE_DGUS_VP?SYS
BL51 BANKED LINKER/LOCATER V6.22.2.0                                                  06/18/2026  09:22:45  PAGE 17


  +--> ?PR?_MEMORY_WRITETIMERSLOT?SYS
  +--> ?PR?_ERRORHISTORY_FLASHWRITE?ERRORHIS...
  +--> ?PR?_FLASHCHECKSUMCALCULATE?SYS

?PR?_MEMORY_WRITETIMERSLOT?SYS                   -----    -----      -----    -----      8C4EH    003AH
  +--> ?PR?_READ_DGUS_VP?SYS
  +--> ?PR?_WRITE_DGUS_VP?SYS

?PR?WRITE_NOR_FLASH?SYS                          -----    -----      -----    -----      -----    -----
  +--> ?CO?SYS
  +--> ?PR?_WRITE_DGUS_VP?SYS
  +--> ?PR?_DELAY_MS?SYS
  +--> ?PR?_READ_DGUS_VP?SYS

?PR?UPLOAD_HISTORY_FAULTS?UPLOAD                 -----    -----      -----    -----      8C48H    007FH
  +--> ?PR?_MCU_DP_RAW_UPDATE?MCU_API

?PR?_DP_DOWNLOAD_INSIDE_TIME_OPEN_HAN...         -----    -----      -----    -----      8C47H    0020H
  +--> ?PR?_WRITE_DGUS_VP?SYS
  +--> ?PR?_TEMPUNITTRANS?CONTROL
  +--> ?PR?_MODBUS_APPLYINDOORTIMERVPTOUNITS...
  +--> ?PR?READY_TO_SAVE?SYS
  +--> ?PR?_MCU_DP_RAW_UPDATE?MCU_API

?PR?_MODBUS_APPLYINDOORTIMERVPTOUNITS...         -----    -----      -----    -----      8C67H    0016H
  +--> ?PR?_READ_DGUS_VP?SYS
  +--> ?PR?_WRITE_DGUS_VP?SYS
  +--> ?PR?_MODBUS_QUEUEINDOORTIMERWRITE?MODBUS

?PR?_MODBUS_QUEUEINDOORTIMERWRITE?MODBUS         -----    -----      -----    -----      -----    -----
  +--> ?PR?MODBUS_STARTNEXTTIMERWRITE?MODBUS

?PR?_DP_DOWNLOAD_EXTERNAL_TIME_OPEN_H...         -----    -----      -----    -----      8C47H    0019H
  +--> ?PR?_WRITE_DGUS_VP?SYS
  +--> ?PR?_TEMPUNITTRANS?CONTROL
  +--> ?PR?_DP117_MODE_TO_DGUS?PROTOCOL
  +--> ?PR?READY_TO_SAVE?SYS
  +--> ?PR?_MCU_DP_RAW_UPDATE?MCU_API

?PR?_DP_DOWNLOAD_INSIDE_TIME_CLOSE_HA...         -----    -----      -----    -----      8C47H    000EH
  +--> ?PR?_WRITE_DGUS_VP?SYS
  +--> ?PR?_MCU_DP_RAW_UPDATE?MCU_API

?PR?_DP_DOWNLOAD_EXTERNAL_TIME_CLOSE_...         -----    -----      -----    -----      8C47H    000EH
  +--> ?PR?_WRITE_DGUS_VP?SYS
  +--> ?PR?_MCU_DP_RAW_UPDATE?MCU_API

?PR?ALL_DATA_UPDATE?PROTOCOL                     -----    -----      -----    -----      8C39H    0016H
  +--> ?CO?PROTOCOL
  +--> ?PR?_READ_DGUS_VP?SYS
  +--> ?PR?_MCU_DP_BOOL_UPDATE?MCU_API
  +--> ?PR?_MCU_DP_ENUM_UPDATE?MCU_API
  +--> ?PR?_MCU_DP_VALUE_UPDATE?MCU_API

?PR?_UPGRADE_PACKAGE_CHOOSE?PROTOCOL             -----    -----      -----    -----      -----    -----
  +--> ?PR?_SET_WIFI_UART_BYTE?SYSTEM
  +--> ?PR?_WIFI_UART_WRITE_FRAME?SYSTEM
BL51 BANKED LINKER/LOCATER V6.22.2.0                                                  06/18/2026  09:22:45  PAGE 18



?PR?_MCU_FIRM_UPDATE_HANDLE?PROTOCOL             -----    -----      -----    -----      8C39H    0009H

?PR?_WIFI_TEST_RESULT?PROTOCOL                   -----    -----      -----    -----      8C39H    0002H

?PR?_FILE_DOWNLOAD_PACKAGE_CHOOSE?PRO...         -----    -----      -----    -----      -----    -----
  +--> ?PR?_SET_WIFI_UART_BYTE?SYSTEM
  +--> ?PR?_WIFI_UART_WRITE_FRAME?SYSTEM

?PR?_FILE_DOWNLOAD_HANDLE?PROTOCOL               -----    -----      -----    -----      8C39H    0009H

?PR?CONTROL_FUNCTION1?CONTROL                    -----    -----      -----    -----      8C22H    0011H
  +--> ?PR?_READ_DGUS_VP?SYS
  +--> ?PR?GETVALUE0F00?CONTROL
  +--> ?PR?_ISITHOMEPAGE?CONTROL
  +--> ?PR?HOMEPAGE?CONTROL
  +--> ?PR?_ERRORHISTORY_PAGECHANGE?ERRORHIS...
  +--> ?PR?_WRITE_DGUS_VP?SYS
  +--> ?PR?_SETTEMPINTREAD?CONTROL
  +--> ?PR?_SYNCSETTEMPCACHESFROMC?CONTROL
  +--> ?PR?UNITCHANGEPRO?CONTROL
  +--> ?PR?_PAGE_CHANGE_HANDLER?SYS
  +--> ?PR?UPLOAD_INSIDE_TIME_OPEN?UPLOAD
  +--> ?PR?UPLOAD_EXTERNAL_TIME_OPEN?UPLOAD
  +--> ?PR?UPLOAD_INDOOR_UNIT?UPLOAD
  +--> ?PR?_MODBUS_TRIGGERINDOORUNITWRITE?MO...
  +--> ?PR?_KEYADJUSTSETTEMPFORMODE?CONTROL
  +--> ?PR?PREFILLSETTEMPEDITPAGE?CONTROL
  +--> ?PR?_TEMPUNITTRANS?CONTROL
  +--> ?PR?_MCU_DP_VALUE_UPDATE?MCU_API
  +--> ?PR?_SETTEMPINTWRITE?CONTROL
  +--> ?PR?_SETTEMPFLOATWRITEC?CONTROL
  +--> ?PR?_SETMODEPROCESS?CONTROL
  +--> ?PR?RTCDISPLAY4CHANGE?CONTROL
  +--> ?PR?_LANGUAGE_CHANGE?SYS
  +--> ?PR?RTC_GETUNIXLOCAL?RTC
  +--> ?PR?MODBUS_STARTMANUALDEFROST?MODBUS
  +--> ?PR?_MCU_DP_BOOL_UPDATE?MCU_API
  +--> ?PR?_BRIGHTNESS_HANDLER?SYS
  +--> ?PR?_MCU_DP_ENUM_UPDATE?MCU_API
  +--> ?PR?ERRORHISTORY_TRYMIGRATEFLASH?ERRO...
  +--> ?PR?UPLOAD_EXTERNAL_TIME_CLOSE?UPLOAD
  +--> ?PR?UPLOAD_INSIDE_TIME_CLOSE?UPLOAD
  +--> ?PR?MODBUS_TRIGGERGROUPCONTROLWRITE?M...
  +--> ?PR?ERRORHISTORY_RESETPAGE?ERRORHISTORY
  +--> ?PR?ERRORHISTORYDISPLAY?ERRORHISTORY
  +--> ?PR?CLEARERRORHISTORY?ERRORHISTORY
  +--> ?PR?_MODBUS_TRIGGERDEFROSTPARAMWRITE?...
  +--> ?PR?_TEMP_LIMIT?CONTROL
  +--> ?CO?CONTROL
  +--> ?PR?PRINTF?PRINTF
  +--> ?PR?MCU_RESET_WIFI?MCU_API
  +--> ?PR?_MODBUS_APPLYINDOORTIMERVPTOUNITS...
  +--> ?PR?SCREENTIMEOUT_SET?SYS
  +--> ?PR?READY4WRITERTC?CONTROL

?PR?GETVALUE0F00?CONTROL                         -----    -----      -----    -----      8C33H    0004H
BL51 BANKED LINKER/LOCATER V6.22.2.0                                                  06/18/2026  09:22:45  PAGE 19


  +--> ?CO?CONTROL
  +--> ?PR?_READ_DGUS_VP?SYS
  +--> ?PR?_WRITE_DGUS_VP?SYS

?PR?_ERRORHISTORY_PAGECHANGE?ERRORHIS...         -----    -----      -----    -----      -----    -----
  +--> ?PR?ERRORHISTORY_GETMAXPAGE?ERRORHISTORY
  +--> ?PR?ERRORHISTORYDISPLAY?ERRORHISTORY

?PR?ERRORHISTORY_GETMAXPAGE?ERRORHISTORY         -----    -----      -----    -----      -----    -----
  +--> ?PR?ERRORHISTORY_GETCOUNT?ERRORHISTORY

?PR?ERRORHISTORYDISPLAY?ERRORHISTORY             -----    -----      -----    -----      8C33H    000EH
  +--> ?CO?ERRORHISTORY
  +--> ?PR?_WRITE_DGUS_VP?SYS

?PR?UPLOAD_INSIDE_TIME_OPEN?UPLOAD               -----    -----      -----    -----      8C33H    000BH
  +--> ?CO?UPLOAD
  +--> ?PR?_READ_DGUS_VP?SYS
  +--> ?PR?_UPLOAD_DGUSMODETODP116?UPLOAD
  +--> ?PR?UPLOAD_PACKTIMERROOMBYTE?UPLOAD
  +--> ?PR?_MCU_DP_RAW_UPDATE?MCU_API

?PR?UPLOAD_PACKTIMERROOMBYTE?UPLOAD              -----    -----      -----    -----      8C3EH    0006H
  +--> ?PR?_READ_DGUS_VP?SYS

?PR?UPLOAD_EXTERNAL_TIME_OPEN?UPLOAD             -----    -----      -----    -----      8C33H    0009H
  +--> ?CO?UPLOAD
  +--> ?PR?_READ_DGUS_VP?SYS
  +--> ?PR?_MCU_DP_RAW_UPDATE?MCU_API

?PR?_KEYADJUSTSETTEMPFORMODE?CONTROL             -----    -----      -----    -----      8C33H    000BH
  +--> ?PR?_READ_DGUS_VP?SYS
  +--> ?PR?_SETTEMPINTVPBYMODE?CONTROL
  +--> ?PR?_WRITE_DGUS_VP?SYS
  +--> ?PR?_TEMP_LIMIT?CONTROL
  +--> ?PR?_TEMPUNITTRANS?CONTROL
  +--> ?PR?_SYNCSETTEMPCACHESFROMC?CONTROL

?PR?_TEMP_LIMIT?CONTROL                          -----    -----      -----    -----      8C3EH    0009H
  +--> ?PR?_READ_DGUS_VP?SYS
  +--> ?PR?_TEMPUNITTRANS?CONTROL
  +--> ?PR?_WRITE_DGUS_VP?SYS
  +--> ?PR?_SYNCINDOORSETTEMPVPPAIR?CONTROL
  +--> ?PR?_SYNCSETTEMPCACHESFROMC?CONTROL
  +--> ?PR?_SETTEMPINTWRITE?CONTROL

?PR?PREFILLSETTEMPEDITPAGE?CONTROL               -----    -----      -----    -----      8C33H    0008H
  +--> ?PR?_READ_DGUS_VP?SYS
  +--> ?PR?_SETTEMPINTREAD?CONTROL
  +--> ?PR?_TEMPUNITTRANS?CONTROL
  +--> ?PR?_WRITE_DGUS_VP?SYS
  +--> ?PR?_PAGE_CHANGE_HANDLER?SYS

?PR?_SETTEMPFLOATWRITEC?CONTROL                  -----    -----      -----    -----      8C33H    0009H
  +--> ?PR?_TEMPUNITTRANS?CONTROL
  +--> ?PR?_SETTEMPINTWRITE?CONTROL

BL51 BANKED LINKER/LOCATER V6.22.2.0                                                  06/18/2026  09:22:45  PAGE 20


?PR?_SETMODEPROCESS?CONTROL                      -----    -----      -----    -----      8C33H    0002H
  +--> ?PR?_WRITE_DGUS_VP?SYS

?PR?RTCDISPLAY4CHANGE?CONTROL                    -----    -----      -----    -----      8C33H    0008H
  +--> ?PR?_READ_DGUS_VP?SYS
  +--> ?PR?_WRITE_DGUS_VP?SYS
  +--> ?PR?_RTC_MONTHFROMDISPLAYVP?RTC

?PR?_RTC_MONTHFROMDISPLAYVP?RTC                  -----    -----      -----    -----      8C3BH    0002H

?PR?RTC_GETUNIXLOCAL?RTC                         -----    -----      -----    -----      8C33H    0009H
  +--> ?PR?_RTC_IS_LEAP?RTC
  +--> ?PR?_RTC_DAYS_IN_MONTH?RTC

?PR?_RTC_DAYS_IN_MONTH?RTC                       -----    -----      -----    -----      -----    -----
  +--> ?PR?_RTC_IS_LEAP?RTC

?PR?MODBUS_STARTMANUALDEFROST?MODBUS             -----    -----      -----    -----      8C33H    0002H
  +--> ?PR?_WRITE_DGUS_VP?SYS

?PR?ERRORHISTORY_TRYMIGRATEFLASH?ERRO...         -----    -----      -----    -----      8C33H    0008H
  +--> ?PR?ERRORHISTORY_FLASHVPADDR?ERRORHIS...
  +--> ?PR?_READ_DGUS_VP?SYS
  +--> ?PR?ERRORHISTORY_SANITIZE?ERRORHISTORY
  +--> ?PR?_ERRORHISTORY_FLASHWRITE?ERRORHIS...
  +--> ?PR?WRITE_MEMORY?SYS
  +--> ?PR?WRITE_NOR_FLASH?SYS

?PR?UPLOAD_EXTERNAL_TIME_CLOSE?UPLOAD            -----    -----      -----    -----      8C33H    0005H
  +--> ?CO?UPLOAD
  +--> ?PR?_READ_DGUS_VP?SYS
  +--> ?PR?_MCU_DP_RAW_UPDATE?MCU_API

?PR?UPLOAD_INSIDE_TIME_CLOSE?UPLOAD              -----    -----      -----    -----      8C33H    0005H
  +--> ?CO?UPLOAD
  +--> ?PR?_READ_DGUS_VP?SYS
  +--> ?PR?_MCU_DP_RAW_UPDATE?MCU_API

?PR?MODBUS_TRIGGERGROUPCONTROLWRITE?M...         -----    -----      -----    -----      -----    -----
  +--> ?PR?_MODBUS_FILLGROUPCONTROLREGS?MODBUS
  +--> ?PR?_MODBUS_GROUPREGSCHANGED?MODBUS

?PR?_MODBUS_FILLGROUPCONTROLREGS?MODBUS          -----    -----      -----    -----      8C33H    0005H
  +--> ?PR?_READ_DGUS_VP?SYS

?PR?_MODBUS_GROUPREGSCHANGED?MODBUS              -----    -----      -----    -----      8C33H    0004H

?PR?MCU_RESET_WIFI?MCU_API                       -----    -----      -----    -----      -----    -----
  +--> ?PR?_WIFI_UART_WRITE_FRAME?SYSTEM
  +--> ?CO?MCU_API
  +--> ?PR?PRINTF?PRINTF

?PR?READY4WRITERTC?CONTROL                       -----    -----      -----    -----      8C33H    0012H
  +--> ?PR?_READ_DGUS_VP?SYS
  +--> ?PR?_WRITE_DGUS_VP?SYS
  +--> ?PR?_RTC_WRITEDISPLAYTIME?RTC

BL51 BANKED LINKER/LOCATER V6.22.2.0                                                  06/18/2026  09:22:45  PAGE 21


?PR?MCU_GET_WIFI_WORK_STATE?MCU_API              -----    -----      -----    -----      -----    -----
  +--> ?CO?MCU_API
  +--> ?PR?PRINTF?PRINTF

?PR?UI_OPENPAGE?MAIN                             -----    -----      -----    -----      -----    -----
  +--> ?PR?HOMEPAGE?CONTROL

?PR?WIFI_RESTING_PRO?CONTROL                     -----    -----      -----    -----      -----    -----
  +--> ?PR?MCU_GET_RESET_WIFI_FLAG?MCU_API
  +--> ?CO?CONTROL
  +--> ?PR?PRINTF?PRINTF
  +--> ?PR?_PAGE_CHANGE_HANDLER?SYS

*** NEW ROOT ***************************************************

?PR?UART2_ISR_PC?UART                            -----    -----      -----    -----      -----    -----
  +--> ?PR?_UART_RECEIVE_INPUT?MCU_API

?PR?_UART_RECEIVE_INPUT?MCU_API                  -----    -----      -----    -----      8DF4H    0001H



UNRESOLVED EXTERNAL SYMBOLS:
   OTALENGTH
   READY_TO_SAVE_REPORT



SYMBOL TABLE OF MODULE:  .\obj\T5L51 (?C_STARTUP)

  VALUE           TYPE          NAME
  ----------------------------------

  -------         MODULE        ?C_STARTUP
  C:CB20H         SEGMENT       ?C_C51STARTUP
  I:0027H         SEGMENT       ?STACK
  C:0000H         PUBLIC        ?C_STARTUP
  D:00E0H         SYMBOL        ACC
  D:00F0H         SYMBOL        B
  D:008EH         SYMBOL        CKCON
  D:0094H         SYMBOL        DAGESEL
  D:0093H         SYMBOL        DPC
  D:0083H         SYMBOL        DPH
  D:0082H         SYMBOL        DPL
  D:0095H         SYMBOL        D_PAGESEL
  N:0000H         SYMBOL        IBPSTACK
  N:0100H         SYMBOL        IBPSTACKTOP
  N:0080H         SYMBOL        IDATALEN
  C:CB38H         SYMBOL        IDATALOOP
  D:00C9H         SYMBOL        MUX_SEL
  N:0000H         SYMBOL        PBPSTACK
  N:0100H         SYMBOL        PBPSTACKTOP
  N:0000H         SYMBOL        PDATALEN
  N:0000H         SYMBOL        PDATASTART
  N:0000H         SYMBOL        PPAGE
  N:0000H         SYMBOL        PPAGEENABLE
  D:00A0H         SYMBOL        PPAGE_SFR
BL51 BANKED LINKER/LOCATER V6.22.2.0                                                  06/18/2026  09:22:45  PAGE 22


  D:00F8H         SYMBOL        RAMMODE
  D:0081H         SYMBOL        SP
  C:CB20H         SYMBOL        STARTUP1
  D:00C8H         SYMBOL        T2CON
  N:0000H         SYMBOL        XBPSTACK
  N:0000H         SYMBOL        XBPSTACKTOP
  N:0000H         SYMBOL        XDATALEN
  N:0000H         SYMBOL        XDATASTART
  C:0000H         LINE#         133
  C:CB20H         LINE#         143
  C:CB23H         LINE#         144
  C:CB26H         LINE#         145
  C:CB29H         LINE#         146
  C:CB2CH         LINE#         147
  C:CB2FH         LINE#         148
  C:CB32H         LINE#         149
  C:CB35H         LINE#         152
  C:CB37H         LINE#         153
  C:CB38H         LINE#         154
  C:CB39H         LINE#         155
  C:CB3BH         LINE#         204
  C:CB3EH         LINE#         215
  -------         ENDMOD        ?C_STARTUP

  -------         MODULE        MAIN
  C:0000H         SYMBOL        _ICE_DUMMY_
  D:0080H         PUBLIC        P0
  D:00B0H         PUBLIC        P3
  D:00F8H         PUBLIC        RAMMODE
  D:00A8H         PUBLIC        IEN0
  D:00B8H         PUBLIC        IEN1
  C:F029H         PUBLIC        UI_OpenPage
  C:D37EH         PUBLIC        ModbusChanelControl
  C:DEF5H         PUBLIC        main
  B:0026H.2       PUBLIC        OldTuyaOTAState
  D:0088H         PUBLIC        TCON
  D:00C9H         PUBLIC        MUX_SEL
  D:0098H         PUBLIC        SCON0
  D:00C8H         PUBLIC        T2CON
  D:00D0H         PUBLIC        PSW
  D:00C0H         PUBLIC        IRCON
  -------         PROC          UI_OPENPAGE
  -------         DO            
  X:93FDH         SYMBOL        WaitingTime
  X:93FEH         SYMBOL        AlreadyRunning
  -------         ENDDO         
  C:F029H         LINE#         32
  C:F029H         LINE#         33
  C:F029H         LINE#         37
  C:F02FH         LINE#         38
  C:F02FH         LINE#         39
  C:F035H         LINE#         40
  C:F035H         LINE#         41
  C:F037H         LINE#         42
  C:F03AH         LINE#         43
  C:F03AH         LINE#         44
  C:F03FH         LINE#         45
BL51 BANKED LINKER/LOCATER V6.22.2.0                                                  06/18/2026  09:22:45  PAGE 23


  C:F046H         LINE#         46
  C:F04BH         LINE#         47
  C:F04BH         LINE#         48
  C:F04BH         LINE#         49
  C:F04BH         LINE#         50
  -------         ENDPROC       UI_OPENPAGE
  -------         PROC          MODBUSCHANELCONTROL
  C:D37EH         LINE#         51
  C:D37EH         LINE#         52
  C:D37EH         LINE#         53
  C:D386H         LINE#         54
  C:D386H         LINE#         55
  C:D38AH         LINE#         56
  C:D38DH         LINE#         57
  C:D38DH         LINE#         58
  C:D390H         LINE#         59
  C:D395H         LINE#         60
  C:D397H         LINE#         62
  C:D397H         LINE#         63
  C:D399H         LINE#         64
  C:D39BH         LINE#         65
  C:D39DH         LINE#         66
  C:D39FH         LINE#         67
  C:D39FH         LINE#         68
  C:D39FH         LINE#         69
  C:D3A2H         LINE#         71
  C:D3A7H         LINE#         73
  C:D3A7H         LINE#         74
  C:D3AAH         LINE#         75
  C:D3CFH         LINE#         76
  C:D3CFH         LINE#         77
  C:D3DEH         LINE#         78
  C:D3E0H         LINE#         80
  C:D3E3H         LINE#         81
  C:D3E3H         LINE#         82
  C:D3E5H         LINE#         83
  C:D3EAH         LINE#         84
  C:D3EAH         LINE#         85
  C:D3EDH         LINE#         86
  C:D3EDH         LINE#         87
  C:D3F7H         LINE#         88
  C:D3F9H         LINE#         89
  C:D3F9H         LINE#         90
  -------         ENDPROC       MODBUSCHANELCONTROL
  -------         PROC          MAIN
  C:DEF5H         LINE#         93
  C:DEF5H         LINE#         94
  C:DEF5H         LINE#         95
  C:DEF8H         LINE#         96
  C:DEFBH         LINE#         97
  C:DEFEH         LINE#         98
  C:DF01H         LINE#         99
  C:DF04H         LINE#         102
  C:DF07H         LINE#         103
  C:DF0AH         LINE#         104
  C:DF0DH         LINE#         106
  C:DF10H         LINE#         110
BL51 BANKED LINKER/LOCATER V6.22.2.0                                                  06/18/2026  09:22:45  PAGE 24


  C:DF13H         LINE#         111
  C:DF16H         LINE#         113
  C:DF16H         LINE#         114
  C:DF16H         LINE#         116
  C:DF19H         LINE#         117
  C:DF1CH         LINE#         119
  C:DF2BH         LINE#         120
  C:DF2BH         LINE#         121
  C:DF2FH         LINE#         123
  C:DF32H         LINE#         128
  C:DF32H         LINE#         138
  C:DF41H         LINE#         139
  C:DF41H         LINE#         140
  C:DF44H         LINE#         141
  C:DF4BH         LINE#         142
  C:DF4EH         LINE#         144
  C:DF51H         LINE#         149
  C:DF51H         LINE#         151
  -------         ENDPROC       MAIN
  -------         ENDMOD        MAIN

  -------         MODULE        SYS
  C:0000H         SYMBOL        _ICE_DUMMY_
  C:DAA8H         PUBLIC        INIT_CPU
  D:00F1H         PUBLIC        ADR_H
  D:0080H         PUBLIC        P0
  D:0090H         PUBLIC        P1
  D:00A0H         PUBLIC        P2
  D:00B0H         PUBLIC        P3
  D:00F3H         PUBLIC        ADR_L
  D:00F2H         PUBLIC        ADR_M
  C:C937H         SYMBOL        _Memory_ReadTimerSlot
  B:00A8H.7       PUBLIC        EA
  D:00F8H         PUBLIC        RAMMODE
  C:92A7H         PUBLIC        _write_dgus_vp
  D:00B7H         PUBLIC        P0MDOUT
  D:00BCH         PUBLIC        P1MDOUT
  D:00A8H         PUBLIC        IEN0
  C:E8A3H         PUBLIC        Ready_To_Save
  D:00BDH         PUBLIC        P2MDOUT
  D:00B8H         PUBLIC        IEN1
  D:00BEH         PUBLIC        P3MDOUT
  D:009AH         PUBLIC        IEN2
  C:E2DAH         PUBLIC        read_flash
  C:E3AFH         PUBLIC        Save_Data_Handler
  B:00F8H.4       PUBLIC        APP_ACK
  D:00F4H         PUBLIC        ADR_INC
  X:846AH         PUBLIC        TempSensorData
  C:C3A0H         SYMBOL        _Memory_WriteTimerSlot
  X:8732H         PUBLIC        read_flash_status
  C:ABC2H         PUBLIC        _FlashCheckSumCalculate
  C:E2E2H         PUBLIC        write_flash
  X:873AH         PUBLIC        Page_Change
  D:00BAH         PUBLIC        SREL0H
  C:F113H         PUBLIC        _DelayMs
  D:00F9H         PUBLIC        PORTDRV
  D:00AAH         PUBLIC        SREL0L
BL51 BANKED LINKER/LOCATER V6.22.2.0                                                  06/18/2026  09:22:45  PAGE 25


  D:0089H         PUBLIC        TMOD
  D:0088H         PUBLIC        TCON
  C:E2CEH         PUBLIC        mon_table
  D:0097H         PUBLIC        SCON2R
  D:00ABH         PUBLIC        SCON3R
  D:00D9H         PUBLIC        BODE2_DIV_H
  C:F0F3H         PUBLIC        _DelayUs
  D:00AEH         PUBLIC        BODE3_DIV_H
  D:0096H         PUBLIC        SCON2T
  D:00A7H         PUBLIC        SCON3T
  C:F4D9H         PUBLIC        PORT_Init
  C:E075H         PUBLIC        ScreenTimeOut_Set
  D:00E7H         PUBLIC        BODE2_DIV_L
  C:E2EAH         PUBLIC        Soft_Ver_Num
  X:874EH         PUBLIC        Save_Flash_Flag
  D:00AFH         PUBLIC        BODE3_DIV_L
  D:00C9H         PUBLIC        MUX_SEL
  C:E5BEH         SYMBOL        _Dgus_WaitEn
  C:E2EEH         SYMBOL        _?ix1000
  C:F0D3H         PUBLIC        _Brightness_Handler
  C:B5F5H         PUBLIC        T0_ISR_PC
  C:E116H         PUBLIC        T1_ISR_PC
  X:874FH         PUBLIC        Modbus_Error_Count
  C:F367H         PUBLIC        T2_ISR_PC
  C:9F42H         PUBLIC        Read_Memory_Error
  D:00A9H         PUBLIC        IP0
  B:00A8H.1       PUBLIC        ET0
  D:00B9H         PUBLIC        IP1
  B:00A8H.3       PUBLIC        ET1
  D:00FDH         PUBLIC        DATA0
  C:E495H         PUBLIC        _Page_Change_Handler
  D:00FCH         PUBLIC        DATA1
  B:00C0H.6       PUBLIC        TF2
  D:008CH         PUBLIC        TH0
  X:8751H         PUBLIC        page_set
  D:00FBH         PUBLIC        DATA2
  D:008DH         PUBLIC        TH1
  D:000DH         SYMBOL        SysTick
  D:00FAH         PUBLIC        DATA3
  D:00CDH         PUBLIC        TH2
  X:8755H         PUBLIC        Flash_Save_Count
  D:008AH         PUBLIC        TL0
  D:008BH         PUBLIC        TL1
  D:00CCH         PUBLIC        TL2
  C:F450H         PUBLIC        _delay_ms
  C:EE1DH         PUBLIC        _Language_Change
  B:00F8H.6       PUBLIC        APP_EN
  B:00D0H.3       PUBLIC        RS0
  B:00D0H.4       PUBLIC        RS1
  B:0088H.4       PUBLIC        TR0
  B:0088H.6       PUBLIC        TR1
  X:8757H         PUBLIC        Password
  B:00C8H.0       PUBLIC        TR2
  C:8B06H         PUBLIC        Read_Memory
  X:875BH         PUBLIC        adc_average_channel7
  C:E921H         PUBLIC        Read_Nor_Flash
  D:0098H         PUBLIC        SCON0
BL51 BANKED LINKER/LOCATER V6.22.2.0                                                  06/18/2026  09:22:45  PAGE 26


  X:875DH         PUBLIC        task_10ms_count
  D:00D8H         PUBLIC        ADCON
  X:875FH         PUBLIC        Temp_Indoor
  D:00C8H         PUBLIC        T2CON
  C:A4E9H         PUBLIC        Write_Memory
  D:00CBH         PUBLIC        TRL2H
  C:E95FH         PUBLIC        Write_Nor_Flash
  X:8761H         PUBLIC        AD_Count
  D:00CAH         PUBLIC        TRL2L
  C:E863H         PUBLIC        System_Parm_Init
  X:8763H         PUBLIC        APP_1000ms_count
  X:8765H         PUBLIC        task_10000ms_count
  X:8767H         PUBLIC        Send_Count
  X:8769H         PUBLIC        rx485_Count
  C:F3FCH         PUBLIC        T0_Init
  D:00D0H         PUBLIC        PSW
  C:8738H         PUBLIC        _read_dgus_vp
  C:F40CH         PUBLIC        T1_Init
  C:F2FCH         PUBLIC        T2_Init
  D:00C0H         PUBLIC        IRCON
  -------         PROC          _DGUS_WAITEN
  X:93DAH         SYMBOL        addr
  X:93DCH         SYMBOL        limit
  C:E5BEH         LINE#         29
  C:E5CCH         LINE#         30
  C:E5CCH         LINE#         31
  C:E5CFH         LINE#         32
  C:E5CFH         LINE#         33
  C:E5DDH         LINE#         34
  C:E5DDH         LINE#         35
  C:E5F5H         LINE#         36
  C:E5F8H         LINE#         37
  C:E5FAH         LINE#         38
  C:E5FCH         LINE#         39
  C:E5FCH         LINE#         40
  C:E5FFH         LINE#         41
  C:E601H         LINE#         42
  C:E602H         LINE#         43
  -------         ENDPROC       _DGUS_WAITEN
  -------         PROC          L?0171
  -------         ENDPROC       L?0171
  -------         PROC          _MEMORY_WRITETIMERSLOT
  X:8C4EH         SYMBOL        flash_addr
  X:8C52H         SYMBOL        vp_addr
  X:8C56H         SYMBOL        struct_bytes
  -------         DO            
  X:8C58H         SYMBOL        slot
  D:0007H         SYMBOL        i
  X:8C78H         SYMBOL        temp
  -------         ENDDO         
  C:C3A0H         LINE#         45
  C:C3A6H         LINE#         46
  C:C3A6H         LINE#         51
  C:C3B2H         LINE#         52
  C:C3C5H         LINE#         53
  C:C3D1H         LINE#         54
  C:C3E0H         LINE#         55
BL51 BANKED LINKER/LOCATER V6.22.2.0                                                  06/18/2026  09:22:45  PAGE 27


  C:C412H         LINE#         56
  C:C424H         LINE#         57
  C:C43FH         LINE#         58
  -------         ENDPROC       _MEMORY_WRITETIMERSLOT
  -------         PROC          L?0173
  -------         ENDPROC       L?0173
  -------         PROC          _MEMORY_READTIMERSLOT
  X:8C2AH         SYMBOL        flash_addr
  X:8C2EH         SYMBOL        vp_addr
  X:8C32H         SYMBOL        struct_bytes
  -------         DO            
  X:8C34H         SYMBOL        slot
  D:0007H         SYMBOL        i
  X:8C54H         SYMBOL        temp
[...]
  C:4D53H         LINE#         431
  C:4D53H         LINE#         432
  C:4D53H         LINE#         433
  C:4D56H         LINE#         434
  C:4D56H         LINE#         436
  C:4D56H         LINE#         437
  C:4D59H         LINE#         438
  C:4D59H         LINE#         440
  C:4D59H         LINE#         441
  C:4D5CH         LINE#         442
  C:4D5CH         LINE#         445
  C:4D5CH         LINE#         446
  C:4D71H         LINE#         447
  C:4D78H         LINE#         454
  C:4D7BH         LINE#         456
  C:4D7BH         LINE#         457
  C:4D7EH         LINE#         458
  C:4D80H         LINE#         460
  C:4D80H         LINE#         461
  C:4D86H         LINE#         462
  C:4D87H         LINE#         465
  C:4D87H         LINE#         466
  C:4DB0H         LINE#         468
  C:4DD0H         LINE#         469
  C:4DF3H         LINE#         470
  C:4E37H         LINE#         472
  C:4E5BH         LINE#         474
  C:4E5BH         LINE#         476
  C:4E5BH         LINE#         478
  C:4E5BH         LINE#         480
BL51 BANKED LINKER/LOCATER V6.22.2.0                                                  06/18/2026  09:22:45  PAGE 161


  C:4E76H         LINE#         481
  C:4E79H         LINE#         482
  C:4E79H         LINE#         484
  C:4E79H         LINE#         485
  C:4E7CH         LINE#         486
  C:4E7CH         LINE#         489
  C:4E7CH         LINE#         491
  C:4E7DH         LINE#         492
  C:4E81H         LINE#         493
  C:4E85H         LINE#         494
  C:4E8DH         LINE#         495
  C:4E92H         LINE#         496
  C:4E9AH         LINE#         497
  C:4EA3H         LINE#         498
  C:4EA3H         LINE#         500
  C:4EBFH         LINE#         501
  C:4ED8H         LINE#         502
  C:4F07H         LINE#         503
  C:4F20H         LINE#         504
  C:4F4FH         LINE#         505
  C:4F68H         LINE#         506
  C:4F97H         LINE#         516
  C:4F9CH         LINE#         517
  C:4FA2H         LINE#         518
  C:4FA3H         LINE#         520
  C:4FA3H         LINE#         521
  C:4FAEH         LINE#         523
  C:4FB3H         LINE#         525
  C:4FDCH         LINE#         527
  C:4FF8H         LINE#         528
  C:5011H         LINE#         529
  C:5040H         LINE#         530
  C:5059H         LINE#         531
  C:5088H         LINE#         532
  C:50A1H         LINE#         533
  C:50D0H         LINE#         535
  C:50E0H         LINE#         536
  C:50F5H         LINE#         540
  C:5123H         LINE#         542
  C:5149H         LINE#         544
  C:514EH         LINE#         545
  C:516BH         LINE#         546
  C:51A0H         LINE#         547
  C:51A2H         LINE#         548
  C:51A7H         LINE#         549
  C:51ABH         LINE#         550
  C:51ABH         LINE#         553
  C:51B3H         LINE#         554
  C:51BCH         LINE#         556
  C:51BCH         LINE#         558
  C:51C1H         LINE#         559
  C:51C1H         LINE#         560
  C:51C2H         LINE#         576
  C:51C2H         LINE#         577
  C:51D5H         LINE#         578
  C:51E1H         LINE#         579
  C:51E7H         LINE#         580
BL51 BANKED LINKER/LOCATER V6.22.2.0                                                  06/18/2026  09:22:45  PAGE 162


  C:51E7H         LINE#         648
  C:51E7H         LINE#         650
  C:51E7H         LINE#         651
  C:51F0H         LINE#         652
  C:51F0H         LINE#         653
  C:51F0H         LINE#         654
  C:51F0H         LINE#         655
  C:51F0H         LINE#         656
  C:51F0H         LINE#         658
  C:520BH         LINE#         659
  C:5225H         LINE#         660
  C:5246H         LINE#         661
  C:5260H         LINE#         663
  C:5265H         LINE#         664
  C:526BH         LINE#         665
  C:526CH         LINE#         667
  C:526CH         LINE#         668
  C:5277H         LINE#         669
  C:52A0H         LINE#         671
  C:52BCH         LINE#         672
  C:52D5H         LINE#         673
  C:5304H         LINE#         674
  C:531DH         LINE#         675
  C:534CH         LINE#         676
  C:5365H         LINE#         677
  C:5394H         LINE#         679
  C:53A4H         LINE#         680
  C:53B9H         LINE#         682
  C:53E4H         LINE#         684
  C:540CH         LINE#         685
  C:5411H         LINE#         686
  C:5413H         LINE#         687
  C:542EH         LINE#         688
  C:5463H         LINE#         689
  C:5465H         LINE#         690
  C:546AH         LINE#         691
  C:546EH         LINE#         692
  C:546EH         LINE#         694
  C:5476H         LINE#         695
  C:547FH         LINE#         696
  C:547FH         LINE#         697
  C:547FH         LINE#         698
  C:547FH         LINE#         744
  C:547FH         LINE#         745
  C:547FH         LINE#         746
  -------         ENDPROC       _DATA_HANDLE
  -------         PROC          WITH_DATA_RXBUFF
  C:EC8CH         LINE#         753
  C:EC8CH         LINE#         754
  C:EC8CH         LINE#         755
  C:ECBBH         LINE#         756
  C:ECBEH         LINE#         758
  C:ECC0H         LINE#         759
  -------         ENDPROC       WITH_DATA_RXBUFF
  -------         PROC          TAKE_BYTE_RXBUFF
  -------         DO            
  D:0007H         SYMBOL        value
BL51 BANKED LINKER/LOCATER V6.22.2.0                                                  06/18/2026  09:22:45  PAGE 163


  -------         ENDDO         
  C:DDD3H         LINE#         766
  C:DDD3H         LINE#         767
  C:DDD3H         LINE#         770
  C:DE00H         LINE#         772
  C:DE13H         LINE#         774
  C:DE21H         LINE#         775
  C:DE21H         LINE#         777
  C:DE35H         LINE#         778
  C:DE35H         LINE#         780
  C:DE35H         LINE#         781
  -------         ENDPROC       TAKE_BYTE_RXBUFF
  -------         ENDMOD        SYSTEM

  -------         MODULE        ?C?FPMUL
  C:371BH         PUBLIC        ?C?FPMUL
  -------         ENDMOD        ?C?FPMUL

  -------         MODULE        ?C?FPDIV
  C:3824H         PUBLIC        ?C?FPDIV
  -------         ENDMOD        ?C?FPDIV

  -------         MODULE        ?C?FPCMP
  C:38C3H         PUBLIC        ?C?FPCMP
  C:38C1H         PUBLIC        ?C?FPCMP3
  -------         ENDMOD        ?C?FPCMP

  -------         MODULE        ?C?FCAST
  C:3944H         PUBLIC        ?C?FCASTC
  C:393FH         PUBLIC        ?C?FCASTI
  C:393AH         PUBLIC        ?C?FCASTL
  -------         ENDMOD        ?C?FCAST

  -------         MODULE        ?C?CASTF
  C:3978H         PUBLIC        ?C?CASTF
  -------         ENDMOD        ?C?CASTF

  -------         MODULE        PRINTF
  X:8C71H         PUBLIC        ?_PRINTF?BYTE
  X:8C71H         PUBLIC        ?_SPRINTF?BYTE
  C:5A1FH         PUBLIC        _PRINTF
  C:5A19H         PUBLIC        _SPRINTF
  -------         ENDMOD        PRINTF

  -------         MODULE        ?C?FPROUND
  C:39F9H         PUBLIC        ?C?FPROUND
  -------         ENDMOD        ?C?FPROUND

  -------         MODULE        ?C?FPCONVERT
  C:3A36H         PUBLIC        ?C?FPCONVERT
  -------         ENDMOD        ?C?FPCONVERT

  -------         MODULE        ?C?FPADD
  C:3B42H         PUBLIC        ?C?FPADD
  C:3B3EH         PUBLIC        ?C?FPSUB
  -------         ENDMOD        ?C?FPADD

BL51 BANKED LINKER/LOCATER V6.22.2.0                                                  06/18/2026  09:22:45  PAGE 164


  -------         MODULE        ?C?FTNPWR
  C:3C63H         PUBLIC        ?C?FTNPWR
  -------         ENDMOD        ?C?FTNPWR

  -------         MODULE        ?C?COPY
  C:3D73H         PUBLIC        ?C?COPY
  -------         ENDMOD        ?C?COPY

  -------         MODULE        ?C?CLDPTR
  C:3D99H         PUBLIC        ?C?CLDPTR
  -------         ENDMOD        ?C?CLDPTR

  -------         MODULE        ?C?CLDOPTR
  C:3DB2H         PUBLIC        ?C?CLDOPTR
  -------         ENDMOD        ?C?CLDOPTR

  -------         MODULE        ?C?CILDOPTR
  C:3DDFH         PUBLIC        ?C?CILDOPTR
  -------         ENDMOD        ?C?CILDOPTR

  -------         MODULE        ?C?CSTPTR
  C:3E12H         PUBLIC        ?C?CSTPTR
  -------         ENDMOD        ?C?CSTPTR

  -------         MODULE        ?C?CSTOPTR
  C:3E24H         PUBLIC        ?C?CSTOPTR
  -------         ENDMOD        ?C?CSTOPTR

  -------         MODULE        ?C?IMUL
  C:3E46H         PUBLIC        ?C?IMUL
  -------         ENDMOD        ?C?IMUL

  -------         MODULE        ?C?UIDIV
  C:3E58H         PUBLIC        ?C?UIDIV
  -------         ENDMOD        ?C?UIDIV

  -------         MODULE        ?C?SIDIV
  C:3EADH         PUBLIC        ?C?SIDIV
  -------         ENDMOD        ?C?SIDIV

  -------         MODULE        ?C?IILDX
  C:3EE3H         PUBLIC        ?C?IILDX
  -------         ENDMOD        ?C?IILDX

  -------         MODULE        ?C?ILDIX
  C:3EF9H         PUBLIC        ?C?ILDIX
  -------         ENDMOD        ?C?ILDIX

  -------         MODULE        ?C?ILDIPTR
  C:3F0FH         PUBLIC        ?C?ILDIPTR
  -------         ENDMOD        ?C?ILDIPTR

  -------         MODULE        ?C?ILDOPTR
  C:3F44H         PUBLIC        ?C?ILDOPTR
  -------         ENDMOD        ?C?ILDOPTR

  -------         MODULE        ?C?ISTPTR
BL51 BANKED LINKER/LOCATER V6.22.2.0                                                  06/18/2026  09:22:45  PAGE 165


  C:3F7CH         PUBLIC        ?C?ISTPTR
  -------         ENDMOD        ?C?ISTPTR

  -------         MODULE        ?C?ISTOPTR
  C:3F9BH         PUBLIC        ?C?ISTOPTR
  -------         ENDMOD        ?C?ISTOPTR

  -------         MODULE        ?C?LMUL
  C:3FC8H         PUBLIC        ?C?LMUL
  -------         ENDMOD        ?C?LMUL

  -------         MODULE        ?C?ULDIV
  C:4053H         PUBLIC        ?C?ULDIV
  -------         ENDMOD        ?C?ULDIV

  -------         MODULE        ?C?LNEG
  C:40E5H         PUBLIC        ?C?LNEG
  -------         ENDMOD        ?C?LNEG

  -------         MODULE        ?C?SLCMP
  C:40F3H         PUBLIC        ?C?SLCMP
  -------         ENDMOD        ?C?SLCMP

  -------         MODULE        ?C?ULCMP
  C:4109H         PUBLIC        ?C?ULCMP
  -------         ENDMOD        ?C?ULCMP

  -------         MODULE        ?C?ULSHR
  C:411AH         PUBLIC        ?C?ULSHR
  -------         ENDMOD        ?C?ULSHR

  -------         MODULE        ?C?LSHL
  C:412DH         PUBLIC        ?C?LSHL
  -------         ENDMOD        ?C?LSHL

  -------         MODULE        ?C?LLDPTR
  C:4140H         PUBLIC        ?C?LLDPTR
  -------         ENDMOD        ?C?LLDPTR

  -------         MODULE        ?C?LSTPTR
  C:4160H         PUBLIC        ?C?LSTPTR
  -------         ENDMOD        ?C?LSTPTR

  -------         MODULE        ?C?LSTXDATA
  C:417AH         PUBLIC        ?C?LSTXDATA
  -------         ENDMOD        ?C?LSTXDATA

  -------         MODULE        ?C?LSTKXDATA
  C:4186H         PUBLIC        ?C?LSTKXDATA
  -------         ENDMOD        ?C?LSTKXDATA

  -------         MODULE        ?C?OFFXADD
  C:41B7H         PUBLIC        ?C?OFFXADD
  -------         ENDMOD        ?C?OFFXADD

  -------         MODULE        ?C?PLDIXDATA
  C:41C3H         PUBLIC        ?C?PLDIXDATA
BL51 BANKED LINKER/LOCATER V6.22.2.0                                                  06/18/2026  09:22:45  PAGE 166


  -------         ENDMOD        ?C?PLDIXDATA

  -------         MODULE        ?C?PSTXDATA
  C:41DAH         PUBLIC        ?C?PSTXDATA
  -------         ENDMOD        ?C?PSTXDATA

  -------         MODULE        ?C?CCASE
  C:41E3H         PUBLIC        ?C?CCASE
  -------         ENDMOD        ?C?CCASE

  -------         MODULE        ?C?ICASE
  C:4209H         PUBLIC        ?C?ICASE
  -------         ENDMOD        ?C?ICASE

  -------         MODULE        ?C?LIMUL
  C:4236H         PUBLIC        ?C?LIMUL
  -------         ENDMOD        ?C?LIMUL

  -------         MODULE        STRTOUL
  X:8C5CH         PUBLIC        ?_strtoul?BYTE
  C:781AH         PUBLIC        _strtoul
  -------         ENDMOD        STRTOUL

  -------         MODULE        ?C?LLDIDATA
  C:4263H         PUBLIC        ?C?LLDIDATA
  -------         ENDMOD        ?C?LLDIDATA

  -------         MODULE        ?C?LLDXDATA
  C:426FH         PUBLIC        ?C?LLDXDATA
  -------         ENDMOD        ?C?LLDXDATA

  -------         MODULE        ?C?LLDPDATA
  C:427BH         PUBLIC        ?C?LLDPDATA
  -------         ENDMOD        ?C?LLDPDATA

  -------         MODULE        ?C?LLDCODE
  C:4287H         PUBLIC        ?C?LLDCODE
  -------         ENDMOD        ?C?LLDCODE

  -------         MODULE        ?C?LSTIDATA
  C:4297H         PUBLIC        ?C?LSTIDATA
  -------         ENDMOD        ?C?LSTIDATA

  -------         MODULE        ?C?LSTPDATA
  C:42A3H         PUBLIC        ?C?LSTPDATA
  -------         ENDMOD        ?C?LSTPDATA

  -------         MODULE        ?C?PSTPTR
  C:42AFH         PUBLIC        ?C?PSTPTR
  -------         ENDMOD        ?C?PSTPTR

  -------         MODULE        ?C?PSTIDATA
  C:42FEH         PUBLIC        ?C?PSTIDATA
  -------         ENDMOD        ?C?PSTIDATA

  -------         MODULE        ?C?PSTPDATA
  C:4307H         PUBLIC        ?C?PSTPDATA
BL51 BANKED LINKER/LOCATER V6.22.2.0                                                  06/18/2026  09:22:45  PAGE 167


  -------         ENDMOD        ?C?PSTPDATA

*** WARNING L16: UNCALLED SEGMENT, IGNORED FOR OVERLAY PROCESS
    SEGMENT: ?PR?MODBUSCHANELCONTROL?MAIN

*** WARNING L16: UNCALLED SEGMENT, IGNORED FOR OVERLAY PROCESS
    SEGMENT: ?PR?_DGUS_WAITEN?SYS

*** WARNING L16: UNCALLED SEGMENT, IGNORED FOR OVERLAY PROCESS
    SEGMENT: ?PR?SAVE_DATA_HANDLER?SYS

*** WARNING L16: UNCALLED SEGMENT, IGNORED FOR OVERLAY PROCESS
    SEGMENT: ?PR?_DELAYUS?SYS

*** WARNING L16: UNCALLED SEGMENT, IGNORED FOR OVERLAY PROCESS
    SEGMENT: ?PR?_DELAYMS?SYS

*** WARNING L16: UNCALLED SEGMENT, IGNORED FOR OVERLAY PROCESS
    SEGMENT: ?PR?TIMERRUNNING?CONTROL

*** WARNING L16: UNCALLED SEGMENT, IGNORED FOR OVERLAY PROCESS
    SEGMENT: ?PR?HOMEPAGE_ICON?CONTROL

*** WARNING L16: UNCALLED SEGMENT, IGNORED FOR OVERLAY PROCESS
    SEGMENT: ?PR?OTARELOAD_DELAYPAGE?CONTROL

*** WARNING L16: UNCALLED SEGMENT, IGNORED FOR OVERLAY PROCESS
    SEGMENT: ?PR?SCREENSAVER_PRO?CONTROL

*** WARNING L16: UNCALLED SEGMENT, IGNORED FOR OVERLAY PROCESS
    SEGMENT: ?PR?UART2_RXENABLE?UART

*** WARNING L16: UNCALLED SEGMENT, IGNORED FOR OVERLAY PROCESS
    SEGMENT: ?PR?_MODBUS_ISFAULTACTIVE?MODBUS

*** WARNING L16: UNCALLED SEGMENT, IGNORED FOR OVERLAY PROCESS
    SEGMENT: ?PR?RTCUPDATE?RTC

*** WARNING L16: UNCALLED SEGMENT, IGNORED FOR OVERLAY PROCESS
    SEGMENT: ?PR?ERRORHISTORY_INIT?ERRORHISTORY

*** WARNING L16: UNCALLED SEGMENT, IGNORED FOR OVERLAY PROCESS
    SEGMENT: ?PR?DECODEERRORHISTORY?ERRORHISTORY

*** WARNING L16: UNCALLED SEGMENT, IGNORED FOR OVERLAY PROCESS
    SEGMENT: ?PR?UPLOAD_TIMESTAMP_BOOT_ONCE?UPLOAD

*** WARNING L16: UNCALLED SEGMENT, IGNORED FOR OVERLAY PROCESS
    SEGMENT: ?PR?UPLOAD_ALL_TIMERS?UPLOAD

*** WARNING L16: UNCALLED SEGMENT, IGNORED FOR OVERLAY PROCESS
    SEGMENT: ?PR?UPLOAD_REPORT_POLL?UPLOAD

*** WARNING L16: UNCALLED SEGMENT, IGNORED FOR OVERLAY PROCESS
    SEGMENT: ?PR?UPLOAD_REPORT_FORCE_SYNC?UPLOAD

*** WARNING L16: UNCALLED SEGMENT, IGNORED FOR OVERLAY PROCESS
BL51 BANKED LINKER/LOCATER V6.22.2.0                                                  06/18/2026  09:22:45  PAGE 168


    SEGMENT: ?PR?_HEX_TO_BCD?MCU_API

*** WARNING L16: UNCALLED SEGMENT, IGNORED FOR OVERLAY PROCESS
    SEGMENT: ?PR?_MY_MEMSET?MCU_API

*** WARNING L16: UNCALLED SEGMENT, IGNORED FOR OVERLAY PROCESS
    SEGMENT: ?PR?_MY_STRCPY?MCU_API

*** WARNING L16: UNCALLED SEGMENT, IGNORED FOR OVERLAY PROCESS
    SEGMENT: ?PR?_MY_STRCMP?MCU_API

*** WARNING L16: UNCALLED SEGMENT, IGNORED FOR OVERLAY PROCESS
    SEGMENT: ?PR?_INT_TO_BYTE?MCU_API

*** WARNING L16: UNCALLED SEGMENT, IGNORED FOR OVERLAY PROCESS
    SEGMENT: ?PR?_MCU_DP_FAULT_UPDATE?MCU_API

*** WARNING L16: UNCALLED SEGMENT, IGNORED FOR OVERLAY PROCESS
    SEGMENT: ?PR?_UART_RECEIVE_BUFF_INPUT?MCU_API

*** WARNING L16: UNCALLED SEGMENT, IGNORED FOR OVERLAY PROCESS
    SEGMENT: ?PR?MCU_GET_WIFIMODE_FLAG?MCU_API

*** WARNING L16: UNCALLED SEGMENT, IGNORED FOR OVERLAY PROCESS
    SEGMENT: ?PR?_MCU_SET_WIFI_MODE?MCU_API

*** WARNING L16: UNCALLED SEGMENT, IGNORED FOR OVERLAY PROCESS
    SEGMENT: ?PR?MCU_START_WIFITEST?MCU_API

*** WARNING L1: UNRESOLVED EXTERNAL SYMBOL
    SYMBOL:  READY_TO_SAVE_REPORT
    MODULE:  .\obj\control.obj (CONTROL)

*** WARNING L2: REFERENCE MADE TO UNRESOLVED EXTERNAL
    SYMBOL:  READY_TO_SAVE_REPORT
    MODULE:  .\obj\control.obj (CONTROL)
    ADDRESS: 1605H

*** WARNING L2: REFERENCE MADE TO UNRESOLVED EXTERNAL
    SYMBOL:  READY_TO_SAVE_REPORT
    MODULE:  .\obj\control.obj (CONTROL)
    ADDRESS: 177EH

*** WARNING L2: REFERENCE MADE TO UNRESOLVED EXTERNAL
    SYMBOL:  READY_TO_SAVE_REPORT
    MODULE:  .\obj\control.obj (CONTROL)
    ADDRESS: 1888H

*** WARNING L2: REFERENCE MADE TO UNRESOLVED EXTERNAL
    SYMBOL:  READY_TO_SAVE_REPORT
    MODULE:  .\obj\control.obj (CONTROL)
    ADDRESS: 1A67H

*** WARNING L2: REFERENCE MADE TO UNRESOLVED EXTERNAL
    SYMBOL:  READY_TO_SAVE_REPORT
    MODULE:  .\obj\control.obj (CONTROL)
    ADDRESS: 6F4EH
BL51 BANKED LINKER/LOCATER V6.22.2.0                                                  06/18/2026  09:22:45  PAGE 169



*** WARNING L2: REFERENCE MADE TO UNRESOLVED EXTERNAL
    SYMBOL:  READY_TO_SAVE_REPORT
    MODULE:  .\obj\control.obj (CONTROL)
    ADDRESS: 6FDDH

*** WARNING L2: REFERENCE MADE TO UNRESOLVED EXTERNAL
    SYMBOL:  READY_TO_SAVE_REPORT
    MODULE:  .\obj\control.obj (CONTROL)
    ADDRESS: 7048H

*** WARNING L2: REFERENCE MADE TO UNRESOLVED EXTERNAL
    SYMBOL:  READY_TO_SAVE_REPORT
    MODULE:  .\obj\control.obj (CONTROL)
    ADDRESS: 70B3H

*** WARNING L1: UNRESOLVED EXTERNAL SYMBOL
    SYMBOL:  OTALENGTH
    MODULE:  .\obj\OTA.obj (OTA)

*** WARNING L2: REFERENCE MADE TO UNRESOLVED EXTERNAL
    SYMBOL:  OTALENGTH
    MODULE:  .\obj\OTA.obj (OTA)
    ADDRESS: 63D2H

*** WARNING L2: REFERENCE MADE TO UNRESOLVED EXTERNAL
    SYMBOL:  OTALENGTH
    MODULE:  .\obj\OTA.obj (OTA)
    ADDRESS: 63FDH

*** WARNING L2: REFERENCE MADE TO UNRESOLVED EXTERNAL
    SYMBOL:  OTALENGTH
    MODULE:  .\obj\OTA.obj (OTA)
    ADDRESS: 642AH

*** WARNING L2: REFERENCE MADE TO UNRESOLVED EXTERNAL
    SYMBOL:  OTALENGTH
    MODULE:  .\obj\OTA.obj (OTA)
    ADDRESS: 6455H

*** WARNING L2: REFERENCE MADE TO UNRESOLVED EXTERNAL
    SYMBOL:  OTALENGTH
    MODULE:  .\obj\OTA.obj (OTA)
    ADDRESS: 648DH

*** WARNING L1: UNRESOLVED EXTERNAL SYMBOL
    SYMBOL:  READY_TO_SAVE_REPORT
    MODULE:  .\obj\protocol.obj (PROTOCOL)

*** WARNING L2: REFERENCE MADE TO UNRESOLVED EXTERNAL
    SYMBOL:  READY_TO_SAVE_REPORT
    MODULE:  .\obj\protocol.obj (PROTOCOL)
    ADDRESS: BBB2H

*** WARNING L2: REFERENCE MADE TO UNRESOLVED EXTERNAL
    SYMBOL:  READY_TO_SAVE_REPORT
    MODULE:  .\obj\protocol.obj (PROTOCOL)
BL51 BANKED LINKER/LOCATER V6.22.2.0                                                  06/18/2026  09:22:45  PAGE 170


    ADDRESS: C039H

Program Size: data=22.4 xdata=5129 code=62576
LINK/LOCATE RUN COMPLETE.  46 WARNING(S),  0 ERROR(S)
