BL51 BANKED LINKER/LOCATER V6.22.2.0                                                    06/30/2026  14:47:53  PAGE 1


BL51 BANKED LINKER/LOCATER V6.22.2.0, INVOKED BY:
D:\KEIL_V5\C51\C51\BIN\BL51.EXE .\obj\STARTUP_M5.obj, .\obj\main.obj, .\obj\sys.obj, .\obj\control.obj, .\obj\uart.obj, 
>> .\obj\modbus.obj, .\obj\rtc.obj, .\obj\ErrorHistory.obj, .\obj\upload.obj, .\obj\Wifipro.obj, .\obj\OTA.obj, .\obj\mc
>> u_api.obj, .\obj\protocol.obj, .\obj\system.obj TO .\obj\T5L51 PRINT (.\Listings\T5L51.m51) RAMSIZE (256) CODE (0X010
>> 0-0XFFFF) XDATA (0X8000-0XFFFF)




PROGRAM RECURSIONS REMOVED FROM CALL TREE
=========================================
+--> ?PR?WIFI_UART_PARSE_CMD6_PRIORITY?MCU_API
|  | ?PR?_DATA_HANDLE?SYSTEM
|  | ?PR?_DATA_POINT_HANDLE?SYSTEM
|  | ?PR?_DP_DOWNLOAD_HANDLE?PROTOCOL
|  | ?PR?_DP_DOWNLOAD_INDOOR_UNIT_HANDLE?PROTOCOL
|  | ?PR?UPLOAD_INDOOR_UNIT?UPLOAD
|  | ?PR?UPLOAD_YIELDWIFI?UPLOAD
<--+ ?PR?WIFI_UART_PROCESS_DOWNLOAD?MCU_API



MEMORY MODEL: LARGE WITH FLOATING POINT ARITHMETIC


INPUT MODULES INCLUDED:
  .\obj\STARTUP_M5.obj (?C_STARTUP)
  .\obj\main.obj (MAIN)
  .\obj\sys.obj (SYS)
  .\obj\control.obj (CONTROL)
  .\obj\uart.obj (UART)
  .\obj\modbus.obj (MODBUS)
  .\obj\rtc.obj (RTC)
  .\obj\ErrorHistory.obj (ERRORHISTORY)
  .\obj\upload.obj (UPLOAD)
  .\obj\Wifipro.obj (WIFIPRO)
  .\obj\OTA.obj (OTA)
  .\obj\mcu_api.obj (MCU_API)
  .\obj\protocol.obj (PROTOCOL)
  .\obj\system.obj (SYSTEM)
  D:\KEIL_V5\C51\C51\LIB\C51FPL.LIB (?C?FPMUL)
  D:\KEIL_V5\C51\C51\LIB\C51FPL.LIB (?C?FPDIV)
  D:\KEIL_V5\C51\C51\LIB\C51FPL.LIB (?C?FPCMP)
  D:\KEIL_V5\C51\C51\LIB\C51FPL.LIB (?C?FCAST)
  D:\KEIL_V5\C51\C51\LIB\C51FPL.LIB (?C?CASTF)
  D:\KEIL_V5\C51\C51\LIB\C51FPL.LIB (PRINTF)
  D:\KEIL_V5\C51\C51\LIB\C51FPL.LIB (?C?FPGETOPN)
  D:\KEIL_V5\C51\C51\LIB\C51FPL.LIB (?C?FPROUND)
  D:\KEIL_V5\C51\C51\LIB\C51FPL.LIB (?C?FPCONVERT)
  D:\KEIL_V5\C51\C51\LIB\C51FPL.LIB (?C?FPADD)
  D:\KEIL_V5\C51\C51\LIB\C51FPL.LIB (?C?FTNPWR)
  D:\KEIL_V5\C51\C51\LIB\C51L.LIB (?C_INIT)
  D:\KEIL_V5\C51\C51\LIB\C51L.LIB (?C?COPY)
  D:\KEIL_V5\C51\C51\LIB\C51L.LIB (?C?CLDPTR)
  D:\KEIL_V5\C51\C51\LIB\C51L.LIB (?C?CLDOPTR)
  D:\KEIL_V5\C51\C51\LIB\C51L.LIB (?C?CILDOPTR)
  D:\KEIL_V5\C51\C51\LIB\C51L.LIB (?C?CSTPTR)
  D:\KEIL_V5\C51\C51\LIB\C51L.LIB (?C?CSTOPTR)
BL51 BANKED LINKER/LOCATER V6.22.2.0                                                  06/30/2026  14:47:53  PAGE 2


  D:\KEIL_V5\C51\C51\LIB\C51L.LIB (?C?IMUL)
  D:\KEIL_V5\C51\C51\LIB\C51L.LIB (?C?UIDIV)
  D:\KEIL_V5\C51\C51\LIB\C51L.LIB (?C?SIDIV)
  D:\KEIL_V5\C51\C51\LIB\C51L.LIB (?C?IILDX)
  D:\KEIL_V5\C51\C51\LIB\C51L.LIB (?C?ILDIX)
  D:\KEIL_V5\C51\C51\LIB\C51L.LIB (?C?ILDIPTR)
  D:\KEIL_V5\C51\C51\LIB\C51L.LIB (?C?ILDOPTR)
  D:\KEIL_V5\C51\C51\LIB\C51L.LIB (?C?ISTPTR)
  D:\KEIL_V5\C51\C51\LIB\C51L.LIB (?C?ISTOPTR)
  D:\KEIL_V5\C51\C51\LIB\C51L.LIB (?C?LMUL)
  D:\KEIL_V5\C51\C51\LIB\C51L.LIB (?C?ULDIV)
  D:\KEIL_V5\C51\C51\LIB\C51L.LIB (?C?LNEG)
  D:\KEIL_V5\C51\C51\LIB\C51L.LIB (?C?SLCMP)
  D:\KEIL_V5\C51\C51\LIB\C51L.LIB (?C?ULCMP)
  D:\KEIL_V5\C51\C51\LIB\C51L.LIB (?C?ULSHR)
  D:\KEIL_V5\C51\C51\LIB\C51L.LIB (?C?LSHL)
  D:\KEIL_V5\C51\C51\LIB\C51L.LIB (?C?LLDPTR)
  D:\KEIL_V5\C51\C51\LIB\C51L.LIB (?C?LSTPTR)
  D:\KEIL_V5\C51\C51\LIB\C51L.LIB (?C?LSTXDATA)
  D:\KEIL_V5\C51\C51\LIB\C51L.LIB (?C?LSTKXDATA)
  D:\KEIL_V5\C51\C51\LIB\C51L.LIB (?C?OFFXADD)
  D:\KEIL_V5\C51\C51\LIB\C51L.LIB (?C?PLDIXDATA)
  D:\KEIL_V5\C51\C51\LIB\C51L.LIB (?C?PSTXDATA)
  D:\KEIL_V5\C51\C51\LIB\C51L.LIB (?C?CCASE)
  D:\KEIL_V5\C51\C51\LIB\C51L.LIB (?C?ICASE)
  D:\KEIL_V5\C51\C51\LIB\C51L.LIB (?C?LIMUL)
  D:\KEIL_V5\C51\C51\LIB\C51L.LIB (STRTOUL)
  D:\KEIL_V5\C51\C51\LIB\C51L.LIB (?C?LLDIDATA)
  D:\KEIL_V5\C51\C51\LIB\C51L.LIB (?C?LLDXDATA)
  D:\KEIL_V5\C51\C51\LIB\C51L.LIB (?C?LLDPDATA)
  D:\KEIL_V5\C51\C51\LIB\C51L.LIB (?C?LLDCODE)
  D:\KEIL_V5\C51\C51\LIB\C51L.LIB (?C?LSTIDATA)
  D:\KEIL_V5\C51\C51\LIB\C51L.LIB (?C?LSTPDATA)
  D:\KEIL_V5\C51\C51\LIB\C51L.LIB (?C?PSTPTR)
  D:\KEIL_V5\C51\C51\LIB\C51L.LIB (?C?PSTIDATA)
  D:\KEIL_V5\C51\C51\LIB\C51L.LIB (?C?PSTPDATA)


LINK MAP OF MODULE:  .\obj\T5L51 (?C_STARTUP)


            TYPE    BASE      LENGTH    RELOCATION   SEGMENT NAME
            -----------------------------------------------------

            * * * * * * *   D A T A   M E M O R Y   * * * * * * *
            REG     0000H     0008H     ABSOLUTE     "REG BANK 0"
            DATA    0008H     0005H     UNIT         _DATA_GROUP_
            DATA    000DH     0002H     UNIT         ?DT?SYS
                    000FH     0011H                  *** GAP ***
            BIT     0020H.0   0003H.1   UNIT         ?BI?MODBUS
            BIT     0023H.1   0001H.1   UNIT         _BIT_GROUP_
            BIT     0024H.2   0000H.7   UNIT         ?BI?UPLOAD
            BIT     0025H.1   0000H.5   UNIT         ?BI?CONTROL
            BIT     0025H.6   0000H.4   UNIT         ?BI?OTA
            BIT     0026H.2   0000H.1   UNIT         ?BI?MAIN
            BIT     0026H.3   0000H.1   UNIT         ?BI?PROTOCOL
                    0026H.4   0000H.4                *** GAP ***
BL51 BANKED LINKER/LOCATER V6.22.2.0                                                  06/30/2026  14:47:53  PAGE 3


            IDATA   0027H     0001H     UNIT         ?STACK

            * * * * * * *  X D A T A   M E M O R Y  * * * * * * *
                    0000H     8000H                  *** GAP ***
            XDATA   8000H     0475H     UNIT         ?XD?MODBUS
            XDATA   8475H     0323H     UNIT         ?XD?SYSTEM
            XDATA   8798H     0301H     UNIT         ?XD?SYS
            XDATA   8A99H     0227H     UNIT         _XDATA_GROUP_
            XDATA   8CC0H     0205H     UNIT         ?XD?ERRORHISTORY
            XDATA   8EC5H     019EH     UNIT         ?XD?UART
            XDATA   9063H     0199H     UNIT         ?XD?_ERRORHISTORY_FLASHREAD?ERRORHISTORY
            XDATA   91FCH     0132H     UNIT         ?XD?PROTOCOL
            XDATA   932EH     00B7H     UNIT         ?XD?UPLOAD
            XDATA   93E5H     0057H     UNIT         ?XD?CONTROL
            XDATA   943CH     004CH     UNIT         ?XD?UPLOAD_CHECK_STATUS?UPLOAD
            XDATA   9488H     003AH     UNIT         ?XD?_MEMORY_WRITETIMERSLOT?SYS
            XDATA   94C2H     003AH     UNIT         ?XD?_MEMORY_READTIMERSLOT?SYS
            XDATA   94FCH     001BH     UNIT         ?XD?RTC
            XDATA   9517H     0019H     UNIT         ?XD?MCU_API
            XDATA   9530H     0010H     UNIT         ?XD?UPLOAD_ELECTRICITY_STATISTICS?UPLOAD
            XDATA   9540H     000CH     UNIT         ?XD?_ERRORHISTORY_UNPACKRECLEGACY?ERRORHISTORY
            XDATA   954CH     000BH     UNIT         ?XD?OTA
            XDATA   9557H     000AH     UNIT         ?XD?_ERRORHISTORY_UNPACKREC?ERRORHISTORY
            XDATA   9561H     0009H     UNIT         ?XD?_MY_MEMSET?MCU_API
            XDATA   956AH     0009H     UNIT         ?XD?_MY_STRCPY?MCU_API
            XDATA   9573H     0007H     UNIT         ?XD?_MCU_DP_FAULT_UPDATE?MCU_API
            XDATA   957AH     0007H     UNIT         ?XD?_UART_RECEIVE_BUFF_INPUT?MCU_API
            XDATA   9581H     0006H     UNIT         ?XD?_MODBUS_GETUSERPOWERMODE?MODBUS
            XDATA   9587H     0006H     UNIT         ?XD?_MY_STRCMP?MCU_API
            XDATA   958DH     0004H     UNIT         ?XD?_DGUS_WAITEN?SYS
            XDATA   9591H     0004H     UNIT         ?XD?_INT_TO_BYTE?MCU_API
            XDATA   9595H     0003H     UNIT         ?XD?_MODBUS_GETCHECKSTATUS?MODBUS
            XDATA   9598H     0002H     UNIT         ?XD?MAIN
            XDATA   959AH     0001H     UNIT         ?XD?_MODBUS_ISFAULTACTIVE?MODBUS
            XDATA   959BH     0001H     UNIT         ?XD?_ERRORHISTORY_CONVERTLEGACYRAWREC?ERRORHISTORY
            XDATA   959CH     0001H     UNIT         ?XD?WIFI_UART_DRAIN?MCU_API

            * * * * * * *   C O D E   M E M O R Y   * * * * * * *
            CODE    0000H     0003H     ABSOLUTE     
                    0003H     0008H                  *** GAP ***
            CODE    000BH     0003H     ABSOLUTE     
                    000EH     000DH                  *** GAP ***
            CODE    001BH     0003H     ABSOLUTE     
                    001EH     0005H                  *** GAP ***
            CODE    0023H     0003H     ABSOLUTE     
                    0026H     0005H                  *** GAP ***
            CODE    002BH     0003H     ABSOLUTE     
                    002EH     0035H                  *** GAP ***
            CODE    0063H     0003H     ABSOLUTE     
                    0066H     0005H                  *** GAP ***
            CODE    006BH     0003H     ABSOLUTE     
                    006EH     008AH                  *** GAP ***
            CODE    00F8H     0008H     ABSOLUTE     
            CODE    0100H     199DH     UNIT         ?PR?CONTROL_FUNCTION1?CONTROL
            CODE    1A9DH     12BCH     UNIT         ?PR?MODBUS_ANALYSIS_DATA1?MODBUS
            CODE    2D59H     0E1AH     UNIT         ?PR?MODBUS_SALVE_HANDLER1?MODBUS
            CODE    3B73H     0BF5H     UNIT         ?C?LIB_CODE
BL51 BANKED LINKER/LOCATER V6.22.2.0                                                  06/30/2026  14:47:53  PAGE 4


            CODE    4768H     0A32H     UNIT         ?C_INITSEG
            CODE    519AH     080FH     UNIT         ?PR?_DATA_HANDLE?SYSTEM
            CODE    59A9H     0483H     UNIT         ?PR?PRINTF?PRINTF
            CODE    5E2CH     038EH     UNIT         ?PR?OTAENCODEPRO?OTA
            CODE    61BAH     02F7H     UNIT         ?PR?TEMPUNIT_REFRESHALL?CONTROL
            CODE    64B1H     02E3H     UNIT         ?PR?_DP_DOWNLOAD_INSIDE_TIME_OPEN_HANDLE?PROTOCOL
            CODE    6794H     02BAH     UNIT         ?PR?TIMERRUNNING?CONTROL
            CODE    6A4EH     02B5H     UNIT         ?PR?_TEMP_LIMIT?CONTROL
            CODE    6D03H     0286H     UNIT         ?PR?_DP_DOWNLOAD_INDOOR_UNIT_HANDLE?PROTOCOL
            CODE    6F89H     026AH     UNIT         ?PR?_TIMESTAMP_TO_YMDHMS?PROTOCOL
            CODE    71F3H     0260H     UNIT         ?PR?_ERRORHISTORY_FLASHREAD?ERRORHISTORY
            CODE    7453H     0252H     UNIT         ?PR?_STRTOUL?STRTOUL
            CODE    76A5H     023CH     UNIT         ?PR?_ERRORHISTORY_PACKREC?ERRORHISTORY
            CODE    78E1H     022BH     UNIT         ?PR?SYNCTIMERFROMVP?CONTROL
            CODE    7B0CH     0227H     UNIT         ?PR?UPLOAD_INDOOR_UNIT?UPLOAD
            CODE    7D33H     020EH     UNIT         ?PR?_MODBUS_FILLINDOORUNITREGS?MODBUS
            CODE    7F41H     01FBH     UNIT         ?PR?_MODBUS_APPLYINDOORTIMERVPTOUNITS?MODBUS
            CODE    813CH     01EDH     UNIT         ?PR?_READ_DGUS_VP?SYS
            CODE    8329H     01ECH     UNIT         ?PR?UPLOAD_INSIDE_TIME_OPEN?UPLOAD
            CODE    8515H     01E7H     UNIT         ?PR?_DP_DOWNLOAD_EXTERNAL_TIME_OPEN_HANDLE?PROTOCOL
            CODE    86FCH     01D6H     UNIT         ?PR?_DP_DOWNLOAD_TIMESTAMP_HANDLE?PROTOCOL
            CODE    88D2H     01BEH     UNIT         ?PR?RDTIME?RTC
            CODE    8A90H     01BBH     UNIT         ?PR?DEFROST_CHECKEXIT?CONTROL
            CODE    8C4BH     01B9H     UNIT         ?PR?UPLOAD_EXTERNAL_TIME_OPEN?UPLOAD
            CODE    8E04H     01B4H     UNIT         ?PR?_WRITE_DGUS_VP?SYS
            CODE    8FB8H     01ABH     UNIT         ?PR?RTC_GETUNIXLOCAL?RTC
            CODE    9163H     01A2H     UNIT         ?PR?_WIFI_UART_TRY_FRAME_LEN?MCU_API
            CODE    9305H     0197H     UNIT         ?PR?_ERRORHISTORY_UNPACKRECLEGACY?ERRORHISTORY
            CODE    949CH     0193H     UNIT         ?PR?_ERRORHISTORY_UNPACKREC?ERRORHISTORY
            CODE    962FH     0187H     UNIT         ?PR?_DP_DOWNLOAD_HANDLE?PROTOCOL
            CODE    97B6H     016DH     UNIT         ?PR?MAIN?MAIN
            CODE    9923H     016CH     UNIT         ?PR?MODBUS_REFRESHCHECKPARAMDISPLAY?MODBUS
            CODE    9A8FH     0167H     UNIT         ?PR?CHECK_RTC_SET?RTC
            CODE    9BF6H     0167H     UNIT         ?PR?_MY_MEMCPY?MCU_API
            CODE    9D5DH     015FH     UNIT         ?PR?_MCU_DP_FAULT_UPDATE?MCU_API
            CODE    9EBCH     015EH     UNIT         ?PR?_UPDATEERRORHISTORY?ERRORHISTORY
            CODE    A01AH     0153H     UNIT         ?PR?SCREENSAVER_PRO?CONTROL
            CODE    A16DH     0140H     UNIT         ?PR?_FLASHCHECKSUMCALCULATE?SYS
            CODE    A2ADH     013CH     UNIT         ?PR?HOMEPAGE_ICON?CONTROL
            CODE    A3E9H     0139H     UNIT         ?PR?_DP_DOWNLOAD_SWITCH_HANDLE?PROTOCOL
            CODE    A522H     0138H     UNIT         ?PR?_BYTE_TO_INT?MCU_API
            CODE    A65AH     0126H     UNIT         ?PR?TIMER_APPLYINDOORON?CONTROL
            CODE    A780H     0121H     UNIT         ?PR?PRODUCT_INFO_UPDATE?SYSTEM
            CODE    A8A1H     011BH     UNIT         ?PR?_UPLOAD_ULTOSTR?UPLOAD
            CODE    A9BCH     0116H     UNIT         ?PR?T0_ISR_PC?SYS
            CODE    AAD2H     0113H     UNIT         ?PR?RTCDISPLAY4CHANGE?CONTROL
            CODE    ABE5H     0110H     UNIT         ?PR?_MODBUS_FILLGROUPCONTROLREGS?MODBUS
            CODE    ACF5H     010FH     UNIT         ?PR?_ERRORHISTORY_READTIME?ERRORHISTORY
            CODE    AE04H     010EH     UNIT         ?PR?PREFILLSETTEMPEDITPAGE?CONTROL
            CODE    AF12H     010BH     UNIT         ?PR?UART5_RX_ISR_PC?UART
            CODE    B01DH     010AH     UNIT         ?PR?UPLOAD_HISTORY_FAULTS?UPLOAD
            CODE    B127H     0106H     UNIT         ?PR?HOMEPAGE_SYNCINDOORDISPLAY?CONTROL
            CODE    B22DH     0104H     UNIT         ?PR?_SYNCHOMEDISPLAYIFFIRSTINDOORMODECHANGED?CONTROL
            CODE    B331H     0102H     UNIT         ?PR?ERRORHISTORYDISPLAY?ERRORHISTORY
            CODE    B433H     00FBH     UNIT         ?PR?_HOMEPAGE_UPDATEMODEANIMATION?CONTROL
            CODE    B52EH     00F6H     UNIT         ?PR?_KEYADJUSTSETTEMPFORMODE?CONTROL
            CODE    B624H     00F4H     UNIT         ?PR?READY4WRITERTC?CONTROL
BL51 BANKED LINKER/LOCATER V6.22.2.0                                                  06/30/2026  14:47:53  PAGE 5


            CODE    B718H     00EDH     UNIT         ?PR?UPLOAD_INSIDE_TIME_CLOSE?UPLOAD
            CODE    B805H     00EDH     UNIT         ?PR?UPLOAD_EXTERNAL_TIME_CLOSE?UPLOAD
            CODE    B8F2H     00E9H     UNIT         ?PR?_UPLOAD_SHADOW_VALUE?UPLOAD
            CODE    B9DBH     00E9H     UNIT         ?PR?_DP_DOWNLOAD_MODE_HANDLE?PROTOCOL
            CODE    BAC4H     00E4H     UNIT         ?PR?_RTC_CONFIG?RTC
            CODE    BBA8H     00D8H     UNIT         ?PR?MODBUS_TRIGGERUSERWRITE?MODBUS
            CODE    BC80H     00D4H     UNIT         ?PR?_DP_DOWNLOAD_EXTERNAL_TIME_CLOSE_HANDLE?PROTOCOL
            CODE    BD54H     00D2H     UNIT         ?PR?_MODBUS_SYNCHOMEINDOORMODEFROMUNIT?MODBUS
            CODE    BE26H     00D1H     UNIT         ?PR?_UART_RECEIVE_INPUT?MCU_API
            CODE    BEF7H     00D1H     UNIT         ?PR?_DP_DOWNLOAD_INSIDE_TIME_CLOSE_HANDLE?PROTOCOL
            CODE    BFC8H     00CFH     UNIT         ?PR?WIFI_UART_PARSE_FRAMES?MCU_API
            CODE    C097H     00C8H     UNIT         ?PR?_MODBUS_WRITEFLOATTEMPPAIR?MODBUS
            CODE    C15FH     00C7H     UNIT         ?PR?_TEMPUNITTRANS?CONTROL
            CODE    C226H     00C4H     UNIT         ?PR?_DP_DOWNLOAD_TEMP_SET_HANDLE?PROTOCOL
            CODE    C2EAH     00C3H     UNIT         ?PR?INIT_RTC?RTC
            CODE    C3ADH     00BFH     UNIT         ?PR?_MEMORY_WRITETIMERSLOT?SYS
            CODE    C46CH     00BFH     UNIT         ?CO?MODBUS
            CODE    C52BH     00B9H     UNIT         ?PR?_CALCULATEMODBUSCRC?MODBUS
            CODE    C5E4H     00B6H     UNIT         ?PR?UART2_ISR_PC?UART
            CODE    C69AH     00B5H     UNIT         ?PR?_MCU_DP_VALUE_UPDATE?MCU_API
            CODE    C74FH     00ACH     UNIT         ?PR?_MODBUS_PACKCHECKSTATUSBLOCK?MODBUS
            CODE    C7FBH     00ABH     UNIT         ?PR?_ERRORHISTORY_FLASHWRITE?ERRORHISTORY
            CODE    C8A6H     00A7H     UNIT         ?PR?_TIMER_ISINDOORWEEKDAYMATCH?CONTROL
            CODE    C94DH     00A6H     UNIT         ?PR?_TIMER_ISEXTERNALWEEKDAYMATCH?CONTROL
            CODE    C9F3H     00A6H     UNIT         ?PR?UPLOAD_CHECK_STATUS?UPLOAD
            CODE    CA99H     00A4H     UNIT         ?PR?RTCUPDATE?RTC
            CODE    CB3DH     00A1H     UNIT         ?C_C51STARTUP
            CODE    CBDEH     00A0H     UNIT         ?PR?_MEMORY_READTIMERSLOT?SYS
            CODE    CC7EH     009FH     UNIT         ?PR?_MCU_FIRM_UPDATE_HANDLE?PROTOCOL
            CODE    CD1DH     009BH     UNIT         ?PR?_SYNCSETTEMPCACHESFROMC?CONTROL
            CODE    CDB8H     009AH     UNIT         ?PR?_DATA_POINT_HANDLE?SYSTEM
            CODE    CE52H     0094H     UNIT         ?PR?_RTC_GET_WEEK?RTC
            CODE    CEE6H     0091H     UNIT         ?PR?UART5_TX_ISR_PC?UART
            CODE    CF77H     0091H     UNIT         ?PR?_RTC_WRITEDISPLAYTIME?RTC
            CODE    D008H     0091H     UNIT         ?PR?_RTC_WRITEEDITTIME?RTC
            CODE    D099H     0091H     UNIT         ?PR?_WIFI_UART_REMOVE_FRAME?MCU_API
            CODE    D12AH     008EH     UNIT         ?PR?_MODBUS_DBGLOGTX?MODBUS
            CODE    D1B8H     008AH     UNIT         ?PR?ERRORHISTORY_TRYMIGRATEFLASH?ERRORHISTORY
            CODE    D242H     008AH     UNIT         ?PR?_MY_STRCPY?MCU_API
            CODE    D2CCH     008AH     UNIT         ?PR?WIFI_UART_PARSE_CMD6_PRIORITY?MCU_API
            CODE    D356H     0086H     UNIT         ?CO?MAIN
            CODE    D3DCH     0083H     UNIT         ?PR?_READTIMERTEMPC?CONTROL
            CODE    D45FH     0083H     UNIT         ?PR?_MODBUS_APPENDMODESETTEMPREG?MODBUS
            CODE    D4E2H     0083H     UNIT         ?PR?_MCU_DP_RAW_UPDATE?MCU_API
            CODE    D565H     0083H     UNIT         ?PR?_MCU_DP_STRING_UPDATE?MCU_API
            CODE    D5E8H     0080H     UNIT         ?PR?_MODBUS_INDOORREGSCHANGED?MODBUS
            CODE    D668H     007DH     UNIT         ?PR?_MODBUS_DBGLOGRX?MODBUS
            CODE    D6E5H     007DH     UNIT         ?PR?UPLOAD_PACKTIMERROOMBYTE?UPLOAD
            CODE    D762H     007BH     UNIT         ?PR?OTADECODEPRO?OTA
            CODE    D7DDH     0079H     UNIT         ?PR?_GETTIMEDIFF?RTC
            CODE    D856H     0078H     UNIT         ?PR?TIMER_APPLYINDOOROFF?CONTROL
            CODE    D8CEH     0078H     UNIT         ?PR?_UART5_SENDSTR?UART
            CODE    D946H     0077H     UNIT         ?PR?MODBUSCHANELCONTROL?MAIN
            CODE    D9BDH     0075H     UNIT         ?PR?_MY_STRLEN?MCU_API
            CODE    DA32H     0073H     UNIT         ?PR?MODBUS_ADVANCEPOLLONTIMEOUT?MODBUS
            CODE    DAA5H     0073H     UNIT         ?PR?_MY_STRCMP?MCU_API
            CODE    DB18H     0072H     UNIT         ?PR?UPLOAD_DP_TEMP_TOP?UPLOAD
BL51 BANKED LINKER/LOCATER V6.22.2.0                                                  06/30/2026  14:47:53  PAGE 6


            CODE    DB8AH     0072H     UNIT         ?PR?UPLOAD_DP_EFFLUENT_TEMP?UPLOAD
            CODE    DBFCH     0072H     UNIT         ?PR?UPLOAD_DP_AROUND_TEMP?UPLOAD
            CODE    DC6EH     0072H     UNIT         ?PR?UPLOAD_DP_EVAPORATOR_TEMP?UPLOAD
            CODE    DCE0H     0072H     UNIT         ?PR?UPLOAD_DP_DEFROST_OUT_TEMP?UPLOAD
            CODE    DD52H     0071H     UNIT         ?PR?UPLOAD_DP_TEMP_CURRENT?UPLOAD
            CODE    DDC3H     0071H     UNIT         ?PR?_HEX_TO_BCD?MCU_API
            CODE    DE34H     006DH     UNIT         ?PR?TEMPUNIT_REFRESHACTIVESETFROMMODE?CONTROL
            CODE    DEA1H     006DH     UNIT         ?PR?_ERRORHISTORY_CONVERTLEGACYRAWREC?ERRORHISTORY
            CODE    DF0EH     006CH     UNIT         ?PR?_SET_WIFI_UART_BUFFER?SYSTEM
            CODE    DF7AH     0069H     UNIT         ?PR?INIT_CPU?SYS
            CODE    DFE3H     0069H     UNIT         ?PR?UPLOAD_STATE_QUERY_REPLY?UPLOAD
            CODE    E04CH     0069H     UNIT         ?PR?_WIFI_UART_WRITE_FRAME?SYSTEM
            CODE    E0B5H     0067H     UNIT         ?PR?_UPLOAD_VALUEIFCHANGED?UPLOAD
            CODE    E11CH     0066H     UNIT         ?PR?_SYNCINDOORSETTEMPVPPAIR?CONTROL
            CODE    E182H     0066H     UNIT         ?PR?_MODBUS_GROUPREGSCHANGED?MODBUS
            CODE    E1E8H     0066H     UNIT         ?PR?UPLOAD_TIMESTAMP_FROM_RTC?UPLOAD
            CODE    E24EH     0065H     UNIT         ?PR?GETVALUE0F00?CONTROL
            CODE    E2B3H     0065H     UNIT         ?PR?_MODBUS_SAVEINDOORSENTREGS?MODBUS
            CODE    E318H     0064H     UNIT         ?PR?_SETTEMPINTVPBYMODE?CONTROL
            CODE    E37CH     0063H     UNIT         ?PR?TAKE_BYTE_RXBUFF?SYSTEM
            CODE    E3DFH     0060H     UNIT         ?PR?_INT_TO_BYTE?MCU_API
            CODE    E43FH     005FH     UNIT         ?PR?_SYNCTIMERTEMPVPPAIR?CONTROL
            CODE    E49EH     005FH     UNIT         ?PR?_DP_DOWNLOAD_DEFROST_HANDLE?PROTOCOL
            CODE    E4FDH     005CH     UNIT         ?PR?_TEMPUNIT_REFRESHFLOATPAIR?CONTROL
            CODE    E559H     0058H     UNIT         ?PR?_MY_MEMSET?MCU_API
            CODE    E5B1H     0058H     UNIT         ?CO?SYSTEM
            CODE    E609H     0057H     UNIT         ?PR?_UART_RECEIVE_BUFF_INPUT?MCU_API
            CODE    E660H     0055H     UNIT         ?PR?T1_ISR_PC?SYS
            CODE    E6B5H     0054H     UNIT         ?PR?_MODBUS_ISFAULTACTIVE?MODBUS
            CODE    E709H     0054H     UNIT         ?PR?DECODEERRORHISTORY?ERRORHISTORY
            CODE    E75DH     0054H     UNIT         ?PR?_WIFI_UART_WRITE_DATA?SYSTEM
            CODE    E7B1H     0052H     UNIT         ?CO?SYS
            CODE    E803H     0052H     UNIT         ?PR?_MCU_DP_BOOL_UPDATE?MCU_API
            CODE    E855H     0051H     UNIT         ?PR?_MODBUS_TRIGGERINDOORUNITWRITE?MODBUS
            CODE    E8A6H     0051H     UNIT         ?PR?_DP_DOWNLOAD_TEMP_UNIT_CONVERT_HANDLE?PROTOCOL
            CODE    E8F7H     0050H     UNIT         ?PR?ERRORHISTORY_SANITIZE?ERRORHISTORY
            CODE    E947H     004FH     UNIT         ?CO?PROTOCOL
            CODE    E996H     004EH     UNIT         ?PR?SAVE_DATA_HANDLER?SYS
            CODE    E9E4H     004EH     UNIT         ?PR?_WIFI_UART_RX_BYTE_SCAN?MCU_API
            CODE    EA32H     004EH     UNIT         ?PR?_DP_DOWNLOAD_CHILD_LOCK_HANDLE?PROTOCOL
            CODE    EA80H     004CH     UNIT         ?PR?_MODBUS_SAVEGROUPSENTREGS?MODBUS
            CODE    EACCH     004CH     UNIT         ?PR?_MCU_DP_ENUM_UPDATE?MCU_API
            CODE    EB18H     004BH     UNIT         ?PR?_MODBUS_APPENDU16?MODBUS
            CODE    EB63H     004AH     UNIT         ?PR?_GETMODBUSREG?MODBUS
            CODE    EBADH     004AH     UNIT         ?PR?_GET_CHECK_SUM?SYSTEM
            CODE    EBF7H     0049H     UNIT         ?PR?_MODBUS_GETCHECKSTATUS?MODBUS
            CODE    EC40H     0049H     UNIT         ?PR?_DP_DOWNLOAD_RELAY_STATUS_HANDLE?PROTOCOL
            CODE    EC89H     0047H     UNIT         ?PR?MODBUS_STARTMANUALDEFROST?MODBUS
            CODE    ECD0H     0047H     UNIT         ?PR?WIFI_UART_DRAIN?MCU_API
            CODE    ED17H     0045H     UNIT         ?PR?_DGUS_WAITEN?SYS
            CODE    ED5CH     0045H     UNIT         ?PR?SCREENTIMEOUT_SET?SYS
            CODE    EDA1H     0045H     UNIT         ?PR?_SETTEMPFLOATWRITEC?CONTROL
            CODE    EDE6H     0044H     UNIT         ?PR?SYSTEM_PARM_INIT?SYS
            CODE    EE2AH     0044H     UNIT         ?PR?HOMEPAGE?CONTROL
            CODE    EE6EH     0044H     UNIT         ?PR?ERRORHISTORY_FLASHCOMMITNOW?ERRORHISTORY
            CODE    EEB2H     0044H     UNIT         ?PR?CLEARERRORHISTORY?ERRORHISTORY
            CODE    EEF6H     0041H     UNIT         ?PR?_PAGE_CHANGE_HANDLER?SYS
BL51 BANKED LINKER/LOCATER V6.22.2.0                                                  06/30/2026  14:47:53  PAGE 7


            CODE    EF37H     003EH     UNIT         ?PR?_MODBUS_ENCODEINDOORRUNMODE?MODBUS
            CODE    EF75H     003EH     UNIT         ?PR?_RTCI2CBW?RTC
            CODE    EFB3H     003DH     UNIT         ?PR?_MODBUS_DECODEINDOORFAN?MODBUS
            CODE    EFF0H     003DH     UNIT         ?PR?UPLOAD_DP_TEMP_SET?UPLOAD
            CODE    F02DH     003DH     UNIT         ?PR?UPLOAD_DP_FAULT?UPLOAD
            CODE    F06AH     003DH     UNIT         ?PR?UPLOAD_DP_DEFROST_FREQ?UPLOAD
            CODE    F0A7H     003DH     UNIT         ?PR?UPLOAD_DP_DEFROST_TIME?UPLOAD
            CODE    F0E4H     003BH     UNIT         ?PR?MODBUS_STARTNEXTTIMERWRITE?MODBUS
            CODE    F11FH     003BH     UNIT         ?PR?UPLOAD_ELECTRICITY_STATISTICS?UPLOAD
            CODE    F15AH     003AH     UNIT         ?PR?WIFI_UART_RX_PULL?MCU_API
            CODE    F194H     0039H     UNIT         ?PR?READY_TO_SAVE?SYS
            CODE    F1CDH     0038H     UNIT         ?CO?UPLOAD
            CODE    F205H     0035H     UNIT         ?PR?_RTC_DAYS_IN_MONTH?RTC
            CODE    F23AH     0035H     UNIT         ?PR?WITH_DATA_RXBUFF?SYSTEM
            CODE    F26FH     0033H     UNIT         ?PR?_ERRORHISTORY_PAGECHANGE?ERRORHISTORY
            CODE    F2A2H     0032H     UNIT         ?PR?_MODBUS_TXU16?MODBUS
            CODE    F2D4H     0032H     UNIT         ?PR?_DELAY_US?RTC
            CODE    F306H     0032H     UNIT         ?PR?RTCI2CBR?RTC
            CODE    F338H     0031H     UNIT         ?PR?WIFI_RESTING_PRO?CONTROL
            CODE    F369H     0030H     UNIT         ?PR?_SETTEMPINTREAD?CONTROL
            CODE    F399H     0030H     UNIT         ?PR?_SETTEMPINTWRITE?CONTROL
            CODE    F3C9H     0030H     UNIT         ?PR?_IS_LEAP_YEAR?PROTOCOL
            CODE    F3F9H     002FH     UNIT         ?PR?UPLOAD_DP_MODE?UPLOAD
            CODE    F428H     002FH     UNIT         ?PR?_GET_DOWMLOAD_DPID_INDEX?SYSTEM
            CODE    F457H     002EH     UNIT         ?PR?UPLOAD_DP_WORK_STATE?UPLOAD
            CODE    F485H     002DH     UNIT         ?PR?_MODBUS_ENCODEINDOORFAN?MODBUS
            CODE    F4B2H     002DH     UNIT         ?PR?_MODBUS_DECODEINDOORMODEBITS?MODBUS
            CODE    F4DFH     002CH     UNIT         ?PR?_SET_WIFI_UART_BYTE?SYSTEM
            CODE    F50BH     002BH     UNIT         ?PR?_ERRORHISTORY_ISVALIDCODE?ERRORHISTORY
            CODE    F536H     002AH     UNIT         ?PR?UPLOAD_DP_SWITCH?UPLOAD
            CODE    F560H     002AH     UNIT         ?PR?UPLOAD_DP_TEMP_UNIT?UPLOAD
            CODE    F58AH     002AH     UNIT         ?PR?UPLOAD_DP_CHILD_LOCK?UPLOAD
            CODE    F5B4H     002AH     UNIT         ?PR?UPLOAD_DP_DEFROST?UPLOAD
            CODE    F5DEH     002AH     UNIT         ?PR?UPLOAD_DP_RELAY_STATUS?UPLOAD
            CODE    F608H     0029H     UNIT         ?PR?RTCCACK?RTC
            CODE    F631H     0029H     UNIT         ?PR?_UPLOAD_SHADOW_ENUM?UPLOAD
            CODE    F65AH     0029H     UNIT         ?PR?_MODE_MAP_TO_DGUS?PROTOCOL
            CODE    F683H     0028H     UNIT         ?PR?_LANGUAGE_CHANGE?SYS
            CODE    F6ABH     0028H     UNIT         ?PR?OTARELOAD_DELAYPAGE?CONTROL
            CODE    F6D3H     0028H     UNIT         ?PR?_RTC_IS_LEAP?RTC
            CODE    F6FBH     0028H     UNIT         ?PR?WIFI_PROTOCOL_INIT?MCU_API
            CODE    F723H     0028H     UNIT         ?PR?MCU_GET_WIFI_WORK_STATE?MCU_API
            CODE    F74BH     0027H     UNIT         ?PR?UI_OPENPAGE?MAIN
            CODE    F772H     0027H     UNIT         ?PR?_MODBUS_QUEUEINDOORTIMERWRITE?MODBUS
            CODE    F799H     0027H     UNIT         ?PR?HEAT_BEAT_CHECK?SYSTEM
            CODE    F7C0H     0026H     UNIT         ?PR?_ISITHOMEPAGE?CONTROL
            CODE    F7E6H     0026H     UNIT         ?PR?UPLOAD_GETUNIT?UPLOAD
            CODE    F80CH     0026H     UNIT         ?PR?OTAINIT?OTA
            CODE    F832H     0025H     UNIT         ?PR?_MODBUS_GETUSERPOWERMODE?MODBUS
            CODE    F857H     0024H     UNIT         ?PR?_MODBUS_REPORTFAULTCODE?MODBUS
            CODE    F87BH     0022H     UNIT         ?PR?GETPAGEID?CONTROL
            CODE    F89DH     0022H     UNIT         ?PR?UNITCHANGEPRO?CONTROL
            CODE    F8BFH     0022H     UNIT         ?PR?ERRORHISTORY_GETCOUNT?ERRORHISTORY
            CODE    F8E1H     0022H     UNIT         ?PR?_DP_DOWNLOAD_HISTORY_FAULT_EMPTY_HANDLE?PROTOCOL
            CODE    F903H     0021H     UNIT         ?PR?_UPLOAD_CLAMPINDOORTEMP?UPLOAD
            CODE    F924H     0021H     UNIT         ?PR?_UPLOAD_DGUSINDOORMODETODP?UPLOAD
            CODE    F945H     0020H     UNIT         ?PR?_BRIGHTNESS_HANDLER?SYS
BL51 BANKED LINKER/LOCATER V6.22.2.0                                                  06/30/2026  14:47:53  PAGE 8


            CODE    F965H     0020H     UNIT         ?PR?_DELAYUS?SYS
            CODE    F985H     0020H     UNIT         ?PR?_DELAYMS?SYS
            CODE    F9A5H     0020H     UNIT         ?PR?_SETMODEPROCESS?CONTROL
            CODE    F9C5H     0020H     UNIT         ?PR?_PUTCHAR?UART
            CODE    F9E5H     0020H     UNIT         ?PR?OTARECVPRO?OTA
            CODE    FA05H     001FH     UNIT         ?PR?_UPLOAD_DGUSMODETODP116?UPLOAD
            CODE    FA24H     001FH     UNIT         ?PR?_UPLOAD_SHADOW_BOOL?UPLOAD
            CODE    FA43H     001EH     UNIT         ?PR?_UPLOAD_WORKSTATETODP?UPLOAD
            CODE    FA61H     001DH     UNIT         ?PR?UART2_INIT?UART
            CODE    FA7EH     001DH     UNIT         ?PR?_UART2SENDDATA?UART
            CODE    FA9BH     001DH     UNIT         ?PR?MODBUS_TRIGGERGROUPCONTROLWRITE?MODBUS
            CODE    FAB8H     001DH     UNIT         ?PR?_MODBUS_RXU16?MODBUS
            CODE    FAD5H     001DH     UNIT         ?PR?WIFI_UART_SERVICE?MCU_API
            CODE    FAF2H     001DH     UNIT         ?PR?_DP117_MODE_TO_DGUS?PROTOCOL
            CODE    FB0FH     0019H     UNIT         ?PR?_MODBUS_SCALEINDOORSETTEMP?MODBUS
            CODE    FB28H     0019H     UNIT         ?PR?_MODBUS_UNSCALEINDOORSETTEMP?MODBUS
            CODE    FB41H     0018H     UNIT         ?PR?RTCI2CSTART?RTC
            CODE    FB59H     0018H     UNIT         ?PR?_UPLOAD_MODETODP101?UPLOAD
            CODE    FB71H     0018H     UNIT         ?PR?OTA_MODBUSPRO?OTA
            CODE    FB89H     0017H     UNIT         ?PR?RTCI2CSTOP?RTC
            CODE    FBA0H     0017H     UNIT         ?PR?_UPLOAD_BOOLIFCHANGED?UPLOAD
            CODE    FBB7H     0017H     UNIT         ?PR?_UPLOAD_ENUMIFCHANGED?UPLOAD
            CODE    FBCEH     0017H     UNIT         ?PR?_MCU_SET_WIFI_MODE?MCU_API
            CODE    FBE5H     0016H     UNIT         ?PR?T2_INIT?SYS
            CODE    FBFBH     0016H     UNIT         ?PR?_MODBUS_PACKCHECKSTATUSBYTE?MODBUS
            CODE    FC11H     0016H     UNIT         ?PR?_MODBUS_TRIGGERDEFROSTPARAMWRITE?MODBUS
            CODE    FC27H     0016H     UNIT         ?PR?WIFI_UART_PROCESS_DOWNLOAD?MCU_API
            CODE    FC3DH     0015H     UNIT         ?PR?UART5_INIT?UART
            CODE    FC52H     0015H     UNIT         ?PR?MODBUS_USERHOLDACTIVE?MODBUS
            CODE    FC67H     0014H     UNIT         ?PR?READ_NOR_FLASH?SYS
            CODE    FC7BH     0014H     UNIT         ?PR?WRITE_NOR_FLASH?SYS
            CODE    FC8FH     0013H     UNIT         ?PR?T2_ISR_PC?SYS
            CODE    FCA2H     0013H     UNIT         ?PR?_BCD?RTC
            CODE    FCB5H     0013H     UNIT         ?PR?_ERRORHISTORY_CLAMPBYTE?ERRORHISTORY
            CODE    FCC8H     0013H     UNIT         ?PR?_UPGRADE_PACKAGE_CHOOSE?PROTOCOL
            CODE    FCDBH     0013H     UNIT         ?PR?_FILE_DOWNLOAD_PACKAGE_CHOOSE?PROTOCOL
            CODE    FCEEH     0012H     UNIT         ?PR?UART4_INIT?UART
            CODE    FD00H     0012H     UNIT         ?PR?RTCMACK?RTC
            CODE    FD12H     0012H     UNIT         ?PR?_FILE_DOWNLOAD_HANDLE?PROTOCOL
            CODE    FD24H     0010H     UNIT         ?PR?T0_INIT?SYS
            CODE    FD34H     0010H     UNIT         ?PR?T1_INIT?SYS
            CODE    FD44H     0010H     UNIT         ?PR?RTCMNAK?RTC
            CODE    FD54H     0010H     UNIT         ?CO?RTC
            CODE    FD64H     0010H     UNIT         ?PR?ERRORHISTORY_GETMAXPAGE?ERRORHISTORY
            CODE    FD74H     0010H     UNIT         ?PR?UPLOAD_YIELDWIFI?UPLOAD
            CODE    FD84H     000FH     UNIT         ?PR?_DELAY_MS?SYS
            CODE    FD93H     000FH     UNIT         ?PR?GETSYSTICKTIME?RTC
            CODE    FDA2H     000FH     UNIT         ?PR?_UPLOAD_SET_BOOT_READY?UPLOAD
            CODE    FDB1H     000EH     UNIT         ?PR?ERRORHISTORY_INIT?ERRORHISTORY
            CODE    FDBFH     000EH     UNIT         ?PR?MCU_RESET_WIFI?MCU_API
            CODE    FDCDH     000DH     UNIT         ?PR?_MODBUS_RXRELREG?MODBUS
            CODE    FDDAH     000DH     UNIT         ?PR?_RTC_MONTHFROMDISPLAYVP?RTC
            CODE    FDE7H     000DH     UNIT         ?PR?_MCU_GET_DP_DOWNLOAD_BOOL?MCU_API
            CODE    FDF4H     000DH     UNIT         ?PR?_MCU_GET_DP_DOWNLOAD_ENUM?MCU_API
            CODE    FE01H     000DH     UNIT         ?PR?_WIFI_UART_FRAME_VERSION_OK?MCU_API
            CODE    FE0EH     000DH     UNIT         ?CO?MCU_API
            CODE    FE1BH     000CH     UNIT         ?CO?ERRORHISTORY
BL51 BANKED LINKER/LOCATER V6.22.2.0                                                  06/30/2026  14:47:53  PAGE 9


            CODE    FE27H     000BH     UNIT         ?PR?_MCU_GET_DP_DOWNLOAD_VALUE?MCU_API
            CODE    FE32H     000AH     UNIT         ?PR?PORT_INIT?SYS
            CODE    FE3CH     000AH     UNIT         ?PR?MODBUS_CLEARMANUALDEFROST?MODBUS
            CODE    FE46H     000AH     UNIT         ?PR?MCU_START_WIFITEST?MCU_API
            CODE    FE50H     000AH     UNIT         ?PR?GET_MCU_WIFI_MODE?SYSTEM
            CODE    FE5AH     0009H     UNIT         ?PR?MODBUS_YIELDWIFI?MODBUS
            CODE    FE63H     0009H     UNIT         ?PR?UPLOAD_TIMESTAMP_BOOT_ONCE?UPLOAD
            CODE    FE6CH     0009H     UNIT         ?PR?_WIFI_TEST_RESULT?PROTOCOL
            CODE    FE75H     0008H     UNIT         ?PR?ERRORHISTORY_FLASHVPADDR?ERRORHISTORY
            CODE    FE7DH     0006H     UNIT         ?CO?CONTROL
            CODE    FE83H     0006H     UNIT         ?PR?RTC_GET_WEEKDAY?RTC
            CODE    FE89H     0006H     UNIT         ?PR?ERRORHISTORY_RESETPAGE?ERRORHISTORY
            CODE    FE8FH     0006H     UNIT         ?PR?UPLOAD_IS_BOOT_READY?UPLOAD
            CODE    FE95H     0006H     UNIT         ?PR?WIFI_INIT?WIFIPRO
            CODE    FE9BH     0006H     UNIT         ?PR?MCU_GET_RESET_WIFI_FLAG?MCU_API
            CODE    FEA1H     0006H     UNIT         ?PR?MCU_GET_WIFIMODE_FLAG?MCU_API
            CODE    FEA7H     0003H     UNIT         ?PR?READY_TO_SAVE_REPORT?SYS
            CODE    FEAAH     0003H     UNIT         ?PR?MODBUS_INIT?MODBUS
            CODE    FEADH     0003H     UNIT         ?PR?_UART_TRANSMIT_OUTPUT?PROTOCOL
            CODE    FEB0H     0003H     UNIT         ?PR?ALL_DATA_UPDATE?PROTOCOL
            CODE    FEB3H     0003H     UNIT         ?PR?GET_DOWNLOAD_CMD_TOTAL?PROTOCOL
            CODE    FEB6H     0001H     UNIT         ?PR?WRITE_MEMORY?SYS
            CODE    FEB7H     0001H     UNIT         ?PR?READ_MEMORY?SYS
            CODE    FEB8H     0001H     UNIT         ?PR?READ_MEMORY_ERROR?SYS
            CODE    FEB9H     0001H     UNIT         ?PR?_UWOERRORCODEPROCESS?ERRORHISTORY
            CODE    FEBAH     0001H     UNIT         ?PR?UPLOAD_ALL_TIMERS?UPLOAD
            CODE    FEBBH     0001H     UNIT         ?PR?UPLOAD_MODBUS_POLL_REPORT?UPLOAD



OVERLAY MAP OF MODULE:   .\obj\T5L51 (?C_STARTUP)


SEGMENT                                             BIT_GROUP          DATA_GROUP          XDATA_GROUP
  +--> CALLED SEGMENT                            START    LENGTH     START    LENGTH     START    LENGTH
--------------------------------------------------------------------------------------------------------
?C_C51STARTUP                                    -----    -----      -----    -----      -----    -----
  +--> ?PR?MAIN?MAIN
  +--> ?C_INITSEG

?PR?MAIN?MAIN                                    -----    -----      -----    -----      -----    -----
  +--> ?PR?INIT_CPU?SYS
  +--> ?PR?PORT_INIT?SYS
  +--> ?PR?T0_INIT?SYS
  +--> ?PR?T1_INIT?SYS
  +--> ?PR?T2_INIT?SYS
  +--> ?PR?MODBUS_INIT?MODBUS
  +--> ?PR?UART4_INIT?UART
  +--> ?PR?WIFI_INIT?WIFIPRO
  +--> ?PR?INIT_RTC?RTC
  +--> ?PR?SYSTEM_PARM_INIT?SYS
  +--> ?PR?WIFI_UART_SERVICE?MCU_API
  +--> ?PR?MODBUS_SALVE_HANDLER1?MODBUS
  +--> ?PR?CONTROL_FUNCTION1?CONTROL
  +--> ?PR?SAVE_DATA_HANDLER?SYS
  +--> ?PR?MODBUSCHANELCONTROL?MAIN
  +--> ?PR?RTCUPDATE?RTC
BL51 BANKED LINKER/LOCATER V6.22.2.0                                                  06/30/2026  14:47:53  PAGE 10


  +--> ?PR?HOMEPAGE_ICON?CONTROL
  +--> ?PR?DECODEERRORHISTORY?ERRORHISTORY
  +--> ?CO?MAIN
  +--> ?PR?PRINTF?PRINTF
  +--> ?PR?MCU_GET_WIFI_WORK_STATE?MCU_API
  +--> ?PR?UI_OPENPAGE?MAIN
  +--> ?PR?TIMERRUNNING?CONTROL
  +--> ?PR?WIFI_RESTING_PRO?CONTROL
  +--> ?PR?OTARELOAD_DELAYPAGE?CONTROL
  +--> ?PR?SCREENSAVER_PRO?CONTROL

?PR?MODBUS_INIT?MODBUS                           -----    -----      -----    -----      -----    -----
  +--> ?PR?UART5_INIT?UART

?PR?WIFI_INIT?WIFIPRO                            -----    -----      -----    -----      -----    -----
  +--> ?PR?UART2_INIT?UART
  +--> ?PR?WIFI_PROTOCOL_INIT?MCU_API

?PR?INIT_RTC?RTC                                 -----    -----      -----    -----      8A99H    0002H
  +--> ?PR?RTCI2CSTART?RTC
  +--> ?PR?_RTCI2CBW?RTC
  +--> ?PR?RTCI2CSTOP?RTC
  +--> ?PR?RTCI2CBR?RTC
  +--> ?PR?RTCMACK?RTC
  +--> ?PR?RTCMNAK?RTC

?PR?RTCI2CSTART?RTC                              -----    -----      -----    -----      -----    -----
  +--> ?PR?_DELAY_US?RTC

?PR?_DELAY_US?RTC                                -----    -----      0008H    0004H      -----    -----

?PR?_RTCI2CBW?RTC                                -----    -----      -----    -----      -----    -----
  +--> ?PR?_DELAY_US?RTC
  +--> ?PR?RTCCACK?RTC

?PR?RTCCACK?RTC                                  -----    -----      -----    -----      -----    -----
  +--> ?PR?_DELAY_US?RTC

?PR?RTCI2CSTOP?RTC                               -----    -----      -----    -----      -----    -----
  +--> ?PR?_DELAY_US?RTC

?PR?RTCI2CBR?RTC                                 -----    -----      -----    -----      -----    -----
  +--> ?PR?_DELAY_US?RTC

?PR?RTCMACK?RTC                                  -----    -----      -----    -----      -----    -----
  +--> ?PR?_DELAY_US?RTC

?PR?RTCMNAK?RTC                                  -----    -----      -----    -----      -----    -----
  +--> ?PR?_DELAY_US?RTC

?PR?SYSTEM_PARM_INIT?SYS                         -----    -----      -----    -----      8A99H    0002H
  +--> ?PR?READ_NOR_FLASH?SYS
  +--> ?PR?_DELAY_MS?SYS
  +--> ?PR?_READ_DGUS_VP?SYS
  +--> ?PR?_FLASHCHECKSUMCALCULATE?SYS
  +--> ?PR?READ_MEMORY_ERROR?SYS
  +--> ?PR?READ_MEMORY?SYS
BL51 BANKED LINKER/LOCATER V6.22.2.0                                                  06/30/2026  14:47:53  PAGE 11



?PR?READ_NOR_FLASH?SYS                           -----    -----      -----    -----      -----    -----
  +--> ?CO?SYS
  +--> ?PR?_WRITE_DGUS_VP?SYS
  +--> ?PR?_DELAY_MS?SYS
  +--> ?PR?_READ_DGUS_VP?SYS

?PR?_WRITE_DGUS_VP?SYS                           -----    -----      -----    -----      8CAEH    000FH

?PR?_READ_DGUS_VP?SYS                            -----    -----      -----    -----      8B5EH    0015H

?PR?_FLASHCHECKSUMCALCULATE?SYS                  -----    -----      -----    -----      8A9BH    002AH
  +--> ?CO?SYS
  +--> ?PR?_READ_DGUS_VP?SYS

?PR?WIFI_UART_SERVICE?MCU_API                    -----    -----      -----    -----      -----    -----
  +--> ?PR?WIFI_UART_RX_PULL?MCU_API
  +--> ?PR?WIFI_UART_PARSE_FRAMES?MCU_API

?PR?WIFI_UART_RX_PULL?MCU_API                    -----    -----      -----    -----      -----    -----
  +--> ?PR?WITH_DATA_RXBUFF?SYSTEM
  +--> ?PR?TAKE_BYTE_RXBUFF?SYSTEM

?PR?WIFI_UART_PARSE_FRAMES?MCU_API               -----    -----      -----    -----      8AE9H    0004H
  +--> ?PR?WIFI_UART_PARSE_CMD6_PRIORITY?MCU...
  +--> ?PR?_WIFI_UART_TRY_FRAME_LEN?MCU_API
  +--> ?PR?_DATA_HANDLE?SYSTEM
  +--> ?PR?_MY_MEMCPY?MCU_API

?PR?WIFI_UART_PARSE_CMD6_PRIORITY?MCU...         -----    -----      -----    -----      8AEDH    0004H
  +--> ?PR?_WIFI_UART_TRY_FRAME_LEN?MCU_API
  +--> ?PR?_DATA_HANDLE?SYSTEM
  +--> ?PR?_WIFI_UART_REMOVE_FRAME?MCU_API

?PR?_WIFI_UART_TRY_FRAME_LEN?MCU_API             -----    -----      -----    -----      8AF1H    0008H
  +--> ?PR?_WIFI_UART_FRAME_VERSION_OK?MCU_API
  +--> ?PR?_GET_CHECK_SUM?SYSTEM

?PR?_GET_CHECK_SUM?SYSTEM                        -----    -----      -----    -----      8B9BH    0006H

?PR?_DATA_HANDLE?SYSTEM                          -----    -----      -----    -----      8AF1H    0014H
  +--> ?PR?HEAT_BEAT_CHECK?SYSTEM
  +--> ?PR?PRODUCT_INFO_UPDATE?SYSTEM
  +--> ?PR?GET_MCU_WIFI_MODE?SYSTEM
  +--> ?CO?SYSTEM
  +--> ?PR?PRINTF?PRINTF
  +--> ?PR?_DATA_POINT_HANDLE?SYSTEM
  +--> ?PR?ALL_DATA_UPDATE?PROTOCOL
  +--> ?PR?_UPGRADE_PACKAGE_CHOOSE?PROTOCOL
  +--> ?PR?_MCU_FIRM_UPDATE_HANDLE?PROTOCOL
  +--> ?PR?_WIFI_UART_WRITE_FRAME?SYSTEM
  +--> ?PR?_WIFI_TEST_RESULT?PROTOCOL
  +--> ?PR?_FILE_DOWNLOAD_PACKAGE_CHOOSE?PRO...
  +--> ?PR?_FILE_DOWNLOAD_HANDLE?PROTOCOL

?PR?HEAT_BEAT_CHECK?SYSTEM                       -----    -----      -----    -----      -----    -----
  +--> ?PR?_SET_WIFI_UART_BYTE?SYSTEM
BL51 BANKED LINKER/LOCATER V6.22.2.0                                                  06/30/2026  14:47:53  PAGE 12


  +--> ?PR?_WIFI_UART_WRITE_FRAME?SYSTEM

?PR?_SET_WIFI_UART_BYTE?SYSTEM                   -----    -----      -----    -----      8B99H    0002H

?PR?_WIFI_UART_WRITE_FRAME?SYSTEM                -----    -----      -----    -----      8B99H    0002H
  +--> ?PR?_GET_CHECK_SUM?SYSTEM
  +--> ?PR?_WIFI_UART_WRITE_DATA?SYSTEM

?PR?_WIFI_UART_WRITE_DATA?SYSTEM                 -----    -----      -----    -----      8B9BH    0005H
  +--> ?PR?_UART_TRANSMIT_OUTPUT?PROTOCOL

?PR?_UART_TRANSMIT_OUTPUT?PROTOCOL               -----    -----      -----    -----      -----    -----
  +--> ?PR?_UART2SENDDATA?UART

?PR?_UART2SENDDATA?UART                          -----    -----      -----    -----      -----    -----
  +--> ?PR?WIFI_UART_RX_PULL?MCU_API

?PR?PRODUCT_INFO_UPDATE?SYSTEM                   -----    -----      -----    -----      8B05H    000DH
  +--> ?CO?SYSTEM
  +--> ?PR?_MY_STRLEN?MCU_API
  +--> ?PR?_SET_WIFI_UART_BUFFER?SYSTEM
  +--> ?PR?_WIFI_UART_WRITE_FRAME?SYSTEM

?PR?_MY_STRLEN?MCU_API                           -----    -----      -----    -----      8B12H    0007H

?PR?_SET_WIFI_UART_BUFFER?SYSTEM                 -----    -----      -----    -----      8B99H    0007H
  +--> ?PR?_MY_MEMCPY?MCU_API

?PR?_MY_MEMCPY?MCU_API                           -----    -----      -----    -----      8BA0H    0010H

?PR?GET_MCU_WIFI_MODE?SYSTEM                     -----    -----      -----    -----      -----    -----
  +--> ?PR?_WIFI_UART_WRITE_FRAME?SYSTEM

?PR?PRINTF?PRINTF                                0023H.1  0001H.1    0008H    0005H      8B3EH    0030H
  +--> ?PR?_PUTCHAR?UART

?PR?_DATA_POINT_HANDLE?SYSTEM                    -----    -----      -----    -----      8B05H    0008H
  +--> ?PR?_GET_DOWMLOAD_DPID_INDEX?SYSTEM
  +--> ?PR?GET_DOWNLOAD_CMD_TOTAL?PROTOCOL
  +--> ?PR?_DP_DOWNLOAD_HANDLE?PROTOCOL

?PR?_GET_DOWMLOAD_DPID_INDEX?SYSTEM              -----    -----      -----    -----      8B0DH    0001H
  +--> ?PR?GET_DOWNLOAD_CMD_TOTAL?PROTOCOL

?PR?_DP_DOWNLOAD_HANDLE?PROTOCOL                 -----    -----      -----    -----      8B0DH    0007H
  +--> ?PR?_DP_DOWNLOAD_SWITCH_HANDLE?PROTOCOL
  +--> ?PR?_DP_DOWNLOAD_MODE_HANDLE?PROTOCOL
  +--> ?PR?_DP_DOWNLOAD_CHILD_LOCK_HANDLE?PR...
  +--> ?PR?_DP_DOWNLOAD_TEMP_SET_HANDLE?PROT...
  +--> ?PR?_DP_DOWNLOAD_TEMP_UNIT_CONVERT_HA...
  +--> ?PR?_DP_DOWNLOAD_DEFROST_HANDLE?PROTOCOL
  +--> ?PR?_DP_DOWNLOAD_RELAY_STATUS_HANDLE?...
  +--> ?PR?_DP_DOWNLOAD_TIMESTAMP_HANDLE?PRO...
  +--> ?PR?_DP_DOWNLOAD_INDOOR_UNIT_HANDLE?P...
  +--> ?PR?_DP_DOWNLOAD_HISTORY_FAULT_EMPTY_...
  +--> ?PR?_DP_DOWNLOAD_INSIDE_TIME_OPEN_HAN...
  +--> ?PR?_DP_DOWNLOAD_EXTERNAL_TIME_OPEN_H...
BL51 BANKED LINKER/LOCATER V6.22.2.0                                                  06/30/2026  14:47:53  PAGE 13


  +--> ?PR?_DP_DOWNLOAD_INSIDE_TIME_CLOSE_HA...
  +--> ?PR?_DP_DOWNLOAD_EXTERNAL_TIME_CLOSE_...

?PR?_DP_DOWNLOAD_SWITCH_HANDLE?PROTOCOL          -----    -----      -----    -----      8B14H    0006H
  +--> ?PR?_MCU_GET_DP_DOWNLOAD_BOOL?MCU_API
  +--> ?PR?_MCU_DP_BOOL_UPDATE?MCU_API
  +--> ?PR?_UPLOAD_SHADOW_BOOL?UPLOAD
  +--> ?CO?PROTOCOL
  +--> ?PR?PRINTF?PRINTF
  +--> ?PR?_READ_DGUS_VP?SYS
  +--> ?PR?_WRITE_DGUS_VP?SYS
  +--> ?PR?MODBUS_TRIGGERUSERWRITE?MODBUS
  +--> ?PR?READY_TO_SAVE?SYS

?PR?_MCU_GET_DP_DOWNLOAD_BOOL?MCU_API            -----    -----      -----    -----      8B1AH    0002H

?PR?_MCU_DP_BOOL_UPDATE?MCU_API                  -----    -----      -----    -----      8B1AH    0001H
  +--> ?PR?_SET_WIFI_UART_BYTE?SYSTEM
  +--> ?PR?_WIFI_UART_WRITE_FRAME?SYSTEM

?PR?MODBUS_TRIGGERUSERWRITE?MODBUS               -----    -----      -----    -----      8B1AH    0004H
  +--> ?PR?_READ_DGUS_VP?SYS
  +--> ?CO?MODBUS
  +--> ?PR?PRINTF?PRINTF

?PR?READY_TO_SAVE?SYS                            -----    -----      -----    -----      8B34H    0002H
  +--> ?PR?_READ_DGUS_VP?SYS

?PR?_DP_DOWNLOAD_MODE_HANDLE?PROTOCOL            -----    -----      -----    -----      8B14H    0004H
  +--> ?PR?_MCU_GET_DP_DOWNLOAD_ENUM?MCU_API
  +--> ?PR?_WRITE_DGUS_VP?SYS
  +--> ?PR?MODBUS_TRIGGERUSERWRITE?MODBUS
  +--> ?PR?READY_TO_SAVE?SYS
  +--> ?PR?_READ_DGUS_VP?SYS
  +--> ?PR?_MCU_DP_ENUM_UPDATE?MCU_API
  +--> ?PR?_UPLOAD_SHADOW_ENUM?UPLOAD

?PR?_MCU_GET_DP_DOWNLOAD_ENUM?MCU_API            -----    -----      -----    -----      8B18H    0002H

?PR?_MCU_DP_ENUM_UPDATE?MCU_API                  -----    -----      -----    -----      8B18H    0001H
  +--> ?PR?_SET_WIFI_UART_BYTE?SYSTEM
  +--> ?PR?_WIFI_UART_WRITE_FRAME?SYSTEM

?PR?_DP_DOWNLOAD_CHILD_LOCK_HANDLE?PR...         -----    -----      -----    -----      8B14H    0002H
  +--> ?PR?_MCU_GET_DP_DOWNLOAD_BOOL?MCU_API
  +--> ?PR?HOMEPAGE?CONTROL
  +--> ?PR?_WRITE_DGUS_VP?SYS
  +--> ?PR?_MCU_DP_BOOL_UPDATE?MCU_API
  +--> ?PR?_UPLOAD_SHADOW_BOOL?UPLOAD

?PR?HOMEPAGE?CONTROL                             0023H.1  0000H.1    -----    -----      8B16H    0002H
  +--> ?PR?GETPAGEID?CONTROL
  +--> ?PR?_ISITHOMEPAGE?CONTROL
  +--> ?PR?_READ_DGUS_VP?SYS
  +--> ?PR?_PAGE_CHANGE_HANDLER?SYS
  +--> ?PR?HOMEPAGE_SYNCINDOORDISPLAY?CONTROL

BL51 BANKED LINKER/LOCATER V6.22.2.0                                                  06/30/2026  14:47:53  PAGE 14


?PR?GETPAGEID?CONTROL                            -----    -----      -----    -----      8B18H    0002H
  +--> ?PR?_READ_DGUS_VP?SYS

?PR?_ISITHOMEPAGE?CONTROL                        0023H.2  0000H.1    -----    -----      -----    -----

?PR?_PAGE_CHANGE_HANDLER?SYS                     -----    -----      -----    -----      -----    -----
  +--> ?PR?_WRITE_DGUS_VP?SYS
  +--> ?PR?_DELAY_MS?SYS
  +--> ?PR?_READ_DGUS_VP?SYS

?PR?HOMEPAGE_SYNCINDOORDISPLAY?CONTROL           -----    -----      -----    -----      8B33H    0004H
  +--> ?PR?_READ_DGUS_VP?SYS
  +--> ?PR?_WRITE_DGUS_VP?SYS
  +--> ?PR?_HOMEPAGE_UPDATEMODEANIMATION?CON...

?PR?_HOMEPAGE_UPDATEMODEANIMATION?CON...         -----    -----      -----    -----      8B37H    0006H
  +--> ?PR?_WRITE_DGUS_VP?SYS

?PR?_DP_DOWNLOAD_TEMP_SET_HANDLE?PROT...         -----    -----      -----    -----      8B14H    000BH
  +--> ?PR?_MCU_GET_DP_DOWNLOAD_VALUE?MCU_API
  +--> ?PR?_WRITE_DGUS_VP?SYS
  +--> ?PR?_READ_DGUS_VP?SYS
  +--> ?PR?_SETTEMPINTWRITE?CONTROL
  +--> ?PR?_SYNCSETTEMPCACHESFROMC?CONTROL
  +--> ?PR?READY_TO_SAVE?SYS
  +--> ?PR?_MCU_DP_VALUE_UPDATE?MCU_API
  +--> ?PR?_UPLOAD_SHADOW_VALUE?UPLOAD

?PR?_MCU_GET_DP_DOWNLOAD_VALUE?MCU_API           -----    -----      -----    -----      8B1FH    0002H
  +--> ?PR?_BYTE_TO_INT?MCU_API

?PR?_BYTE_TO_INT?MCU_API                         -----    -----      -----    -----      8B21H    0007H

?PR?_SETTEMPINTWRITE?CONTROL                     -----    -----      -----    -----      8B2DH    0002H
  +--> ?PR?_SETTEMPINTVPBYMODE?CONTROL
  +--> ?PR?_WRITE_DGUS_VP?SYS

?PR?_SETTEMPINTVPBYMODE?CONTROL                  -----    -----      -----    -----      8B2FH    0001H

?PR?_SYNCSETTEMPCACHESFROMC?CONTROL              -----    -----      -----    -----      8B27H    0006H
  +--> ?PR?_TEMPUNITTRANS?CONTROL
  +--> ?PR?_WRITE_DGUS_VP?SYS
  +--> ?PR?_READ_DGUS_VP?SYS
  +--> ?PR?_SETTEMPINTWRITE?CONTROL

?PR?_TEMPUNITTRANS?CONTROL                       -----    -----      -----    -----      8B34H    0003H

?PR?_MCU_DP_VALUE_UPDATE?MCU_API                 -----    -----      -----    -----      8B1FH    0005H
  +--> ?PR?_SET_WIFI_UART_BYTE?SYSTEM
  +--> ?PR?_WIFI_UART_WRITE_FRAME?SYSTEM

?PR?_UPLOAD_SHADOW_VALUE?UPLOAD                  -----    -----      -----    -----      8B1FH    0005H

?PR?_DP_DOWNLOAD_TEMP_UNIT_CONVERT_HA...         -----    -----      -----    -----      8B14H    0002H
  +--> ?PR?_MCU_GET_DP_DOWNLOAD_ENUM?MCU_API
  +--> ?PR?_WRITE_DGUS_VP?SYS
  +--> ?PR?UNITCHANGEPRO?CONTROL
BL51 BANKED LINKER/LOCATER V6.22.2.0                                                  06/30/2026  14:47:53  PAGE 15


  +--> ?PR?HOMEPAGE?CONTROL
  +--> ?PR?READY_TO_SAVE?SYS
  +--> ?PR?_MCU_DP_ENUM_UPDATE?MCU_API
  +--> ?PR?_UPLOAD_SHADOW_ENUM?UPLOAD

?PR?UNITCHANGEPRO?CONTROL                        -----    -----      -----    -----      8B16H    0002H
  +--> ?PR?_READ_DGUS_VP?SYS
  +--> ?PR?TEMPUNIT_REFRESHALL?CONTROL

?PR?TEMPUNIT_REFRESHALL?CONTROL                  -----    -----      -----    -----      8B18H    000BH
  +--> ?PR?_READ_DGUS_VP?SYS
  +--> ?PR?_TEMPUNITTRANS?CONTROL
  +--> ?PR?_SYNCSETTEMPCACHESFROMC?CONTROL
  +--> ?PR?_WRITE_DGUS_VP?SYS
  +--> ?PR?TEMPUNIT_REFRESHACTIVESETFROMMODE...
  +--> ?PR?_TEMPUNIT_REFRESHFLOATPAIR?CONTROL
  +--> ?PR?_SETTEMPINTREAD?CONTROL
  +--> ?PR?_SETTEMPINTWRITE?CONTROL
  +--> ?PR?_SYNCINDOORSETTEMPVPPAIR?CONTROL
  +--> ?PR?_SYNCTIMERTEMPVPPAIR?CONTROL
  +--> ?PR?MODBUS_REFRESHCHECKPARAMDISPLAY?M...

?PR?TEMPUNIT_REFRESHACTIVESETFROMMODE...         -----    -----      -----    -----      8B23H    0004H
  +--> ?PR?_READ_DGUS_VP?SYS
  +--> ?PR?_SETTEMPINTREAD?CONTROL
  +--> ?PR?_TEMPUNITTRANS?CONTROL
  +--> ?PR?_SYNCSETTEMPCACHESFROMC?CONTROL

?PR?_SETTEMPINTREAD?CONTROL                      -----    -----      -----    -----      8B27H    0002H
  +--> ?PR?_SETTEMPINTVPBYMODE?CONTROL
  +--> ?PR?_READ_DGUS_VP?SYS

?PR?_TEMPUNIT_REFRESHFLOATPAIR?CONTROL           -----    -----      -----    -----      8B23H    0010H
  +--> ?PR?_READ_DGUS_VP?SYS
  +--> ?PR?_TEMPUNITTRANS?CONTROL
  +--> ?PR?_WRITE_DGUS_VP?SYS

?PR?_SYNCINDOORSETTEMPVPPAIR?CONTROL             -----    -----      -----    -----      8B23H    0005H
  +--> ?PR?_TEMPUNITTRANS?CONTROL
  +--> ?PR?_WRITE_DGUS_VP?SYS

?PR?_SYNCTIMERTEMPVPPAIR?CONTROL                 -----    -----      -----    -----      8B23H    000CH
  +--> ?PR?_TEMPUNITTRANS?CONTROL
  +--> ?PR?_WRITE_DGUS_VP?SYS

?PR?MODBUS_REFRESHCHECKPARAMDISPLAY?M...         -----    -----      -----    -----      8B23H    0009H
  +--> ?PR?_READ_DGUS_VP?SYS
  +--> ?PR?_TEMPUNITTRANS?CONTROL
  +--> ?PR?_WRITE_DGUS_VP?SYS

?PR?_DP_DOWNLOAD_DEFROST_HANDLE?PROTOCOL         -----    -----      -----    -----      8B14H    0004H
  +--> ?PR?_MCU_GET_DP_DOWNLOAD_BOOL?MCU_API
  +--> ?PR?MODBUS_STARTMANUALDEFROST?MODBUS
  +--> ?PR?_WRITE_DGUS_VP?SYS
  +--> ?PR?MODBUS_CLEARMANUALDEFROST?MODBUS
  +--> ?PR?_MCU_DP_BOOL_UPDATE?MCU_API
  +--> ?PR?_UPLOAD_SHADOW_BOOL?UPLOAD
BL51 BANKED LINKER/LOCATER V6.22.2.0                                                  06/30/2026  14:47:53  PAGE 16



?PR?MODBUS_STARTMANUALDEFROST?MODBUS             -----    -----      -----    -----      8B18H    0002H
  +--> ?PR?_WRITE_DGUS_VP?SYS

?PR?_DP_DOWNLOAD_RELAY_STATUS_HANDLE?...         -----    -----      -----    -----      8B14H    0002H
  +--> ?PR?_MCU_GET_DP_DOWNLOAD_ENUM?MCU_API
  +--> ?PR?_WRITE_DGUS_VP?SYS
  +--> ?PR?READY_TO_SAVE?SYS
  +--> ?PR?_MCU_DP_ENUM_UPDATE?MCU_API
  +--> ?PR?_UPLOAD_SHADOW_ENUM?UPLOAD

?PR?_DP_DOWNLOAD_TIMESTAMP_HANDLE?PRO...         -----    -----      -----    -----      8B14H    0015H
  +--> ?CO?PROTOCOL
  +--> ?PR?_STRTOUL?STRTOUL
  +--> ?PR?_TIMESTAMP_TO_YMDHMS?PROTOCOL
  +--> ?PR?PRINTF?PRINTF
  +--> ?PR?_RTC_WRITEDISPLAYTIME?RTC
  +--> ?PR?_RTC_WRITEEDITTIME?RTC
  +--> ?PR?_WRITE_DGUS_VP?SYS
  +--> ?PR?_MCU_DP_STRING_UPDATE?MCU_API

?PR?_STRTOUL?STRTOUL                             -----    -----      -----    -----      8B29H    0012H

?PR?_TIMESTAMP_TO_YMDHMS?PROTOCOL                -----    -----      -----    -----      8B29H    0015H
  +--> ?CO?PROTOCOL
  +--> ?PR?PRINTF?PRINTF
  +--> ?PR?_IS_LEAP_YEAR?PROTOCOL

?PR?_RTC_WRITEDISPLAYTIME?RTC                    -----    -----      -----    -----      8B29H    000AH
  +--> ?PR?_WRITE_DGUS_VP?SYS

?PR?_RTC_WRITEEDITTIME?RTC                       -----    -----      -----    -----      8B29H    000AH
  +--> ?PR?_WRITE_DGUS_VP?SYS

?PR?_MCU_DP_STRING_UPDATE?MCU_API                -----    -----      -----    -----      8B29H    0006H
  +--> ?PR?_SET_WIFI_UART_BYTE?SYSTEM
  +--> ?PR?_SET_WIFI_UART_BUFFER?SYSTEM
  +--> ?PR?_WIFI_UART_WRITE_FRAME?SYSTEM

?PR?_DP_DOWNLOAD_INDOOR_UNIT_HANDLE?P...         -----    -----      -----    -----      8B14H    001FH
  +--> ?PR?_MODE_MAP_TO_DGUS?PROTOCOL
  +--> ?PR?_WRITE_DGUS_VP?SYS
  +--> ?PR?_TEMPUNITTRANS?CONTROL
  +--> ?PR?HOMEPAGE_SYNCINDOORDISPLAY?CONTROL
  +--> ?PR?_MODBUS_TRIGGERINDOORUNITWRITE?MO...
  +--> ?PR?UPLOAD_INDOOR_UNIT?UPLOAD

?PR?_MODBUS_TRIGGERINDOORUNITWRITE?MO...         -----    -----      -----    -----      8B33H    0002H
  +--> ?PR?_MODBUS_FILLINDOORUNITREGS?MODBUS
  +--> ?PR?_MODBUS_INDOORREGSCHANGED?MODBUS

?PR?_MODBUS_FILLINDOORUNITREGS?MODBUS            -----    -----      -----    -----      8B35H    0010H
  +--> ?PR?_READ_DGUS_VP?SYS
  +--> ?PR?_MODBUS_ENCODEINDOORRUNMODE?MODBUS
  +--> ?PR?_MODBUS_ENCODEINDOORFAN?MODBUS
  +--> ?PR?_MODBUS_SCALEINDOORSETTEMP?MODBUS

BL51 BANKED LINKER/LOCATER V6.22.2.0                                                  06/30/2026  14:47:53  PAGE 17


?PR?_MODBUS_INDOORREGSCHANGED?MODBUS             -----    -----      -----    -----      8B35H    0005H

?PR?UPLOAD_INDOOR_UNIT?UPLOAD                    -----    -----      -----    -----      8B33H    002BH
  +--> ?CO?UPLOAD
  +--> ?PR?_READ_DGUS_VP?SYS
  +--> ?PR?_UPLOAD_CLAMPINDOORTEMP?UPLOAD
  +--> ?PR?_UPLOAD_DGUSINDOORMODETODP?UPLOAD
  +--> ?PR?_MCU_DP_RAW_UPDATE?MCU_API
  +--> ?PR?UPLOAD_YIELDWIFI?UPLOAD

?PR?_MCU_DP_RAW_UPDATE?MCU_API                   -----    -----      -----    -----      8B93H    0006H
  +--> ?PR?_SET_WIFI_UART_BYTE?SYSTEM
  +--> ?PR?_SET_WIFI_UART_BUFFER?SYSTEM
  +--> ?PR?_WIFI_UART_WRITE_FRAME?SYSTEM

?PR?UPLOAD_YIELDWIFI?UPLOAD                      -----    -----      -----    -----      -----    -----
  +--> ?PR?WIFI_UART_RX_PULL?MCU_API
  +--> ?PR?WIFI_UART_PROCESS_DOWNLOAD?MCU_API

?PR?WIFI_UART_PROCESS_DOWNLOAD?MCU_API           -----    -----      -----    -----      -----    -----
  +--> ?PR?WIFI_UART_RX_PULL?MCU_API

?PR?_DP_DOWNLOAD_HISTORY_FAULT_EMPTY_...         -----    -----      -----    -----      8B14H    0001H
  +--> ?PR?_MCU_GET_DP_DOWNLOAD_BOOL?MCU_API
  +--> ?PR?CLEARERRORHISTORY?ERRORHISTORY
  +--> ?PR?_MCU_DP_BOOL_UPDATE?MCU_API

?PR?CLEARERRORHISTORY?ERRORHISTORY               -----    -----      -----    -----      -----    -----
  +--> ?PR?ERRORHISTORY_FLASHCOMMITNOW?ERROR...
  +--> ?PR?UPLOAD_HISTORY_FAULTS?UPLOAD

?PR?ERRORHISTORY_FLASHCOMMITNOW?ERROR...         -----    -----      -----    -----      8B15H    0002H
  +--> ?PR?ERRORHISTORY_FLASHVPADDR?ERRORHIS...
  +--> ?PR?_ERRORHISTORY_FLASHWRITE?ERRORHIS...
  +--> ?PR?_READ_DGUS_VP?SYS
  +--> ?PR?WRITE_MEMORY?SYS
  +--> ?PR?WRITE_NOR_FLASH?SYS

?PR?_ERRORHISTORY_FLASHWRITE?ERRORHIS...         -----    -----      -----    -----      8B17H    0197H
  +--> ?PR?_ERRORHISTORY_PACKREC?ERRORHISTORY
  +--> ?PR?_WRITE_DGUS_VP?SYS

?PR?_ERRORHISTORY_PACKREC?ERRORHISTORY           -----    -----      -----    -----      8CAEH    000AH
  +--> ?PR?_ERRORHISTORY_ISVALIDCODE?ERRORHI...
  +--> ?PR?_ERRORHISTORY_CLAMPBYTE?ERRORHISTORY

?PR?WRITE_NOR_FLASH?SYS                          -----    -----      -----    -----      -----    -----
  +--> ?CO?SYS
  +--> ?PR?_WRITE_DGUS_VP?SYS
  +--> ?PR?_DELAY_MS?SYS
  +--> ?PR?_READ_DGUS_VP?SYS

?PR?UPLOAD_HISTORY_FAULTS?UPLOAD                 -----    -----      -----    -----      8B15H    007EH
  +--> ?PR?_MCU_DP_RAW_UPDATE?MCU_API
  +--> ?PR?UPLOAD_YIELDWIFI?UPLOAD

?PR?_DP_DOWNLOAD_INSIDE_TIME_OPEN_HAN...         -----    -----      -----    -----      8B14H    0020H
BL51 BANKED LINKER/LOCATER V6.22.2.0                                                  06/30/2026  14:47:53  PAGE 18


  +--> ?PR?_WRITE_DGUS_VP?SYS
  +--> ?PR?_TEMPUNITTRANS?CONTROL
  +--> ?PR?_MODBUS_APPLYINDOORTIMERVPTOUNITS...
  +--> ?PR?READY_TO_SAVE?SYS
  +--> ?PR?_MCU_DP_RAW_UPDATE?MCU_API

?PR?_MODBUS_APPLYINDOORTIMERVPTOUNITS...         -----    -----      -----    -----      8B34H    0016H
  +--> ?PR?_READ_DGUS_VP?SYS
  +--> ?PR?_WRITE_DGUS_VP?SYS
  +--> ?PR?_MODBUS_QUEUEINDOORTIMERWRITE?MODBUS

?PR?_MODBUS_QUEUEINDOORTIMERWRITE?MODBUS         -----    -----      -----    -----      -----    -----
  +--> ?PR?MODBUS_STARTNEXTTIMERWRITE?MODBUS

?PR?_DP_DOWNLOAD_EXTERNAL_TIME_OPEN_H...         -----    -----      -----    -----      8B14H    0019H
  +--> ?PR?_WRITE_DGUS_VP?SYS
  +--> ?PR?_TEMPUNITTRANS?CONTROL
  +--> ?PR?_DP117_MODE_TO_DGUS?PROTOCOL
  +--> ?PR?READY_TO_SAVE?SYS
  +--> ?PR?_MCU_DP_RAW_UPDATE?MCU_API

?PR?_DP_DOWNLOAD_INSIDE_TIME_CLOSE_HA...         -----    -----      -----    -----      8B14H    000EH
  +--> ?PR?_WRITE_DGUS_VP?SYS
  +--> ?PR?_MCU_DP_RAW_UPDATE?MCU_API

?PR?_DP_DOWNLOAD_EXTERNAL_TIME_CLOSE_...         -----    -----      -----    -----      8B14H    000EH
  +--> ?PR?_WRITE_DGUS_VP?SYS
  +--> ?PR?READY_TO_SAVE?SYS
  +--> ?PR?_MCU_DP_RAW_UPDATE?MCU_API

?PR?ALL_DATA_UPDATE?PROTOCOL                     -----    -----      -----    -----      -----    -----
  +--> ?PR?UPLOAD_STATE_QUERY_REPLY?UPLOAD

?PR?UPLOAD_STATE_QUERY_REPLY?UPLOAD              -----    -----      -----    -----      -----    -----
  +--> ?PR?UPLOAD_DP_SWITCH?UPLOAD
  +--> ?PR?UPLOAD_DP_MODE?UPLOAD
  +--> ?PR?UPLOAD_DP_TEMP_SET?UPLOAD
  +--> ?PR?UPLOAD_DP_TEMP_UNIT?UPLOAD
  +--> ?PR?UPLOAD_DP_CHILD_LOCK?UPLOAD
  +--> ?PR?UPLOAD_DP_DEFROST?UPLOAD
  +--> ?PR?UPLOAD_DP_RELAY_STATUS?UPLOAD
  +--> ?PR?UPLOAD_DP_WORK_STATE?UPLOAD

?PR?UPLOAD_DP_SWITCH?UPLOAD                      -----    -----      -----    -----      8B05H    0002H
  +--> ?PR?_READ_DGUS_VP?SYS
  +--> ?PR?_UPLOAD_BOOLIFCHANGED?UPLOAD

?PR?_UPLOAD_BOOLIFCHANGED?UPLOAD                 -----    -----      -----    -----      -----    -----
  +--> ?PR?_MCU_DP_BOOL_UPDATE?MCU_API
  +--> ?PR?UPLOAD_YIELDWIFI?UPLOAD

?PR?UPLOAD_DP_MODE?UPLOAD                        -----    -----      -----    -----      8B05H    0002H
  +--> ?PR?_READ_DGUS_VP?SYS
  +--> ?PR?_UPLOAD_MODETODP101?UPLOAD
  +--> ?PR?_UPLOAD_ENUMIFCHANGED?UPLOAD

?PR?_UPLOAD_ENUMIFCHANGED?UPLOAD                 -----    -----      -----    -----      -----    -----
BL51 BANKED LINKER/LOCATER V6.22.2.0                                                  06/30/2026  14:47:53  PAGE 19


  +--> ?PR?_MCU_DP_ENUM_UPDATE?MCU_API
  +--> ?PR?UPLOAD_YIELDWIFI?UPLOAD

?PR?UPLOAD_DP_TEMP_SET?UPLOAD                    -----    -----      -----    -----      8B05H    0002H
  +--> ?PR?_READ_DGUS_VP?SYS
  +--> ?PR?_UPLOAD_VALUEIFCHANGED?UPLOAD

?PR?_UPLOAD_VALUEIFCHANGED?UPLOAD                -----    -----      -----    -----      8B07H    0008H
  +--> ?PR?_MCU_DP_VALUE_UPDATE?MCU_API
  +--> ?PR?UPLOAD_YIELDWIFI?UPLOAD

?PR?UPLOAD_DP_TEMP_UNIT?UPLOAD                   -----    -----      -----    -----      8B05H    0002H
  +--> ?PR?_READ_DGUS_VP?SYS
  +--> ?PR?_UPLOAD_ENUMIFCHANGED?UPLOAD

?PR?UPLOAD_DP_CHILD_LOCK?UPLOAD                  -----    -----      -----    -----      8B05H    0002H
  +--> ?PR?_READ_DGUS_VP?SYS
  +--> ?PR?_UPLOAD_BOOLIFCHANGED?UPLOAD

?PR?UPLOAD_DP_DEFROST?UPLOAD                     -----    -----      -----    -----      8B05H    0002H
  +--> ?PR?_READ_DGUS_VP?SYS
  +--> ?PR?_UPLOAD_BOOLIFCHANGED?UPLOAD

?PR?UPLOAD_DP_RELAY_STATUS?UPLOAD                -----    -----      -----    -----      8B05H    0002H
  +--> ?PR?_READ_DGUS_VP?SYS
  +--> ?PR?_UPLOAD_ENUMIFCHANGED?UPLOAD

?PR?UPLOAD_DP_WORK_STATE?UPLOAD                  -----    -----      -----    -----      8B05H    0002H
  +--> ?PR?_READ_DGUS_VP?SYS
  +--> ?PR?_UPLOAD_WORKSTATETODP?UPLOAD
  +--> ?PR?_UPLOAD_ENUMIFCHANGED?UPLOAD

?PR?_UPGRADE_PACKAGE_CHOOSE?PROTOCOL             -----    -----      -----    -----      -----    -----
  +--> ?PR?_SET_WIFI_UART_BYTE?SYSTEM
  +--> ?PR?_WIFI_UART_WRITE_FRAME?SYSTEM

?PR?_MCU_FIRM_UPDATE_HANDLE?PROTOCOL             -----    -----      -----    -----      8B05H    0009H

?PR?_WIFI_TEST_RESULT?PROTOCOL                   -----    -----      -----    -----      8B05H    0002H

?PR?_FILE_DOWNLOAD_PACKAGE_CHOOSE?PRO...         -----    -----      -----    -----      -----    -----
  +--> ?PR?_SET_WIFI_UART_BYTE?SYSTEM
  +--> ?PR?_WIFI_UART_WRITE_FRAME?SYSTEM

?PR?_FILE_DOWNLOAD_HANDLE?PROTOCOL               -----    -----      -----    -----      8B05H    0009H

?PR?_WIFI_UART_REMOVE_FRAME?MCU_API              -----    -----      -----    -----      8AF1H    0006H
  +--> ?PR?_MY_MEMCPY?MCU_API

?PR?MODBUS_SALVE_HANDLER1?MODBUS                 -----    -----      -----    -----      8A99H    0015H
  +--> ?PR?MODBUS_ANALYSIS_DATA1?MODBUS
  +--> ?PR?MODBUS_ADVANCEPOLLONTIMEOUT?MODBUS
  +--> ?PR?_MODBUS_FILLGROUPCONTROLREGS?MODBUS
  +--> ?PR?_MODBUS_APPENDU16?MODBUS
  +--> ?PR?_MODBUS_FILLINDOORUNITREGS?MODBUS
  +--> ?PR?_READ_DGUS_VP?SYS
  +--> ?PR?_MODBUS_APPENDMODESETTEMPREG?MODBUS
BL51 BANKED LINKER/LOCATER V6.22.2.0                                                  06/30/2026  14:47:53  PAGE 20


  +--> ?PR?_CALCULATEMODBUSCRC?MODBUS
  +--> ?PR?_MODBUS_DBGLOGTX?MODBUS
  +--> ?PR?_UART5_SENDSTR?UART
  +--> ?PR?_MODBUS_REPORTFAULTCODE?MODBUS
  +--> ?PR?MODBUS_YIELDWIFI?MODBUS

?PR?MODBUS_ANALYSIS_DATA1?MODBUS                 -----    -----      -----    -----      8AAEH    003BH
  +--> ?CO?MODBUS
  +--> ?PR?MODBUS_YIELDWIFI?MODBUS
  +--> ?PR?_CALCULATEMODBUSCRC?MODBUS
  +--> ?PR?_MODBUS_DBGLOGRX?MODBUS
  +--> ?PR?PRINTF?PRINTF
  +--> ?PR?_WRITE_DGUS_VP?SYS
  +--> ?PR?_READ_DGUS_VP?SYS
  +--> ?PR?READY_TO_SAVE?SYS
  +--> ?PR?UPLOAD_DP_MODE?UPLOAD
  +--> ?PR?_SETTEMPINTWRITE?CONTROL
  +--> ?PR?_TEMPUNITTRANS?CONTROL
  +--> ?PR?_SYNCSETTEMPCACHESFROMC?CONTROL
  +--> ?PR?UPLOAD_DP_TEMP_SET?UPLOAD
  +--> ?PR?_MODBUS_PACKCHECKSTATUSBLOCK?MODBUS
  +--> ?PR?_GETMODBUSREG?MODBUS
  +--> ?PR?_MODBUS_WRITEFLOATTEMPPAIR?MODBUS
  +--> ?PR?UPLOAD_IS_BOOT_READY?UPLOAD
  +--> ?PR?UPLOAD_DP_AROUND_TEMP?UPLOAD
  +--> ?PR?UPLOAD_DP_TEMP_CURRENT?UPLOAD
  +--> ?PR?UPLOAD_DP_TEMP_TOP?UPLOAD
  +--> ?PR?UPLOAD_DP_DEFROST?UPLOAD
  +--> ?PR?UPLOAD_DP_FAULT?UPLOAD
  +--> ?PR?UPLOAD_DP_EVAPORATOR_TEMP?UPLOAD
  +--> ?PR?UPLOAD_DP_EFFLUENT_TEMP?UPLOAD
  +--> ?PR?UPLOAD_DP_DEFROST_FREQ?UPLOAD
  +--> ?PR?UPLOAD_DP_DEFROST_TIME?UPLOAD
  +--> ?PR?UPLOAD_DP_DEFROST_OUT_TEMP?UPLOAD
  +--> ?PR?_MODBUS_PACKCHECKSTATUSBYTE?MODBUS
  +--> ?PR?_MODBUS_TRIGGERINDOORUNITWRITE?MO...
  +--> ?PR?_MODBUS_RXRELREG?MODBUS
  +--> ?PR?_MODBUS_DECODEINDOORMODEBITS?MODBUS
  +--> ?PR?_MODBUS_SYNCHOMEINDOORMODEFROMUNI...
  +--> ?PR?_MODBUS_UNSCALEINDOORSETTEMP?MODBUS
  +--> ?PR?_MODBUS_DECODEINDOORFAN?MODBUS
  +--> ?PR?_MODBUS_SAVEGROUPSENTREGS?MODBUS
  +--> ?PR?_MODBUS_SAVEINDOORSENTREGS?MODBUS
  +--> ?PR?MODBUS_STARTNEXTTIMERWRITE?MODBUS

?PR?MODBUS_YIELDWIFI?MODBUS                      -----    -----      -----    -----      -----    -----
  +--> ?PR?WIFI_UART_RX_PULL?MCU_API
  +--> ?PR?WIFI_UART_SERVICE?MCU_API

?PR?_CALCULATEMODBUSCRC?MODBUS                   -----    -----      -----    -----      8AE9H    0009H

?PR?_MODBUS_DBGLOGRX?MODBUS                      -----    -----      -----    -----      8AE9H    0007H
  +--> ?PR?_MODBUS_RXU16?MODBUS
  +--> ?CO?MODBUS
  +--> ?PR?PRINTF?PRINTF

?PR?_MODBUS_PACKCHECKSTATUSBLOCK?MODBUS          -----    -----      -----    -----      8AE9H    000DH
BL51 BANKED LINKER/LOCATER V6.22.2.0                                                  06/30/2026  14:47:53  PAGE 21


  +--> ?PR?_MODBUS_PACKCHECKSTATUSBYTE?MODBUS

?PR?_GETMODBUSREG?MODBUS                         -----    -----      -----    -----      8AE9H    0003H

?PR?_MODBUS_WRITEFLOATTEMPPAIR?MODBUS            -----    -----      -----    -----      8AE9H    0014H
  +--> ?PR?_READ_DGUS_VP?SYS
  +--> ?PR?_TEMPUNITTRANS?CONTROL
  +--> ?PR?_WRITE_DGUS_VP?SYS

?PR?UPLOAD_DP_AROUND_TEMP?UPLOAD                 -----    -----      -----    -----      8AE9H    0008H
  +--> ?PR?UPLOAD_GETUNIT?UPLOAD
  +--> ?PR?_READ_DGUS_VP?SYS
  +--> ?PR?_UPLOAD_VALUEIFCHANGED?UPLOAD

?PR?UPLOAD_GETUNIT?UPLOAD                        -----    -----      -----    -----      8AF1H    0002H
  +--> ?PR?_READ_DGUS_VP?SYS

?PR?UPLOAD_DP_TEMP_CURRENT?UPLOAD                -----    -----      -----    -----      8AE9H    0008H
  +--> ?PR?UPLOAD_GETUNIT?UPLOAD
  +--> ?PR?_READ_DGUS_VP?SYS
  +--> ?PR?_UPLOAD_VALUEIFCHANGED?UPLOAD

?PR?UPLOAD_DP_TEMP_TOP?UPLOAD                    -----    -----      -----    -----      8AE9H    0008H
  +--> ?PR?UPLOAD_GETUNIT?UPLOAD
  +--> ?PR?_READ_DGUS_VP?SYS
  +--> ?PR?_UPLOAD_VALUEIFCHANGED?UPLOAD

?PR?UPLOAD_DP_FAULT?UPLOAD                       -----    -----      -----    -----      8AE9H    0002H
  +--> ?PR?_READ_DGUS_VP?SYS
  +--> ?PR?_UPLOAD_VALUEIFCHANGED?UPLOAD

?PR?UPLOAD_DP_EVAPORATOR_TEMP?UPLOAD             -----    -----      -----    -----      8AE9H    0008H
  +--> ?PR?UPLOAD_GETUNIT?UPLOAD
  +--> ?PR?_READ_DGUS_VP?SYS
  +--> ?PR?_UPLOAD_VALUEIFCHANGED?UPLOAD

?PR?UPLOAD_DP_EFFLUENT_TEMP?UPLOAD               -----    -----      -----    -----      8AE9H    0008H
  +--> ?PR?UPLOAD_GETUNIT?UPLOAD
  +--> ?PR?_READ_DGUS_VP?SYS
  +--> ?PR?_UPLOAD_VALUEIFCHANGED?UPLOAD

?PR?UPLOAD_DP_DEFROST_FREQ?UPLOAD                -----    -----      -----    -----      8AE9H    0002H
  +--> ?PR?_READ_DGUS_VP?SYS
  +--> ?PR?_UPLOAD_VALUEIFCHANGED?UPLOAD

?PR?UPLOAD_DP_DEFROST_TIME?UPLOAD                -----    -----      -----    -----      8AE9H    0002H
  +--> ?PR?_READ_DGUS_VP?SYS
  +--> ?PR?_UPLOAD_VALUEIFCHANGED?UPLOAD

?PR?UPLOAD_DP_DEFROST_OUT_TEMP?UPLOAD            -----    -----      -----    -----      8AE9H    0008H
  +--> ?PR?UPLOAD_GETUNIT?UPLOAD
  +--> ?PR?_READ_DGUS_VP?SYS
  +--> ?PR?_UPLOAD_VALUEIFCHANGED?UPLOAD

?PR?_MODBUS_RXRELREG?MODBUS                      -----    -----      -----    -----      -----    -----
  +--> ?PR?_MODBUS_RXU16?MODBUS

BL51 BANKED LINKER/LOCATER V6.22.2.0                                                  06/30/2026  14:47:53  PAGE 22


?PR?_MODBUS_SYNCHOMEINDOORMODEFROMUNI...         -----    -----      -----    -----      8AE9H    0007H
  +--> ?PR?_WRITE_DGUS_VP?SYS
  +--> ?PR?_READ_DGUS_VP?SYS

?PR?_MODBUS_SAVEGROUPSENTREGS?MODBUS             -----    -----      -----    -----      8AE9H    0003H

?PR?_MODBUS_SAVEINDOORSENTREGS?MODBUS            -----    -----      -----    -----      8AE9H    0004H

?PR?_MODBUS_FILLGROUPCONTROLREGS?MODBUS          -----    -----      -----    -----      8AAEH    0005H
  +--> ?PR?_READ_DGUS_VP?SYS
  +--> ?PR?_MODBUS_ENCODEINDOORRUNMODE?MODBUS
  +--> ?PR?_MODBUS_ENCODEINDOORFAN?MODBUS

?PR?_MODBUS_APPENDU16?MODBUS                     -----    -----      -----    -----      8AB3H    0002H

?PR?_MODBUS_APPENDMODESETTEMPREG?MODBUS          -----    -----      -----    -----      8AAEH    0005H
  +--> ?PR?_READ_DGUS_VP?SYS
  +--> ?PR?_MODBUS_APPENDU16?MODBUS

?PR?_MODBUS_DBGLOGTX?MODBUS                      -----    -----      -----    -----      8AAEH    0006H
  +--> ?CO?MODBUS
  +--> ?PR?_MODBUS_TXU16?MODBUS
  +--> ?PR?PRINTF?PRINTF

?PR?_MODBUS_TXU16?MODBUS                         -----    -----      -----    -----      8AB4H    0003H

?PR?_UART5_SENDSTR?UART                          -----    -----      -----    -----      8AAEH    0003H

?PR?_MODBUS_REPORTFAULTCODE?MODBUS               -----    -----      -----    -----      8AAEH    0002H
  +--> ?PR?_WRITE_DGUS_VP?SYS
  +--> ?PR?UPLOAD_DP_FAULT?UPLOAD

?PR?CONTROL_FUNCTION1?CONTROL                    -----    -----      -----    -----      8A99H    0011H
  +--> ?PR?_READ_DGUS_VP?SYS
  +--> ?PR?GETVALUE0F00?CONTROL
  +--> ?PR?_ISITHOMEPAGE?CONTROL
  +--> ?PR?HOMEPAGE?CONTROL
  +--> ?PR?_ERRORHISTORY_PAGECHANGE?ERRORHIS...
  +--> ?PR?_WRITE_DGUS_VP?SYS
  +--> ?PR?_SETTEMPINTREAD?CONTROL
  +--> ?PR?_SYNCSETTEMPCACHESFROMC?CONTROL
  +--> ?PR?READY_TO_SAVE_REPORT?SYS
  +--> ?PR?UPLOAD_DP_MODE?UPLOAD
  +--> ?PR?UPLOAD_DP_SWITCH?UPLOAD
  +--> ?PR?UNITCHANGEPRO?CONTROL
  +--> ?PR?UPLOAD_DP_TEMP_UNIT?UPLOAD
  +--> ?PR?UPLOAD_DP_TEMP_SET?UPLOAD
  +--> ?PR?UPLOAD_DP_TEMP_CURRENT?UPLOAD
  +--> ?PR?MODBUS_TRIGGERUSERWRITE?MODBUS
  +--> ?PR?_PAGE_CHANGE_HANDLER?SYS
  +--> ?PR?UPLOAD_INSIDE_TIME_OPEN?UPLOAD
  +--> ?PR?UPLOAD_EXTERNAL_TIME_OPEN?UPLOAD
  +--> ?PR?UPLOAD_INDOOR_UNIT?UPLOAD
  +--> ?PR?_MODBUS_TRIGGERINDOORUNITWRITE?MO...
  +--> ?PR?_SYNCHOMEDISPLAYIFFIRSTINDOORMODE...
  +--> ?PR?_KEYADJUSTSETTEMPFORMODE?CONTROL
  +--> ?PR?PREFILLSETTEMPEDITPAGE?CONTROL
BL51 BANKED LINKER/LOCATER V6.22.2.0                                                  06/30/2026  14:47:53  PAGE 23


  +--> ?PR?_TEMPUNITTRANS?CONTROL
  +--> ?PR?_SETTEMPINTWRITE?CONTROL
  +--> ?PR?_SETTEMPFLOATWRITEC?CONTROL
  +--> ?PR?_SETMODEPROCESS?CONTROL
  +--> ?PR?UPLOAD_DP_WORK_STATE?UPLOAD
  +--> ?PR?RTCDISPLAY4CHANGE?CONTROL
  +--> ?PR?_LANGUAGE_CHANGE?SYS
  +--> ?PR?RTC_GETUNIXLOCAL?RTC
  +--> ?PR?MODBUS_STARTMANUALDEFROST?MODBUS
  +--> ?PR?UPLOAD_DP_DEFROST?UPLOAD
  +--> ?PR?_BRIGHTNESS_HANDLER?SYS
  +--> ?PR?ERRORHISTORY_TRYMIGRATEFLASH?ERRO...
  +--> ?PR?UPLOAD_DP_RELAY_STATUS?UPLOAD
  +--> ?PR?UPLOAD_EXTERNAL_TIME_CLOSE?UPLOAD
  +--> ?PR?UPLOAD_INSIDE_TIME_CLOSE?UPLOAD
  +--> ?PR?UPLOAD_DP_CHILD_LOCK?UPLOAD
  +--> ?PR?MODBUS_TRIGGERGROUPCONTROLWRITE?M...
  +--> ?PR?ERRORHISTORY_RESETPAGE?ERRORHISTORY
  +--> ?PR?ERRORHISTORYDISPLAY?ERRORHISTORY
  +--> ?PR?CLEARERRORHISTORY?ERRORHISTORY
  +--> ?PR?_MODBUS_TRIGGERDEFROSTPARAMWRITE?...
  +--> ?PR?UPLOAD_DP_DEFROST_FREQ?UPLOAD
  +--> ?PR?UPLOAD_DP_DEFROST_TIME?UPLOAD
  +--> ?PR?UPLOAD_DP_DEFROST_OUT_TEMP?UPLOAD
  +--> ?PR?_TEMP_LIMIT?CONTROL
  +--> ?PR?MCU_RESET_WIFI?MCU_API
  +--> ?PR?_MODBUS_APPLYINDOORTIMERVPTOUNITS...
  +--> ?PR?SCREENTIMEOUT_SET?SYS
  +--> ?PR?READY4WRITERTC?CONTROL

?PR?GETVALUE0F00?CONTROL                         -----    -----      -----    -----      8AAAH    0004H
  +--> ?CO?CONTROL
  +--> ?PR?_READ_DGUS_VP?SYS
  +--> ?PR?_WRITE_DGUS_VP?SYS

?PR?_ERRORHISTORY_PAGECHANGE?ERRORHIS...         -----    -----      -----    -----      -----    -----
  +--> ?PR?ERRORHISTORY_GETMAXPAGE?ERRORHISTORY
  +--> ?PR?ERRORHISTORYDISPLAY?ERRORHISTORY

?PR?ERRORHISTORY_GETMAXPAGE?ERRORHISTORY         -----    -----      -----    -----      -----    -----
  +--> ?PR?ERRORHISTORY_GETCOUNT?ERRORHISTORY

?PR?ERRORHISTORYDISPLAY?ERRORHISTORY             -----    -----      -----    -----      8AAAH    000EH
  +--> ?CO?ERRORHISTORY
  +--> ?PR?_WRITE_DGUS_VP?SYS

?PR?READY_TO_SAVE_REPORT?SYS                     -----    -----      -----    -----      -----    -----
  +--> ?PR?READY_TO_SAVE?SYS

?PR?UPLOAD_INSIDE_TIME_OPEN?UPLOAD               -----    -----      -----    -----      8AAAH    000BH
  +--> ?CO?UPLOAD
  +--> ?PR?_READ_DGUS_VP?SYS
  +--> ?PR?_UPLOAD_DGUSMODETODP116?UPLOAD
  +--> ?PR?UPLOAD_PACKTIMERROOMBYTE?UPLOAD
  +--> ?PR?_MCU_DP_RAW_UPDATE?MCU_API
  +--> ?PR?UPLOAD_YIELDWIFI?UPLOAD

BL51 BANKED LINKER/LOCATER V6.22.2.0                                                  06/30/2026  14:47:53  PAGE 24


?PR?UPLOAD_PACKTIMERROOMBYTE?UPLOAD              -----    -----      -----    -----      8AB5H    0006H
  +--> ?PR?_READ_DGUS_VP?SYS

?PR?UPLOAD_EXTERNAL_TIME_OPEN?UPLOAD             -----    -----      -----    -----      8AAAH    0009H
  +--> ?CO?UPLOAD
  +--> ?PR?_READ_DGUS_VP?SYS
  +--> ?PR?_MCU_DP_RAW_UPDATE?MCU_API
  +--> ?PR?UPLOAD_YIELDWIFI?UPLOAD

?PR?_SYNCHOMEDISPLAYIFFIRSTINDOORMODE...         -----    -----      -----    -----      8AAAH    0007H
  +--> ?PR?_READ_DGUS_VP?SYS
  +--> ?PR?_WRITE_DGUS_VP?SYS
  +--> ?PR?_HOMEPAGE_UPDATEMODEANIMATION?CON...

?PR?_KEYADJUSTSETTEMPFORMODE?CONTROL             -----    -----      -----    -----      8AAAH    000BH
  +--> ?PR?_READ_DGUS_VP?SYS
  +--> ?PR?_SETTEMPINTVPBYMODE?CONTROL
  +--> ?PR?_WRITE_DGUS_VP?SYS
  +--> ?PR?_TEMP_LIMIT?CONTROL
  +--> ?PR?_TEMPUNITTRANS?CONTROL
  +--> ?PR?_SYNCSETTEMPCACHESFROMC?CONTROL
  +--> ?PR?READY_TO_SAVE_REPORT?SYS
  +--> ?PR?UPLOAD_DP_TEMP_SET?UPLOAD

?PR?_TEMP_LIMIT?CONTROL                          -----    -----      -----    -----      8AB5H    0009H
  +--> ?PR?_READ_DGUS_VP?SYS
  +--> ?PR?_TEMPUNITTRANS?CONTROL
  +--> ?PR?_WRITE_DGUS_VP?SYS
  +--> ?PR?_SYNCINDOORSETTEMPVPPAIR?CONTROL
  +--> ?PR?_SYNCSETTEMPCACHESFROMC?CONTROL
  +--> ?PR?_SETTEMPINTWRITE?CONTROL

?PR?PREFILLSETTEMPEDITPAGE?CONTROL               -----    -----      -----    -----      8AAAH    0008H
  +--> ?PR?_READ_DGUS_VP?SYS
  +--> ?PR?_SETTEMPINTREAD?CONTROL
  +--> ?PR?_TEMPUNITTRANS?CONTROL
  +--> ?PR?_WRITE_DGUS_VP?SYS
  +--> ?PR?_PAGE_CHANGE_HANDLER?SYS

?PR?_SETTEMPFLOATWRITEC?CONTROL                  -----    -----      -----    -----      8AAAH    0009H
  +--> ?PR?_TEMPUNITTRANS?CONTROL
  +--> ?PR?_SETTEMPINTWRITE?CONTROL

?PR?_SETMODEPROCESS?CONTROL                      -----    -----      -----    -----      8AAAH    0002H
  +--> ?PR?_WRITE_DGUS_VP?SYS

?PR?RTCDISPLAY4CHANGE?CONTROL                    -----    -----      -----    -----      8AAAH    0008H
  +--> ?PR?_READ_DGUS_VP?SYS
  +--> ?PR?_WRITE_DGUS_VP?SYS
  +--> ?PR?_RTC_MONTHFROMDISPLAYVP?RTC

?PR?_RTC_MONTHFROMDISPLAYVP?RTC                  -----    -----      -----    -----      8AB2H    0002H

?PR?_LANGUAGE_CHANGE?SYS                         -----    -----      -----    -----      8AAAH    0004H
  +--> ?PR?_WRITE_DGUS_VP?SYS

?PR?RTC_GETUNIXLOCAL?RTC                         -----    -----      -----    -----      8AD2H    0009H
BL51 BANKED LINKER/LOCATER V6.22.2.0                                                  06/30/2026  14:47:53  PAGE 25


  +--> ?PR?_RTC_IS_LEAP?RTC
  +--> ?PR?_RTC_DAYS_IN_MONTH?RTC

?PR?_RTC_DAYS_IN_MONTH?RTC                       -----    -----      -----    -----      -----    -----
  +--> ?PR?_RTC_IS_LEAP?RTC

?PR?_BRIGHTNESS_HANDLER?SYS                      -----    -----      -----    -----      8AAAH    0002H
  +--> ?PR?_WRITE_DGUS_VP?SYS

?PR?ERRORHISTORY_TRYMIGRATEFLASH?ERRO...         -----    -----      -----    -----      8AAAH    0008H
  +--> ?PR?ERRORHISTORY_FLASHVPADDR?ERRORHIS...
  +--> ?PR?_READ_DGUS_VP?SYS
  +--> ?PR?ERRORHISTORY_SANITIZE?ERRORHISTORY
  +--> ?PR?_ERRORHISTORY_FLASHWRITE?ERRORHIS...
  +--> ?PR?WRITE_MEMORY?SYS
  +--> ?PR?WRITE_NOR_FLASH?SYS

?PR?ERRORHISTORY_SANITIZE?ERRORHISTORY           -----    -----      -----    -----      -----    -----
  +--> ?PR?_ERRORHISTORY_ISVALIDCODE?ERRORHI...

?PR?UPLOAD_EXTERNAL_TIME_CLOSE?UPLOAD            -----    -----      -----    -----      8AAAH    0005H
  +--> ?CO?UPLOAD
  +--> ?PR?_READ_DGUS_VP?SYS
  +--> ?PR?_MCU_DP_RAW_UPDATE?MCU_API
  +--> ?PR?UPLOAD_YIELDWIFI?UPLOAD

?PR?UPLOAD_INSIDE_TIME_CLOSE?UPLOAD              -----    -----      -----    -----      8AAAH    0005H
  +--> ?CO?UPLOAD
  +--> ?PR?_READ_DGUS_VP?SYS
  +--> ?PR?_MCU_DP_RAW_UPDATE?MCU_API
  +--> ?PR?UPLOAD_YIELDWIFI?UPLOAD

?PR?MODBUS_TRIGGERGROUPCONTROLWRITE?M...         -----    -----      -----    -----      -----    -----
  +--> ?PR?_MODBUS_FILLGROUPCONTROLREGS?MODBUS
  +--> ?PR?_MODBUS_GROUPREGSCHANGED?MODBUS

?PR?_MODBUS_GROUPREGSCHANGED?MODBUS              -----    -----      -----    -----      8AAAH    0004H

?PR?MCU_RESET_WIFI?MCU_API                       -----    -----      -----    -----      -----    -----
  +--> ?PR?_WIFI_UART_WRITE_FRAME?SYSTEM

?PR?SCREENTIMEOUT_SET?SYS                        0023H.1  0000H.1    -----    -----      8AAAH    0004H
  +--> ?PR?_READ_DGUS_VP?SYS
  +--> ?PR?_WRITE_DGUS_VP?SYS

?PR?READY4WRITERTC?CONTROL                       -----    -----      -----    -----      8AAAH    0012H
  +--> ?PR?_READ_DGUS_VP?SYS
  +--> ?PR?_WRITE_DGUS_VP?SYS

?PR?SAVE_DATA_HANDLER?SYS                        -----    -----      -----    -----      8A99H    0002H
  +--> ?PR?WRITE_MEMORY?SYS
  +--> ?PR?WRITE_NOR_FLASH?SYS

?PR?MODBUSCHANELCONTROL?MAIN                     -----    -----      -----    -----      -----    -----
  +--> ?PR?OTAINIT?OTA
  +--> ?PR?_PAGE_CHANGE_HANDLER?SYS
  +--> ?PR?OTA_MODBUSPRO?OTA
BL51 BANKED LINKER/LOCATER V6.22.2.0                                                  06/30/2026  14:47:53  PAGE 26


  +--> ?PR?_UPGRADE_PACKAGE_CHOOSE?PROTOCOL
  +--> ?PR?_WIFI_UART_WRITE_FRAME?SYSTEM

?PR?OTA_MODBUSPRO?OTA                            -----    -----      -----    -----      -----    -----
  +--> ?PR?OTAENCODEPRO?OTA
  +--> ?PR?OTARECVPRO?OTA
  +--> ?PR?OTADECODEPRO?OTA

?PR?OTAENCODEPRO?OTA                             -----    -----      -----    -----      8A99H    0004H
  +--> ?PR?_CALCULATEMODBUSCRC?MODBUS
  +--> ?PR?_UART5_SENDSTR?UART

?PR?OTADECODEPRO?OTA                             -----    -----      -----    -----      -----    -----
  +--> ?PR?_CALCULATEMODBUSCRC?MODBUS

?PR?RTCUPDATE?RTC                                -----    -----      -----    -----      8A99H    0006H
  +--> ?PR?GETSYSTICKTIME?RTC
  +--> ?PR?_GETTIMEDIFF?RTC
  +--> ?PR?RDTIME?RTC
  +--> ?PR?_RTC_WRITEDISPLAYTIME?RTC

[...]
  C:CE0FH         LINE#         245
  C:CE27H         LINE#         246
  C:CE2AH         LINE#         247
  C:CE51H         LINE#         249
  C:CE51H         LINE#         250
  -------         ENDPROC       _DATA_POINT_HANDLE
  -------         PROC          _DATA_HANDLE
  X:8AF1H         SYMBOL        offset
  -------         DO            
  X:8AF3H         SYMBOL        firmware_addr
  X:8477H         SYMBOL        firm_size
  X:8479H         SYMBOL        firm_length
  X:847DH         SYMBOL        firm_update_flag
  X:8AF6H         SYMBOL        dp_len
  D:0007H         SYMBOL        firm_flag
  X:8AFAH         SYMBOL        ret
  X:8AFBH         SYMBOL        i
  X:8AFDH         SYMBOL        total_len
  D:0007H         SYMBOL        cmd_type
  D:0005H         SYMBOL        result
  D:0006H         SYMBOL        rssi
  X:8AFFH         SYMBOL        file_data_addr
  X:847EH         SYMBOL        file_package_size
  X:8480H         SYMBOL        file_download_flag
  X:8B02H         SYMBOL        file_download_size
  -------         DO            
  X:8476H         SYMBOL        s_last_wifi_state
  X:8B04H         SYMBOL        new_state
  -------         ENDDO         
  -------         ENDDO         
  C:519AH         LINE#         396
  C:51A2H         LINE#         397
  C:51A2H         LINE#         399
BL51 BANKED LINKER/LOCATER V6.22.2.0                                                  06/30/2026  14:47:53  PAGE 181


  C:51A9H         LINE#         411
  C:51BBH         LINE#         423
  C:51C4H         LINE#         426
  C:51C8H         LINE#         429
  C:51CDH         LINE#         430
  C:51DBH         LINE#         432
  C:5227H         LINE#         433
  C:5227H         LINE#         434
  C:5227H         LINE#         435
  C:522AH         LINE#         436
  C:522AH         LINE#         438
  C:522AH         LINE#         439
  C:522DH         LINE#         440
  C:522DH         LINE#         442
  C:522DH         LINE#         443
  C:5230H         LINE#         444
  C:5230H         LINE#         447
  C:5230H         LINE#         448
  C:5230H         LINE#         452
  C:5245H         LINE#         453
  C:524BH         LINE#         454
  C:5254H         LINE#         455
  C:525CH         LINE#         456
  C:5263H         LINE#         457
  C:5263H         LINE#         464
  C:5266H         LINE#         466
  C:5266H         LINE#         467
  C:5269H         LINE#         468
  C:526BH         LINE#         470
  C:526BH         LINE#         471
  C:5271H         LINE#         472
  C:5272H         LINE#         475
  C:5272H         LINE#         476
  C:5278H         LINE#         477
  C:52A1H         LINE#         478
  C:52B1H         LINE#         481
  C:52D3H         LINE#         482
  C:52F3H         LINE#         483
  C:5316H         LINE#         484
  C:535AH         LINE#         486
  C:537EH         LINE#         488
  C:537EH         LINE#         490
  C:537EH         LINE#         492
  C:537EH         LINE#         494
  C:5399H         LINE#         495
  C:539CH         LINE#         496
  C:539CH         LINE#         498
  C:539CH         LINE#         499
  C:53A2H         LINE#         500
  C:53A5H         LINE#         501
  C:53A5H         LINE#         504
  C:53A5H         LINE#         506
  C:53A6H         LINE#         507
  C:53AAH         LINE#         508
  C:53AEH         LINE#         509
  C:53B6H         LINE#         510
  C:53BBH         LINE#         511
BL51 BANKED LINKER/LOCATER V6.22.2.0                                                  06/30/2026  14:47:53  PAGE 182


  C:53C3H         LINE#         512
  C:53CCH         LINE#         513
  C:53CCH         LINE#         515
  C:53E8H         LINE#         516
  C:5401H         LINE#         517
  C:5430H         LINE#         518
  C:5449H         LINE#         519
  C:5478H         LINE#         520
  C:5491H         LINE#         521
  C:54C0H         LINE#         531
  C:54C5H         LINE#         532
  C:54CBH         LINE#         533
  C:54CCH         LINE#         535
  C:54CCH         LINE#         536
  C:54D7H         LINE#         538
  C:54DCH         LINE#         540
  C:5505H         LINE#         542
  C:5521H         LINE#         543
  C:553AH         LINE#         544
  C:5569H         LINE#         545
  C:5582H         LINE#         546
  C:55B1H         LINE#         547
  C:55CAH         LINE#         548
  C:55F9H         LINE#         550
  C:5609H         LINE#         551
  C:561EH         LINE#         555
  C:564CH         LINE#         557
  C:5672H         LINE#         559
  C:5677H         LINE#         560
  C:5694H         LINE#         561
  C:56C9H         LINE#         562
  C:56CBH         LINE#         563
  C:56D0H         LINE#         564
  C:56D4H         LINE#         565
  C:56D4H         LINE#         568
  C:56DCH         LINE#         569
  C:56E5H         LINE#         571
  C:56E5H         LINE#         573
  C:56EAH         LINE#         574
  C:56EAH         LINE#         575
  C:56EBH         LINE#         591
  C:56EBH         LINE#         592
  C:56FEH         LINE#         593
  C:570AH         LINE#         594
  C:5710H         LINE#         595
  C:5710H         LINE#         663
  C:5710H         LINE#         665
  C:5710H         LINE#         666
  C:5719H         LINE#         667
  C:5719H         LINE#         668
  C:5719H         LINE#         669
  C:5719H         LINE#         670
  C:5719H         LINE#         671
  C:5719H         LINE#         673
  C:5734H         LINE#         674
  C:574EH         LINE#         675
  C:576FH         LINE#         676
BL51 BANKED LINKER/LOCATER V6.22.2.0                                                  06/30/2026  14:47:53  PAGE 183


  C:5789H         LINE#         678
  C:578EH         LINE#         679
  C:5794H         LINE#         680
  C:5795H         LINE#         682
  C:5795H         LINE#         683
  C:57A0H         LINE#         684
  C:57C9H         LINE#         686
  C:57E5H         LINE#         687
  C:57FEH         LINE#         688
  C:582DH         LINE#         689
  C:5846H         LINE#         690
  C:5875H         LINE#         691
  C:588EH         LINE#         692
  C:58BDH         LINE#         694
  C:58CDH         LINE#         695
  C:58E2H         LINE#         697
  C:590DH         LINE#         699
  C:5935H         LINE#         700
  C:593AH         LINE#         701
  C:593CH         LINE#         702
  C:5957H         LINE#         703
  C:598CH         LINE#         704
  C:598EH         LINE#         705
  C:5993H         LINE#         706
  C:5997H         LINE#         707
  C:5997H         LINE#         709
  C:599FH         LINE#         710
  C:59A8H         LINE#         711
  C:59A8H         LINE#         712
  C:59A8H         LINE#         713
  C:59A8H         LINE#         759
  C:59A8H         LINE#         760
  C:59A8H         LINE#         761
  -------         ENDPROC       _DATA_HANDLE
  -------         PROC          WITH_DATA_RXBUFF
  C:F23AH         LINE#         768
  C:F23AH         LINE#         769
  C:F23AH         LINE#         770
  C:F269H         LINE#         771
  C:F26CH         LINE#         773
  C:F26EH         LINE#         774
  -------         ENDPROC       WITH_DATA_RXBUFF
  -------         PROC          TAKE_BYTE_RXBUFF
  -------         DO            
  D:0007H         SYMBOL        value
  -------         ENDDO         
  C:E37CH         LINE#         781
  C:E37CH         LINE#         782
  C:E37CH         LINE#         785
  C:E3A9H         LINE#         787
  C:E3BCH         LINE#         789
  C:E3CAH         LINE#         790
  C:E3CAH         LINE#         792
  C:E3DEH         LINE#         793
  C:E3DEH         LINE#         795
  C:E3DEH         LINE#         796
  -------         ENDPROC       TAKE_BYTE_RXBUFF
BL51 BANKED LINKER/LOCATER V6.22.2.0                                                  06/30/2026  14:47:53  PAGE 184


  -------         ENDMOD        SYSTEM

  -------         MODULE        ?C?FPMUL
  C:3B73H         PUBLIC        ?C?FPMUL
  -------         ENDMOD        ?C?FPMUL

  -------         MODULE        ?C?FPDIV
  C:3C7CH         PUBLIC        ?C?FPDIV
  -------         ENDMOD        ?C?FPDIV

  -------         MODULE        ?C?FPCMP
  C:3D1BH         PUBLIC        ?C?FPCMP
  C:3D19H         PUBLIC        ?C?FPCMP3
  -------         ENDMOD        ?C?FPCMP

  -------         MODULE        ?C?FCAST
  C:3D9CH         PUBLIC        ?C?FCASTC
  C:3D97H         PUBLIC        ?C?FCASTI
  C:3D92H         PUBLIC        ?C?FCASTL
  -------         ENDMOD        ?C?FCAST

  -------         MODULE        ?C?CASTF
  C:3DD0H         PUBLIC        ?C?CASTF
  -------         ENDMOD        ?C?CASTF

  -------         MODULE        PRINTF
  X:8B3EH         PUBLIC        ?_PRINTF?BYTE
  X:8B3EH         PUBLIC        ?_SPRINTF?BYTE
  C:5A14H         PUBLIC        _PRINTF
  C:5A0EH         PUBLIC        _SPRINTF
  -------         ENDMOD        PRINTF

  -------         MODULE        ?C?FPROUND
  C:3E51H         PUBLIC        ?C?FPROUND
  -------         ENDMOD        ?C?FPROUND

  -------         MODULE        ?C?FPCONVERT
  C:3E8EH         PUBLIC        ?C?FPCONVERT
  -------         ENDMOD        ?C?FPCONVERT

  -------         MODULE        ?C?FPADD
  C:3F9AH         PUBLIC        ?C?FPADD
  C:3F96H         PUBLIC        ?C?FPSUB
  -------         ENDMOD        ?C?FPADD

  -------         MODULE        ?C?FTNPWR
  C:40BBH         PUBLIC        ?C?FTNPWR
  -------         ENDMOD        ?C?FTNPWR

  -------         MODULE        ?C?COPY
  C:41CBH         PUBLIC        ?C?COPY
  -------         ENDMOD        ?C?COPY

  -------         MODULE        ?C?CLDPTR
  C:41F1H         PUBLIC        ?C?CLDPTR
  -------         ENDMOD        ?C?CLDPTR

BL51 BANKED LINKER/LOCATER V6.22.2.0                                                  06/30/2026  14:47:53  PAGE 185


  -------         MODULE        ?C?CLDOPTR
  C:420AH         PUBLIC        ?C?CLDOPTR
  -------         ENDMOD        ?C?CLDOPTR

  -------         MODULE        ?C?CILDOPTR
  C:4237H         PUBLIC        ?C?CILDOPTR
  -------         ENDMOD        ?C?CILDOPTR

  -------         MODULE        ?C?CSTPTR
  C:426AH         PUBLIC        ?C?CSTPTR
  -------         ENDMOD        ?C?CSTPTR

  -------         MODULE        ?C?CSTOPTR
  C:427CH         PUBLIC        ?C?CSTOPTR
  -------         ENDMOD        ?C?CSTOPTR

  -------         MODULE        ?C?IMUL
  C:429EH         PUBLIC        ?C?IMUL
  -------         ENDMOD        ?C?IMUL

  -------         MODULE        ?C?UIDIV
  C:42B0H         PUBLIC        ?C?UIDIV
  -------         ENDMOD        ?C?UIDIV

  -------         MODULE        ?C?SIDIV
  C:4305H         PUBLIC        ?C?SIDIV
  -------         ENDMOD        ?C?SIDIV

  -------         MODULE        ?C?IILDX
  C:433BH         PUBLIC        ?C?IILDX
  -------         ENDMOD        ?C?IILDX

  -------         MODULE        ?C?ILDIX
  C:4351H         PUBLIC        ?C?ILDIX
  -------         ENDMOD        ?C?ILDIX

  -------         MODULE        ?C?ILDIPTR
  C:4367H         PUBLIC        ?C?ILDIPTR
  -------         ENDMOD        ?C?ILDIPTR

  -------         MODULE        ?C?ILDOPTR
  C:439CH         PUBLIC        ?C?ILDOPTR
  -------         ENDMOD        ?C?ILDOPTR

  -------         MODULE        ?C?ISTPTR
  C:43D4H         PUBLIC        ?C?ISTPTR
  -------         ENDMOD        ?C?ISTPTR

  -------         MODULE        ?C?ISTOPTR
  C:43F3H         PUBLIC        ?C?ISTOPTR
  -------         ENDMOD        ?C?ISTOPTR

  -------         MODULE        ?C?LMUL
  C:4420H         PUBLIC        ?C?LMUL
  -------         ENDMOD        ?C?LMUL

  -------         MODULE        ?C?ULDIV
BL51 BANKED LINKER/LOCATER V6.22.2.0                                                  06/30/2026  14:47:53  PAGE 186


  C:44ABH         PUBLIC        ?C?ULDIV
  -------         ENDMOD        ?C?ULDIV

  -------         MODULE        ?C?LNEG
  C:453DH         PUBLIC        ?C?LNEG
  -------         ENDMOD        ?C?LNEG

  -------         MODULE        ?C?SLCMP
  C:454BH         PUBLIC        ?C?SLCMP
  -------         ENDMOD        ?C?SLCMP

  -------         MODULE        ?C?ULCMP
  C:4561H         PUBLIC        ?C?ULCMP
  -------         ENDMOD        ?C?ULCMP

  -------         MODULE        ?C?ULSHR
  C:4572H         PUBLIC        ?C?ULSHR
  -------         ENDMOD        ?C?ULSHR

  -------         MODULE        ?C?LSHL
  C:4585H         PUBLIC        ?C?LSHL
  -------         ENDMOD        ?C?LSHL

  -------         MODULE        ?C?LLDPTR
  C:4598H         PUBLIC        ?C?LLDPTR
  -------         ENDMOD        ?C?LLDPTR

  -------         MODULE        ?C?LSTPTR
  C:45B8H         PUBLIC        ?C?LSTPTR
  -------         ENDMOD        ?C?LSTPTR

  -------         MODULE        ?C?LSTXDATA
  C:45D2H         PUBLIC        ?C?LSTXDATA
  -------         ENDMOD        ?C?LSTXDATA

  -------         MODULE        ?C?LSTKXDATA
  C:45DEH         PUBLIC        ?C?LSTKXDATA
  -------         ENDMOD        ?C?LSTKXDATA

  -------         MODULE        ?C?OFFXADD
  C:460FH         PUBLIC        ?C?OFFXADD
  -------         ENDMOD        ?C?OFFXADD

  -------         MODULE        ?C?PLDIXDATA
  C:461BH         PUBLIC        ?C?PLDIXDATA
  -------         ENDMOD        ?C?PLDIXDATA

  -------         MODULE        ?C?PSTXDATA
  C:4632H         PUBLIC        ?C?PSTXDATA
  -------         ENDMOD        ?C?PSTXDATA

  -------         MODULE        ?C?CCASE
  C:463BH         PUBLIC        ?C?CCASE
  -------         ENDMOD        ?C?CCASE

  -------         MODULE        ?C?ICASE
  C:4661H         PUBLIC        ?C?ICASE
BL51 BANKED LINKER/LOCATER V6.22.2.0                                                  06/30/2026  14:47:53  PAGE 187


  -------         ENDMOD        ?C?ICASE

  -------         MODULE        ?C?LIMUL
  C:468EH         PUBLIC        ?C?LIMUL
  -------         ENDMOD        ?C?LIMUL

  -------         MODULE        STRTOUL
  X:8B29H         PUBLIC        ?_strtoul?BYTE
  C:7453H         PUBLIC        _strtoul
  -------         ENDMOD        STRTOUL

  -------         MODULE        ?C?LLDIDATA
  C:46BBH         PUBLIC        ?C?LLDIDATA
  -------         ENDMOD        ?C?LLDIDATA

  -------         MODULE        ?C?LLDXDATA
  C:46C7H         PUBLIC        ?C?LLDXDATA
  -------         ENDMOD        ?C?LLDXDATA

  -------         MODULE        ?C?LLDPDATA
  C:46D3H         PUBLIC        ?C?LLDPDATA
  -------         ENDMOD        ?C?LLDPDATA

  -------         MODULE        ?C?LLDCODE
  C:46DFH         PUBLIC        ?C?LLDCODE
  -------         ENDMOD        ?C?LLDCODE

  -------         MODULE        ?C?LSTIDATA
  C:46EFH         PUBLIC        ?C?LSTIDATA
  -------         ENDMOD        ?C?LSTIDATA

  -------         MODULE        ?C?LSTPDATA
  C:46FBH         PUBLIC        ?C?LSTPDATA
  -------         ENDMOD        ?C?LSTPDATA

  -------         MODULE        ?C?PSTPTR
  C:4707H         PUBLIC        ?C?PSTPTR
  -------         ENDMOD        ?C?PSTPTR

  -------         MODULE        ?C?PSTIDATA
  C:4756H         PUBLIC        ?C?PSTIDATA
  -------         ENDMOD        ?C?PSTIDATA

  -------         MODULE        ?C?PSTPDATA
  C:475FH         PUBLIC        ?C?PSTPDATA
  -------         ENDMOD        ?C?PSTPDATA

*** WARNING L13: RECURSIVE CALL TO SEGMENT
    SEGMENT: ?PR?WIFI_UART_PARSE_CMD6_PRIORITY?MCU_API
    CALLER:  ?PR?WIFI_UART_PROCESS_DOWNLOAD?MCU_API

*** WARNING L16: UNCALLED SEGMENT, IGNORED FOR OVERLAY PROCESS
    SEGMENT: ?PR?_DGUS_WAITEN?SYS

*** WARNING L16: UNCALLED SEGMENT, IGNORED FOR OVERLAY PROCESS
    SEGMENT: ?PR?_MEMORY_WRITETIMERSLOT?SYS

BL51 BANKED LINKER/LOCATER V6.22.2.0                                                  06/30/2026  14:47:53  PAGE 188


*** WARNING L16: UNCALLED SEGMENT, IGNORED FOR OVERLAY PROCESS
    SEGMENT: ?PR?_MEMORY_READTIMERSLOT?SYS

*** WARNING L16: UNCALLED SEGMENT, IGNORED FOR OVERLAY PROCESS
    SEGMENT: ?PR?_DELAYUS?SYS

*** WARNING L16: UNCALLED SEGMENT, IGNORED FOR OVERLAY PROCESS
    SEGMENT: ?PR?_DELAYMS?SYS

*** WARNING L16: UNCALLED SEGMENT, IGNORED FOR OVERLAY PROCESS
    SEGMENT: ?PR?_MODBUS_ISFAULTACTIVE?MODBUS

*** WARNING L16: UNCALLED SEGMENT, IGNORED FOR OVERLAY PROCESS
    SEGMENT: ?PR?MODBUS_USERHOLDACTIVE?MODBUS

*** WARNING L16: UNCALLED SEGMENT, IGNORED FOR OVERLAY PROCESS
    SEGMENT: ?PR?_MODBUS_GETUSERPOWERMODE?MODBUS

*** WARNING L16: UNCALLED SEGMENT, IGNORED FOR OVERLAY PROCESS
    SEGMENT: ?PR?_ERRORHISTORY_FLASHREAD?ERRORHISTORY

*** WARNING L16: UNCALLED SEGMENT, IGNORED FOR OVERLAY PROCESS
    SEGMENT: ?PR?ERRORHISTORY_INIT?ERRORHISTORY

*** WARNING L16: UNCALLED SEGMENT, IGNORED FOR OVERLAY PROCESS
    SEGMENT: ?PR?UPLOAD_ELECTRICITY_STATISTICS?UPLOAD

*** WARNING L16: UNCALLED SEGMENT, IGNORED FOR OVERLAY PROCESS
    SEGMENT: ?PR?UPLOAD_TIMESTAMP_BOOT_ONCE?UPLOAD

*** WARNING L16: UNCALLED SEGMENT, IGNORED FOR OVERLAY PROCESS
    SEGMENT: ?PR?UPLOAD_CHECK_STATUS?UPLOAD

*** WARNING L16: UNCALLED SEGMENT, IGNORED FOR OVERLAY PROCESS
    SEGMENT: ?PR?UPLOAD_ALL_TIMERS?UPLOAD

*** WARNING L16: UNCALLED SEGMENT, IGNORED FOR OVERLAY PROCESS
    SEGMENT: ?PR?UPLOAD_MODBUS_POLL_REPORT?UPLOAD

*** WARNING L16: UNCALLED SEGMENT, IGNORED FOR OVERLAY PROCESS
    SEGMENT: ?PR?_HEX_TO_BCD?MCU_API

*** WARNING L16: UNCALLED SEGMENT, IGNORED FOR OVERLAY PROCESS
    SEGMENT: ?PR?_MY_MEMSET?MCU_API

*** WARNING L16: UNCALLED SEGMENT, IGNORED FOR OVERLAY PROCESS
    SEGMENT: ?PR?_MY_STRCPY?MCU_API

*** WARNING L16: UNCALLED SEGMENT, IGNORED FOR OVERLAY PROCESS
    SEGMENT: ?PR?_MY_STRCMP?MCU_API

*** WARNING L16: UNCALLED SEGMENT, IGNORED FOR OVERLAY PROCESS
    SEGMENT: ?PR?_INT_TO_BYTE?MCU_API

*** WARNING L16: UNCALLED SEGMENT, IGNORED FOR OVERLAY PROCESS
    SEGMENT: ?PR?_MCU_DP_FAULT_UPDATE?MCU_API

BL51 BANKED LINKER/LOCATER V6.22.2.0                                                  06/30/2026  14:47:53  PAGE 189


*** WARNING L16: UNCALLED SEGMENT, IGNORED FOR OVERLAY PROCESS
    SEGMENT: ?PR?_UART_RECEIVE_BUFF_INPUT?MCU_API

*** WARNING L16: UNCALLED SEGMENT, IGNORED FOR OVERLAY PROCESS
    SEGMENT: ?PR?WIFI_UART_DRAIN?MCU_API

*** WARNING L16: UNCALLED SEGMENT, IGNORED FOR OVERLAY PROCESS
    SEGMENT: ?PR?MCU_GET_WIFIMODE_FLAG?MCU_API

*** WARNING L16: UNCALLED SEGMENT, IGNORED FOR OVERLAY PROCESS
    SEGMENT: ?PR?_MCU_SET_WIFI_MODE?MCU_API

*** WARNING L16: UNCALLED SEGMENT, IGNORED FOR OVERLAY PROCESS
    SEGMENT: ?PR?MCU_START_WIFITEST?MCU_API

*** WARNING L1: UNRESOLVED EXTERNAL SYMBOL
    SYMBOL:  OTALENGTH
    MODULE:  .\obj\OTA.obj (OTA)

*** WARNING L2: REFERENCE MADE TO UNRESOLVED EXTERNAL
    SYMBOL:  OTALENGTH
    MODULE:  .\obj\OTA.obj (OTA)
    ADDRESS: 5F7EH

*** WARNING L2: REFERENCE MADE TO UNRESOLVED EXTERNAL
    SYMBOL:  OTALENGTH
    MODULE:  .\obj\OTA.obj (OTA)
    ADDRESS: 5FA9H

*** WARNING L2: REFERENCE MADE TO UNRESOLVED EXTERNAL
    SYMBOL:  OTALENGTH
    MODULE:  .\obj\OTA.obj (OTA)
    ADDRESS: 5FD6H

*** WARNING L2: REFERENCE MADE TO UNRESOLVED EXTERNAL
    SYMBOL:  OTALENGTH
    MODULE:  .\obj\OTA.obj (OTA)
    ADDRESS: 6001H

*** WARNING L2: REFERENCE MADE TO UNRESOLVED EXTERNAL
    SYMBOL:  OTALENGTH
    MODULE:  .\obj\OTA.obj (OTA)
    ADDRESS: 6039H

Program Size: data=22.4 xdata=5533 code=64985
LINK/LOCATE RUN COMPLETE.  33 WARNING(S),  0 ERROR(S)
