C51 COMPILER V9.59.0.0   UPLOAD                                                            06/30/2026 14:47:52 PAGE 1   


C51 COMPILER V9.59.0.0, COMPILATION OF MODULE UPLOAD
OBJECT MODULE PLACED IN .\obj\upload.obj
COMPILER INVOKED BY: D:\Keil_v5\C51\C51\BIN\C51.EXE upload.c LARGE OPTIMIZE(8,SPEED) BROWSE INCDIR(..\T5L51;.\mcu_sdk) D
                    -EBUG OBJECTEXTEND PRINT(.\Listings\upload.lst) OBJECT(.\obj\upload.obj)

line level    source

   1          #include "upload.h"
   2          #include "protocol.h"
   3          #include "modbus.h"
   4          #include "wifi.h"
   5          #include "ErrorHistory.h"
   6          #include "control.h"
   7          #include "rtc.h"
   8          #include "sys.h"
   9          
  10          /* 从屏 VP 读取，shadow 对比有差异才上报 WiFi */
  11          
  12          #define UPLOAD_TIMESTAMP_TZ_SEC   (8UL * 3600UL)
  13          
  14          extern u32 RTC_GetUnixLocal(void);
  15          
  16          static void Upload_YieldWiFi(void);
  17          
  18          static bit s_timestamp_boot_done = 0;
  19          static u8 s_invalidate_raw = 0;
  20          static u8 s_invalidate_scalar = 0;
  21          static u8 s_upload_boot_ready = 0;
  22          
  23          static u8 Upload_UlToStr(u32 v, char *buf)
  24          {
  25   1              char rev[10];
  26   1              u8 n = 0;
  27   1              u8 i;
  28   1      
  29   1              if(v == 0)
  30   1              {
  31   2                      buf[0] = '0';
  32   2                      buf[1] = '\0';
  33   2                      return 1;
  34   2              }
  35   1              while(v && n < sizeof(rev))
  36   1              {
  37   2                      rev[n++] = (char)('0' + (v % 10));
  38   2                      v /= 10;
  39   2              }
  40   1              for(i = 0; i < n; i++)
  41   1                      buf[i] = rev[n - 1 - i];
  42   1              buf[n] = '\0';
  43   1              return n;
  44   1      }
  45          
  46          static u8 Upload_ClampIndoorTemp(u16 v)
  47          {
  48   1              if(v < 16)
  49   1                      return 16;
  50   1              if(v > 32)
  51   1                      return 32;
  52   1              return (u8)v;
  53   1      }
  54          
C51 COMPILER V9.59.0.0   UPLOAD                                                            06/30/2026 14:47:52 PAGE 2   

  55          static u8 Upload_DgusIndoorModeToDp(u16 dgus)
  56          {
  57   1              switch(dgus)
  58   1              {
  59   2                      case 0: return 1;
  60   2                      case 1: return 4;
  61   2                      case 2: return 3;
  62   2                      case 3: return 2;
  63   2                      case 4: return 0;
  64   2                      default: return 1;
  65   2              }
  66   1      }
  67          
  68          static u8 Upload_DgusModeToDp116(u16 dgus)
  69          {
  70   1              switch(dgus)
  71   1              {
  72   2                      case 4: return 1;
  73   2                      case 0: return 2;
  74   2                      case 3: return 3;
  75   2                      case 1: return 4;
  76   2                      case 2: return 5;
  77   2                      default: return 1;
  78   2              }
  79   1      }
  80          
  81          static u8 Upload_PackTimerRoomByte(void)
  82          {
  83   1              u8 i;
  84   1              u16 sel;
  85   1              u8 count = 0;
  86   1              u8 single_room = 0;
  87   1              u8 mask = 0;
  88   1      
  89   1              for(i = 0; i < 6; i++)
  90   1              {
  91   2                      read_dgus_vp((u32)(0x4860 + i), (u8 *)&sel, 1);
  92   2                      if(sel)
  93   2                      {
  94   3                              count++;
  95   3                              single_room = (u8)(i + 1);
  96   3                              mask |= (u8)(1 << i);
  97   3                      }
  98   2              }
  99   1              if(count == 1)
 100   1                      return single_room;
 101   1              return mask;
 102   1      }
 103          
 104          void upload_electricity_statistics(void)
 105          {
 106   1              u8 buf[16];
 107   1              u8 i;
 108   1              static u8 s_sent = 0;
 109   1      
 110   1              if(s_sent)
 111   1                      return;
 112   1              s_sent = 1;
 113   1              for(i = 0; i < 16; i++)
 114   1                      buf[i] = 0;
 115   1              mcu_dp_raw_update(DPID_ELECTRICITY_STATISTICS, buf, 16);
 116   1              Upload_YieldWiFi();
C51 COMPILER V9.59.0.0   UPLOAD                                                            06/30/2026 14:47:52 PAGE 3   

 117   1      }
 118          
 119          void upload_timestamp_from_rtc(void)
 120          {
 121   1              char ts_buf[12];
 122   1              u32 ts_local;
 123   1              u32 ts_utc;
 124   1      
 125   1              ts_local = RTC_GetUnixLocal();
 126   1              if(ts_local < UPLOAD_TIMESTAMP_TZ_SEC)
 127   1                      return;
 128   1              ts_utc = ts_local - UPLOAD_TIMESTAMP_TZ_SEC;
 129   1              Upload_UlToStr(ts_utc, ts_buf);
 130   1              mcu_dp_string_update(DPID_TIMESTAMP, (u8 *)ts_buf, (unsigned short)my_strlen((u8 *)ts_buf));
 131   1      }
 132          
 133          void upload_timestamp_boot_once(void)
 134          {
 135   1              if(s_timestamp_boot_done)
 136   1                      return;
 137   1              s_timestamp_boot_done = 1;
 138   1              upload_timestamp_from_rtc();
 139   1      }
 140          
 141          void upload_indoor_unit(void)
 142          {
 143   1              u16 mode1 = 0;
 144   1              u8 i = 0;
 145   1              u8 num[36] = {0};
 146   1              float ftemp;
 147   1              static u8 s_shadow[36];
 148   1              static bit s_valid = 0;
 149   1      
 150   1              if(s_invalidate_raw)
 151   1                      s_valid = 0;
 152   1              for(i = 0; i < 6; i++)
 153   1              {
 154   2                      num[i * 6] = (u8)(i + 1);
 155   2                      read_dgus_vp((u32)(0x4010 + i), (u8 *)&mode1, 1);
 156   2                      num[i * 6 + 1] = (u8)mode1;
 157   2                      read_dgus_vp((u32)(VP_INDOOR_ROOM_C_BASE + (u16)i * 2), (u8 *)&ftemp, 2);
 158   2                      mode1 = (u16)ftemp;
 159   2                      if(mode1 < 16 || mode1 > 32)
 160   2                              mode1 = 0;
 161   2                      num[i * 6 + 2] = Upload_ClampIndoorTemp(mode1);
 162   2                      read_dgus_vp((u32)(0x4700 + i), (u8 *)&mode1, 1);
 163   2                      num[i * 6 + 3] = Upload_DgusIndoorModeToDp(mode1);
 164   2                      read_dgus_vp((u32)(0x4710 + i), (u8 *)&mode1, 1);
 165   2                      num[i * 6 + 4] = (u8)mode1;
 166   2                      read_dgus_vp((u32)(0x1020 + i), (u8 *)&mode1, 1);
 167   2                      num[i * 6 + 5] = Upload_ClampIndoorTemp(mode1);
 168   2              }
 169   1              if(s_valid)
 170   1              {
 171   2                      for(i = 0; i < 36; i++)
 172   2                      {
 173   3                              if(num[i] != s_shadow[i])
 174   3                                      break;
 175   3                      }
 176   2                      if(i >= 36)
 177   2                              return;
 178   2              }
C51 COMPILER V9.59.0.0   UPLOAD                                                            06/30/2026 14:47:52 PAGE 4   

 179   1              for(i = 0; i < 36; i++)
 180   1                      s_shadow[i] = num[i];
 181   1              s_valid = 1;
 182   1              mcu_dp_raw_update(DPID_INDOOR_UNIT, num, 36);
 183   1              Upload_YieldWiFi();
 184   1      }
 185          
 186          void upload_inside_time_open()
 187          {
 188   1              u8 num[8] = {0};
 189   1              u16 mode1 = 0;
 190   1              u8 i = 0;
 191   1              static u8 s_shadow[8];
 192   1              static bit s_valid = 0;
 193   1      
 194   1              if(s_invalidate_raw)
 195   1                      s_valid = 0;
 196   1              read_dgus_vp((u32)(0x4825), (u8 *)&mode1, 1);
 197   1              num[0] = (u8)mode1;
 198   1              read_dgus_vp((u32)(0x1084), (u8 *)&mode1, 1);
 199   1              num[1] = (u8)mode1;
 200   1              read_dgus_vp((u32)(0x1085), (u8 *)&mode1, 1);
 201   1              num[2] = (u8)mode1;
 202   1      
 203   1              for(i = 0; i < 7; i++)
 204   1              {
 205   2                      read_dgus_vp((u32)(0x4510 + i), (u8 *)&mode1, 1);
 206   2                      if(mode1)
 207   2                              num[3] |= (u8)(1 << i);
 208   2              }
 209   1              read_dgus_vp((u32)(0x4838), (u8 *)&mode1, 1);
 210   1              num[4] = (u8)mode1;
 211   1              read_dgus_vp((u32)(0x4837), (u8 *)&mode1, 1);
 212   1              num[5] = Upload_DgusModeToDp116(mode1);
 213   1              read_dgus_vp((u32)(0x3081), (u8 *)&mode1, 1);
 214   1              num[6] = (u8)(mode1 + 1);
 215   1              num[7] = Upload_PackTimerRoomByte();
 216   1              if(s_valid)
 217   1              {
 218   2                      for(i = 0; i < 8; i++)
 219   2                      {
 220   3                              if(num[i] != s_shadow[i])
 221   3                                      break;
 222   3                      }
 223   2                      if(i >= 8)
 224   2                              return;
 225   2              }
 226   1              for(i = 0; i < 8; i++)
 227   1                      s_shadow[i] = num[i];
 228   1              s_valid = 1;
 229   1              mcu_dp_raw_update(DPID_INSIDE_TIME_OPEN, num, 8);
 230   1              Upload_YieldWiFi();
 231   1      }
 232          
 233          void upload_external_time_open()
 234          {
 235   1              u8 num[6] = {0};
 236   1              u16 mode1 = 0;
 237   1              u8 i = 0;
 238   1              static u8 s_shadow[6];
 239   1              static bit s_valid = 0;
 240   1      
C51 COMPILER V9.59.0.0   UPLOAD                                                            06/30/2026 14:47:52 PAGE 5   

 241   1              if(s_invalidate_raw)
 242   1                      s_valid = 0;
 243   1              read_dgus_vp((u32)(0x4821),(u8 *)&mode1,1);
 244   1              num[0] = (u8)mode1;
 245   1              read_dgus_vp((u32)(0x1080),(u8 *)&mode1,1);
 246   1              num[1] = (u8)mode1;
 247   1              read_dgus_vp((u32)(0x1081),(u8 *)&mode1,1);
 248   1              num[2] = (u8)mode1;
 249   1      
 250   1              for(i = 0; i < 7; i++)
 251   1              {
 252   2                      read_dgus_vp((u32)(0x4500 + i), (u8 *)&mode1, 1);
 253   2                      if(mode1)
 254   2                              num[3] |= (u8)(1 << i);
 255   2              }
 256   1              read_dgus_vp((u32)(0x4824), (u8 *)&mode1, 1);
 257   1              num[4] = (u8)mode1;
 258   1              read_dgus_vp((u32)(0x4826), (u8 *)&mode1, 1);
 259   1              num[5] = (u8)mode1;
 260   1              if(s_valid)
 261   1              {
 262   2                      for(i = 0; i < 6; i++)
 263   2                      {
 264   3                              if(num[i] != s_shadow[i])
 265   3                                      break;
 266   3                      }
 267   2                      if(i >= 6)
 268   2                              return;
 269   2              }
 270   1              for(i = 0; i < 6; i++)
 271   1                      s_shadow[i] = num[i];
 272   1              s_valid = 1;
 273   1              mcu_dp_raw_update(DPID_EXTERNAL_TIME_OPEN, num, 6);
 274   1              Upload_YieldWiFi();
 275   1      }
 276          
 277          void upload_inside_time_close()
 278          {
 279   1              u16 mode1 = 0;
 280   1              u8 num[3] = {0};
 281   1              u8 i;
 282   1              static u8 s_shadow[3];
 283   1              static bit s_valid = 0;
 284   1      
 285   1              if(s_invalidate_raw)
 286   1                      s_valid = 0;
 287   1              read_dgus_vp((u32)(0x4827),(u8 *)&mode1,1);
 288   1              num[0] = (u8)mode1;
 289   1              read_dgus_vp((u32)(0x1086),(u8 *)&mode1,1);
 290   1              num[1] = (u8)mode1;
 291   1              read_dgus_vp((u32)(0x1087),(u8 *)&mode1,1);
 292   1              num[2] = (u8)mode1;
 293   1              if(s_valid && s_shadow[0] == num[0] && s_shadow[1] == num[1] && s_shadow[2] == num[2])
 294   1                      return;
 295   1              for(i = 0; i < 3; i++)
 296   1                      s_shadow[i] = num[i];
 297   1              s_valid = 1;
 298   1              mcu_dp_raw_update(DPID_INSIDE_TIME_CLOSE, num, 3);
 299   1              Upload_YieldWiFi();
 300   1      }
 301          
 302          void upload_external_time_close()
C51 COMPILER V9.59.0.0   UPLOAD                                                            06/30/2026 14:47:52 PAGE 6   

 303          {
 304   1              u16 mode1 = 0;
 305   1              u8 num[3] = {0};
 306   1              u8 i;
 307   1              static u8 s_shadow[3];
 308   1              static bit s_valid = 0;
 309   1      
 310   1              if(s_invalidate_raw)
 311   1                      s_valid = 0;
 312   1              read_dgus_vp((u32)(0x4820),(u8 *)&mode1,1);
 313   1              num[0] = (u8)mode1;
 314   1              read_dgus_vp((u32)(0x1082),(u8 *)&mode1,1);
 315   1              num[1] = (u8)mode1;
 316   1              read_dgus_vp((u32)(0x1083),(u8 *)&mode1,1);
 317   1              num[2] = (u8)mode1;
 318   1              if(s_valid && s_shadow[0] == num[0] && s_shadow[1] == num[1] && s_shadow[2] == num[2])
 319   1                      return;
 320   1              for(i = 0; i < 3; i++)
 321   1                      s_shadow[i] = num[i];
 322   1              s_valid = 1;
 323   1              mcu_dp_raw_update(DPID_EXTERNAL_TIME_CLOSE, num, 3);
 324   1              Upload_YieldWiFi();
 325   1      }
 326          
 327          void upload_check_status(void)
 328          {
 329   1              u8 buf[MODBUS_CHECK_STATUS_LEN];
 330   1              u8 i;
 331   1              static u8 s_shadow[MODBUS_CHECK_STATUS_LEN];
 332   1              static bit s_valid = 0;
 333   1      
 334   1              if(s_invalidate_raw)
 335   1                      s_valid = 0;
 336   1              Modbus_GetCheckStatus(buf, MODBUS_CHECK_STATUS_LEN);
 337   1              if(s_valid)
 338   1              {
 339   2                      for(i = 0; i < MODBUS_CHECK_STATUS_LEN; i++)
 340   2                      {
 341   3                              if(buf[i] != s_shadow[i])
 342   3                                      break;
 343   3                      }
 344   2                      if(i >= MODBUS_CHECK_STATUS_LEN)
 345   2                              return;
 346   2              }
 347   1              for(i = 0; i < MODBUS_CHECK_STATUS_LEN; i++)
 348   1                      s_shadow[i] = buf[i];
 349   1              s_valid = 1;
 350   1              mcu_dp_raw_update(DPID_CHECK_STATUS, buf, MODBUS_CHECK_STATUS_LEN);
 351   1              Upload_YieldWiFi();
 352   1      }
 353          
 354          void upload_history_faults(void)
 355          {
 356   1              u8 buf[125];
 357   1              u8 rec, idx;
 358   1      
 359   1              for(rec = 0; rec < 125; rec++)
 360   1                      buf[rec] = 0;
 361   1              for(rec = 0; rec < 25; rec++)
 362   1              {
 363   2                      idx = rec;
 364   2                      if(idx >= ERRORHISTORYNUM || ErrorHistory[idx][4] == 0)
C51 COMPILER V9.59.0.0   UPLOAD                                                            06/30/2026 14:47:52 PAGE 7   

 365   2                              break;
 366   2                      buf[rec * 5] = ErrorHistory[idx][4];
 367   2                      buf[rec * 5 + 1] = ErrorHistory[idx][0];
 368   2                      buf[rec * 5 + 2] = ErrorHistory[idx][1];
 369   2                      buf[rec * 5 + 3] = ErrorHistory[idx][2];
 370   2                      buf[rec * 5 + 4] = ErrorHistory[idx][3];
 371   2              }
 372   1              mcu_dp_raw_update(DPID_HISTORY_FAULT_1, buf, 125);
 373   1              Upload_YieldWiFi();
 374   1      }
 375          
 376          void upload_all_timers(void)
 377          {
 378   1              /* 禁止组合上报，各定时 DP 在 control.c 变更处单独上报 */
 379   1      }
 380          
 381          static u8 s_dp_switch = 0;
 382          static u8 s_dp_mode = 0;
 383          static u8 s_lock, s_unit, s_defrost, s_relay, s_work;
 384          static u32 s_temp_set, s_temp_cur, s_temp_top, s_effluent, s_around;
 385          static u32 s_fault, s_evap, s_def_freq, s_def_out, s_def_time;
 386          
 387          static void Upload_YieldWiFi(void)
 388          {
 389   1              WDT_RST();
 390   1              wifi_uart_rx_pull();
 391   1              if(s_upload_boot_ready)
 392   1                      wifi_uart_process_download();
 393   1      }
 394          
 395          void upload_shadow_bool(u8 dpid, u8 val)
 396          {
 397   1              switch(dpid)
 398   1              {
 399   2              case DPID_SWITCH: s_dp_switch = val; break;
 400   2              case DPID_CHILD_LOCK: s_lock = val; break;
 401   2              case DPID_DEFROST: s_defrost = val; break;
 402   2              default: break;
 403   2              }
 404   1      }
 405          
 406          void upload_shadow_enum(u8 dpid, u8 val)
 407          {
 408   1              switch(dpid)
 409   1              {
 410   2              case DPID_MODE: s_dp_mode = val; break;
 411   2              case DPID_TEMP_UNIT_CONVERT: s_unit = val; break;
 412   2              case DPID_WORK_STATE: s_work = val; break;
 413   2              case DPID_RELAY_STATUS: s_relay = val; break;
 414   2              default: break;
 415   2              }
 416   1      }
 417          
 418          void upload_shadow_value(u8 dpid, u32 val)
 419          {
 420   1              switch(dpid)
 421   1              {
 422   2              case DPID_TEMP_SET: s_temp_set = val; break;
 423   2              case DPID_TEMP_CURRENT: s_temp_cur = val; break;
 424   2              case DPID_TEMP_TOP: s_temp_top = val; break;
 425   2              case DPID_EFFLUENT_TEMP: s_effluent = val; break;
 426   2              case DPID_AROUND_TEMP: s_around = val; break;
C51 COMPILER V9.59.0.0   UPLOAD                                                            06/30/2026 14:47:52 PAGE 8   

 427   2              case DPID_FAULT_VALUE: s_fault = val; break;
 428   2              case DPID_EVAPORATOR_TEMP: s_evap = val; break;
 429   2              case DPID_DEFROST_FREQUENCY: s_def_freq = val; break;
 430   2              case DPID_DEFROST_OUT_TEMP: s_def_out = val; break;
 431   2              case DPID_DEFROST_TIME: s_def_time = val; break;
 432   2              default: break;
 433   2              }
 434   1      }
 435          
 436          static u8 Upload_ModeToDp101(u8 mode)
 437          {
 438   1              switch(mode)
 439   1              {
 440   2                      case 1: return 0;
 441   2                      case 2: return 1;
 442   2                      case 3: return 2;
 443   2                      default: return 3;
 444   2              }
 445   1      }
 446          
 447          static u8 Upload_WorkStateToDp(u8 mode)
 448          {
 449   1              switch(mode)
 450   1              {
 451   2                      case 0: return 1;
 452   2                      case 1: return 3;
 453   2                      case 2: return 4;
 454   2                      case 3: return 2;
 455   2                      case 4: return 0;
 456   2                      default: return 1;
 457   2              }
 458   1      }
 459          
 460          static void Upload_BoolIfChanged(u8 dpid, u8 val, u8 *shadow)
 461          {
 462   1              if(!s_invalidate_scalar && *shadow == val)
 463   1                      return;
 464   1              *shadow = val;
 465   1              mcu_dp_bool_update(dpid, val);
 466   1              Upload_YieldWiFi();
 467   1      }
 468          
 469          static void Upload_EnumIfChanged(u8 dpid, u8 val, u8 *shadow)
 470          {
 471   1              if(!s_invalidate_scalar && *shadow == val)
 472   1                      return;
 473   1              *shadow = val;
 474   1              mcu_dp_enum_update(dpid, val);
 475   1              Upload_YieldWiFi();
 476   1      }
 477          
 478          static void Upload_ValueIfChanged(u8 dpid, u32 val, u32 *shadow)
 479          {
 480   1              if(!s_invalidate_scalar && *shadow == val)
 481   1                      return;
 482   1              *shadow = val;
 483   1              mcu_dp_value_update(dpid, val);
 484   1              Upload_YieldWiFi();
 485   1      }
 486          
 487          static u8 Upload_GetUnit(void)
 488          {
C51 COMPILER V9.59.0.0   UPLOAD                                                            06/30/2026 14:47:52 PAGE 9   

 489   1              u16 unit = 0;
 490   1              read_dgus_vp((u32)0x2003, (u8 *)&unit, 1);
 491   1              return (u8)unit;
 492   1      }
 493          
 494          void upload_dp_switch(void)
 495          {
 496   1              u16 vp_u16;
 497   1              read_dgus_vp((u32)0x4021, (u8 *)&vp_u16, 1);
 498   1              Upload_BoolIfChanged(DPID_SWITCH, (u8)vp_u16, &s_dp_switch);
 499   1      }
 500          
 501          void upload_dp_mode(void)
 502          {
 503   1              u16 vp_u16;
 504   1              u8 dp_val;
 505   1              read_dgus_vp((u32)0x2002, (u8 *)&vp_u16, 1);
 506   1              dp_val = Upload_ModeToDp101((u8)vp_u16);
 507   1              Upload_EnumIfChanged(DPID_MODE, dp_val, &s_dp_mode);
 508   1      }
 509          
 510          void upload_dp_temp_set(void)
 511          {
 512   1              u16 vp_u16;
 513   1              read_dgus_vp((u32)0x2005, (u8 *)&vp_u16, 1);
 514   1              Upload_ValueIfChanged(DPID_TEMP_SET, (u32)vp_u16, &s_temp_set);
 515   1      }
 516          
 517          void upload_dp_temp_unit(void)
 518          {
 519   1              u16 vp_u16;
 520   1              read_dgus_vp((u32)0x2003, (u8 *)&vp_u16, 1);
 521   1              Upload_EnumIfChanged(DPID_TEMP_UNIT_CONVERT, (u8)vp_u16, &s_unit);
 522   1      }
 523          
 524          void upload_dp_work_state(void)
 525          {
 526   1              u16 vp_u16;
 527   1              u8 dp_val;
 528   1              read_dgus_vp((u32)0x2001, (u8 *)&vp_u16, 1);
 529   1              dp_val = Upload_WorkStateToDp((u8)vp_u16);
 530   1              Upload_EnumIfChanged(DPID_WORK_STATE, dp_val, &s_work);
 531   1      }
 532          
 533          void upload_dp_child_lock(void)
 534          {
 535   1              u16 vp_u16;
 536   1              read_dgus_vp((u32)0x2010, (u8 *)&vp_u16, 1);
 537   1              Upload_BoolIfChanged(DPID_CHILD_LOCK, (u8)vp_u16, &s_lock);
 538   1      }
 539          
 540          void upload_dp_defrost(void)
 541          {
 542   1              u16 vp_u16;
 543   1              read_dgus_vp((u32)0x201b, (u8 *)&vp_u16, 1);
 544   1              Upload_BoolIfChanged(DPID_DEFROST, (u8)vp_u16, &s_defrost);
 545   1      }
 546          
 547          void upload_dp_relay_status(void)
 548          {
 549   1              u16 vp_u16;
 550   1              read_dgus_vp((u32)0x3508, (u8 *)&vp_u16, 1);
C51 COMPILER V9.59.0.0   UPLOAD                                                            06/30/2026 14:47:52 PAGE 10  

 551   1              Upload_EnumIfChanged(DPID_RELAY_STATUS, (u8)vp_u16, &s_relay);
 552   1      }
 553          
 554          void upload_dp_fault(void)
 555          {
 556   1              u16 vp_u16;
 557   1              read_dgus_vp((u32)0x4607, (u8 *)&vp_u16, 1);
 558   1              Upload_ValueIfChanged(DPID_FAULT_VALUE, (u32)vp_u16, &s_fault);
 559   1      }
 560          
 561          void upload_dp_temp_current(void)
 562          {
 563   1              u8 unit = Upload_GetUnit();
 564   1              float ft;
 565   1              u32 set_temp32;
 566   1              if(unit)
 567   1                      read_dgus_vp((u32)0x4812, (u8 *)&ft, 2);
 568   1              else
 569   1                      read_dgus_vp((u32)0x4802, (u8 *)&ft, 2);
 570   1              set_temp32 = (u32)(ft * 10.0f);
 571   1              Upload_ValueIfChanged(DPID_TEMP_CURRENT, set_temp32, &s_temp_cur);
 572   1      }
 573          
 574          void upload_dp_temp_top(void)
 575          {
 576   1              u8 unit = Upload_GetUnit();
 577   1              float ft;
 578   1              u32 set_temp32;
 579   1              if(unit)
 580   1                      read_dgus_vp((u32)0x4814, (u8 *)&ft, 2);
 581   1              else
 582   1                      read_dgus_vp((u32)0x4804, (u8 *)&ft, 2);
 583   1              set_temp32 = (u32)(ft * 10.0f);
 584   1              Upload_ValueIfChanged(DPID_TEMP_TOP, set_temp32, &s_temp_top);
 585   1      }
 586          
 587          void upload_dp_effluent_temp(void)
 588          {
 589   1              u8 unit = Upload_GetUnit();
 590   1              float ft;
 591   1              u32 set_temp32;
 592   1              if(unit)
 593   1                      read_dgus_vp((u32)0x4816, (u8 *)&ft, 2);
 594   1              else
 595   1                      read_dgus_vp((u32)0x4806, (u8 *)&ft, 2);
 596   1              set_temp32 = (u32)(ft * 10.0f);
 597   1              Upload_ValueIfChanged(DPID_EFFLUENT_TEMP, set_temp32, &s_effluent);
 598   1      }
 599          
 600          void upload_dp_around_temp(void)
 601          {
 602   1              u8 unit = Upload_GetUnit();
 603   1              float ft;
 604   1              u32 set_temp32;
 605   1              if(unit)
 606   1                      read_dgus_vp((u32)0x4810, (u8 *)&ft, 2);
 607   1              else
 608   1                      read_dgus_vp((u32)0x4800, (u8 *)&ft, 2);
 609   1              set_temp32 = (u32)(ft * 10.0f);
 610   1              Upload_ValueIfChanged(DPID_AROUND_TEMP, set_temp32, &s_around);
 611   1      }
 612          
C51 COMPILER V9.59.0.0   UPLOAD                                                            06/30/2026 14:47:52 PAGE 11  

 613          void upload_dp_evaporator_temp(void)
 614          {
 615   1              u8 unit = Upload_GetUnit();
 616   1              float ft;
 617   1              u32 set_temp32;
 618   1              if(unit)
 619   1                      read_dgus_vp((u32)0x1008, (u8 *)&ft, 2);
 620   1              else
 621   1                      read_dgus_vp((u32)0x1006, (u8 *)&ft, 2);
 622   1              set_temp32 = (u32)(ft * 10.0f);
 623   1              Upload_ValueIfChanged(DPID_EVAPORATOR_TEMP, set_temp32, &s_evap);
 624   1      }
 625          
 626          void upload_dp_defrost_freq(void)
 627          {
 628   1              u16 vp_u16;
 629   1              read_dgus_vp((u32)0x3660, (u8 *)&vp_u16, 1);
 630   1              Upload_ValueIfChanged(DPID_DEFROST_FREQUENCY, (u32)vp_u16, &s_def_freq);
 631   1      }
 632          
 633          void upload_dp_defrost_out_temp(void)
 634          {
 635   1              u8 unit = Upload_GetUnit();
 636   1              float ft;
 637   1              u32 set_temp32;
 638   1              if(unit)
 639   1                      read_dgus_vp((u32)0x101a, (u8 *)&ft, 2);
 640   1              else
 641   1                      read_dgus_vp((u32)0x1014, (u8 *)&ft, 2);
 642   1              set_temp32 = (u32)(ft * 10.0f);
 643   1              Upload_ValueIfChanged(DPID_DEFROST_OUT_TEMP, set_temp32, &s_def_out);
 644   1      }
 645          
 646          void upload_dp_defrost_time(void)
 647          {
 648   1              u16 vp_u16;
 649   1              read_dgus_vp((u32)0x3670, (u8 *)&vp_u16, 1);
 650   1              Upload_ValueIfChanged(DPID_DEFROST_TIME, (u32)vp_u16, &s_def_time);
 651   1      }
 652          
 653          void upload_set_boot_ready(u8 ready)
 654          {
 655   1              s_upload_boot_ready = ready ? 1 : 0;
 656   1      }
 657          
 658          u8 upload_is_boot_ready(void)
 659          {
 660   1              return s_upload_boot_ready;
 661   1      }
 662          
 663          void upload_state_query_reply(void)
 664          {
 665   1              /* cmd=8 每次只应答 1 个 DP，禁止组合上报 */
 666   1              static u8 s_cmd8_idx = 0;
 667   1      
 668   1              s_invalidate_scalar = 1;
 669   1              switch(s_cmd8_idx)
 670   1              {
 671   2              case 0: upload_dp_switch(); break;
 672   2              case 1: upload_dp_mode(); break;
 673   2              case 2: upload_dp_temp_set(); break;
 674   2              case 3: upload_dp_temp_unit(); break;
C51 COMPILER V9.59.0.0   UPLOAD                                                            06/30/2026 14:47:52 PAGE 12  

 675   2              case 4: upload_dp_child_lock(); break;
 676   2              case 5: upload_dp_defrost(); break;
 677   2              case 6: upload_dp_relay_status(); break;
 678   2              default: upload_dp_work_state(); break;
 679   2              }
 680   1              s_invalidate_scalar = 0;
 681   1              s_cmd8_idx++;
 682   1              if(s_cmd8_idx > 7)
 683   1                      s_cmd8_idx = 0;
 684   1      }
 685          
 686          void upload_modbus_poll_report(void)
 687          {
 688   1              /* 已改为 Modbus 解析处单条上报，此处不再批量扫描 */
 689   1      }


MODULE INFORMATION:   STATIC OVERLAYABLE
   CODE SIZE        =   4985    ----
   CONSTANT SIZE    =     56    ----
   XDATA SIZE       =    183     417
   PDATA SIZE       =   ----    ----
   DATA SIZE        =   ----    ----
   IDATA SIZE       =   ----    ----
   BIT SIZE         =      7    ----
END OF MODULE INFORMATION.


C51 COMPILATION COMPLETE.  0 WARNING(S),  0 ERROR(S)
